2025-12-30T17:24:44.9007242Z Current runner version: '2.330.0'
2025-12-30T17:24:44.9037525Z ##[group]Runner Image Provisioner
2025-12-30T17:24:44.9038876Z Hosted Compute Agent
2025-12-30T17:24:44.9039606Z Version: 20251202.455
2025-12-30T17:24:44.9040372Z Commit: 6c10caca4910e198df60de23adf20ad317c474e3
2025-12-30T17:24:44.9041362Z Build Date: 2025-12-02T15:56:59Z
2025-12-30T17:24:44.9042232Z Worker ID: {ee6ac1f8-4186-4813-9621-1f4844fb3042}
2025-12-30T17:24:44.9043160Z ##[endgroup]
2025-12-30T17:24:44.9043806Z ##[group]Operating System
2025-12-30T17:24:44.9044334Z Microsoft Windows Server 2019
2025-12-30T17:24:44.9044824Z 10.0.17763
2025-12-30T17:24:44.9045241Z Datacenter
2025-12-30T17:24:44.9045603Z ##[endgroup]
2025-12-30T17:24:44.9046019Z ##[group]Runner Image
2025-12-30T17:24:44.9046466Z Image: windows-2019
2025-12-30T17:24:44.9046864Z Version: 20250623.2.0
2025-12-30T17:24:44.9049407Z Included Software: https://github.com/actions/runner-images/blob/win19/20250623.2/images/windows/Windows2019-Readme.md
2025-12-30T17:24:44.9051949Z Image Release: https://github.com/actions/runner-images/releases/tag/win19%2F20250623.2
2025-12-30T17:24:44.9053495Z ##[endgroup]
2025-12-30T17:24:44.9058265Z ##[group]GITHUB_TOKEN Permissions
2025-12-30T17:24:44.9060842Z Actions: write
2025-12-30T17:24:44.9061638Z ArtifactMetadata: write
2025-12-30T17:24:44.9062422Z Attestations: write
2025-12-30T17:24:44.9063081Z Checks: write
2025-12-30T17:24:44.9063736Z Contents: write
2025-12-30T17:24:44.9064410Z Deployments: write
2025-12-30T17:24:44.9065154Z Discussions: write
2025-12-30T17:24:44.9066318Z Issues: write
2025-12-30T17:24:44.9067125Z Metadata: read
2025-12-30T17:24:44.9067782Z Models: read
2025-12-30T17:24:44.9068282Z Packages: write
2025-12-30T17:24:44.9068725Z Pages: write
2025-12-30T17:24:44.9069133Z PullRequests: write
2025-12-30T17:24:44.9069648Z RepositoryProjects: write
2025-12-30T17:24:44.9070453Z SecurityEvents: write
2025-12-30T17:24:44.9071098Z Statuses: write
2025-12-30T17:24:44.9071628Z ##[endgroup]
2025-12-30T17:24:44.9074137Z Secret source: Actions
2025-12-30T17:24:44.9074793Z Prepare workflow directory
2025-12-30T17:24:44.9410935Z Prepare all required actions
2025-12-30T17:24:44.9448825Z Getting action download info
2025-12-30T17:24:45.2599381Z Download action repository 'actions/checkout@v4' (SHA:34e114876b0b11c390a56381ad16ebd13914f8d5)
2025-12-30T17:24:45.7264624Z Download action repository 'actions/setup-python@v5' (SHA:a26af69be951a213d495a4c3e4e4022e16d87065)
2025-12-30T17:24:46.2042718Z Download action repository 'actions/download-artifact@v4' (SHA:d3f86a106a0bac45b974a628896c90dbdf5c8093)
2025-12-30T17:24:46.8532901Z Complete job name: Test wheels on windows-2019 with Python 3.11
2025-12-30T17:24:47.0332181Z ##[group]Run actions/checkout@v4
2025-12-30T17:24:47.0333681Z with:
2025-12-30T17:24:47.0334548Z   repository: worm-portal/aqequil
2025-12-30T17:24:47.0335989Z   token: ***
2025-12-30T17:24:47.0336809Z   ssh-strict: true
2025-12-30T17:24:47.0337666Z   ssh-user: git
2025-12-30T17:24:47.0339016Z   persist-credentials: true
2025-12-30T17:24:47.0340031Z   clean: true
2025-12-30T17:24:47.0340902Z   sparse-checkout-cone-mode: true
2025-12-30T17:24:47.0341960Z   fetch-depth: 1
2025-12-30T17:24:47.0342814Z   fetch-tags: false
2025-12-30T17:24:47.0343522Z   show-progress: true
2025-12-30T17:24:47.0344237Z   lfs: false
2025-12-30T17:24:47.0344885Z   submodules: false
2025-12-30T17:24:47.0345609Z   set-safe-directory: true
2025-12-30T17:24:47.0346640Z ##[endgroup]
2025-12-30T17:24:47.1959079Z Syncing repository: worm-portal/aqequil
2025-12-30T17:24:47.1961414Z ##[group]Getting Git version info
2025-12-30T17:24:47.1962435Z Working directory is 'D:\a\aqequil\aqequil'
2025-12-30T17:24:47.2995690Z [command]"C:\Program Files\Git\bin\git.exe" version
2025-12-30T17:24:47.6821650Z git version 2.50.0.windows.1
2025-12-30T17:24:47.6873477Z ##[endgroup]
2025-12-30T17:24:47.6891984Z Temporarily overriding HOME='D:\a\_temp\ae6ce43a-a4a9-4e51-9b78-d48c84943088' before making global git config changes
2025-12-30T17:24:47.6895197Z Adding repository directory to the temporary git global config as a safe directory
2025-12-30T17:24:47.6907275Z [command]"C:\Program Files\Git\bin\git.exe" config --global --add safe.directory D:\a\aqequil\aqequil
2025-12-30T17:24:47.7435379Z Deleting the contents of 'D:\a\aqequil\aqequil'
2025-12-30T17:24:47.7441317Z ##[group]Initializing the repository
2025-12-30T17:24:47.7454394Z [command]"C:\Program Files\Git\bin\git.exe" init D:\a\aqequil\aqequil
2025-12-30T17:24:47.8473526Z Initialized empty Git repository in D:/a/aqequil/aqequil/.git/
2025-12-30T17:24:47.8527093Z [command]"C:\Program Files\Git\bin\git.exe" remote add origin https://github.com/worm-portal/aqequil
2025-12-30T17:24:47.9077878Z ##[endgroup]
2025-12-30T17:24:47.9078358Z ##[group]Disabling automatic garbage collection
2025-12-30T17:24:47.9092850Z [command]"C:\Program Files\Git\bin\git.exe" config --local gc.auto 0
2025-12-30T17:24:47.9344498Z ##[endgroup]
2025-12-30T17:24:47.9345025Z ##[group]Setting up auth
2025-12-30T17:24:47.9362422Z [command]"C:\Program Files\Git\bin\git.exe" config --local --name-only --get-regexp core\.sshCommand
2025-12-30T17:24:47.9627631Z [command]"C:\Program Files\Git\bin\git.exe" submodule foreach --recursive "sh -c \"git config --local --name-only --get-regexp 'core\.sshCommand' && git config --local --unset-all 'core.sshCommand' || :\""
2025-12-30T17:24:49.5352556Z [command]"C:\Program Files\Git\bin\git.exe" config --local --name-only --get-regexp http\.https\:\/\/github\.com\/\.extraheader
2025-12-30T17:24:49.5620512Z [command]"C:\Program Files\Git\bin\git.exe" submodule foreach --recursive "sh -c \"git config --local --name-only --get-regexp 'http\.https\:\/\/github\.com\/\.extraheader' && git config --local --unset-all 'http.https://github.com/.extraheader' || :\""
2025-12-30T17:24:49.9938546Z [command]"C:\Program Files\Git\bin\git.exe" config --local --name-only --get-regexp ^includeIf\.gitdir:
2025-12-30T17:24:50.0212175Z [command]"C:\Program Files\Git\bin\git.exe" submodule foreach --recursive "git config --local --show-origin --name-only --get-regexp remote.origin.url"
2025-12-30T17:24:50.4248701Z [command]"C:\Program Files\Git\bin\git.exe" config --local http.https://github.com/.extraheader "AUTHORIZATION: basic ***"
2025-12-30T17:24:50.4520397Z ##[endgroup]
2025-12-30T17:24:50.4521101Z ##[group]Fetching the repository
2025-12-30T17:24:50.4537393Z [command]"C:\Program Files\Git\bin\git.exe" -c protocol.version=2 fetch --no-tags --prune --no-recurse-submodules --depth=1 origin +e6190a14876ae468a4b5041a8a90e6974fe01773:refs/remotes/origin/dev
2025-12-30T17:24:51.7075980Z From https://github.com/worm-portal/aqequil
2025-12-30T17:24:51.7079123Z  * [new ref]         e6190a14876ae468a4b5041a8a90e6974fe01773 -> origin/dev
2025-12-30T17:24:51.7364843Z ##[endgroup]
2025-12-30T17:24:51.7365270Z ##[group]Determining the checkout info
2025-12-30T17:24:51.7368423Z ##[endgroup]
2025-12-30T17:24:51.7387163Z [command]"C:\Program Files\Git\bin\git.exe" sparse-checkout disable
2025-12-30T17:24:51.7788248Z [command]"C:\Program Files\Git\bin\git.exe" config --local --unset-all extensions.worktreeConfig
2025-12-30T17:24:51.8053110Z ##[group]Checking out the ref
2025-12-30T17:24:51.8067177Z [command]"C:\Program Files\Git\bin\git.exe" checkout --progress --force -B dev refs/remotes/origin/dev
2025-12-30T17:24:52.1185788Z branch 'dev' set up to track 'origin/dev'.
2025-12-30T17:24:52.1187724Z Switched to a new branch 'dev'
2025-12-30T17:24:52.1231640Z ##[endgroup]
2025-12-30T17:24:52.1617249Z [command]"C:\Program Files\Git\bin\git.exe" log -1 --format=%H
2025-12-30T17:24:52.1840603Z e6190a14876ae468a4b5041a8a90e6974fe01773
2025-12-30T17:24:52.2220397Z ##[group]Run actions/setup-python@v5
2025-12-30T17:24:52.2220762Z with:
2025-12-30T17:24:52.2220978Z   python-version: 3.11
2025-12-30T17:24:52.2221251Z   check-latest: false
2025-12-30T17:24:52.2221643Z   token: ***
2025-12-30T17:24:52.2221846Z   update-environment: true
2025-12-30T17:24:52.2222126Z   allow-prereleases: false
2025-12-30T17:24:52.2223102Z   freethreaded: false
2025-12-30T17:24:52.2223347Z ##[endgroup]
2025-12-30T17:24:52.4420339Z ##[group]Installed versions
2025-12-30T17:24:52.4678878Z Successfully set up CPython (3.11.9)
2025-12-30T17:24:52.4680177Z ##[endgroup]
2025-12-30T17:24:52.4945384Z ##[group]Run actions/download-artifact@v4
2025-12-30T17:24:52.4945761Z with:
2025-12-30T17:24:52.4945992Z   name: wheels-windows-2019
2025-12-30T17:24:52.4946252Z   path: wheelhouse
2025-12-30T17:24:52.4946498Z   merge-multiple: false
2025-12-30T17:24:52.4946727Z   repository: worm-portal/aqequil
2025-12-30T17:24:52.4946990Z   run-id: 20601542873
2025-12-30T17:24:52.4947187Z env:
2025-12-30T17:24:52.4947467Z   pythonLocation: C:\hostedtoolcache\windows\Python\3.11.9\x64
2025-12-30T17:24:52.4947949Z   PKG_CONFIG_PATH: C:\hostedtoolcache\windows\Python\3.11.9\x64/lib/pkgconfig
2025-12-30T17:24:52.4948401Z   Python_ROOT_DIR: C:\hostedtoolcache\windows\Python\3.11.9\x64
2025-12-30T17:24:52.4948817Z   Python2_ROOT_DIR: C:\hostedtoolcache\windows\Python\3.11.9\x64
2025-12-30T17:24:52.4949225Z   Python3_ROOT_DIR: C:\hostedtoolcache\windows\Python\3.11.9\x64
2025-12-30T17:24:52.4949579Z ##[endgroup]
2025-12-30T17:24:52.7724579Z Downloading single artifact
2025-12-30T17:24:53.0032397Z Preparing to download the following artifacts:
2025-12-30T17:24:53.0033588Z - wheels-windows-2019 (ID: 4992713713, Size: 31866550, Expected Digest: sha256:b24ff6dd381c53a4cda38103f0a555101e8024b3eb18f9c84984fd08cf04991f)
2025-12-30T17:24:53.1087251Z Redirecting to blob download url: https://productionresultssa19.blob.core.windows.net/actions-results/3359d908-0586-4c6c-8ddb-eda61a91ec84/workflow-job-run-86d5df9e-f010-59b5-8584-eab48523c60a/artifacts/2d74564dac50ace46aa55f3b0736466cb259cb536408fda096bfbd335df3bf65.zip
2025-12-30T17:24:53.1090184Z Starting download of artifact to: D:\a\aqequil\aqequil\wheelhouse
2025-12-30T17:24:53.2798807Z (node:2584) [DEP0005] DeprecationWarning: Buffer() is deprecated due to security and usability issues. Please use the Buffer.alloc(), Buffer.allocUnsafe(), or Buffer.from() methods instead.
2025-12-30T17:24:53.2799863Z (Use `node --trace-deprecation ...` to show where the warning was created)
2025-12-30T17:24:53.9882800Z SHA256 digest of downloaded artifact is b24ff6dd381c53a4cda38103f0a555101e8024b3eb18f9c84984fd08cf04991f
2025-12-30T17:24:53.9884134Z Artifact download completed successfully.
2025-12-30T17:24:53.9884517Z Total of 1 artifact(s) downloaded
2025-12-30T17:24:53.9893864Z Download artifact has finished successfully
2025-12-30T17:24:54.0144034Z ##[group]Run PYVER=$(echo "3.11" | tr -d '.')
2025-12-30T17:24:54.0144436Z [36;1mPYVER=$(echo "3.11" | tr -d '.')[0m
2025-12-30T17:24:54.0144813Z [36;1mpython -m pip install wheelhouse/aqequil-*-cp${PYVER}-*.whl[0m
2025-12-30T17:24:54.0206325Z shell: C:\Program Files\Git\bin\bash.EXE --noprofile --norc -e -o pipefail {0}
2025-12-30T17:24:54.0206708Z env:
2025-12-30T17:24:54.0206957Z   pythonLocation: C:\hostedtoolcache\windows\Python\3.11.9\x64
2025-12-30T17:24:54.0207419Z   PKG_CONFIG_PATH: C:\hostedtoolcache\windows\Python\3.11.9\x64/lib/pkgconfig
2025-12-30T17:24:54.0207847Z   Python_ROOT_DIR: C:\hostedtoolcache\windows\Python\3.11.9\x64
2025-12-30T17:24:54.0208228Z   Python2_ROOT_DIR: C:\hostedtoolcache\windows\Python\3.11.9\x64
2025-12-30T17:24:54.0208607Z   Python3_ROOT_DIR: C:\hostedtoolcache\windows\Python\3.11.9\x64
2025-12-30T17:24:54.0208896Z ##[endgroup]
2025-12-30T17:24:58.7436397Z Processing d:\a\aqequil\aqequil\wheelhouse\aqequil-0.41.0-cp311-cp311-win_amd64.whl
2025-12-30T17:24:59.0301218Z Collecting pandas (from aqequil==0.41.0)
2025-12-30T17:24:59.0805971Z   Downloading pandas-2.3.3-cp311-cp311-win_amd64.whl.metadata (19 kB)
2025-12-30T17:24:59.3281043Z Collecting numpy (from aqequil==0.41.0)
2025-12-30T17:24:59.3442623Z   Downloading numpy-2.4.0-cp311-cp311-win_amd64.whl.metadata (6.6 kB)
2025-12-30T17:24:59.5082803Z Collecting matplotlib (from aqequil==0.41.0)
2025-12-30T17:24:59.5244482Z   Downloading matplotlib-3.10.8-cp311-cp311-win_amd64.whl.metadata (52 kB)
2025-12-30T17:24:59.6209031Z Collecting plotly (from aqequil==0.41.0)
2025-12-30T17:24:59.6371046Z   Downloading plotly-6.5.0-py3-none-any.whl.metadata (8.5 kB)
2025-12-30T17:24:59.7396163Z Collecting ipython (from aqequil==0.41.0)
2025-12-30T17:24:59.7552965Z   Downloading ipython-9.8.0-py3-none-any.whl.metadata (4.5 kB)
2025-12-30T17:24:59.8116783Z Collecting chemparse (from aqequil==0.41.0)
2025-12-30T17:24:59.8280500Z   Downloading chemparse-0.3.2-py3-none-any.whl.metadata (1.7 kB)
2025-12-30T17:24:59.8798321Z Collecting dill (from aqequil==0.41.0)
2025-12-30T17:24:59.8982243Z   Downloading dill-0.4.0-py3-none-any.whl.metadata (10 kB)
2025-12-30T17:24:59.9527901Z Collecting periodictable (from aqequil==0.41.0)
2025-12-30T17:24:59.9735316Z   Downloading periodictable-2.0.2-py3-none-any.whl.metadata (5.4 kB)
2025-12-30T17:25:00.0360250Z Collecting natsort (from aqequil==0.41.0)
2025-12-30T17:25:00.0526250Z   Downloading natsort-8.4.0-py3-none-any.whl.metadata (21 kB)
2025-12-30T17:25:00.2812466Z Collecting roman (from aqequil==0.41.0)
2025-12-30T17:25:00.2977705Z   Downloading roman-5.2-py3-none-any.whl.metadata (4.3 kB)
2025-12-30T17:25:00.3757648Z Collecting ipywidgets (from aqequil==0.41.0)
2025-12-30T17:25:00.3916717Z   Downloading ipywidgets-8.1.8-py3-none-any.whl.metadata (2.4 kB)
2025-12-30T17:25:00.4483025Z Collecting wormutils (from aqequil==0.41.0)
2025-12-30T17:25:00.4645645Z   Downloading wormutils-0.2.0-py3-none-any.whl.metadata (723 bytes)
2025-12-30T17:25:00.5316058Z Collecting pychnosz (from aqequil==0.41.0)
2025-12-30T17:25:00.5484229Z   Downloading pychnosz-1.1.11-cp311-cp311-win_amd64.whl.metadata (8.4 kB)
2025-12-30T17:25:00.6166139Z Collecting colorama>=0.4.4 (from ipython->aqequil==0.41.0)
2025-12-30T17:25:00.6327541Z   Downloading colorama-0.4.6-py2.py3-none-any.whl.metadata (17 kB)
2025-12-30T17:25:00.6874889Z Collecting decorator>=4.3.2 (from ipython->aqequil==0.41.0)
2025-12-30T17:25:00.7035447Z   Downloading decorator-5.2.1-py3-none-any.whl.metadata (3.9 kB)
2025-12-30T17:25:00.7556559Z Collecting ipython-pygments-lexers>=1.0.0 (from ipython->aqequil==0.41.0)
2025-12-30T17:25:00.7720191Z   Downloading ipython_pygments_lexers-1.1.1-py3-none-any.whl.metadata (1.1 kB)
2025-12-30T17:25:00.8300146Z Collecting jedi>=0.18.1 (from ipython->aqequil==0.41.0)
2025-12-30T17:25:00.8459939Z   Downloading jedi-0.19.2-py2.py3-none-any.whl.metadata (22 kB)
2025-12-30T17:25:00.8966467Z Collecting matplotlib-inline>=0.1.5 (from ipython->aqequil==0.41.0)
2025-12-30T17:25:00.9133623Z   Downloading matplotlib_inline-0.2.1-py3-none-any.whl.metadata (2.3 kB)
2025-12-30T17:25:00.9927548Z Collecting prompt_toolkit<3.1.0,>=3.0.41 (from ipython->aqequil==0.41.0)
2025-12-30T17:25:01.0093341Z   Downloading prompt_toolkit-3.0.52-py3-none-any.whl.metadata (6.4 kB)
2025-12-30T17:25:01.0908105Z Collecting pygments>=2.11.0 (from ipython->aqequil==0.41.0)
2025-12-30T17:25:01.1073470Z   Downloading pygments-2.19.2-py3-none-any.whl.metadata (2.5 kB)
2025-12-30T17:25:01.1753531Z Collecting stack_data>=0.6.0 (from ipython->aqequil==0.41.0)
2025-12-30T17:25:01.1924412Z   Downloading stack_data-0.6.3-py3-none-any.whl.metadata (18 kB)
2025-12-30T17:25:01.2615615Z Collecting traitlets>=5.13.0 (from ipython->aqequil==0.41.0)
2025-12-30T17:25:01.2783120Z   Downloading traitlets-5.14.3-py3-none-any.whl.metadata (10 kB)
2025-12-30T17:25:01.3381469Z Collecting typing_extensions>=4.6 (from ipython->aqequil==0.41.0)
2025-12-30T17:25:01.3632781Z   Downloading typing_extensions-4.15.0-py3-none-any.whl.metadata (3.3 kB)
2025-12-30T17:25:01.4428015Z Collecting wcwidth (from prompt_toolkit<3.1.0,>=3.0.41->ipython->aqequil==0.41.0)
2025-12-30T17:25:01.4642034Z   Downloading wcwidth-0.2.14-py2.py3-none-any.whl.metadata (15 kB)
2025-12-30T17:25:01.5316402Z Collecting parso<0.9.0,>=0.8.4 (from jedi>=0.18.1->ipython->aqequil==0.41.0)
2025-12-30T17:25:01.5474142Z   Downloading parso-0.8.5-py2.py3-none-any.whl.metadata (8.3 kB)
2025-12-30T17:25:01.6048701Z Collecting executing>=1.2.0 (from stack_data>=0.6.0->ipython->aqequil==0.41.0)
2025-12-30T17:25:01.6208481Z   Downloading executing-2.2.1-py2.py3-none-any.whl.metadata (8.9 kB)
2025-12-30T17:25:01.6842073Z Collecting asttokens>=2.1.0 (from stack_data>=0.6.0->ipython->aqequil==0.41.0)
2025-12-30T17:25:01.7002620Z   Downloading asttokens-3.0.1-py3-none-any.whl.metadata (4.9 kB)
2025-12-30T17:25:01.7487465Z Collecting pure-eval (from stack_data>=0.6.0->ipython->aqequil==0.41.0)
2025-12-30T17:25:01.7649280Z   Downloading pure_eval-0.2.3-py3-none-any.whl.metadata (6.3 kB)
2025-12-30T17:25:01.8252977Z Collecting comm>=0.1.3 (from ipywidgets->aqequil==0.41.0)
2025-12-30T17:25:01.8415261Z   Downloading comm-0.2.3-py3-none-any.whl.metadata (3.7 kB)
2025-12-30T17:25:01.9440779Z Collecting widgetsnbextension~=4.0.14 (from ipywidgets->aqequil==0.41.0)
2025-12-30T17:25:01.9601963Z   Downloading widgetsnbextension-4.0.15-py3-none-any.whl.metadata (1.6 kB)
2025-12-30T17:25:02.0321569Z Collecting jupyterlab_widgets~=3.0.15 (from ipywidgets->aqequil==0.41.0)
2025-12-30T17:25:02.0484898Z   Downloading jupyterlab_widgets-3.0.16-py3-none-any.whl.metadata (20 kB)
2025-12-30T17:25:02.1763468Z Collecting contourpy>=1.0.1 (from matplotlib->aqequil==0.41.0)
2025-12-30T17:25:02.1925016Z   Downloading contourpy-1.3.3-cp311-cp311-win_amd64.whl.metadata (5.5 kB)
2025-12-30T17:25:02.2433890Z Collecting cycler>=0.10 (from matplotlib->aqequil==0.41.0)
2025-12-30T17:25:02.2648173Z   Downloading cycler-0.12.1-py3-none-any.whl.metadata (3.8 kB)
2025-12-30T17:25:02.4621110Z Collecting fonttools>=4.22.0 (from matplotlib->aqequil==0.41.0)
2025-12-30T17:25:02.4784449Z   Downloading fonttools-4.61.1-cp311-cp311-win_amd64.whl.metadata (116 kB)
2025-12-30T17:25:02.6717335Z Collecting kiwisolver>=1.3.1 (from matplotlib->aqequil==0.41.0)
2025-12-30T17:25:02.7134204Z   Downloading kiwisolver-1.4.9-cp311-cp311-win_amd64.whl.metadata (6.4 kB)
2025-12-30T17:25:02.8662053Z Collecting packaging>=20.0 (from matplotlib->aqequil==0.41.0)
2025-12-30T17:25:02.8854219Z   Downloading packaging-25.0-py3-none-any.whl.metadata (3.3 kB)
2025-12-30T17:25:03.2587085Z Collecting pillow>=8 (from matplotlib->aqequil==0.41.0)
2025-12-30T17:25:03.4177291Z   Downloading pillow-12.0.0-cp311-cp311-win_amd64.whl.metadata (9.0 kB)
2025-12-30T17:25:03.5618104Z Collecting pyparsing>=3 (from matplotlib->aqequil==0.41.0)
2025-12-30T17:25:03.5788675Z   Downloading pyparsing-3.3.1-py3-none-any.whl.metadata (5.6 kB)
2025-12-30T17:25:03.6407891Z Collecting python-dateutil>=2.7 (from matplotlib->aqequil==0.41.0)
2025-12-30T17:25:03.6571735Z   Downloading python_dateutil-2.9.0.post0-py2.py3-none-any.whl.metadata (8.4 kB)
2025-12-30T17:25:03.7904593Z Collecting six>=1.5 (from python-dateutil>=2.7->matplotlib->aqequil==0.41.0)
2025-12-30T17:25:03.8118625Z   Downloading six-1.17.0-py2.py3-none-any.whl.metadata (1.7 kB)
2025-12-30T17:25:03.9061557Z Collecting pytz>=2020.1 (from pandas->aqequil==0.41.0)
2025-12-30T17:25:03.9226250Z   Downloading pytz-2025.2-py2.py3-none-any.whl.metadata (22 kB)
2025-12-30T17:25:03.9762321Z Collecting tzdata>=2022.7 (from pandas->aqequil==0.41.0)
2025-12-30T17:25:03.9945924Z   Downloading tzdata-2025.3-py2.py3-none-any.whl.metadata (1.4 kB)
2025-12-30T17:25:04.0896041Z Collecting narwhals>=1.15.1 (from plotly->aqequil==0.41.0)
2025-12-30T17:25:04.1061053Z   Downloading narwhals-2.14.0-py3-none-any.whl.metadata (13 kB)
2025-12-30T17:25:04.2924187Z Collecting scipy>=1.7.0 (from pychnosz->aqequil==0.41.0)
2025-12-30T17:25:04.3115658Z   Downloading scipy-1.16.3-cp311-cp311-win_amd64.whl.metadata (60 kB)
2025-12-30T17:25:04.4270962Z Collecting requests (from wormutils->aqequil==0.41.0)
2025-12-30T17:25:04.4428478Z   Downloading requests-2.32.5-py3-none-any.whl.metadata (4.9 kB)
2025-12-30T17:25:04.5178929Z Collecting importlib_resources (from wormutils->aqequil==0.41.0)
2025-12-30T17:25:04.5339010Z   Downloading importlib_resources-6.5.2-py3-none-any.whl.metadata (3.9 kB)
2025-12-30T17:25:04.7044693Z Collecting charset_normalizer<4,>=2 (from requests->wormutils->aqequil==0.41.0)
2025-12-30T17:25:04.7207089Z   Downloading charset_normalizer-3.4.4-cp311-cp311-win_amd64.whl.metadata (38 kB)
2025-12-30T17:25:04.7772510Z Collecting idna<4,>=2.5 (from requests->wormutils->aqequil==0.41.0)
2025-12-30T17:25:04.7935211Z   Downloading idna-3.11-py3-none-any.whl.metadata (8.4 kB)
2025-12-30T17:25:04.8619566Z Collecting urllib3<3,>=1.21.1 (from requests->wormutils->aqequil==0.41.0)
2025-12-30T17:25:04.8820701Z   Downloading urllib3-2.6.2-py3-none-any.whl.metadata (6.6 kB)
2025-12-30T17:25:04.9423206Z Collecting certifi>=2017.4.17 (from requests->wormutils->aqequil==0.41.0)
2025-12-30T17:25:04.9584042Z   Downloading certifi-2025.11.12-py3-none-any.whl.metadata (2.5 kB)
2025-12-30T17:25:05.0047064Z Downloading chemparse-0.3.2-py3-none-any.whl (5.9 kB)
2025-12-30T17:25:05.0501766Z Downloading dill-0.4.0-py3-none-any.whl (119 kB)
2025-12-30T17:25:05.0967077Z Downloading ipython-9.8.0-py3-none-any.whl (621 kB)
2025-12-30T17:25:05.1763043Z    ---------------------------------------- 621.4/621.4 kB 5.7 MB/s eta 0:00:00
2025-12-30T17:25:05.1930231Z Downloading prompt_toolkit-3.0.52-py3-none-any.whl (391 kB)
2025-12-30T17:25:05.2325994Z Downloading colorama-0.4.6-py2.py3-none-any.whl (25 kB)
2025-12-30T17:25:05.2707258Z Downloading decorator-5.2.1-py3-none-any.whl (9.2 kB)
2025-12-30T17:25:05.3086446Z Downloading ipython_pygments_lexers-1.1.1-py3-none-any.whl (8.1 kB)
2025-12-30T17:25:05.3461173Z Downloading jedi-0.19.2-py2.py3-none-any.whl (1.6 MB)
2025-12-30T17:25:05.3913930Z    ---------------------------------------- 1.6/1.6 MB 40.9 MB/s eta 0:00:00
2025-12-30T17:25:05.4078834Z Downloading parso-0.8.5-py2.py3-none-any.whl (106 kB)
2025-12-30T17:25:05.4437571Z Downloading matplotlib_inline-0.2.1-py3-none-any.whl (9.5 kB)
2025-12-30T17:25:05.4830830Z Downloading pygments-2.19.2-py3-none-any.whl (1.2 MB)
2025-12-30T17:25:05.5194665Z    ---------------------------------------- 1.2/1.2 MB 30.1 MB/s eta 0:00:00
2025-12-30T17:25:05.5351339Z Downloading stack_data-0.6.3-py3-none-any.whl (24 kB)
2025-12-30T17:25:05.5695206Z Downloading asttokens-3.0.1-py3-none-any.whl (27 kB)
2025-12-30T17:25:05.6067459Z Downloading executing-2.2.1-py2.py3-none-any.whl (28 kB)
2025-12-30T17:25:05.6420906Z Downloading traitlets-5.14.3-py3-none-any.whl (85 kB)
2025-12-30T17:25:05.6829987Z Downloading typing_extensions-4.15.0-py3-none-any.whl (44 kB)
2025-12-30T17:25:05.7206768Z Downloading ipywidgets-8.1.8-py3-none-any.whl (139 kB)
2025-12-30T17:25:05.7614602Z Downloading jupyterlab_widgets-3.0.16-py3-none-any.whl (914 kB)
2025-12-30T17:25:05.7932027Z    --------------------------------------- 914.9/914.9 kB 43.5 MB/s eta 0:00:00
2025-12-30T17:25:05.8098093Z Downloading widgetsnbextension-4.0.15-py3-none-any.whl (2.2 MB)
2025-12-30T17:25:05.8525492Z    ---------------------------------------- 2.2/2.2 MB 62.4 MB/s eta 0:00:00
2025-12-30T17:25:05.8683531Z Downloading comm-0.2.3-py3-none-any.whl (7.3 kB)
2025-12-30T17:25:05.9043401Z Downloading matplotlib-3.10.8-cp311-cp311-win_amd64.whl (8.1 MB)
2025-12-30T17:25:05.9932070Z    ---------------------------------------- 8.1/8.1 MB 100.9 MB/s eta 0:00:00
2025-12-30T17:25:06.0092628Z Downloading contourpy-1.3.3-cp311-cp311-win_amd64.whl (225 kB)
2025-12-30T17:25:06.0495477Z Downloading cycler-0.12.1-py3-none-any.whl (8.3 kB)
2025-12-30T17:25:06.0897506Z Downloading fonttools-4.61.1-cp311-cp311-win_amd64.whl (2.3 MB)
2025-12-30T17:25:06.1350033Z    ---------------------------------------- 2.3/2.3 MB 66.8 MB/s eta 0:00:00
2025-12-30T17:25:06.2184851Z Downloading kiwisolver-1.4.9-cp311-cp311-win_amd64.whl (73 kB)
2025-12-30T17:25:06.2626190Z Downloading numpy-2.4.0-cp311-cp311-win_amd64.whl (12.6 MB)
2025-12-30T17:25:06.3703355Z    ---------------------------------------- 12.6/12.6 MB 132.7 MB/s eta 0:00:00
2025-12-30T17:25:06.3886940Z Downloading packaging-25.0-py3-none-any.whl (66 kB)
2025-12-30T17:25:06.4351539Z Downloading pillow-12.0.0-cp311-cp311-win_amd64.whl (7.0 MB)
2025-12-30T17:25:06.5907390Z    ---------------------------------------- 7.0/7.0 MB 48.1 MB/s eta 0:00:00
2025-12-30T17:25:06.6067378Z Downloading pyparsing-3.3.1-py3-none-any.whl (121 kB)
2025-12-30T17:25:06.6483154Z Downloading python_dateutil-2.9.0.post0-py2.py3-none-any.whl (229 kB)
2025-12-30T17:25:06.6869713Z Downloading six-1.17.0-py2.py3-none-any.whl (11 kB)
2025-12-30T17:25:06.7280968Z Downloading natsort-8.4.0-py3-none-any.whl (38 kB)
2025-12-30T17:25:06.7703837Z Downloading pandas-2.3.3-cp311-cp311-win_amd64.whl (11.3 MB)
2025-12-30T17:25:06.8634732Z    ---------------------------------------- 11.3/11.3 MB 119.2 MB/s eta 0:00:00
2025-12-30T17:25:06.8797195Z Downloading pytz-2025.2-py2.py3-none-any.whl (509 kB)
2025-12-30T17:25:06.9295421Z Downloading tzdata-2025.3-py2.py3-none-any.whl (348 kB)
2025-12-30T17:25:06.9820738Z Downloading periodictable-2.0.2-py3-none-any.whl (811 kB)
2025-12-30T17:25:07.0142815Z    --------------------------------------- 811.1/811.1 kB 17.2 MB/s eta 0:00:00
2025-12-30T17:25:07.0304946Z Downloading plotly-6.5.0-py3-none-any.whl (9.9 MB)
2025-12-30T17:25:07.1187695Z    ---------------------------------------- 9.9/9.9 MB 123.5 MB/s eta 0:00:00
2025-12-30T17:25:07.1350190Z Downloading narwhals-2.14.0-py3-none-any.whl (430 kB)
2025-12-30T17:25:07.1781666Z Downloading pure_eval-0.2.3-py3-none-any.whl (11 kB)
2025-12-30T17:25:07.2166010Z Downloading pychnosz-1.1.11-cp311-cp311-win_amd64.whl (863 kB)
2025-12-30T17:25:07.2507561Z    --------------------------------------- 863.6/863.6 kB 19.4 MB/s eta 0:00:00
2025-12-30T17:25:07.2668231Z Downloading scipy-1.16.3-cp311-cp311-win_amd64.whl (38.7 MB)
2025-12-30T17:25:07.8484958Z    ---------------------------------------- 38.7/38.7 MB 66.5 MB/s eta 0:00:00
2025-12-30T17:25:07.8641598Z Downloading roman-5.2-py3-none-any.whl (6.0 kB)
2025-12-30T17:25:07.9144781Z Downloading wcwidth-0.2.14-py2.py3-none-any.whl (37 kB)
2025-12-30T17:25:07.9567962Z Downloading wormutils-0.2.0-py3-none-any.whl (18 kB)
2025-12-30T17:25:08.0081218Z Downloading importlib_resources-6.5.2-py3-none-any.whl (37 kB)
2025-12-30T17:25:08.0494749Z Downloading requests-2.32.5-py3-none-any.whl (64 kB)
2025-12-30T17:25:08.1255293Z Downloading charset_normalizer-3.4.4-cp311-cp311-win_amd64.whl (106 kB)
2025-12-30T17:25:08.1765661Z Downloading idna-3.11-py3-none-any.whl (71 kB)
2025-12-30T17:25:08.2267404Z Downloading urllib3-2.6.2-py3-none-any.whl (131 kB)
2025-12-30T17:25:08.2767703Z Downloading certifi-2025.11.12-py3-none-any.whl (159 kB)
2025-12-30T17:25:08.6975342Z Installing collected packages: pytz, pure-eval, widgetsnbextension, wcwidth, urllib3, tzdata, typing_extensions, traitlets, six, roman, pyparsing, pygments, pillow, parso, packaging, numpy, natsort, narwhals, kiwisolver, jupyterlab_widgets, importlib_resources, idna, fonttools, executing, dill, decorator, cycler, comm, colorama, chemparse, charset_normalizer, certifi, asttokens, stack_data, scipy, requests, python-dateutil, prompt_toolkit, plotly, periodictable, matplotlib-inline, jedi, ipython-pygments-lexers, contourpy, pandas, matplotlib, ipython, wormutils, pychnosz, ipywidgets, aqequil
2025-12-30T17:26:00.9497791Z 
2025-12-30T17:26:00.9533385Z Successfully installed aqequil-0.41.0 asttokens-3.0.1 certifi-2025.11.12 charset_normalizer-3.4.4 chemparse-0.3.2 colorama-0.4.6 comm-0.2.3 contourpy-1.3.3 cycler-0.12.1 decorator-5.2.1 dill-0.4.0 executing-2.2.1 fonttools-4.61.1 idna-3.11 importlib_resources-6.5.2 ipython-9.8.0 ipython-pygments-lexers-1.1.1 ipywidgets-8.1.8 jedi-0.19.2 jupyterlab_widgets-3.0.16 kiwisolver-1.4.9 matplotlib-3.10.8 matplotlib-inline-0.2.1 narwhals-2.14.0 natsort-8.4.0 numpy-2.4.0 packaging-25.0 pandas-2.3.3 parso-0.8.5 periodictable-2.0.2 pillow-12.0.0 plotly-6.5.0 prompt_toolkit-3.0.52 pure-eval-0.2.3 pychnosz-1.1.11 pygments-2.19.2 pyparsing-3.3.1 python-dateutil-2.9.0.post0 pytz-2025.2 requests-2.32.5 roman-5.2 scipy-1.16.3 six-1.17.0 stack_data-0.6.3 traitlets-5.14.3 typing_extensions-4.15.0 tzdata-2025.3 urllib3-2.6.2 wcwidth-0.2.14 widgetsnbextension-4.0.15 wormutils-0.2.0
2025-12-30T17:26:01.2220439Z 
2025-12-30T17:26:01.2221687Z [notice] A new release of pip is available: 25.1.1 -> 25.3
2025-12-30T17:26:01.2222548Z [notice] To update, run: python.exe -m pip install --upgrade pip
2025-12-30T17:26:01.6771951Z ##[group]Run python test_integration.py
2025-12-30T17:26:01.6772318Z [36;1mpython test_integration.py[0m
2025-12-30T17:26:01.6785228Z shell: C:\Program Files\Git\bin\bash.EXE --noprofile --norc -e -o pipefail {0}
2025-12-30T17:26:01.6785591Z env:
2025-12-30T17:26:01.6785844Z   pythonLocation: C:\hostedtoolcache\windows\Python\3.11.9\x64
2025-12-30T17:26:01.6786259Z   PKG_CONFIG_PATH: C:\hostedtoolcache\windows\Python\3.11.9\x64/lib/pkgconfig
2025-12-30T17:26:01.6786678Z   Python_ROOT_DIR: C:\hostedtoolcache\windows\Python\3.11.9\x64
2025-12-30T17:26:01.6787054Z   Python2_ROOT_DIR: C:\hostedtoolcache\windows\Python\3.11.9\x64
2025-12-30T17:26:01.6787416Z   Python3_ROOT_DIR: C:\hostedtoolcache\windows\Python\3.11.9\x64
2025-12-30T17:26:01.6787705Z ##[endgroup]
2025-12-30T17:26:09.4019920Z Traceback (most recent call last):
2025-12-30T17:26:09.4031744Z   File "D:\a\aqequil\aqequil\aqequil\AqSpeciation.py", line 854, in runeqpt
2025-12-30T17:26:09.4032698Z     self.__run_eq_executable('eqpt', [data0_path], cwd=os.getcwd())
2025-12-30T17:26:09.4034240Z   File "D:\a\aqequil\aqequil\aqequil\AqSpeciation.py", line 1104, in __run_eq_executable
2025-12-30T17:26:09.4035748Z     exe_path = os.path.join(self.eq36co, f"{exe_name}.exe")
2025-12-30T17:26:09.4036273Z                ^^^^^^^^^^^^^^^^^^^^^^^^^^^^^^^^^^^^^^^^^^^^
2025-12-30T17:26:09.4036791Z   File "<frozen ntpath>", line 108, in join
2025-12-30T17:26:09.4037356Z TypeError: expected str, bytes or os.PathLike object, not NoneType
2025-12-30T17:26:09.4037791Z 
2025-12-30T17:26:09.4038078Z During handling of the above exception, another exception occurred:
2025-12-30T17:26:09.4038543Z 
2025-12-30T17:26:09.4038701Z Traceback (most recent call last):
2025-12-30T17:26:09.4039393Z   File "D:\a\aqequil\aqequil\test_integration.py", line 119, in test_runeqpt
2025-12-30T17:26:09.4040046Z     ae.runeqpt('wrm')
2025-12-30T17:26:09.4040618Z   File "D:\a\aqequil\aqequil\aqequil\AqSpeciation.py", line 856, in runeqpt
2025-12-30T17:26:09.4041281Z     self.err_handler.raise_exception(
2025-12-30T17:26:09.4042460Z   File "C:\hostedtoolcache\windows\Python\3.11.9\x64\Lib\site-packages\wormutils\Error_Handler.py", line 57, in raise_exception
2025-12-30T17:26:09.4043439Z     raise Exception(msg)
2025-12-30T17:26:09.4043879Z Exception: Error: EQPT failed to run on data0.wrm.
2025-12-30T17:26:09.4072735Z Traceback (most recent call last):
2025-12-30T17:26:09.4074839Z   File "D:\a\aqequil\aqequil\aqequil\AqSpeciation.py", line 854, in runeqpt
2025-12-30T17:26:09.4075653Z     self.__run_eq_executable('eqpt', [data0_path], cwd=os.getcwd())
2025-12-30T17:26:09.4076545Z   File "D:\a\aqequil\aqequil\aqequil\AqSpeciation.py", line 1104, in __run_eq_executable
2025-12-30T17:26:09.4077374Z     exe_path = os.path.join(self.eq36co, f"{exe_name}.exe")
2025-12-30T17:26:09.4077942Z                ^^^^^^^^^^^^^^^^^^^^^^^^^^^^^^^^^^^^^^^^^^^^
2025-12-30T17:26:09.4078484Z   File "<frozen ntpath>", line 108, in join
2025-12-30T17:26:09.4079115Z TypeError: expected str, bytes or os.PathLike object, not NoneType
2025-12-30T17:26:09.4079584Z 
2025-12-30T17:26:09.4079878Z During handling of the above exception, another exception occurred:
2025-12-30T17:26:09.4080332Z 
2025-12-30T17:26:09.4080482Z Traceback (most recent call last):
2025-12-30T17:26:09.4081230Z   File "D:\a\aqequil\aqequil\test_integration.py", line 186, in test_speciation_simple
2025-12-30T17:26:09.4081931Z     ae_eqpt.runeqpt('wrm')
2025-12-30T17:26:09.4082566Z   File "D:\a\aqequil\aqequil\aqequil\AqSpeciation.py", line 856, in runeqpt
2025-12-30T17:26:09.4083215Z     self.err_handler.raise_exception(
2025-12-30T17:26:09.4084219Z   File "C:\hostedtoolcache\windows\Python\3.11.9\x64\Lib\site-packages\wormutils\Error_Handler.py", line 57, in raise_exception
2025-12-30T17:26:09.4085456Z     raise Exception(msg)
2025-12-30T17:26:09.4085883Z Exception: Error: EQPT failed to run on data0.wrm.
2025-12-30T17:26:17.5417495Z Traceback (most recent call last):
2025-12-30T17:26:17.5421371Z   File "D:\a\aqequil\aqequil\aqequil\AqSpeciation.py", line 854, in runeqpt
2025-12-30T17:26:17.5421978Z     self.__run_eq_executable('eqpt', [data0_path], cwd=os.getcwd())
2025-12-30T17:26:17.5422932Z   File "D:\a\aqequil\aqequil\aqequil\AqSpeciation.py", line 1104, in __run_eq_executable
2025-12-30T17:26:17.5423639Z     exe_path = os.path.join(self.eq36co, f"{exe_name}.exe")
2025-12-30T17:26:17.5424123Z                ^^^^^^^^^^^^^^^^^^^^^^^^^^^^^^^^^^^^^^^^^^^^
2025-12-30T17:26:17.5424601Z   File "<frozen ntpath>", line 108, in join
2025-12-30T17:26:17.5425193Z TypeError: expected str, bytes or os.PathLike object, not NoneType
2025-12-30T17:26:17.5425628Z 
2025-12-30T17:26:17.5425881Z During handling of the above exception, another exception occurred:
2025-12-30T17:26:17.5426288Z 
2025-12-30T17:26:17.5426454Z Traceback (most recent call last):
2025-12-30T17:26:17.5427312Z   File "D:\a\aqequil\aqequil\test_integration.py", line 253, in test_water_rock_reaction
2025-12-30T17:26:17.5428111Z     speciation = ae.speciate(
2025-12-30T17:26:17.5428507Z                  ^^^^^^^^^^^^
2025-12-30T17:26:17.5429101Z   File "D:\a\aqequil\aqequil\aqequil\AqSpeciation.py", line 1926, in speciate
2025-12-30T17:26:17.5429761Z     self.runeqpt(data0_lettercode, dynamic_db=True)
2025-12-30T17:26:17.5430411Z   File "D:\a\aqequil\aqequil\aqequil\AqSpeciation.py", line 856, in runeqpt
2025-12-30T17:26:17.5431032Z     self.err_handler.raise_exception(
2025-12-30T17:26:17.5432002Z   File "C:\hostedtoolcache\windows\Python\3.11.9\x64\Lib\site-packages\wormutils\Error_Handler.py", line 57, in raise_exception
2025-12-30T17:26:17.5432563Z     raise Exception(msg)
2025-12-30T17:26:17.5432805Z Exception: Error: EQPT failed to run on data0.dyn.
2025-12-30T17:26:17.5433068Z 
2025-12-30T17:26:17.5433172Z ============================================================
2025-12-30T17:26:17.5433450Z AQEQUIL INTEGRATION TEST SUITE
2025-12-30T17:26:17.5433681Z ============================================================
2025-12-30T17:26:17.5433933Z Python: 3.11.9
2025-12-30T17:26:17.5434093Z Platform: win32
2025-12-30T17:26:17.5434264Z Architecture: AMD64
2025-12-30T17:26:17.5434460Z ============================================================
2025-12-30T17:26:17.5434706Z ============================================================
2025-12-30T17:26:17.5434979Z Test 1: Checking for bundled EQ3/6 executables
2025-12-30T17:26:17.5435246Z ============================================================
2025-12-30T17:26:17.5435524Z [FAIL] No bundled executables found!
2025-12-30T17:26:17.5435686Z 
2025-12-30T17:26:17.5435766Z ============================================================
2025-12-30T17:26:17.5436033Z Test 2: Testing aqequil import and basic usage
2025-12-30T17:26:17.5436292Z ============================================================
2025-12-30T17:26:17.5436546Z [OK] Successfully imported aqequil
2025-12-30T17:26:17.5436903Z [OK] Found test data at: D:\a\aqequil\aqequil\aqequil\test_data\input_example_wrm.csv
2025-12-30T17:26:17.5437205Z 
2025-12-30T17:26:17.5437285Z ============================================================
2025-12-30T17:26:17.5437564Z Test 3: Testing runeqpt (data0 to data1 conversion)
2025-12-30T17:26:17.5437832Z ============================================================
2025-12-30T17:26:17.5438180Z [INFO] Working directory: C:\Users\RUNNER~1\AppData\Local\Temp\tmpso4hw94w
2025-12-30T17:26:17.5438544Z [OK] Copied data0.wrm to working directory
2025-12-30T17:26:17.5438785Z Running EQPT on data0.wrm...
2025-12-30T17:26:17.5439077Z [FAIL] Error during runeqpt: Error: EQPT failed to run on data0.wrm.
2025-12-30T17:26:17.5439433Z [WARN] Known win32 issue with EQPT runtime detected
2025-12-30T17:26:17.5439766Z [INFO] Skipping runeqpt test due to platform-specific issues
2025-12-30T17:26:17.5440793Z 
2025-12-30T17:26:17.5440878Z ============================================================
2025-12-30T17:26:17.5441170Z Test 4: Testing simple speciation (wrm database)
2025-12-30T17:26:17.5441851Z ============================================================
2025-12-30T17:26:17.5442267Z Running speciation on D:\a\aqequil\aqequil\aqequil\test_data\input_example_wrm.csv...
2025-12-30T17:26:17.5443244Z [INFO] Working directory: C:\Users\RUNNER~1\AppData\Local\Temp\tmp4lwzsvbl
2025-12-30T17:26:17.5443612Z [OK] Copied data0.wrm to working directory
2025-12-30T17:26:17.5443865Z Running EQPT to create data1.wrm...
2025-12-30T17:26:17.5444209Z [FAIL] Error during simple speciation: Error: EQPT failed to run on data0.wrm.
2025-12-30T17:26:17.5444618Z [WARN] Known win32 issue - skipping test
2025-12-30T17:26:17.5444790Z 
2025-12-30T17:26:17.5444882Z ============================================================
2025-12-30T17:26:17.5445132Z Test 5: Testing water-rock reaction
2025-12-30T17:26:17.5445369Z ============================================================
2025-12-30T17:26:17.5445749Z Running speciation on D:\a\aqequil\aqequil\aqequil\test_data\input_example_wrm.csv...
2025-12-30T17:26:17.5446228Z [INFO] Working directory: C:\Users\RUNNER~1\AppData\Local\Temp\tmpu2x0cln6
2025-12-30T17:26:17.5446635Z Getting wrm_data_latest.csv ready. This will take a moment...
2025-12-30T17:26:17.5447124Z No 'charge_balance_on' column found in input file. Defaulting to no charge balancing for all samples.
2025-12-30T17:26:17.5447778Z Warning: a column for Pressure was not found in the sample input file. Defaulting to water saturation pressure...
2025-12-30T17:26:17.5448357Z [FAIL] Error during water-rock reaction: Error: EQPT failed to run on data0.dyn.
2025-12-30T17:26:17.5448729Z [WARN] Known win32 issue - skipping test
2025-12-30T17:26:17.5448900Z 
2025-12-30T17:26:17.5448980Z ============================================================
2025-12-30T17:26:17.5449273Z TEST SUMMARY
2025-12-30T17:26:17.5449477Z ============================================================
2025-12-30T17:26:17.5449719Z [FAIL] Bundled Executables
2025-12-30T17:26:17.5449934Z [PASS] Import and Basic Usage
2025-12-30T17:26:17.5450162Z [PASS] EQPT Data0 to Data1 Conversion
2025-12-30T17:26:17.5450406Z [PASS] Simple Speciation (wrm database)
2025-12-30T17:26:17.5450649Z [PASS] Water-Rock Reaction
2025-12-30T17:26:17.5450857Z ============================================================
2025-12-30T17:26:17.5451028Z 
2025-12-30T17:26:17.5451103Z [FAIL] Some tests failed!
2025-12-30T17:26:17.7926627Z ##[error]Process completed with exit code 1.
2025-12-30T17:26:17.8113057Z Post job cleanup.
2025-12-30T17:26:18.0350694Z [command]"C:\Program Files\Git\bin\git.exe" version
2025-12-30T17:26:18.0574113Z git version 2.50.0.windows.1
2025-12-30T17:26:18.0647908Z Temporarily overriding HOME='D:\a\_temp\852f6d59-f09c-4123-b177-f4c9e3cd70b2' before making global git config changes
2025-12-30T17:26:18.0648622Z Adding repository directory to the temporary git global config as a safe directory
2025-12-30T17:26:18.0663321Z [command]"C:\Program Files\Git\bin\git.exe" config --global --add safe.directory D:\a\aqequil\aqequil
2025-12-30T17:26:18.0935823Z [command]"C:\Program Files\Git\bin\git.exe" config --local --name-only --get-regexp core\.sshCommand
2025-12-30T17:26:18.1201608Z [command]"C:\Program Files\Git\bin\git.exe" submodule foreach --recursive "sh -c \"git config --local --name-only --get-regexp 'core\.sshCommand' && git config --local --unset-all 'core.sshCommand' || :\""
2025-12-30T17:26:18.5710541Z [command]"C:\Program Files\Git\bin\git.exe" config --local --name-only --get-regexp http\.https\:\/\/github\.com\/\.extraheader
2025-12-30T17:26:18.5925664Z http.https://github.com/.extraheader
2025-12-30T17:26:18.5980175Z [command]"C:\Program Files\Git\bin\git.exe" config --local --unset-all http.https://github.com/.extraheader
2025-12-30T17:26:18.6246734Z [command]"C:\Program Files\Git\bin\git.exe" submodule foreach --recursive "sh -c \"git config --local --name-only --get-regexp 'http\.https\:\/\/github\.com\/\.extraheader' && git config --local --unset-all 'http.https://github.com/.extraheader' || :\""
2025-12-30T17:26:19.0619374Z [command]"C:\Program Files\Git\bin\git.exe" config --local --name-only --get-regexp ^includeIf\.gitdir:
2025-12-30T17:26:19.0894551Z [command]"C:\Program Files\Git\bin\git.exe" submodule foreach --recursive "git config --local --show-origin --name-only --get-regexp remote.origin.url"
2025-12-30T17:26:19.5429542Z Cleaning up orphan processes
