2025-12-30T17:24:44.1590900Z Current runner version: '2.330.0'
2025-12-30T17:24:44.1605890Z ##[group]Runner Image Provisioner
2025-12-30T17:24:44.1606360Z Hosted Compute Agent
2025-12-30T17:24:44.1606720Z Version: 20251211.462
2025-12-30T17:24:44.1607100Z Commit: 6cbad8c2bb55d58165063d031ccabf57e2d2db61
2025-12-30T17:24:44.1607550Z Build Date: 2025-12-11T16:28:49Z
2025-12-30T17:24:44.1607960Z Worker ID: {8915e755-2dca-4624-bc6e-7d9d4f5660e3}
2025-12-30T17:24:44.1608390Z ##[endgroup]
2025-12-30T17:24:44.1608760Z ##[group]Operating System
2025-12-30T17:24:44.1609110Z macOS
2025-12-30T17:24:44.1609410Z 15.7.2
2025-12-30T17:24:44.1609680Z 24G325
2025-12-30T17:24:44.1609980Z ##[endgroup]
2025-12-30T17:24:44.1610270Z ##[group]Runner Image
2025-12-30T17:24:44.1610610Z Image: macos-15-arm64
2025-12-30T17:24:44.1610960Z Version: 20251215.0075.1
2025-12-30T17:24:44.1611660Z Included Software: https://github.com/actions/runner-images/blob/macos-15-arm64/20251215.0075/images/macos/macos-15-arm64-Readme.md
2025-12-30T17:24:44.1612680Z Image Release: https://github.com/actions/runner-images/releases/tag/macos-15-arm64%2F20251215.0075
2025-12-30T17:24:44.1613310Z ##[endgroup]
2025-12-30T17:24:44.1615020Z ##[group]GITHUB_TOKEN Permissions
2025-12-30T17:24:44.1616140Z Actions: write
2025-12-30T17:24:44.1616460Z ArtifactMetadata: write
2025-12-30T17:24:44.1616790Z Attestations: write
2025-12-30T17:24:44.1617100Z Checks: write
2025-12-30T17:24:44.1617400Z Contents: write
2025-12-30T17:24:44.1617700Z Deployments: write
2025-12-30T17:24:44.1618000Z Discussions: write
2025-12-30T17:24:44.1618300Z Issues: write
2025-12-30T17:24:44.1618600Z Metadata: read
2025-12-30T17:24:44.1618890Z Models: read
2025-12-30T17:24:44.1619180Z Packages: write
2025-12-30T17:24:44.1619470Z Pages: write
2025-12-30T17:24:44.1619760Z PullRequests: write
2025-12-30T17:24:44.1620120Z RepositoryProjects: write
2025-12-30T17:24:44.1620480Z SecurityEvents: write
2025-12-30T17:24:44.1620800Z Statuses: write
2025-12-30T17:24:44.1621100Z ##[endgroup]
2025-12-30T17:24:44.1622440Z Secret source: Actions
2025-12-30T17:24:44.1622830Z Prepare workflow directory
2025-12-30T17:24:44.1843850Z Prepare all required actions
2025-12-30T17:24:44.1871200Z Getting action download info
2025-12-30T17:24:44.4032910Z Download action repository 'actions/checkout@v4' (SHA:34e114876b0b11c390a56381ad16ebd13914f8d5)
2025-12-30T17:24:44.7246980Z Download action repository 'actions/setup-python@v5' (SHA:a26af69be951a213d495a4c3e4e4022e16d87065)
2025-12-30T17:24:44.8878070Z Download action repository 'actions/download-artifact@v4' (SHA:d3f86a106a0bac45b974a628896c90dbdf5c8093)
2025-12-30T17:24:46.4111430Z Complete job name: Test wheels on macos-latest with Python 3.12
2025-12-30T17:24:46.4541680Z ##[group]Run actions/checkout@v4
2025-12-30T17:24:46.4542320Z with:
2025-12-30T17:24:46.4542660Z   repository: worm-portal/aqequil
2025-12-30T17:24:46.4543280Z   token: ***
2025-12-30T17:24:46.4543570Z   ssh-strict: true
2025-12-30T17:24:46.4543880Z   ssh-user: git
2025-12-30T17:24:46.4544190Z   persist-credentials: true
2025-12-30T17:24:46.4544560Z   clean: true
2025-12-30T17:24:46.4544890Z   sparse-checkout-cone-mode: true
2025-12-30T17:24:46.4547560Z   fetch-depth: 1
2025-12-30T17:24:46.4547880Z   fetch-tags: false
2025-12-30T17:24:46.4548210Z   show-progress: true
2025-12-30T17:24:46.4548520Z   lfs: false
2025-12-30T17:24:46.4548930Z   submodules: false
2025-12-30T17:24:46.4549410Z   set-safe-directory: true
2025-12-30T17:24:46.4550170Z ##[endgroup]
2025-12-30T17:24:46.7286620Z Syncing repository: worm-portal/aqequil
2025-12-30T17:24:46.7289720Z ##[group]Getting Git version info
2025-12-30T17:24:46.7290740Z Working directory is '/Users/runner/work/aqequil/aqequil'
2025-12-30T17:24:46.7291890Z [command]/opt/homebrew/bin/git version
2025-12-30T17:24:46.8052350Z git version 2.50.1
2025-12-30T17:24:46.8080870Z ##[endgroup]
2025-12-30T17:24:46.8092140Z Copying '/Users/runner/.gitconfig' to '/Users/runner/work/_temp/de933140-b091-43e1-b208-713db6751f88/.gitconfig'
2025-12-30T17:24:46.8099620Z Temporarily overriding HOME='/Users/runner/work/_temp/de933140-b091-43e1-b208-713db6751f88' before making global git config changes
2025-12-30T17:24:46.8101950Z Adding repository directory to the temporary git global config as a safe directory
2025-12-30T17:24:46.8104130Z [command]/opt/homebrew/bin/git config --global --add safe.directory /Users/runner/work/aqequil/aqequil
2025-12-30T17:24:46.8193040Z Deleting the contents of '/Users/runner/work/aqequil/aqequil'
2025-12-30T17:24:46.8195690Z ##[group]Initializing the repository
2025-12-30T17:24:46.8199440Z [command]/opt/homebrew/bin/git init /Users/runner/work/aqequil/aqequil
2025-12-30T17:24:46.8387800Z hint: Using 'master' as the name for the initial branch. This default branch name
2025-12-30T17:24:46.8394910Z hint: is subject to change. To configure the initial branch name to use in all
2025-12-30T17:24:46.8427260Z hint: of your new repositories, which will suppress this warning, call:
2025-12-30T17:24:46.8428090Z hint:
2025-12-30T17:24:46.8429060Z hint: 	git config --global init.defaultBranch <name>
2025-12-30T17:24:46.8429750Z hint:
2025-12-30T17:24:46.8430370Z hint: Names commonly chosen instead of 'master' are 'main', 'trunk' and
2025-12-30T17:24:46.8431550Z hint: 'development'. The just-created branch can be renamed via this command:
2025-12-30T17:24:46.8432230Z hint:
2025-12-30T17:24:46.8432660Z hint: 	git branch -m <name>
2025-12-30T17:24:46.8433480Z hint:
2025-12-30T17:24:46.8434070Z hint: Disable this message with "git config set advice.defaultBranchName false"
2025-12-30T17:24:46.8435200Z Initialized empty Git repository in /Users/runner/work/aqequil/aqequil/.git/
2025-12-30T17:24:46.8437370Z [command]/opt/homebrew/bin/git remote add origin https://github.com/worm-portal/aqequil
2025-12-30T17:24:46.8465250Z ##[endgroup]
2025-12-30T17:24:46.8466210Z ##[group]Disabling automatic garbage collection
2025-12-30T17:24:46.8466780Z [command]/opt/homebrew/bin/git config --local gc.auto 0
2025-12-30T17:24:46.8520870Z ##[endgroup]
2025-12-30T17:24:46.8521580Z ##[group]Setting up auth
2025-12-30T17:24:46.8525030Z [command]/opt/homebrew/bin/git config --local --name-only --get-regexp core\.sshCommand
2025-12-30T17:24:46.8577700Z [command]/opt/homebrew/bin/git submodule foreach --recursive sh -c "git config --local --name-only --get-regexp 'core\.sshCommand' && git config --local --unset-all 'core.sshCommand' || :"
2025-12-30T17:24:46.9398410Z [command]/opt/homebrew/bin/git config --local --name-only --get-regexp http\.https\:\/\/github\.com\/\.extraheader
2025-12-30T17:24:46.9439060Z [command]/opt/homebrew/bin/git submodule foreach --recursive sh -c "git config --local --name-only --get-regexp 'http\.https\:\/\/github\.com\/\.extraheader' && git config --local --unset-all 'http.https://github.com/.extraheader' || :"
2025-12-30T17:24:47.1600070Z [command]/opt/homebrew/bin/git config --local --name-only --get-regexp ^includeIf\.gitdir:
2025-12-30T17:24:47.1914750Z [command]/opt/homebrew/bin/git submodule foreach --recursive git config --local --show-origin --name-only --get-regexp remote.origin.url
2025-12-30T17:24:47.3198420Z [command]/opt/homebrew/bin/git config --local http.https://github.com/.extraheader AUTHORIZATION: basic ***
2025-12-30T17:24:47.3473780Z ##[endgroup]
2025-12-30T17:24:47.3476010Z ##[group]Fetching the repository
2025-12-30T17:24:47.3477430Z [command]/opt/homebrew/bin/git -c protocol.version=2 fetch --no-tags --prune --no-recurse-submodules --depth=1 origin +e6190a14876ae468a4b5041a8a90e6974fe01773:refs/remotes/origin/dev
2025-12-30T17:24:48.6596020Z From https://github.com/worm-portal/aqequil
2025-12-30T17:24:48.6597530Z  * [new ref]         e6190a14876ae468a4b5041a8a90e6974fe01773 -> origin/dev
2025-12-30T17:24:48.6676910Z ##[endgroup]
2025-12-30T17:24:48.6677700Z ##[group]Determining the checkout info
2025-12-30T17:24:48.6678460Z ##[endgroup]
2025-12-30T17:24:48.6678980Z [command]/opt/homebrew/bin/git sparse-checkout disable
2025-12-30T17:24:48.6745300Z [command]/opt/homebrew/bin/git config --local --unset-all extensions.worktreeConfig
2025-12-30T17:24:48.6803500Z ##[group]Checking out the ref
2025-12-30T17:24:48.6805580Z [command]/opt/homebrew/bin/git checkout --progress --force -B dev refs/remotes/origin/dev
2025-12-30T17:24:48.8325170Z Switched to a new branch 'dev'
2025-12-30T17:24:48.8427100Z branch 'dev' set up to track 'origin/dev'.
2025-12-30T17:24:48.8710230Z ##[endgroup]
2025-12-30T17:24:48.9015690Z [command]/opt/homebrew/bin/git log -1 --format=%H
2025-12-30T17:24:48.9117880Z e6190a14876ae468a4b5041a8a90e6974fe01773
2025-12-30T17:24:48.9759120Z ##[group]Run actions/setup-python@v5
2025-12-30T17:24:48.9759880Z with:
2025-12-30T17:24:48.9760440Z   python-version: 3.12
2025-12-30T17:24:48.9761050Z   check-latest: false
2025-12-30T17:24:48.9761850Z   token: ***
2025-12-30T17:24:48.9762360Z   update-environment: true
2025-12-30T17:24:48.9763000Z   allow-prereleases: false
2025-12-30T17:24:48.9763690Z   freethreaded: false
2025-12-30T17:24:48.9764250Z ##[endgroup]
2025-12-30T17:24:49.1574940Z ##[group]Installed versions
2025-12-30T17:24:49.3201070Z Successfully set up CPython (3.12.10)
2025-12-30T17:24:49.3302220Z ##[endgroup]
2025-12-30T17:24:49.3513300Z ##[group]Run actions/download-artifact@v4
2025-12-30T17:24:49.3513590Z with:
2025-12-30T17:24:49.3513750Z   name: wheels-macos-latest
2025-12-30T17:24:49.3513980Z   path: wheelhouse
2025-12-30T17:24:49.3514320Z   merge-multiple: false
2025-12-30T17:24:49.3514540Z   repository: worm-portal/aqequil
2025-12-30T17:24:49.3514750Z   run-id: 20601542873
2025-12-30T17:24:49.3514920Z env:
2025-12-30T17:24:49.3515190Z   pythonLocation: /Users/runner/hostedtoolcache/Python/3.12.10/arm64
2025-12-30T17:24:49.3515620Z   PKG_CONFIG_PATH: /Users/runner/hostedtoolcache/Python/3.12.10/arm64/lib/pkgconfig
2025-12-30T17:24:49.3516050Z   Python_ROOT_DIR: /Users/runner/hostedtoolcache/Python/3.12.10/arm64
2025-12-30T17:24:49.3516440Z   Python2_ROOT_DIR: /Users/runner/hostedtoolcache/Python/3.12.10/arm64
2025-12-30T17:24:49.3516860Z   Python3_ROOT_DIR: /Users/runner/hostedtoolcache/Python/3.12.10/arm64
2025-12-30T17:24:49.3517180Z ##[endgroup]
2025-12-30T17:24:49.5949050Z Downloading single artifact
2025-12-30T17:24:49.7485390Z Preparing to download the following artifacts:
2025-12-30T17:24:49.7589050Z - wheels-macos-latest (ID: 4992705722, Size: 30983820, Expected Digest: sha256:b92d9f14eefa557fd743c8b0126078f58eb51c970eb7f7b4c069e486416b03a2)
2025-12-30T17:24:49.8680330Z (node:10098) [DEP0005] DeprecationWarning: Buffer() is deprecated due to security and usability issues. Please use the Buffer.alloc(), Buffer.allocUnsafe(), or Buffer.from() methods instead.
2025-12-30T17:24:49.8781360Z (Use `node --trace-deprecation ...` to show where the warning was created)
2025-12-30T17:24:49.8786050Z Redirecting to blob download url: https://productionresultssa19.blob.core.windows.net/actions-results/3359d908-0586-4c6c-8ddb-eda61a91ec84/workflow-job-run-02713282-5c53-55d8-b4c3-d8b9c393b72a/artifacts/955ef54be1c50fb13a2980f81c148b7bb4d63dbb4dfacd45c21fd4e1b6813100.zip
2025-12-30T17:24:49.8787360Z Starting download of artifact to: /Users/runner/work/aqequil/aqequil/wheelhouse
2025-12-30T17:24:50.2848570Z SHA256 digest of downloaded artifact is b92d9f14eefa557fd743c8b0126078f58eb51c970eb7f7b4c069e486416b03a2
2025-12-30T17:24:50.2951700Z Artifact download completed successfully.
2025-12-30T17:24:50.3052850Z Total of 1 artifact(s) downloaded
2025-12-30T17:24:50.3154410Z Download artifact has finished successfully
2025-12-30T17:24:50.3293860Z ##[group]Run PYVER=$(echo "3.12" | tr -d '.')
2025-12-30T17:24:50.3294210Z [36;1mPYVER=$(echo "3.12" | tr -d '.')[0m
2025-12-30T17:24:50.3294530Z [36;1mpython -m pip install wheelhouse/aqequil-*-cp${PYVER}-*.whl[0m
2025-12-30T17:24:50.3350030Z shell: /bin/bash --noprofile --norc -e -o pipefail {0}
2025-12-30T17:24:50.3350350Z env:
2025-12-30T17:24:50.3350650Z   pythonLocation: /Users/runner/hostedtoolcache/Python/3.12.10/arm64
2025-12-30T17:24:50.3351070Z   PKG_CONFIG_PATH: /Users/runner/hostedtoolcache/Python/3.12.10/arm64/lib/pkgconfig
2025-12-30T17:24:50.3351510Z   Python_ROOT_DIR: /Users/runner/hostedtoolcache/Python/3.12.10/arm64
2025-12-30T17:24:50.3352280Z   Python2_ROOT_DIR: /Users/runner/hostedtoolcache/Python/3.12.10/arm64
2025-12-30T17:24:50.3352660Z   Python3_ROOT_DIR: /Users/runner/hostedtoolcache/Python/3.12.10/arm64
2025-12-30T17:24:50.3352950Z ##[endgroup]
2025-12-30T17:24:51.5151580Z Processing ./wheelhouse/aqequil-0.41.0-cp312-cp312-macosx_15_0_arm64.whl
2025-12-30T17:24:51.6418430Z Collecting pandas (from aqequil==0.41.0)
2025-12-30T17:24:51.6828730Z   Downloading pandas-2.3.3-cp312-cp312-macosx_11_0_arm64.whl.metadata (91 kB)
2025-12-30T17:24:51.8901320Z Collecting numpy (from aqequil==0.41.0)
2025-12-30T17:24:51.9002390Z   Downloading numpy-2.4.0-cp312-cp312-macosx_14_0_arm64.whl.metadata (6.6 kB)
2025-12-30T17:24:51.9785320Z Collecting matplotlib (from aqequil==0.41.0)
2025-12-30T17:24:51.9885560Z   Downloading matplotlib-3.10.8-cp312-cp312-macosx_11_0_arm64.whl.metadata (52 kB)
2025-12-30T17:24:52.0184060Z Collecting plotly (from aqequil==0.41.0)
2025-12-30T17:24:52.0219790Z   Downloading plotly-6.5.0-py3-none-any.whl.metadata (8.5 kB)
2025-12-30T17:24:52.0661810Z Collecting ipython (from aqequil==0.41.0)
2025-12-30T17:24:52.0700470Z   Downloading ipython-9.8.0-py3-none-any.whl.metadata (4.5 kB)
2025-12-30T17:24:52.0851250Z Collecting chemparse (from aqequil==0.41.0)
2025-12-30T17:24:52.0896570Z   Downloading chemparse-0.3.2-py3-none-any.whl.metadata (1.7 kB)
2025-12-30T17:24:52.1039020Z Collecting dill (from aqequil==0.41.0)
2025-12-30T17:24:52.1073620Z   Downloading dill-0.4.0-py3-none-any.whl.metadata (10 kB)
2025-12-30T17:24:52.1190990Z Collecting periodictable (from aqequil==0.41.0)
2025-12-30T17:24:52.1230540Z   Downloading periodictable-2.0.2-py3-none-any.whl.metadata (5.4 kB)
2025-12-30T17:24:52.1406120Z Collecting natsort (from aqequil==0.41.0)
2025-12-30T17:24:52.1441780Z   Downloading natsort-8.4.0-py3-none-any.whl.metadata (21 kB)
2025-12-30T17:24:52.1571290Z Collecting roman (from aqequil==0.41.0)
2025-12-30T17:24:52.1613960Z   Downloading roman-5.2-py3-none-any.whl.metadata (4.3 kB)
2025-12-30T17:24:52.1821100Z Collecting ipywidgets (from aqequil==0.41.0)
2025-12-30T17:24:52.1856130Z   Downloading ipywidgets-8.1.8-py3-none-any.whl.metadata (2.4 kB)
2025-12-30T17:24:52.1973850Z Collecting wormutils (from aqequil==0.41.0)
2025-12-30T17:24:52.2031940Z   Downloading wormutils-0.2.0-py3-none-any.whl.metadata (723 bytes)
2025-12-30T17:24:52.2226550Z Collecting pychnosz (from aqequil==0.41.0)
2025-12-30T17:24:52.2275900Z   Downloading pychnosz-1.1.11-cp312-cp312-macosx_15_0_arm64.whl.metadata (8.2 kB)
2025-12-30T17:24:52.2431340Z Collecting decorator>=4.3.2 (from ipython->aqequil==0.41.0)
2025-12-30T17:24:52.2468500Z   Downloading decorator-5.2.1-py3-none-any.whl.metadata (3.9 kB)
2025-12-30T17:24:52.2572110Z Collecting ipython-pygments-lexers>=1.0.0 (from ipython->aqequil==0.41.0)
2025-12-30T17:24:52.2605630Z   Downloading ipython_pygments_lexers-1.1.1-py3-none-any.whl.metadata (1.1 kB)
2025-12-30T17:24:52.2725490Z Collecting jedi>=0.18.1 (from ipython->aqequil==0.41.0)
2025-12-30T17:24:52.2761310Z   Downloading jedi-0.19.2-py2.py3-none-any.whl.metadata (22 kB)
2025-12-30T17:24:52.2954730Z Collecting matplotlib-inline>=0.1.5 (from ipython->aqequil==0.41.0)
2025-12-30T17:24:52.2988870Z   Downloading matplotlib_inline-0.2.1-py3-none-any.whl.metadata (2.3 kB)
2025-12-30T17:24:52.3092650Z Collecting pexpect>4.3 (from ipython->aqequil==0.41.0)
2025-12-30T17:24:52.3127400Z   Downloading pexpect-4.9.0-py2.py3-none-any.whl.metadata (2.5 kB)
2025-12-30T17:24:52.3358760Z Collecting prompt_toolkit<3.1.0,>=3.0.41 (from ipython->aqequil==0.41.0)
2025-12-30T17:24:52.3395910Z   Downloading prompt_toolkit-3.0.52-py3-none-any.whl.metadata (6.4 kB)
2025-12-30T17:24:52.3559110Z Collecting pygments>=2.11.0 (from ipython->aqequil==0.41.0)
2025-12-30T17:24:52.3596950Z   Downloading pygments-2.19.2-py3-none-any.whl.metadata (2.5 kB)
2025-12-30T17:24:52.3713600Z Collecting stack_data>=0.6.0 (from ipython->aqequil==0.41.0)
2025-12-30T17:24:52.3744560Z   Downloading stack_data-0.6.3-py3-none-any.whl.metadata (18 kB)
2025-12-30T17:24:52.3892050Z Collecting traitlets>=5.13.0 (from ipython->aqequil==0.41.0)
2025-12-30T17:24:52.3929030Z   Downloading traitlets-5.14.3-py3-none-any.whl.metadata (10 kB)
2025-12-30T17:24:52.4051850Z Collecting wcwidth (from prompt_toolkit<3.1.0,>=3.0.41->ipython->aqequil==0.41.0)
2025-12-30T17:24:52.4085420Z   Downloading wcwidth-0.2.14-py2.py3-none-any.whl.metadata (15 kB)
2025-12-30T17:24:52.4216080Z Collecting parso<0.9.0,>=0.8.4 (from jedi>=0.18.1->ipython->aqequil==0.41.0)
2025-12-30T17:24:52.4247420Z   Downloading parso-0.8.5-py2.py3-none-any.whl.metadata (8.3 kB)
2025-12-30T17:24:52.4429200Z Collecting ptyprocess>=0.5 (from pexpect>4.3->ipython->aqequil==0.41.0)
2025-12-30T17:24:52.4465550Z   Downloading ptyprocess-0.7.0-py2.py3-none-any.whl.metadata (1.3 kB)
2025-12-30T17:24:52.4631220Z Collecting executing>=1.2.0 (from stack_data>=0.6.0->ipython->aqequil==0.41.0)
2025-12-30T17:24:52.4656130Z   Downloading executing-2.2.1-py2.py3-none-any.whl.metadata (8.9 kB)
2025-12-30T17:24:52.4786250Z Collecting asttokens>=2.1.0 (from stack_data>=0.6.0->ipython->aqequil==0.41.0)
2025-12-30T17:24:52.4816510Z   Downloading asttokens-3.0.1-py3-none-any.whl.metadata (4.9 kB)
2025-12-30T17:24:52.4923320Z Collecting pure-eval (from stack_data>=0.6.0->ipython->aqequil==0.41.0)
2025-12-30T17:24:52.4959920Z   Downloading pure_eval-0.2.3-py3-none-any.whl.metadata (6.3 kB)
2025-12-30T17:24:52.5127350Z Collecting comm>=0.1.3 (from ipywidgets->aqequil==0.41.0)
2025-12-30T17:24:52.5162410Z   Downloading comm-0.2.3-py3-none-any.whl.metadata (3.7 kB)
2025-12-30T17:24:52.5476110Z Collecting widgetsnbextension~=4.0.14 (from ipywidgets->aqequil==0.41.0)
2025-12-30T17:24:52.5511060Z   Downloading widgetsnbextension-4.0.15-py3-none-any.whl.metadata (1.6 kB)
2025-12-30T17:24:52.5657740Z Collecting jupyterlab_widgets~=3.0.15 (from ipywidgets->aqequil==0.41.0)
2025-12-30T17:24:52.5765860Z   Downloading jupyterlab_widgets-3.0.16-py3-none-any.whl.metadata (20 kB)
2025-12-30T17:24:52.6584250Z Collecting contourpy>=1.0.1 (from matplotlib->aqequil==0.41.0)
2025-12-30T17:24:52.6652870Z   Downloading contourpy-1.3.3-cp312-cp312-macosx_11_0_arm64.whl.metadata (5.5 kB)
2025-12-30T17:24:52.6722400Z Collecting cycler>=0.10 (from matplotlib->aqequil==0.41.0)
2025-12-30T17:24:52.6756550Z   Downloading cycler-0.12.1-py3-none-any.whl.metadata (3.8 kB)
2025-12-30T17:24:52.7582760Z Collecting fonttools>=4.22.0 (from matplotlib->aqequil==0.41.0)
2025-12-30T17:24:52.7636670Z   Downloading fonttools-4.61.1-cp312-cp312-macosx_10_13_universal2.whl.metadata (114 kB)
2025-12-30T17:24:52.8044460Z Collecting kiwisolver>=1.3.1 (from matplotlib->aqequil==0.41.0)
2025-12-30T17:24:52.8084820Z   Downloading kiwisolver-1.4.9-cp312-cp312-macosx_11_0_arm64.whl.metadata (6.3 kB)
2025-12-30T17:24:52.8256710Z Collecting packaging>=20.0 (from matplotlib->aqequil==0.41.0)
2025-12-30T17:24:52.8290430Z   Downloading packaging-25.0-py3-none-any.whl.metadata (3.3 kB)
2025-12-30T17:24:52.9305930Z Collecting pillow>=8 (from matplotlib->aqequil==0.41.0)
2025-12-30T17:24:52.9352020Z   Downloading pillow-12.0.0-cp312-cp312-macosx_11_0_arm64.whl.metadata (8.8 kB)
2025-12-30T17:24:52.9537500Z Collecting pyparsing>=3 (from matplotlib->aqequil==0.41.0)
2025-12-30T17:24:52.9579700Z   Downloading pyparsing-3.3.1-py3-none-any.whl.metadata (5.6 kB)
2025-12-30T17:24:52.9698920Z Collecting python-dateutil>=2.7 (from matplotlib->aqequil==0.41.0)
2025-12-30T17:24:52.9729110Z   Downloading python_dateutil-2.9.0.post0-py2.py3-none-any.whl.metadata (8.4 kB)
2025-12-30T17:24:52.9932060Z Collecting six>=1.5 (from python-dateutil>=2.7->matplotlib->aqequil==0.41.0)
2025-12-30T17:24:52.9967020Z   Downloading six-1.17.0-py2.py3-none-any.whl.metadata (1.7 kB)
2025-12-30T17:24:53.0277200Z Collecting pytz>=2020.1 (from pandas->aqequil==0.41.0)
2025-12-30T17:24:53.0310620Z   Downloading pytz-2025.2-py2.py3-none-any.whl.metadata (22 kB)
2025-12-30T17:24:53.0624070Z Collecting tzdata>=2022.7 (from pandas->aqequil==0.41.0)
2025-12-30T17:24:53.0657590Z   Downloading tzdata-2025.3-py2.py3-none-any.whl.metadata (1.4 kB)
2025-12-30T17:24:53.0959220Z Collecting narwhals>=1.15.1 (from plotly->aqequil==0.41.0)
2025-12-30T17:24:53.0995070Z   Downloading narwhals-2.14.0-py3-none-any.whl.metadata (13 kB)
2025-12-30T17:24:53.1964340Z Collecting scipy>=1.7.0 (from pychnosz->aqequil==0.41.0)
2025-12-30T17:24:53.2010940Z   Downloading scipy-1.16.3-cp312-cp312-macosx_14_0_arm64.whl.metadata (62 kB)
2025-12-30T17:24:53.2420850Z Collecting requests (from wormutils->aqequil==0.41.0)
2025-12-30T17:24:53.2454670Z   Downloading requests-2.32.5-py3-none-any.whl.metadata (4.9 kB)
2025-12-30T17:24:53.2617890Z Collecting importlib_resources (from wormutils->aqequil==0.41.0)
2025-12-30T17:24:53.2652570Z   Downloading importlib_resources-6.5.2-py3-none-any.whl.metadata (3.9 kB)
2025-12-30T17:24:53.3256590Z Collecting charset_normalizer<4,>=2 (from requests->wormutils->aqequil==0.41.0)
2025-12-30T17:24:53.3408020Z   Downloading charset_normalizer-3.4.4-cp312-cp312-macosx_10_13_universal2.whl.metadata (37 kB)
2025-12-30T17:24:53.3545440Z Collecting idna<4,>=2.5 (from requests->wormutils->aqequil==0.41.0)
2025-12-30T17:24:53.3591300Z   Downloading idna-3.11-py3-none-any.whl.metadata (8.4 kB)
2025-12-30T17:24:53.3796630Z Collecting urllib3<3,>=1.21.1 (from requests->wormutils->aqequil==0.41.0)
2025-12-30T17:24:53.3838590Z   Downloading urllib3-2.6.2-py3-none-any.whl.metadata (6.6 kB)
2025-12-30T17:24:53.3886500Z Requirement already satisfied: certifi>=2017.4.17 in /Library/Frameworks/Python.framework/Versions/3.12/lib/python3.12/site-packages (from requests->wormutils->aqequil==0.41.0) (2025.11.12)
2025-12-30T17:24:53.3983130Z Downloading chemparse-0.3.2-py3-none-any.whl (5.9 kB)
2025-12-30T17:24:53.4044130Z Downloading dill-0.4.0-py3-none-any.whl (119 kB)
2025-12-30T17:24:53.4102620Z Downloading ipython-9.8.0-py3-none-any.whl (621 kB)
2025-12-30T17:24:53.4174560Z    ━━━━━━━━━━━━━━━━━━━━━━━━━━━━━━━━━━━━━━━━ 621.4/621.4 kB 85.2 MB/s  0:00:00
2025-12-30T17:24:53.4210010Z Downloading prompt_toolkit-3.0.52-py3-none-any.whl (391 kB)
2025-12-30T17:24:53.4277290Z Downloading decorator-5.2.1-py3-none-any.whl (9.2 kB)
2025-12-30T17:24:53.4333290Z Downloading ipython_pygments_lexers-1.1.1-py3-none-any.whl (8.1 kB)
2025-12-30T17:24:53.4385170Z Downloading jedi-0.19.2-py2.py3-none-any.whl (1.6 MB)
2025-12-30T17:24:53.4517470Z    ━━━━━━━━━━━━━━━━━━━━━━━━━━━━━━━━━━━━━━━━ 1.6/1.6 MB 146.1 MB/s  0:00:00
2025-12-30T17:24:53.4576000Z Downloading parso-0.8.5-py2.py3-none-any.whl (106 kB)
2025-12-30T17:24:53.4655170Z Downloading matplotlib_inline-0.2.1-py3-none-any.whl (9.5 kB)
2025-12-30T17:24:53.4797430Z Downloading pexpect-4.9.0-py2.py3-none-any.whl (63 kB)
2025-12-30T17:24:53.4867950Z Downloading ptyprocess-0.7.0-py2.py3-none-any.whl (13 kB)
2025-12-30T17:24:53.4932200Z Downloading pygments-2.19.2-py3-none-any.whl (1.2 MB)
2025-12-30T17:24:53.5014300Z    ━━━━━━━━━━━━━━━━━━━━━━━━━━━━━━━━━━━━━━━━ 1.2/1.2 MB 156.1 MB/s  0:00:00
2025-12-30T17:24:53.5059360Z Downloading stack_data-0.6.3-py3-none-any.whl (24 kB)
2025-12-30T17:24:53.5127140Z Downloading asttokens-3.0.1-py3-none-any.whl (27 kB)
2025-12-30T17:24:53.5180230Z Downloading executing-2.2.1-py2.py3-none-any.whl (28 kB)
2025-12-30T17:24:53.5237890Z Downloading traitlets-5.14.3-py3-none-any.whl (85 kB)
2025-12-30T17:24:53.5317660Z Downloading ipywidgets-8.1.8-py3-none-any.whl (139 kB)
2025-12-30T17:24:53.5439340Z Downloading jupyterlab_widgets-3.0.16-py3-none-any.whl (914 kB)
2025-12-30T17:24:53.5506670Z    ━━━━━━━━━━━━━━━━━━━━━━━━━━━━━━━━━━━━━━━━ 914.9/914.9 kB 139.0 MB/s  0:00:00
2025-12-30T17:24:53.5545550Z Downloading widgetsnbextension-4.0.15-py3-none-any.whl (2.2 MB)
2025-12-30T17:24:53.5689800Z    ━━━━━━━━━━━━━━━━━━━━━━━━━━━━━━━━━━━━━━━━ 2.2/2.2 MB 154.2 MB/s  0:00:00
2025-12-30T17:24:53.5730440Z Downloading comm-0.2.3-py3-none-any.whl (7.3 kB)
2025-12-30T17:24:53.5808210Z Downloading matplotlib-3.10.8-cp312-cp312-macosx_11_0_arm64.whl (8.1 MB)
2025-12-30T17:24:53.6175990Z    ━━━━━━━━━━━━━━━━━━━━━━━━━━━━━━━━━━━━━━━━ 8.1/8.1 MB 225.9 MB/s  0:00:00
2025-12-30T17:24:53.6232360Z Downloading contourpy-1.3.3-cp312-cp312-macosx_11_0_arm64.whl (273 kB)
2025-12-30T17:24:53.6298480Z Downloading cycler-0.12.1-py3-none-any.whl (8.3 kB)
2025-12-30T17:24:53.6530530Z Downloading fonttools-4.61.1-cp312-cp312-macosx_10_13_universal2.whl (2.9 MB)
2025-12-30T17:24:53.6732540Z    ━━━━━━━━━━━━━━━━━━━━━━━━━━━━━━━━━━━━━━━━ 2.9/2.9 MB 194.9 MB/s  0:00:00
2025-12-30T17:24:53.6744430Z Downloading kiwisolver-1.4.9-cp312-cp312-macosx_11_0_arm64.whl (64 kB)
2025-12-30T17:24:53.6815150Z Downloading numpy-2.4.0-cp312-cp312-macosx_14_0_arm64.whl (5.2 MB)
2025-12-30T17:24:53.7041740Z    ━━━━━━━━━━━━━━━━━━━━━━━━━━━━━━━━━━━━━━━━ 5.2/5.2 MB 237.5 MB/s  0:00:00
2025-12-30T17:24:53.7090470Z Downloading packaging-25.0-py3-none-any.whl (66 kB)
2025-12-30T17:24:53.7186130Z Downloading pillow-12.0.0-cp312-cp312-macosx_11_0_arm64.whl (4.7 MB)
2025-12-30T17:24:53.7447760Z    ━━━━━━━━━━━━━━━━━━━━━━━━━━━━━━━━━━━━━━━━ 4.7/4.7 MB 183.3 MB/s  0:00:00
2025-12-30T17:24:53.7483290Z Downloading pyparsing-3.3.1-py3-none-any.whl (121 kB)
2025-12-30T17:24:53.7546240Z Downloading python_dateutil-2.9.0.post0-py2.py3-none-any.whl (229 kB)
2025-12-30T17:24:53.7602570Z Downloading six-1.17.0-py2.py3-none-any.whl (11 kB)
2025-12-30T17:24:53.7654520Z Downloading natsort-8.4.0-py3-none-any.whl (38 kB)
2025-12-30T17:24:53.7727550Z Downloading pandas-2.3.3-cp312-cp312-macosx_11_0_arm64.whl (10.7 MB)
2025-12-30T17:24:53.8307990Z    ━━━━━━━━━━━━━━━━━━━━━━━━━━━━━━━━━━━━━━━━ 10.7/10.7 MB 185.9 MB/s  0:00:00
2025-12-30T17:24:53.8355310Z Downloading pytz-2025.2-py2.py3-none-any.whl (509 kB)
2025-12-30T17:24:53.8465620Z Downloading tzdata-2025.3-py2.py3-none-any.whl (348 kB)
2025-12-30T17:24:53.8609710Z Downloading periodictable-2.0.2-py3-none-any.whl (811 kB)
2025-12-30T17:24:53.8684480Z    ━━━━━━━━━━━━━━━━━━━━━━━━━━━━━━━━━━━━━━━━ 811.1/811.1 kB 116.3 MB/s  0:00:00
2025-12-30T17:24:53.8716010Z Downloading plotly-6.5.0-py3-none-any.whl (9.9 MB)
2025-12-30T17:24:53.9199630Z    ━━━━━━━━━━━━━━━━━━━━━━━━━━━━━━━━━━━━━━━━ 9.9/9.9 MB 207.6 MB/s  0:00:00
2025-12-30T17:24:53.9247110Z Downloading narwhals-2.14.0-py3-none-any.whl (430 kB)
2025-12-30T17:24:53.9316040Z Downloading pure_eval-0.2.3-py3-none-any.whl (11 kB)
2025-12-30T17:24:53.9381490Z Downloading pychnosz-1.1.11-cp312-cp312-macosx_15_0_arm64.whl (1.3 MB)
2025-12-30T17:24:53.9506130Z    ━━━━━━━━━━━━━━━━━━━━━━━━━━━━━━━━━━━━━━━━ 1.3/1.3 MB 112.0 MB/s  0:00:00
2025-12-30T17:24:53.9547620Z Downloading scipy-1.16.3-cp312-cp312-macosx_14_0_arm64.whl (20.9 MB)
2025-12-30T17:24:54.0477790Z    ━━━━━━━━━━━━━━━━━━━━━━━━━━━━━━━━━━━━━━━━ 20.9/20.9 MB 227.2 MB/s  0:00:00
2025-12-30T17:24:54.0561350Z Downloading roman-5.2-py3-none-any.whl (6.0 kB)
2025-12-30T17:24:54.0673450Z Downloading wcwidth-0.2.14-py2.py3-none-any.whl (37 kB)
2025-12-30T17:24:54.0746470Z Downloading wormutils-0.2.0-py3-none-any.whl (18 kB)
2025-12-30T17:24:54.0814080Z Downloading importlib_resources-6.5.2-py3-none-any.whl (37 kB)
2025-12-30T17:24:54.0873410Z Downloading requests-2.32.5-py3-none-any.whl (64 kB)
2025-12-30T17:24:54.0926880Z Downloading charset_normalizer-3.4.4-cp312-cp312-macosx_10_13_universal2.whl (208 kB)
2025-12-30T17:24:54.0993640Z Downloading idna-3.11-py3-none-any.whl (71 kB)
2025-12-30T17:24:54.1060420Z Downloading urllib3-2.6.2-py3-none-any.whl (131 kB)
2025-12-30T17:24:54.2732980Z Installing collected packages: pytz, pure-eval, ptyprocess, widgetsnbextension, wcwidth, urllib3, tzdata, traitlets, six, roman, pyparsing, pygments, pillow, pexpect, parso, packaging, numpy, natsort, narwhals, kiwisolver, jupyterlab_widgets, importlib_resources, idna, fonttools, executing, dill, decorator, cycler, comm, chemparse, charset_normalizer, asttokens, stack_data, scipy, requests, python-dateutil, prompt_toolkit, plotly, periodictable, matplotlib-inline, jedi, ipython-pygments-lexers, contourpy, pandas, matplotlib, ipython, wormutils, pychnosz, ipywidgets, aqequil
2025-12-30T17:25:07.1308000Z 
2025-12-30T17:25:07.1332190Z Successfully installed aqequil-0.41.0 asttokens-3.0.1 charset_normalizer-3.4.4 chemparse-0.3.2 comm-0.2.3 contourpy-1.3.3 cycler-0.12.1 decorator-5.2.1 dill-0.4.0 executing-2.2.1 fonttools-4.61.1 idna-3.11 importlib_resources-6.5.2 ipython-9.8.0 ipython-pygments-lexers-1.1.1 ipywidgets-8.1.8 jedi-0.19.2 jupyterlab_widgets-3.0.16 kiwisolver-1.4.9 matplotlib-3.10.8 matplotlib-inline-0.2.1 narwhals-2.14.0 natsort-8.4.0 numpy-2.4.0 packaging-25.0 pandas-2.3.3 parso-0.8.5 periodictable-2.0.2 pexpect-4.9.0 pillow-12.0.0 plotly-6.5.0 prompt_toolkit-3.0.52 ptyprocess-0.7.0 pure-eval-0.2.3 pychnosz-1.1.11 pygments-2.19.2 pyparsing-3.3.1 python-dateutil-2.9.0.post0 pytz-2025.2 requests-2.32.5 roman-5.2 scipy-1.16.3 six-1.17.0 stack_data-0.6.3 traitlets-5.14.3 tzdata-2025.3 urllib3-2.6.2 wcwidth-0.2.14 widgetsnbextension-4.0.15 wormutils-0.2.0
2025-12-30T17:25:07.4032140Z ##[group]Run echo "Checking architecture of bundled executables..."
2025-12-30T17:25:07.4032590Z [36;1mecho "Checking architecture of bundled executables..."[0m
2025-12-30T17:25:07.4033680Z [36;1mpython -c "import aqequil; from aqequil.AqSpeciation import _get_bundled_exe_path; import os; bin_path = _get_bundled_exe_path(); print(f'Binary path: {bin_path}'); import subprocess; result = subprocess.run(['file', os.path.join(bin_path, 'eqpt')], capture_output=True, text=True); print(result.stdout)"[0m
2025-12-30T17:25:07.4070240Z shell: /bin/bash --noprofile --norc -e -o pipefail {0}
2025-12-30T17:25:07.4070530Z env:
2025-12-30T17:25:07.4070830Z   pythonLocation: /Users/runner/hostedtoolcache/Python/3.12.10/arm64
2025-12-30T17:25:07.4071280Z   PKG_CONFIG_PATH: /Users/runner/hostedtoolcache/Python/3.12.10/arm64/lib/pkgconfig
2025-12-30T17:25:07.4071700Z   Python_ROOT_DIR: /Users/runner/hostedtoolcache/Python/3.12.10/arm64
2025-12-30T17:25:07.4072210Z   Python2_ROOT_DIR: /Users/runner/hostedtoolcache/Python/3.12.10/arm64
2025-12-30T17:25:07.4072680Z   Python3_ROOT_DIR: /Users/runner/hostedtoolcache/Python/3.12.10/arm64
2025-12-30T17:25:07.4073050Z ##[endgroup]
2025-12-30T17:25:07.4325680Z Checking architecture of bundled executables...
2025-12-30T17:25:13.9742140Z Matplotlib is building the font cache; this may take a moment.
2025-12-30T17:25:18.2596730Z Traceback (most recent call last):
2025-12-30T17:25:18.2603130Z   File "<string>", line 1, in <module>
2025-12-30T17:25:18.2603640Z   File "<frozen posixpath>", line 76, in join
2025-12-30T17:25:18.2604060Z TypeError: expected str, bytes or os.PathLike object, not NoneType
2025-12-30T17:25:18.2604590Z Binary path: None
2025-12-30T17:25:18.4082510Z ##[error]Process completed with exit code 1.
2025-12-30T17:25:18.4119520Z ##[group]Run python test_integration.py
2025-12-30T17:25:18.4119860Z [36;1mpython test_integration.py[0m
2025-12-30T17:25:18.4152390Z shell: /bin/bash --noprofile --norc -e -o pipefail {0}
2025-12-30T17:25:18.4152680Z env:
2025-12-30T17:25:18.4153020Z   pythonLocation: /Users/runner/hostedtoolcache/Python/3.12.10/arm64
2025-12-30T17:25:18.4153460Z   PKG_CONFIG_PATH: /Users/runner/hostedtoolcache/Python/3.12.10/arm64/lib/pkgconfig
2025-12-30T17:25:18.4153860Z   Python_ROOT_DIR: /Users/runner/hostedtoolcache/Python/3.12.10/arm64
2025-12-30T17:25:18.4154280Z   Python2_ROOT_DIR: /Users/runner/hostedtoolcache/Python/3.12.10/arm64
2025-12-30T17:25:18.4159790Z   Python3_ROOT_DIR: /Users/runner/hostedtoolcache/Python/3.12.10/arm64
2025-12-30T17:25:18.4160060Z ##[endgroup]
2025-12-30T17:25:19.4421880Z Traceback (most recent call last):
2025-12-30T17:25:19.4423060Z   File "/Users/runner/work/aqequil/aqequil/aqequil/AqSpeciation.py", line 854, in runeqpt
2025-12-30T17:25:19.4423860Z     self.__run_eq_executable('eqpt', [data0_path], cwd=os.getcwd())
2025-12-30T17:25:19.4435550Z   File "/Users/runner/work/aqequil/aqequil/aqequil/AqSpeciation.py", line 1114, in __run_eq_executable
2025-12-30T17:25:19.4436120Z     exe_path = os.path.join(self.eq36co, exe_name)
2025-12-30T17:25:19.4437710Z                ^^^^^^^^^^^^^^^^^^^^^^^^^^^^^^^^^^^
2025-12-30T17:25:19.4438190Z   File "<frozen posixpath>", line 76, in join
2025-12-30T17:25:19.4438640Z TypeError: expected str, bytes or os.PathLike object, not NoneType
2025-12-30T17:25:19.4438950Z 
2025-12-30T17:25:19.4439240Z During handling of the above exception, another exception occurred:
2025-12-30T17:25:19.4439630Z 
2025-12-30T17:25:19.4439790Z Traceback (most recent call last):
2025-12-30T17:25:19.4440340Z   File "/Users/runner/work/aqequil/aqequil/test_integration.py", line 119, in test_runeqpt
2025-12-30T17:25:19.4440840Z     ae.runeqpt('wrm')
2025-12-30T17:25:19.4442300Z   File "/Users/runner/work/aqequil/aqequil/aqequil/AqSpeciation.py", line 856, in runeqpt
2025-12-30T17:25:19.4442810Z     self.err_handler.raise_exception(
2025-12-30T17:25:19.4447250Z   File "/Library/Frameworks/Python.framework/Versions/3.12/lib/python3.12/site-packages/wormutils/Error_Handler.py", line 57, in raise_exception
2025-12-30T17:25:19.4447890Z     raise Exception(msg)
2025-12-30T17:25:19.4448200Z Exception: Error: EQPT failed to run on data0.wrm.
2025-12-30T17:25:19.4448740Z Traceback (most recent call last):
2025-12-30T17:25:19.4449330Z   File "/Users/runner/work/aqequil/aqequil/aqequil/AqSpeciation.py", line 854, in runeqpt
2025-12-30T17:25:19.4449900Z     self.__run_eq_executable('eqpt', [data0_path], cwd=os.getcwd())
2025-12-30T17:25:19.4456420Z   File "/Users/runner/work/aqequil/aqequil/aqequil/AqSpeciation.py", line 1114, in __run_eq_executable
2025-12-30T17:25:19.4456970Z     exe_path = os.path.join(self.eq36co, exe_name)
2025-12-30T17:25:19.4457310Z                ^^^^^^^^^^^^^^^^^^^^^^^^^^^^^^^^^^^
2025-12-30T17:25:19.4457700Z   File "<frozen posixpath>", line 76, in join
2025-12-30T17:25:19.4458150Z TypeError: expected str, bytes or os.PathLike object, not NoneType
2025-12-30T17:25:19.4458590Z 
2025-12-30T17:25:19.4458850Z During handling of the above exception, another exception occurred:
2025-12-30T17:25:19.4459170Z 
2025-12-30T17:25:19.4459350Z Traceback (most recent call last):
2025-12-30T17:25:19.4459870Z   File "/Users/runner/work/aqequil/aqequil/test_integration.py", line 186, in test_speciation_simple
2025-12-30T17:25:19.4460390Z     ae_eqpt.runeqpt('wrm')
2025-12-30T17:25:19.4460850Z   File "/Users/runner/work/aqequil/aqequil/aqequil/AqSpeciation.py", line 856, in runeqpt
2025-12-30T17:25:19.4461920Z     self.err_handler.raise_exception(
2025-12-30T17:25:19.4462650Z   File "/Library/Frameworks/Python.framework/Versions/3.12/lib/python3.12/site-packages/wormutils/Error_Handler.py", line 57, in raise_exception
2025-12-30T17:25:19.4463280Z     raise Exception(msg)
2025-12-30T17:25:19.4463600Z Exception: Error: EQPT failed to run on data0.wrm.
2025-12-30T17:25:23.3768720Z Traceback (most recent call last):
2025-12-30T17:25:23.3770760Z   File "/Users/runner/work/aqequil/aqequil/aqequil/AqSpeciation.py", line 854, in runeqpt
2025-12-30T17:25:23.3813540Z     self.__run_eq_executable('eqpt', [data0_path], cwd=os.getcwd())
2025-12-30T17:25:23.3813950Z 
2025-12-30T17:25:23.3814690Z   File "/Users/runner/work/aqequil/aqequil/aqequil/AqSpeciation.py", line 1114, in __run_eq_executable
2025-12-30T17:25:23.3815230Z ============================================================
2025-12-30T17:25:23.3815680Z     exe_path = os.path.join(self.eq36co, exe_name)
2025-12-30T17:25:23.3815930Z AQEQUIL INTEGRATION TEST SUITE
2025-12-30T17:25:23.3817260Z                ^^^^^^^^^^^^^^^^^^^^^^^^^^^^^^^^^^^
2025-12-30T17:25:23.3817520Z ============================================================
2025-12-30T17:25:23.3817950Z   File "<frozen posixpath>", line 76, in join
2025-12-30T17:25:23.3818160Z Python: 3.12.10
2025-12-30T17:25:23.3818570Z TypeError: expected str, bytes or os.PathLike object, not NoneType
2025-12-30T17:25:23.3818930Z Platform: darwin
2025-12-30T17:25:23.3819310Z 
2025-12-30T17:25:23.3819410Z Architecture: arm64
2025-12-30T17:25:23.3819730Z During handling of the above exception, another exception occurred:
2025-12-30T17:25:23.3820060Z ============================================================
2025-12-30T17:25:23.3820300Z 
2025-12-30T17:25:23.3820380Z ============================================================
2025-12-30T17:25:23.3820720Z Traceback (most recent call last):
2025-12-30T17:25:23.3820920Z Test 1: Checking for bundled EQ3/6 executables
2025-12-30T17:25:23.3821710Z   File "/Users/runner/work/aqequil/aqequil/test_integration.py", line 253, in test_water_rock_reaction
2025-12-30T17:25:23.3822130Z ============================================================
2025-12-30T17:25:23.3822440Z     speciation = ae.speciate(
2025-12-30T17:25:23.3822650Z [FAIL] No bundled executables found!
2025-12-30T17:25:23.3822910Z                  ^^^^^^^^^^^^
2025-12-30T17:25:23.3823120Z 
2025-12-30T17:25:23.3823650Z   File "/Users/runner/work/aqequil/aqequil/aqequil/AqSpeciation.py", line 1926, in speciate
2025-12-30T17:25:23.3824030Z ============================================================
2025-12-30T17:25:23.3824360Z     self.runeqpt(data0_lettercode, dynamic_db=True)
2025-12-30T17:25:23.3824650Z Test 2: Testing aqequil import and basic usage
2025-12-30T17:25:23.3825170Z   File "/Users/runner/work/aqequil/aqequil/aqequil/AqSpeciation.py", line 856, in runeqpt
2025-12-30T17:25:23.3825510Z ============================================================
2025-12-30T17:25:23.3826060Z     self.err_handler.raise_exception(
2025-12-30T17:25:23.3826270Z [OK] Successfully imported aqequil
2025-12-30T17:25:23.3827180Z   File "/Library/Frameworks/Python.framework/Versions/3.12/lib/python3.12/site-packages/wormutils/Error_Handler.py", line 57, in raise_exception
2025-12-30T17:25:23.3827970Z [OK] Found test data at: /Users/runner/work/aqequil/aqequil/aqequil/test_data/input_example_wrm.csv
2025-12-30T17:25:23.3833260Z     raise Exception(msg)
2025-12-30T17:25:23.3833410Z 
2025-12-30T17:25:23.3833660Z Exception: Error: EQPT failed to run on data0.dyn.
2025-12-30T17:25:23.3833940Z ============================================================
2025-12-30T17:25:23.3834340Z Test 3: Testing runeqpt (data0 to data1 conversion)
2025-12-30T17:25:23.3834650Z ============================================================
2025-12-30T17:25:23.3835360Z [INFO] Working directory: /var/folders/bp/kmfmhnl95kx1c8x321z7twbw0000gn/T/tmp8ew40nuq
2025-12-30T17:25:23.3835780Z [OK] Copied data0.wrm to working directory
2025-12-30T17:25:23.3836080Z Running EQPT on data0.wrm...
2025-12-30T17:25:23.3836410Z [FAIL] Error during runeqpt: Error: EQPT failed to run on data0.wrm.
2025-12-30T17:25:23.3836670Z 
2025-12-30T17:25:23.3836800Z ============================================================
2025-12-30T17:25:23.3837400Z Test 4: Testing simple speciation (wrm database)
2025-12-30T17:25:23.3838200Z ============================================================
2025-12-30T17:25:23.3838650Z Running speciation on /Users/runner/work/aqequil/aqequil/aqequil/test_data/input_example_wrm.csv...
2025-12-30T17:25:23.3839490Z [INFO] Working directory: /var/folders/bp/kmfmhnl95kx1c8x321z7twbw0000gn/T/tmpr3m_4a2b
2025-12-30T17:25:23.3839910Z [OK] Copied data0.wrm to working directory
2025-12-30T17:25:23.3840180Z Running EQPT to create data1.wrm...
2025-12-30T17:25:23.3840570Z [FAIL] Error during simple speciation: Error: EQPT failed to run on data0.wrm.
2025-12-30T17:25:23.3840850Z 
2025-12-30T17:25:23.3840990Z ============================================================
2025-12-30T17:25:23.3842010Z Test 5: Testing water-rock reaction
2025-12-30T17:25:23.3842360Z ============================================================
2025-12-30T17:25:23.3842830Z Running speciation on /Users/runner/work/aqequil/aqequil/aqequil/test_data/input_example_wrm.csv...
2025-12-30T17:25:23.3843400Z [INFO] Working directory: /var/folders/bp/kmfmhnl95kx1c8x321z7twbw0000gn/T/tmpthsv0mrv
2025-12-30T17:25:23.3844090Z Getting wrm_data_latest.csv ready. This will take a moment...
2025-12-30T17:25:23.3844620Z No 'charge_balance_on' column found in input file. Defaulting to no charge balancing for all samples.
2025-12-30T17:25:23.3845260Z Warning: a column for Pressure was not found in the sample input file. Defaulting to water saturation pressure...
2025-12-30T17:25:23.3846110Z [FAIL] Error during water-rock reaction: Error: EQPT failed to run on data0.dyn.
2025-12-30T17:25:23.3846420Z 
2025-12-30T17:25:23.3846550Z ============================================================
2025-12-30T17:25:23.3846820Z TEST SUMMARY
2025-12-30T17:25:23.3847060Z ============================================================
2025-12-30T17:25:23.3847350Z [FAIL] Bundled Executables
2025-12-30T17:25:23.3847580Z [PASS] Import and Basic Usage
2025-12-30T17:25:23.3848360Z [FAIL] EQPT Data0 to Data1 Conversion
2025-12-30T17:25:23.3848700Z [FAIL] Simple Speciation (wrm database)
2025-12-30T17:25:23.3848970Z [FAIL] Water-Rock Reaction
2025-12-30T17:25:23.3849230Z ============================================================
2025-12-30T17:25:23.3849440Z 
2025-12-30T17:25:23.3849550Z [FAIL] Some tests failed!
2025-12-30T17:25:23.5420870Z ##[error]Process completed with exit code 1.
2025-12-30T17:25:23.5494800Z Post job cleanup.
2025-12-30T17:25:23.7601920Z [command]/opt/homebrew/bin/git version
2025-12-30T17:25:23.7771990Z git version 2.50.1
2025-12-30T17:25:23.7809920Z Copying '/Users/runner/.gitconfig' to '/Users/runner/work/_temp/a0a86b94-82e0-4ef4-b403-e2147acdf98e/.gitconfig'
2025-12-30T17:25:23.7815700Z Temporarily overriding HOME='/Users/runner/work/_temp/a0a86b94-82e0-4ef4-b403-e2147acdf98e' before making global git config changes
2025-12-30T17:25:23.7816460Z Adding repository directory to the temporary git global config as a safe directory
2025-12-30T17:25:23.7824860Z [command]/opt/homebrew/bin/git config --global --add safe.directory /Users/runner/work/aqequil/aqequil
2025-12-30T17:25:23.7920140Z [command]/opt/homebrew/bin/git config --local --name-only --get-regexp core\.sshCommand
2025-12-30T17:25:23.8000190Z [command]/opt/homebrew/bin/git submodule foreach --recursive sh -c "git config --local --name-only --get-regexp 'core\.sshCommand' && git config --local --unset-all 'core.sshCommand' || :"
2025-12-30T17:25:23.8908450Z [command]/opt/homebrew/bin/git config --local --name-only --get-regexp http\.https\:\/\/github\.com\/\.extraheader
2025-12-30T17:25:23.8957120Z http.https://github.com/.extraheader
2025-12-30T17:25:23.8965000Z [command]/opt/homebrew/bin/git config --local --unset-all http.https://github.com/.extraheader
2025-12-30T17:25:23.9023870Z [command]/opt/homebrew/bin/git submodule foreach --recursive sh -c "git config --local --name-only --get-regexp 'http\.https\:\/\/github\.com\/\.extraheader' && git config --local --unset-all 'http.https://github.com/.extraheader' || :"
2025-12-30T17:25:23.9885560Z [command]/opt/homebrew/bin/git config --local --name-only --get-regexp ^includeIf\.gitdir:
2025-12-30T17:25:23.9909470Z [command]/opt/homebrew/bin/git submodule foreach --recursive git config --local --show-origin --name-only --get-regexp remote.origin.url
2025-12-30T17:25:24.0889220Z Cleaning up orphan processes
