2025-12-30T17:24:44.1191010Z Current runner version: '2.330.0'
2025-12-30T17:24:44.1221860Z ##[group]Runner Image Provisioner
2025-12-30T17:24:44.1222960Z Hosted Compute Agent
2025-12-30T17:24:44.1223660Z Version: 20251211.462
2025-12-30T17:24:44.1224420Z Commit: 6cbad8c2bb55d58165063d031ccabf57e2d2db61
2025-12-30T17:24:44.1225380Z Build Date: 2025-12-11T16:28:49Z
2025-12-30T17:24:44.1226250Z Worker ID: {bbe5c94a-f8b7-4fad-9d57-00d1d5e084a7}
2025-12-30T17:24:44.1227180Z ##[endgroup]
2025-12-30T17:24:44.1227840Z ##[group]Operating System
2025-12-30T17:24:44.1228570Z macOS
2025-12-30T17:24:44.1229140Z 15.7.3
2025-12-30T17:24:44.1229690Z 24G419
2025-12-30T17:24:44.1230260Z ##[endgroup]
2025-12-30T17:24:44.1230860Z ##[group]Runner Image
2025-12-30T17:24:44.1231540Z Image: macos-15
2025-12-30T17:24:44.1232440Z Version: 20251216.0081.1
2025-12-30T17:24:44.1234340Z Included Software: https://github.com/actions/runner-images/blob/macos-15/20251216.0081/images/macos/macos-15-Readme.md
2025-12-30T17:24:44.1236760Z Image Release: https://github.com/actions/runner-images/releases/tag/macos-15%2F20251216.0081
2025-12-30T17:24:44.1238170Z ##[endgroup]
2025-12-30T17:24:44.1242670Z ##[group]GITHUB_TOKEN Permissions
2025-12-30T17:24:44.1245580Z Actions: write
2025-12-30T17:24:44.1246260Z ArtifactMetadata: write
2025-12-30T17:24:44.1246970Z Attestations: write
2025-12-30T17:24:44.1247610Z Checks: write
2025-12-30T17:24:44.1248230Z Contents: write
2025-12-30T17:24:44.1248870Z Deployments: write
2025-12-30T17:24:44.1249520Z Discussions: write
2025-12-30T17:24:44.1250170Z Issues: write
2025-12-30T17:24:44.1250790Z Metadata: read
2025-12-30T17:24:44.1251400Z Models: read
2025-12-30T17:24:44.1252020Z Packages: write
2025-12-30T17:24:44.1252640Z Pages: write
2025-12-30T17:24:44.1253270Z PullRequests: write
2025-12-30T17:24:44.1254060Z RepositoryProjects: write
2025-12-30T17:24:44.1254820Z SecurityEvents: write
2025-12-30T17:24:44.1255500Z Statuses: write
2025-12-30T17:24:44.1256460Z ##[endgroup]
2025-12-30T17:24:44.1260730Z Secret source: Actions
2025-12-30T17:24:44.1262430Z Prepare workflow directory
2025-12-30T17:24:44.1864760Z Prepare all required actions
2025-12-30T17:24:44.1923470Z Getting action download info
2025-12-30T17:24:44.4542670Z Download action repository 'actions/checkout@v4' (SHA:34e114876b0b11c390a56381ad16ebd13914f8d5)
2025-12-30T17:24:44.6330350Z Download action repository 'actions/setup-python@v5' (SHA:a26af69be951a213d495a4c3e4e4022e16d87065)
2025-12-30T17:24:44.7574980Z Download action repository 'actions/download-artifact@v4' (SHA:d3f86a106a0bac45b974a628896c90dbdf5c8093)
2025-12-30T17:24:46.6393590Z Complete job name: Test wheels on macos-15-intel with Python 3.12
2025-12-30T17:24:46.7296790Z ##[group]Run actions/checkout@v4
2025-12-30T17:24:46.7298830Z with:
2025-12-30T17:24:46.7299860Z   repository: worm-portal/aqequil
2025-12-30T17:24:46.7301310Z   token: ***
2025-12-30T17:24:46.7302460Z   ssh-strict: true
2025-12-30T17:24:46.7303380Z   ssh-user: git
2025-12-30T17:24:46.7304310Z   persist-credentials: true
2025-12-30T17:24:46.7305490Z   clean: true
2025-12-30T17:24:46.7306610Z   sparse-checkout-cone-mode: true
2025-12-30T17:24:46.7307700Z   fetch-depth: 1
2025-12-30T17:24:46.7308590Z   fetch-tags: false
2025-12-30T17:24:46.7309500Z   show-progress: true
2025-12-30T17:24:46.7310410Z   lfs: false
2025-12-30T17:24:46.7311270Z   submodules: false
2025-12-30T17:24:46.7312210Z   set-safe-directory: true
2025-12-30T17:24:46.7314020Z ##[endgroup]
2025-12-30T17:24:47.5291100Z Syncing repository: worm-portal/aqequil
2025-12-30T17:24:47.5470120Z ##[group]Getting Git version info
2025-12-30T17:24:47.5565650Z Working directory is '/Users/runner/work/aqequil/aqequil'
2025-12-30T17:24:47.5728790Z [command]/usr/local/bin/git version
2025-12-30T17:24:47.6274190Z git version 2.50.1
2025-12-30T17:24:47.6582350Z ##[endgroup]
2025-12-30T17:24:47.6716890Z Copying '/Users/runner/.gitconfig' to '/Users/runner/work/_temp/7a6cdc06-9929-4acb-aef6-0e9fa710cbb3/.gitconfig'
2025-12-30T17:24:47.6789060Z Temporarily overriding HOME='/Users/runner/work/_temp/7a6cdc06-9929-4acb-aef6-0e9fa710cbb3' before making global git config changes
2025-12-30T17:24:47.6839610Z Adding repository directory to the temporary git global config as a safe directory
2025-12-30T17:24:47.6874310Z [command]/usr/local/bin/git config --global --add safe.directory /Users/runner/work/aqequil/aqequil
2025-12-30T17:24:47.6983850Z Deleting the contents of '/Users/runner/work/aqequil/aqequil'
2025-12-30T17:24:47.7483420Z ##[group]Initializing the repository
2025-12-30T17:24:47.7544310Z [command]/usr/local/bin/git init /Users/runner/work/aqequil/aqequil
2025-12-30T17:24:48.6235450Z hint: Using 'master' as the name for the initial branch. This default branch name
2025-12-30T17:24:48.7070970Z hint: is subject to change. To configure the initial branch name to use in all
2025-12-30T17:24:48.7200930Z hint: of your new repositories, which will suppress this warning, call:
2025-12-30T17:24:48.7263890Z hint:
2025-12-30T17:24:48.7327920Z hint: 	git config --global init.defaultBranch <name>
2025-12-30T17:24:48.7401550Z hint:
2025-12-30T17:24:48.7469280Z hint: Names commonly chosen instead of 'master' are 'main', 'trunk' and
2025-12-30T17:24:48.7572800Z hint: 'development'. The just-created branch can be renamed via this command:
2025-12-30T17:24:48.7635530Z hint:
2025-12-30T17:24:48.7690890Z hint: 	git branch -m <name>
2025-12-30T17:24:48.7745190Z hint:
2025-12-30T17:24:48.7780400Z hint: Disable this message with "git config set advice.defaultBranchName false"
2025-12-30T17:24:48.7829320Z Initialized empty Git repository in /Users/runner/work/aqequil/aqequil/.git/
2025-12-30T17:24:48.7903070Z [command]/usr/local/bin/git remote add origin https://github.com/worm-portal/aqequil
2025-12-30T17:24:48.8010330Z ##[endgroup]
2025-12-30T17:24:48.8029100Z ##[group]Disabling automatic garbage collection
2025-12-30T17:24:48.8103310Z [command]/usr/local/bin/git config --local gc.auto 0
2025-12-30T17:24:49.1776600Z ##[endgroup]
2025-12-30T17:24:49.1897680Z ##[group]Setting up auth
2025-12-30T17:24:49.1920380Z [command]/usr/local/bin/git config --local --name-only --get-regexp core\.sshCommand
2025-12-30T17:24:49.4024930Z [command]/usr/local/bin/git submodule foreach --recursive sh -c "git config --local --name-only --get-regexp 'core\.sshCommand' && git config --local --unset-all 'core.sshCommand' || :"
2025-12-30T17:24:49.7053480Z [command]/usr/local/bin/git config --local --name-only --get-regexp http\.https\:\/\/github\.com\/\.extraheader
2025-12-30T17:24:49.7782080Z [command]/usr/local/bin/git submodule foreach --recursive sh -c "git config --local --name-only --get-regexp 'http\.https\:\/\/github\.com\/\.extraheader' && git config --local --unset-all 'http.https://github.com/.extraheader' || :"
2025-12-30T17:24:49.7950610Z [command]/usr/local/bin/git config --local --name-only --get-regexp ^includeIf\.gitdir:
2025-12-30T17:24:49.8072110Z [command]/usr/local/bin/git submodule foreach --recursive git config --local --show-origin --name-only --get-regexp remote.origin.url
2025-12-30T17:24:49.8165970Z [command]/usr/local/bin/git config --local http.https://github.com/.extraheader AUTHORIZATION: basic ***
2025-12-30T17:24:49.8415570Z ##[endgroup]
2025-12-30T17:24:49.8470630Z ##[group]Fetching the repository
2025-12-30T17:24:49.8510100Z [command]/usr/local/bin/git -c protocol.version=2 fetch --no-tags --prune --no-recurse-submodules --depth=1 origin +e6190a14876ae468a4b5041a8a90e6974fe01773:refs/remotes/origin/dev
2025-12-30T17:24:51.2432340Z From https://github.com/worm-portal/aqequil
2025-12-30T17:24:51.2907360Z  * [new ref]         e6190a14876ae468a4b5041a8a90e6974fe01773 -> origin/dev
2025-12-30T17:24:51.5109660Z ##[endgroup]
2025-12-30T17:24:51.5294720Z ##[group]Determining the checkout info
2025-12-30T17:24:51.5309130Z ##[endgroup]
2025-12-30T17:24:51.5342340Z [command]/usr/local/bin/git sparse-checkout disable
2025-12-30T17:24:51.5373080Z [command]/usr/local/bin/git config --local --unset-all extensions.worktreeConfig
2025-12-30T17:24:51.5412800Z ##[group]Checking out the ref
2025-12-30T17:24:51.5416370Z [command]/usr/local/bin/git checkout --progress --force -B dev refs/remotes/origin/dev
2025-12-30T17:24:52.0272460Z Switched to a new branch 'dev'
2025-12-30T17:24:52.1226080Z branch 'dev' set up to track 'origin/dev'.
2025-12-30T17:24:52.2365250Z ##[endgroup]
2025-12-30T17:24:52.2645240Z [command]/usr/local/bin/git log -1 --format=%H
2025-12-30T17:24:52.2758170Z e6190a14876ae468a4b5041a8a90e6974fe01773
2025-12-30T17:24:52.3313710Z ##[group]Run actions/setup-python@v5
2025-12-30T17:24:52.3314590Z with:
2025-12-30T17:24:52.3315100Z   python-version: 3.12
2025-12-30T17:24:52.3315760Z   check-latest: false
2025-12-30T17:24:52.3316630Z   token: ***
2025-12-30T17:24:52.3317170Z   update-environment: true
2025-12-30T17:24:52.3317790Z   allow-prereleases: false
2025-12-30T17:24:52.3318390Z   freethreaded: false
2025-12-30T17:24:52.3318980Z ##[endgroup]
2025-12-30T17:24:52.6660200Z ##[group]Installed versions
2025-12-30T17:24:52.8992110Z Successfully set up CPython (3.12.10)
2025-12-30T17:24:52.8995310Z ##[endgroup]
2025-12-30T17:24:52.9496680Z ##[group]Run actions/download-artifact@v4
2025-12-30T17:24:52.9497490Z with:
2025-12-30T17:24:52.9497880Z   name: wheels-macos-15-intel
2025-12-30T17:24:52.9498420Z   path: wheelhouse
2025-12-30T17:24:52.9498890Z   merge-multiple: false
2025-12-30T17:24:52.9499390Z   repository: worm-portal/aqequil
2025-12-30T17:24:52.9499980Z   run-id: 20601542873
2025-12-30T17:24:52.9500380Z env:
2025-12-30T17:24:52.9501020Z   pythonLocation: /Users/runner/hostedtoolcache/Python/3.12.10/x64
2025-12-30T17:24:52.9502190Z   PKG_CONFIG_PATH: /Users/runner/hostedtoolcache/Python/3.12.10/x64/lib/pkgconfig
2025-12-30T17:24:52.9503370Z   Python_ROOT_DIR: /Users/runner/hostedtoolcache/Python/3.12.10/x64
2025-12-30T17:24:52.9504450Z   Python2_ROOT_DIR: /Users/runner/hostedtoolcache/Python/3.12.10/x64
2025-12-30T17:24:52.9505530Z   Python3_ROOT_DIR: /Users/runner/hostedtoolcache/Python/3.12.10/x64
2025-12-30T17:24:52.9506390Z ##[endgroup]
2025-12-30T17:24:53.4590510Z Downloading single artifact
2025-12-30T17:24:53.9059770Z (node:1731) [DEP0005] DeprecationWarning: Buffer() is deprecated due to security and usability issues. Please use the Buffer.alloc(), Buffer.allocUnsafe(), or Buffer.from() methods instead.
2025-12-30T17:24:53.9063300Z Preparing to download the following artifacts:
2025-12-30T17:24:53.9817580Z (Use `node --trace-deprecation ...` to show where the warning was created)
2025-12-30T17:24:53.9819750Z - wheels-macos-15-intel (ID: 4992802643, Size: 32151403, Expected Digest: sha256:87d5cb52b3e2ce5237d38046f28542092d009029ccc1e1a74a9c47868d6d41c4)
2025-12-30T17:24:54.3434310Z Redirecting to blob download url: https://productionresultssa19.blob.core.windows.net/actions-results/3359d908-0586-4c6c-8ddb-eda61a91ec84/workflow-job-run-a239d5fa-5836-5ee1-9985-73418e8ae9f1/artifacts/4eca8f0ccca97b165c4a1ab157d96140287a95618c1d8fd484d0f307b4615528.zip
2025-12-30T17:24:54.3863920Z Starting download of artifact to: /Users/runner/work/aqequil/aqequil/wheelhouse
2025-12-30T17:24:55.7713950Z SHA256 digest of downloaded artifact is 87d5cb52b3e2ce5237d38046f28542092d009029ccc1e1a74a9c47868d6d41c4
2025-12-30T17:24:55.7840080Z Artifact download completed successfully.
2025-12-30T17:24:55.7844350Z Total of 1 artifact(s) downloaded
2025-12-30T17:24:55.7846580Z Download artifact has finished successfully
2025-12-30T17:24:55.7936280Z ##[group]Run PYVER=$(echo "3.12" | tr -d '.')
2025-12-30T17:24:55.7937140Z [36;1mPYVER=$(echo "3.12" | tr -d '.')[0m
2025-12-30T17:24:55.7938080Z [36;1mpython -m pip install wheelhouse/aqequil-*-cp${PYVER}-*.whl[0m
2025-12-30T17:24:55.8041830Z shell: /bin/bash --noprofile --norc -e -o pipefail {0}
2025-12-30T17:24:55.8042570Z env:
2025-12-30T17:24:55.8043240Z   pythonLocation: /Users/runner/hostedtoolcache/Python/3.12.10/x64
2025-12-30T17:24:55.8044500Z   PKG_CONFIG_PATH: /Users/runner/hostedtoolcache/Python/3.12.10/x64/lib/pkgconfig
2025-12-30T17:24:55.8045700Z   Python_ROOT_DIR: /Users/runner/hostedtoolcache/Python/3.12.10/x64
2025-12-30T17:24:55.8046800Z   Python2_ROOT_DIR: /Users/runner/hostedtoolcache/Python/3.12.10/x64
2025-12-30T17:24:55.8048660Z   Python3_ROOT_DIR: /Users/runner/hostedtoolcache/Python/3.12.10/x64
2025-12-30T17:24:55.8049530Z ##[endgroup]
2025-12-30T17:24:57.7066720Z Processing ./wheelhouse/aqequil-0.41.0-cp312-cp312-macosx_15_0_x86_64.whl
2025-12-30T17:24:58.4238200Z Collecting pandas (from aqequil==0.41.0)
2025-12-30T17:24:58.5079570Z   Downloading pandas-2.3.3-cp312-cp312-macosx_10_13_x86_64.whl.metadata (91 kB)
2025-12-30T17:24:59.0869230Z Collecting numpy (from aqequil==0.41.0)
2025-12-30T17:24:59.0937400Z   Downloading numpy-2.4.0-cp312-cp312-macosx_14_0_x86_64.whl.metadata (6.6 kB)
2025-12-30T17:24:59.3535970Z Collecting matplotlib (from aqequil==0.41.0)
2025-12-30T17:24:59.3624250Z   Downloading matplotlib-3.10.8-cp312-cp312-macosx_10_13_x86_64.whl.metadata (52 kB)
2025-12-30T17:24:59.4767820Z Collecting plotly (from aqequil==0.41.0)
2025-12-30T17:24:59.4855970Z   Downloading plotly-6.5.0-py3-none-any.whl.metadata (8.5 kB)
2025-12-30T17:24:59.5805750Z Collecting ipython (from aqequil==0.41.0)
2025-12-30T17:24:59.6662280Z   Downloading ipython-9.8.0-py3-none-any.whl.metadata (4.5 kB)
2025-12-30T17:24:59.6697730Z Collecting chemparse (from aqequil==0.41.0)
2025-12-30T17:24:59.6745130Z   Downloading chemparse-0.3.2-py3-none-any.whl.metadata (1.7 kB)
2025-12-30T17:24:59.6832130Z Collecting dill (from aqequil==0.41.0)
2025-12-30T17:24:59.6884470Z   Downloading dill-0.4.0-py3-none-any.whl.metadata (10 kB)
2025-12-30T17:24:59.6998880Z Collecting periodictable (from aqequil==0.41.0)
2025-12-30T17:24:59.7072430Z   Downloading periodictable-2.0.2-py3-none-any.whl.metadata (5.4 kB)
2025-12-30T17:24:59.7561250Z Collecting natsort (from aqequil==0.41.0)
2025-12-30T17:24:59.8577440Z   Downloading natsort-8.4.0-py3-none-any.whl.metadata (21 kB)
2025-12-30T17:24:59.9448960Z Collecting roman (from aqequil==0.41.0)
2025-12-30T17:24:59.9504050Z   Downloading roman-5.2-py3-none-any.whl.metadata (4.3 kB)
2025-12-30T17:24:59.9577710Z Collecting ipywidgets (from aqequil==0.41.0)
2025-12-30T17:24:59.9606420Z   Downloading ipywidgets-8.1.8-py3-none-any.whl.metadata (2.4 kB)
2025-12-30T17:24:59.9636360Z Collecting wormutils (from aqequil==0.41.0)
2025-12-30T17:24:59.9659750Z   Downloading wormutils-0.2.0-py3-none-any.whl.metadata (723 bytes)
2025-12-30T17:24:59.9759120Z Collecting pychnosz (from aqequil==0.41.0)
2025-12-30T17:24:59.9832210Z   Downloading pychnosz-1.1.11-cp312-cp312-macosx_15_0_x86_64.whl.metadata (8.2 kB)
2025-12-30T17:25:00.0255990Z Collecting decorator>=4.3.2 (from ipython->aqequil==0.41.0)
2025-12-30T17:25:00.0345860Z   Downloading decorator-5.2.1-py3-none-any.whl.metadata (3.9 kB)
2025-12-30T17:25:00.0590600Z Collecting ipython-pygments-lexers>=1.0.0 (from ipython->aqequil==0.41.0)
2025-12-30T17:25:00.0632080Z   Downloading ipython_pygments_lexers-1.1.1-py3-none-any.whl.metadata (1.1 kB)
2025-12-30T17:25:00.0968110Z Collecting jedi>=0.18.1 (from ipython->aqequil==0.41.0)
2025-12-30T17:25:00.1059110Z   Downloading jedi-0.19.2-py2.py3-none-any.whl.metadata (22 kB)
2025-12-30T17:25:00.1394140Z Collecting matplotlib-inline>=0.1.5 (from ipython->aqequil==0.41.0)
2025-12-30T17:25:00.1450610Z   Downloading matplotlib_inline-0.2.1-py3-none-any.whl.metadata (2.3 kB)
2025-12-30T17:25:00.1742740Z Collecting pexpect>4.3 (from ipython->aqequil==0.41.0)
2025-12-30T17:25:00.1812420Z   Downloading pexpect-4.9.0-py2.py3-none-any.whl.metadata (2.5 kB)
2025-12-30T17:25:00.2535580Z Collecting prompt_toolkit<3.1.0,>=3.0.41 (from ipython->aqequil==0.41.0)
2025-12-30T17:25:00.2589520Z   Downloading prompt_toolkit-3.0.52-py3-none-any.whl.metadata (6.4 kB)
2025-12-30T17:25:00.3102620Z Collecting pygments>=2.11.0 (from ipython->aqequil==0.41.0)
2025-12-30T17:25:00.3159480Z   Downloading pygments-2.19.2-py3-none-any.whl.metadata (2.5 kB)
2025-12-30T17:25:00.3454870Z Collecting stack_data>=0.6.0 (from ipython->aqequil==0.41.0)
2025-12-30T17:25:00.3493150Z   Downloading stack_data-0.6.3-py3-none-any.whl.metadata (18 kB)
2025-12-30T17:25:00.3904450Z Collecting traitlets>=5.13.0 (from ipython->aqequil==0.41.0)
2025-12-30T17:25:00.3951460Z   Downloading traitlets-5.14.3-py3-none-any.whl.metadata (10 kB)
2025-12-30T17:25:00.4300550Z Collecting wcwidth (from prompt_toolkit<3.1.0,>=3.0.41->ipython->aqequil==0.41.0)
2025-12-30T17:25:00.4348010Z   Downloading wcwidth-0.2.14-py2.py3-none-any.whl.metadata (15 kB)
2025-12-30T17:25:00.4714070Z Collecting parso<0.9.0,>=0.8.4 (from jedi>=0.18.1->ipython->aqequil==0.41.0)
2025-12-30T17:25:00.4814210Z   Downloading parso-0.8.5-py2.py3-none-any.whl.metadata (8.3 kB)
2025-12-30T17:25:00.5340030Z Collecting ptyprocess>=0.5 (from pexpect>4.3->ipython->aqequil==0.41.0)
2025-12-30T17:25:00.5388690Z   Downloading ptyprocess-0.7.0-py2.py3-none-any.whl.metadata (1.3 kB)
2025-12-30T17:25:00.6136220Z Collecting executing>=1.2.0 (from stack_data>=0.6.0->ipython->aqequil==0.41.0)
2025-12-30T17:25:00.6155470Z   Downloading executing-2.2.1-py2.py3-none-any.whl.metadata (8.9 kB)
2025-12-30T17:25:00.6193770Z Collecting asttokens>=2.1.0 (from stack_data>=0.6.0->ipython->aqequil==0.41.0)
2025-12-30T17:25:00.6228740Z   Downloading asttokens-3.0.1-py3-none-any.whl.metadata (4.9 kB)
2025-12-30T17:25:00.6348980Z Collecting pure-eval (from stack_data>=0.6.0->ipython->aqequil==0.41.0)
2025-12-30T17:25:00.6396750Z   Downloading pure_eval-0.2.3-py3-none-any.whl.metadata (6.3 kB)
2025-12-30T17:25:00.6709100Z Collecting comm>=0.1.3 (from ipywidgets->aqequil==0.41.0)
2025-12-30T17:25:00.6775420Z   Downloading comm-0.2.3-py3-none-any.whl.metadata (3.7 kB)
2025-12-30T17:25:00.7760530Z Collecting widgetsnbextension~=4.0.14 (from ipywidgets->aqequil==0.41.0)
2025-12-30T17:25:00.7806420Z   Downloading widgetsnbextension-4.0.15-py3-none-any.whl.metadata (1.6 kB)
2025-12-30T17:25:00.8293190Z Collecting jupyterlab_widgets~=3.0.15 (from ipywidgets->aqequil==0.41.0)
2025-12-30T17:25:00.8377410Z   Downloading jupyterlab_widgets-3.0.16-py3-none-any.whl.metadata (20 kB)
2025-12-30T17:25:01.0074380Z Collecting contourpy>=1.0.1 (from matplotlib->aqequil==0.41.0)
2025-12-30T17:25:01.0556570Z   Downloading contourpy-1.3.3-cp312-cp312-macosx_10_13_x86_64.whl.metadata (5.5 kB)
2025-12-30T17:25:01.0641700Z Collecting cycler>=0.10 (from matplotlib->aqequil==0.41.0)
2025-12-30T17:25:01.0661830Z   Downloading cycler-0.12.1-py3-none-any.whl.metadata (3.8 kB)
2025-12-30T17:25:01.4390910Z Collecting fonttools>=4.22.0 (from matplotlib->aqequil==0.41.0)
2025-12-30T17:25:01.4907120Z   Downloading fonttools-4.61.1-cp312-cp312-macosx_10_13_x86_64.whl.metadata (114 kB)
2025-12-30T17:25:01.5855530Z Collecting kiwisolver>=1.3.1 (from matplotlib->aqequil==0.41.0)
2025-12-30T17:25:01.5991230Z   Downloading kiwisolver-1.4.9-cp312-cp312-macosx_10_13_x86_64.whl.metadata (6.3 kB)
2025-12-30T17:25:01.6825340Z Collecting packaging>=20.0 (from matplotlib->aqequil==0.41.0)
2025-12-30T17:25:01.6923660Z   Downloading packaging-25.0-py3-none-any.whl.metadata (3.3 kB)
2025-12-30T17:25:02.2096740Z Collecting pillow>=8 (from matplotlib->aqequil==0.41.0)
2025-12-30T17:25:02.2155770Z   Downloading pillow-12.0.0-cp312-cp312-macosx_10_13_x86_64.whl.metadata (8.8 kB)
2025-12-30T17:25:02.2847290Z Collecting pyparsing>=3 (from matplotlib->aqequil==0.41.0)
2025-12-30T17:25:02.2903410Z   Downloading pyparsing-3.3.1-py3-none-any.whl.metadata (5.6 kB)
2025-12-30T17:25:02.3256690Z Collecting python-dateutil>=2.7 (from matplotlib->aqequil==0.41.0)
2025-12-30T17:25:02.3308590Z   Downloading python_dateutil-2.9.0.post0-py2.py3-none-any.whl.metadata (8.4 kB)
2025-12-30T17:25:02.4016000Z Collecting six>=1.5 (from python-dateutil>=2.7->matplotlib->aqequil==0.41.0)
2025-12-30T17:25:02.4063940Z   Downloading six-1.17.0-py2.py3-none-any.whl.metadata (1.7 kB)
2025-12-30T17:25:02.5237210Z Collecting pytz>=2020.1 (from pandas->aqequil==0.41.0)
2025-12-30T17:25:02.5286520Z   Downloading pytz-2025.2-py2.py3-none-any.whl.metadata (22 kB)
2025-12-30T17:25:02.5675990Z Collecting tzdata>=2022.7 (from pandas->aqequil==0.41.0)
2025-12-30T17:25:02.5722250Z   Downloading tzdata-2025.3-py2.py3-none-any.whl.metadata (1.4 kB)
2025-12-30T17:25:02.6780310Z Collecting narwhals>=1.15.1 (from plotly->aqequil==0.41.0)
2025-12-30T17:25:02.7538440Z   Downloading narwhals-2.14.0-py3-none-any.whl.metadata (13 kB)
2025-12-30T17:25:03.0867440Z Collecting scipy>=1.7.0 (from pychnosz->aqequil==0.41.0)
2025-12-30T17:25:03.1177900Z   Downloading scipy-1.16.3-cp312-cp312-macosx_14_0_x86_64.whl.metadata (62 kB)
2025-12-30T17:25:03.1800040Z Collecting requests (from wormutils->aqequil==0.41.0)
2025-12-30T17:25:03.1852440Z   Downloading requests-2.32.5-py3-none-any.whl.metadata (4.9 kB)
2025-12-30T17:25:03.2423260Z Collecting importlib_resources (from wormutils->aqequil==0.41.0)
2025-12-30T17:25:03.2716060Z   Downloading importlib_resources-6.5.2-py3-none-any.whl.metadata (3.9 kB)
2025-12-30T17:25:03.4349070Z Collecting charset_normalizer<4,>=2 (from requests->wormutils->aqequil==0.41.0)
2025-12-30T17:25:03.4409130Z   Downloading charset_normalizer-3.4.4-cp312-cp312-macosx_10_13_universal2.whl.metadata (37 kB)
2025-12-30T17:25:03.4835730Z Collecting idna<4,>=2.5 (from requests->wormutils->aqequil==0.41.0)
2025-12-30T17:25:03.4894990Z   Downloading idna-3.11-py3-none-any.whl.metadata (8.4 kB)
2025-12-30T17:25:03.6183760Z Collecting urllib3<3,>=1.21.1 (from requests->wormutils->aqequil==0.41.0)
2025-12-30T17:25:03.6217760Z   Downloading urllib3-2.6.2-py3-none-any.whl.metadata (6.6 kB)
2025-12-30T17:25:03.6221570Z Requirement already satisfied: certifi>=2017.4.17 in /Library/Frameworks/Python.framework/Versions/3.12/lib/python3.12/site-packages (from requests->wormutils->aqequil==0.41.0) (2025.11.12)
2025-12-30T17:25:03.6250420Z Downloading chemparse-0.3.2-py3-none-any.whl (5.9 kB)
2025-12-30T17:25:03.6267230Z Downloading dill-0.4.0-py3-none-any.whl (119 kB)
2025-12-30T17:25:03.6307830Z Downloading ipython-9.8.0-py3-none-any.whl (621 kB)
2025-12-30T17:25:03.6521650Z    ━━━━━━━━━━━━━━━━━━━━━━━━━━━━━━━━━━━━━━━━ 621.4/621.4 kB 23.8 MB/s  0:00:00
2025-12-30T17:25:03.6563880Z Downloading prompt_toolkit-3.0.52-py3-none-any.whl (391 kB)
2025-12-30T17:25:03.6785880Z Downloading decorator-5.2.1-py3-none-any.whl (9.2 kB)
2025-12-30T17:25:03.6907520Z Downloading ipython_pygments_lexers-1.1.1-py3-none-any.whl (8.1 kB)
2025-12-30T17:25:03.7051270Z Downloading jedi-0.19.2-py2.py3-none-any.whl (1.6 MB)
2025-12-30T17:25:03.7366360Z    ━━━━━━━━━━━━━━━━━━━━━━━━━━━━━━━━━━━━━━━━ 1.6/1.6 MB 47.4 MB/s  0:00:00
2025-12-30T17:25:03.7423820Z Downloading parso-0.8.5-py2.py3-none-any.whl (106 kB)
2025-12-30T17:25:03.7784740Z Downloading matplotlib_inline-0.2.1-py3-none-any.whl (9.5 kB)
2025-12-30T17:25:03.7785910Z Downloading pexpect-4.9.0-py2.py3-none-any.whl (63 kB)
2025-12-30T17:25:03.7853670Z Downloading ptyprocess-0.7.0-py2.py3-none-any.whl (13 kB)
2025-12-30T17:25:03.7974270Z Downloading pygments-2.19.2-py3-none-any.whl (1.2 MB)
2025-12-30T17:25:03.8194490Z    ━━━━━━━━━━━━━━━━━━━━━━━━━━━━━━━━━━━━━━━━ 1.2/1.2 MB 52.7 MB/s  0:00:00
2025-12-30T17:25:03.8250430Z Downloading stack_data-0.6.3-py3-none-any.whl (24 kB)
2025-12-30T17:25:03.8428440Z Downloading asttokens-3.0.1-py3-none-any.whl (27 kB)
2025-12-30T17:25:03.8594190Z Downloading executing-2.2.1-py2.py3-none-any.whl (28 kB)
2025-12-30T17:25:03.8691210Z Downloading traitlets-5.14.3-py3-none-any.whl (85 kB)
2025-12-30T17:25:03.8814470Z Downloading ipywidgets-8.1.8-py3-none-any.whl (139 kB)
2025-12-30T17:25:03.8941610Z Downloading jupyterlab_widgets-3.0.16-py3-none-any.whl (914 kB)
2025-12-30T17:25:03.9119120Z    ━━━━━━━━━━━━━━━━━━━━━━━━━━━━━━━━━━━━━━━━ 914.9/914.9 kB 44.7 MB/s  0:00:00
2025-12-30T17:25:03.9176020Z Downloading widgetsnbextension-4.0.15-py3-none-any.whl (2.2 MB)
2025-12-30T17:25:03.9503840Z    ━━━━━━━━━━━━━━━━━━━━━━━━━━━━━━━━━━━━━━━━ 2.2/2.2 MB 67.3 MB/s  0:00:00
2025-12-30T17:25:03.9563530Z Downloading comm-0.2.3-py3-none-any.whl (7.3 kB)
2025-12-30T17:25:03.9826230Z Downloading matplotlib-3.10.8-cp312-cp312-macosx_10_13_x86_64.whl (8.3 MB)
2025-12-30T17:25:04.0845420Z    ━━━━━━━━━━━━━━━━━━━━━━━━━━━━━━━━━━━━━━━━ 8.3/8.3 MB 81.2 MB/s  0:00:00
2025-12-30T17:25:04.0946240Z Downloading contourpy-1.3.3-cp312-cp312-macosx_10_13_x86_64.whl (293 kB)
2025-12-30T17:25:04.1383780Z Downloading cycler-0.12.1-py3-none-any.whl (8.3 kB)
2025-12-30T17:25:04.1553280Z Downloading fonttools-4.61.1-cp312-cp312-macosx_10_13_x86_64.whl (2.4 MB)
2025-12-30T17:25:04.2156030Z    ━━━━━━━━━━━━━━━━━━━━━━━━━━━━━━━━━━━━━━━━ 2.4/2.4 MB 38.4 MB/s  0:00:00
2025-12-30T17:25:04.2229310Z Downloading kiwisolver-1.4.9-cp312-cp312-macosx_10_13_x86_64.whl (66 kB)
2025-12-30T17:25:04.2622320Z Downloading numpy-2.4.0-cp312-cp312-macosx_14_0_x86_64.whl (6.5 MB)
2025-12-30T17:25:04.3360770Z    ━━━━━━━━━━━━━━━━━━━━━━━━━━━━━━━━━━━━━━━━ 6.5/6.5 MB 90.3 MB/s  0:00:00
2025-12-30T17:25:04.3422390Z Downloading packaging-25.0-py3-none-any.whl (66 kB)
2025-12-30T17:25:04.3739930Z Downloading pillow-12.0.0-cp312-cp312-macosx_10_13_x86_64.whl (5.2 MB)
2025-12-30T17:25:04.4411230Z    ━━━━━━━━━━━━━━━━━━━━━━━━━━━━━━━━━━━━━━━━ 5.2/5.2 MB 78.8 MB/s  0:00:00
2025-12-30T17:25:04.4472190Z Downloading pyparsing-3.3.1-py3-none-any.whl (121 kB)
2025-12-30T17:25:04.4741410Z Downloading python_dateutil-2.9.0.post0-py2.py3-none-any.whl (229 kB)
2025-12-30T17:25:04.4904480Z Downloading six-1.17.0-py2.py3-none-any.whl (11 kB)
2025-12-30T17:25:04.5030980Z Downloading natsort-8.4.0-py3-none-any.whl (38 kB)
2025-12-30T17:25:04.5174890Z Downloading pandas-2.3.3-cp312-cp312-macosx_10_13_x86_64.whl (11.6 MB)
2025-12-30T17:25:04.6454340Z    ━━━━━━━━━━━━━━━━━━━━━━━━━━━━━━━━━━━━━━━━ 11.6/11.6 MB 91.6 MB/s  0:00:00
2025-12-30T17:25:04.6529520Z Downloading pytz-2025.2-py2.py3-none-any.whl (509 kB)
2025-12-30T17:25:04.7065550Z Downloading tzdata-2025.3-py2.py3-none-any.whl (348 kB)
2025-12-30T17:25:04.7284960Z Downloading periodictable-2.0.2-py3-none-any.whl (811 kB)
2025-12-30T17:25:04.7471200Z    ━━━━━━━━━━━━━━━━━━━━━━━━━━━━━━━━━━━━━━━━ 811.1/811.1 kB 34.9 MB/s  0:00:00
2025-12-30T17:25:04.7550280Z Downloading plotly-6.5.0-py3-none-any.whl (9.9 MB)
2025-12-30T17:25:04.8660400Z    ━━━━━━━━━━━━━━━━━━━━━━━━━━━━━━━━━━━━━━━━ 9.9/9.9 MB 89.8 MB/s  0:00:00
2025-12-30T17:25:04.8729610Z Downloading narwhals-2.14.0-py3-none-any.whl (430 kB)
2025-12-30T17:25:04.9173830Z Downloading pure_eval-0.2.3-py3-none-any.whl (11 kB)
2025-12-30T17:25:04.9312130Z Downloading pychnosz-1.1.11-cp312-cp312-macosx_15_0_x86_64.whl (2.1 MB)
2025-12-30T17:25:04.9585580Z    ━━━━━━━━━━━━━━━━━━━━━━━━━━━━━━━━━━━━━━━━ 2.1/2.1 MB 76.4 MB/s  0:00:00
2025-12-30T17:25:04.9721560Z Downloading scipy-1.16.3-cp312-cp312-macosx_14_0_x86_64.whl (23.6 MB)
2025-12-30T17:25:05.2706990Z    ━━━━━━━━━━━━━━━━━━━━━━━━━━━━━━━━━━━━━━━━ 23.6/23.6 MB 79.0 MB/s  0:00:00
2025-12-30T17:25:05.2805000Z Downloading roman-5.2-py3-none-any.whl (6.0 kB)
2025-12-30T17:25:05.3407530Z Downloading wcwidth-0.2.14-py2.py3-none-any.whl (37 kB)
2025-12-30T17:25:05.3553700Z Downloading wormutils-0.2.0-py3-none-any.whl (18 kB)
2025-12-30T17:25:05.3688070Z Downloading importlib_resources-6.5.2-py3-none-any.whl (37 kB)
2025-12-30T17:25:05.3802010Z Downloading requests-2.32.5-py3-none-any.whl (64 kB)
2025-12-30T17:25:05.3977590Z Downloading charset_normalizer-3.4.4-cp312-cp312-macosx_10_13_universal2.whl (208 kB)
2025-12-30T17:25:05.4133790Z Downloading idna-3.11-py3-none-any.whl (71 kB)
2025-12-30T17:25:05.4307380Z Downloading urllib3-2.6.2-py3-none-any.whl (131 kB)
2025-12-30T17:25:06.0240200Z Installing collected packages: pytz, pure-eval, ptyprocess, widgetsnbextension, wcwidth, urllib3, tzdata, traitlets, six, roman, pyparsing, pygments, pillow, pexpect, parso, packaging, numpy, natsort, narwhals, kiwisolver, jupyterlab_widgets, importlib_resources, idna, fonttools, executing, dill, decorator, cycler, comm, chemparse, charset_normalizer, asttokens, stack_data, scipy, requests, python-dateutil, prompt_toolkit, plotly, periodictable, matplotlib-inline, jedi, ipython-pygments-lexers, contourpy, pandas, matplotlib, ipython, wormutils, pychnosz, ipywidgets, aqequil
2025-12-30T17:25:34.3508750Z 
2025-12-30T17:25:34.3594740Z Successfully installed aqequil-0.41.0 asttokens-3.0.1 charset_normalizer-3.4.4 chemparse-0.3.2 comm-0.2.3 contourpy-1.3.3 cycler-0.12.1 decorator-5.2.1 dill-0.4.0 executing-2.2.1 fonttools-4.61.1 idna-3.11 importlib_resources-6.5.2 ipython-9.8.0 ipython-pygments-lexers-1.1.1 ipywidgets-8.1.8 jedi-0.19.2 jupyterlab_widgets-3.0.16 kiwisolver-1.4.9 matplotlib-3.10.8 matplotlib-inline-0.2.1 narwhals-2.14.0 natsort-8.4.0 numpy-2.4.0 packaging-25.0 pandas-2.3.3 parso-0.8.5 periodictable-2.0.2 pexpect-4.9.0 pillow-12.0.0 plotly-6.5.0 prompt_toolkit-3.0.52 ptyprocess-0.7.0 pure-eval-0.2.3 pychnosz-1.1.11 pygments-2.19.2 pyparsing-3.3.1 python-dateutil-2.9.0.post0 pytz-2025.2 requests-2.32.5 roman-5.2 scipy-1.16.3 six-1.17.0 stack_data-0.6.3 traitlets-5.14.3 tzdata-2025.3 urllib3-2.6.2 wcwidth-0.2.14 widgetsnbextension-4.0.15 wormutils-0.2.0
2025-12-30T17:25:34.7554790Z ##[group]Run echo "Checking architecture of bundled executables..."
2025-12-30T17:25:34.7555880Z [36;1mecho "Checking architecture of bundled executables..."[0m
2025-12-30T17:25:34.7559190Z [36;1mpython -c "import aqequil; from aqequil.AqSpeciation import _get_bundled_exe_path; import os; bin_path = _get_bundled_exe_path(); print(f'Binary path: {bin_path}'); import subprocess; result = subprocess.run(['file', os.path.join(bin_path, 'eqpt')], capture_output=True, text=True); print(result.stdout)"[0m
2025-12-30T17:25:34.7622420Z shell: /bin/bash --noprofile --norc -e -o pipefail {0}
2025-12-30T17:25:34.7623010Z env:
2025-12-30T17:25:34.7623540Z   pythonLocation: /Users/runner/hostedtoolcache/Python/3.12.10/x64
2025-12-30T17:25:34.7624560Z   PKG_CONFIG_PATH: /Users/runner/hostedtoolcache/Python/3.12.10/x64/lib/pkgconfig
2025-12-30T17:25:34.7625600Z   Python_ROOT_DIR: /Users/runner/hostedtoolcache/Python/3.12.10/x64
2025-12-30T17:25:34.7626600Z   Python2_ROOT_DIR: /Users/runner/hostedtoolcache/Python/3.12.10/x64
2025-12-30T17:25:34.7627510Z   Python3_ROOT_DIR: /Users/runner/hostedtoolcache/Python/3.12.10/x64
2025-12-30T17:25:34.7628230Z ##[endgroup]
2025-12-30T17:25:34.7805830Z Checking architecture of bundled executables...
2025-12-30T17:25:41.6357630Z Matplotlib is building the font cache; this may take a moment.
2025-12-30T17:25:59.9524030Z Traceback (most recent call last):
2025-12-30T17:25:59.9524740Z Binary path: None
2025-12-30T17:25:59.9615180Z   File "<string>", line 1, in <module>
2025-12-30T17:25:59.9616180Z   File "<frozen posixpath>", line 76, in join
2025-12-30T17:25:59.9720780Z TypeError: expected str, bytes or os.PathLike object, not NoneType
2025-12-30T17:26:00.2428690Z ##[error]Process completed with exit code 1.
2025-12-30T17:26:00.2529900Z ##[group]Run python test_integration.py
2025-12-30T17:26:00.2530640Z [36;1mpython test_integration.py[0m
2025-12-30T17:26:00.2611040Z shell: /bin/bash --noprofile --norc -e -o pipefail {0}
2025-12-30T17:26:00.2611820Z env:
2025-12-30T17:26:00.2612520Z   pythonLocation: /Users/runner/hostedtoolcache/Python/3.12.10/x64
2025-12-30T17:26:00.2613730Z   PKG_CONFIG_PATH: /Users/runner/hostedtoolcache/Python/3.12.10/x64/lib/pkgconfig
2025-12-30T17:26:00.2615000Z   Python_ROOT_DIR: /Users/runner/hostedtoolcache/Python/3.12.10/x64
2025-12-30T17:26:00.2616210Z   Python2_ROOT_DIR: /Users/runner/hostedtoolcache/Python/3.12.10/x64
2025-12-30T17:26:00.2617290Z   Python3_ROOT_DIR: /Users/runner/hostedtoolcache/Python/3.12.10/x64
2025-12-30T17:26:00.2618720Z ##[endgroup]
2025-12-30T17:26:02.9625460Z Traceback (most recent call last):
2025-12-30T17:26:02.9701570Z   File "/Users/runner/work/aqequil/aqequil/aqequil/AqSpeciation.py", line 854, in runeqpt
2025-12-30T17:26:02.9730670Z     self.__run_eq_executable('eqpt', [data0_path], cwd=os.getcwd())
2025-12-30T17:26:03.1142750Z   File "/Users/runner/work/aqequil/aqequil/aqequil/AqSpeciation.py", line 1114, in __run_eq_executable
2025-12-30T17:26:03.1165320Z     exe_path = os.path.join(self.eq36co, exe_name)
2025-12-30T17:26:03.1412300Z                ^^^^^^^^^^^^^^^^^^^^^^^^^^^^^^^^^^^
2025-12-30T17:26:03.1424020Z   File "<frozen posixpath>", line 76, in join
2025-12-30T17:26:03.1661110Z TypeError: expected str, bytes or os.PathLike object, not NoneType
2025-12-30T17:26:03.1672330Z 
2025-12-30T17:26:03.1694150Z During handling of the above exception, another exception occurred:
2025-12-30T17:26:03.1728930Z 
2025-12-30T17:26:03.1755150Z Traceback (most recent call last):
2025-12-30T17:26:03.2227610Z   File "/Users/runner/work/aqequil/aqequil/test_integration.py", line 119, in test_runeqpt
2025-12-30T17:26:03.2379020Z     ae.runeqpt('wrm')
2025-12-30T17:26:03.2385760Z   File "/Users/runner/work/aqequil/aqequil/aqequil/AqSpeciation.py", line 856, in runeqpt
2025-12-30T17:26:03.2396300Z     self.err_handler.raise_exception(
2025-12-30T17:26:03.2399940Z   File "/Library/Frameworks/Python.framework/Versions/3.12/lib/python3.12/site-packages/wormutils/Error_Handler.py", line 57, in raise_exception
2025-12-30T17:26:03.2402810Z     raise Exception(msg)
2025-12-30T17:26:03.2417940Z Exception: Error: EQPT failed to run on data0.wrm.
2025-12-30T17:26:03.2426400Z Traceback (most recent call last):
2025-12-30T17:26:03.2429820Z   File "/Users/runner/work/aqequil/aqequil/aqequil/AqSpeciation.py", line 854, in runeqpt
2025-12-30T17:26:03.2438560Z     self.__run_eq_executable('eqpt', [data0_path], cwd=os.getcwd())
2025-12-30T17:26:03.2630330Z   File "/Users/runner/work/aqequil/aqequil/aqequil/AqSpeciation.py", line 1114, in __run_eq_executable
2025-12-30T17:26:03.3318010Z     exe_path = os.path.join(self.eq36co, exe_name)
2025-12-30T17:26:03.3507790Z                ^^^^^^^^^^^^^^^^^^^^^^^^^^^^^^^^^^^
2025-12-30T17:26:03.3510680Z   File "<frozen posixpath>", line 76, in join
2025-12-30T17:26:03.3531970Z TypeError: expected str, bytes or os.PathLike object, not NoneType
2025-12-30T17:26:03.3534060Z 
2025-12-30T17:26:03.3536540Z During handling of the above exception, another exception occurred:
2025-12-30T17:26:03.3539090Z 
2025-12-30T17:26:03.3541440Z Traceback (most recent call last):
2025-12-30T17:26:03.3544390Z   File "/Users/runner/work/aqequil/aqequil/test_integration.py", line 186, in test_speciation_simple
2025-12-30T17:26:03.3551350Z     ae_eqpt.runeqpt('wrm')
2025-12-30T17:26:03.3554720Z   File "/Users/runner/work/aqequil/aqequil/aqequil/AqSpeciation.py", line 856, in runeqpt
2025-12-30T17:26:03.3557530Z     self.err_handler.raise_exception(
2025-12-30T17:26:03.3561190Z   File "/Library/Frameworks/Python.framework/Versions/3.12/lib/python3.12/site-packages/wormutils/Error_Handler.py", line 57, in raise_exception
2025-12-30T17:26:03.3564170Z     raise Exception(msg)
2025-12-30T17:26:03.3567400Z Exception: Error: EQPT failed to run on data0.wrm.
2025-12-30T17:26:36.2397760Z Traceback (most recent call last):
2025-12-30T17:26:36.2438790Z   File "/Users/runner/work/aqequil/aqequil/aqequil/AqSpeciation.py", line 854, in runeqpt
2025-12-30T17:26:36.2440240Z 
2025-12-30T17:26:36.2475460Z     self.__run_eq_executable('eqpt', [data0_path], cwd=os.getcwd())
2025-12-30T17:26:36.2476980Z ============================================================
2025-12-30T17:26:36.2507990Z   File "/Users/runner/work/aqequil/aqequil/aqequil/AqSpeciation.py", line 1114, in __run_eq_executable
2025-12-30T17:26:36.2509930Z AQEQUIL INTEGRATION TEST SUITE
2025-12-30T17:26:36.2560080Z     exe_path = os.path.join(self.eq36co, exe_name)
2025-12-30T17:26:36.2561330Z ============================================================
2025-12-30T17:26:36.2589310Z                ^^^^^^^^^^^^^^^^^^^^^^^^^^^^^^^^^^^
2025-12-30T17:26:36.2590300Z Python: 3.12.10
2025-12-30T17:26:36.2600840Z   File "<frozen posixpath>", line 76, in join
2025-12-30T17:26:36.2601780Z Platform: darwin
2025-12-30T17:26:36.2617510Z TypeError: expected str, bytes or os.PathLike object, not NoneType
2025-12-30T17:26:36.2618990Z Architecture: x86_64
2025-12-30T17:26:36.2643860Z 
2025-12-30T17:26:36.2644410Z ============================================================
2025-12-30T17:26:36.2652180Z During handling of the above exception, another exception occurred:
2025-12-30T17:26:36.2653590Z ============================================================
2025-12-30T17:26:36.2673220Z 
2025-12-30T17:26:36.2674040Z Test 1: Checking for bundled EQ3/6 executables
2025-12-30T17:26:36.2687050Z Traceback (most recent call last):
2025-12-30T17:26:36.2688040Z ============================================================
2025-12-30T17:26:36.2704520Z   File "/Users/runner/work/aqequil/aqequil/test_integration.py", line 253, in test_water_rock_reaction
2025-12-30T17:26:36.2706380Z [FAIL] No bundled executables found!
2025-12-30T17:26:36.2719960Z     speciation = ae.speciate(
2025-12-30T17:26:36.2720610Z 
2025-12-30T17:26:36.2735740Z                  ^^^^^^^^^^^^
2025-12-30T17:26:36.2736730Z ============================================================
2025-12-30T17:26:36.2745030Z   File "/Users/runner/work/aqequil/aqequil/aqequil/AqSpeciation.py", line 1926, in speciate
2025-12-30T17:26:36.2746930Z Test 2: Testing aqequil import and basic usage
2025-12-30T17:26:36.2752500Z     self.runeqpt(data0_lettercode, dynamic_db=True)
2025-12-30T17:26:36.2753530Z ============================================================
2025-12-30T17:26:36.2785540Z   File "/Users/runner/work/aqequil/aqequil/aqequil/AqSpeciation.py", line 856, in runeqpt
2025-12-30T17:26:36.2787210Z [OK] Successfully imported aqequil
2025-12-30T17:26:36.2899030Z     self.err_handler.raise_exception(
2025-12-30T17:26:36.2900510Z [OK] Found test data at: /Users/runner/work/aqequil/aqequil/aqequil/test_data/input_example_wrm.csv
2025-12-30T17:26:36.2951360Z   File "/Library/Frameworks/Python.framework/Versions/3.12/lib/python3.12/site-packages/wormutils/Error_Handler.py", line 57, in raise_exception
2025-12-30T17:26:36.2953530Z 
2025-12-30T17:26:36.2979860Z     raise Exception(msg)
2025-12-30T17:26:36.2980590Z ============================================================
2025-12-30T17:26:36.2999440Z Exception: Error: EQPT failed to run on data0.dyn.
2025-12-30T17:26:36.3006350Z Test 3: Testing runeqpt (data0 to data1 conversion)
2025-12-30T17:26:36.3011300Z ============================================================
2025-12-30T17:26:36.3022540Z [INFO] Working directory: /var/folders/6k/3_2ylbdd4rl8w3kbs55s3kk80000gn/T/tmpgc9ola85
2025-12-30T17:26:36.3040370Z [OK] Copied data0.wrm to working directory
2025-12-30T17:26:36.3047570Z Running EQPT on data0.wrm...
2025-12-30T17:26:36.3068790Z [FAIL] Error during runeqpt: Error: EQPT failed to run on data0.wrm.
2025-12-30T17:26:36.3074500Z 
2025-12-30T17:26:36.3077180Z ============================================================
2025-12-30T17:26:36.3086580Z Test 4: Testing simple speciation (wrm database)
2025-12-30T17:26:36.3100220Z ============================================================
2025-12-30T17:26:36.3108060Z Running speciation on /Users/runner/work/aqequil/aqequil/aqequil/test_data/input_example_wrm.csv...
2025-12-30T17:26:36.3115070Z [INFO] Working directory: /var/folders/6k/3_2ylbdd4rl8w3kbs55s3kk80000gn/T/tmpkp61srts
2025-12-30T17:26:36.3117780Z [OK] Copied data0.wrm to working directory
2025-12-30T17:26:36.3120200Z Running EQPT to create data1.wrm...
2025-12-30T17:26:36.3123960Z [FAIL] Error during simple speciation: Error: EQPT failed to run on data0.wrm.
2025-12-30T17:26:36.3146600Z 
2025-12-30T17:26:36.3147130Z ============================================================
2025-12-30T17:26:36.3148100Z Test 5: Testing water-rock reaction
2025-12-30T17:26:36.3148990Z ============================================================
2025-12-30T17:26:36.3151850Z Running speciation on /Users/runner/work/aqequil/aqequil/aqequil/test_data/input_example_wrm.csv...
2025-12-30T17:26:36.3154000Z [INFO] Working directory: /var/folders/6k/3_2ylbdd4rl8w3kbs55s3kk80000gn/T/tmp52mkvq69
2025-12-30T17:26:36.3155740Z Getting wrm_data_latest.csv ready. This will take a moment...
2025-12-30T17:26:36.3157910Z No 'charge_balance_on' column found in input file. Defaulting to no charge balancing for all samples.
2025-12-30T17:26:36.3162080Z Warning: a column for Pressure was not found in the sample input file. Defaulting to water saturation pressure...
2025-12-30T17:26:36.3167370Z [FAIL] Error during water-rock reaction: Error: EQPT failed to run on data0.dyn.
2025-12-30T17:26:36.3172660Z 
2025-12-30T17:26:36.3175600Z ============================================================
2025-12-30T17:26:36.3184090Z TEST SUMMARY
2025-12-30T17:26:36.3193830Z ============================================================
2025-12-30T17:26:36.3222930Z [FAIL] Bundled Executables
2025-12-30T17:26:36.3280200Z [PASS] Import and Basic Usage
2025-12-30T17:26:36.3299690Z [FAIL] EQPT Data0 to Data1 Conversion
2025-12-30T17:26:36.3310900Z [FAIL] Simple Speciation (wrm database)
2025-12-30T17:26:36.3315460Z [FAIL] Water-Rock Reaction
2025-12-30T17:26:36.3323600Z ============================================================
2025-12-30T17:26:36.3329850Z 
2025-12-30T17:26:36.3333630Z [FAIL] Some tests failed!
2025-12-30T17:26:36.6213830Z ##[error]Process completed with exit code 1.
2025-12-30T17:26:36.6467420Z Post job cleanup.
2025-12-30T17:26:36.8491850Z [command]/usr/local/bin/git version
2025-12-30T17:26:36.8636750Z git version 2.50.1
2025-12-30T17:26:36.8851030Z Copying '/Users/runner/.gitconfig' to '/Users/runner/work/_temp/3d34d32b-bdb9-486e-ad91-b2ca639a2458/.gitconfig'
2025-12-30T17:26:36.8855960Z Temporarily overriding HOME='/Users/runner/work/_temp/3d34d32b-bdb9-486e-ad91-b2ca639a2458' before making global git config changes
2025-12-30T17:26:36.8891660Z Adding repository directory to the temporary git global config as a safe directory
2025-12-30T17:26:36.8987590Z [command]/usr/local/bin/git config --global --add safe.directory /Users/runner/work/aqequil/aqequil
2025-12-30T17:26:36.9049350Z [command]/usr/local/bin/git config --local --name-only --get-regexp core\.sshCommand
2025-12-30T17:26:36.9078310Z [command]/usr/local/bin/git submodule foreach --recursive sh -c "git config --local --name-only --get-regexp 'core\.sshCommand' && git config --local --unset-all 'core.sshCommand' || :"
2025-12-30T17:26:37.1463730Z [command]/usr/local/bin/git config --local --name-only --get-regexp http\.https\:\/\/github\.com\/\.extraheader
2025-12-30T17:26:37.1544610Z http.https://github.com/.extraheader
2025-12-30T17:26:37.1577090Z [command]/usr/local/bin/git config --local --unset-all http.https://github.com/.extraheader
2025-12-30T17:26:37.1745420Z [command]/usr/local/bin/git submodule foreach --recursive sh -c "git config --local --name-only --get-regexp 'http\.https\:\/\/github\.com\/\.extraheader' && git config --local --unset-all 'http.https://github.com/.extraheader' || :"
2025-12-30T17:26:37.3951890Z [command]/usr/local/bin/git config --local --name-only --get-regexp ^includeIf\.gitdir:
2025-12-30T17:26:37.4045940Z [command]/usr/local/bin/git submodule foreach --recursive git config --local --show-origin --name-only --get-regexp remote.origin.url
2025-12-30T17:26:37.6388050Z Cleaning up orphan processes
