2025-12-30T17:24:44.4703292Z Current runner version: '2.330.0'
2025-12-30T17:24:44.4726604Z ##[group]Runner Image Provisioner
2025-12-30T17:24:44.4727478Z Hosted Compute Agent
2025-12-30T17:24:44.4728038Z Version: 20251211.462
2025-12-30T17:24:44.4728607Z Commit: 6cbad8c2bb55d58165063d031ccabf57e2d2db61
2025-12-30T17:24:44.4729639Z Build Date: 2025-12-11T16:28:49Z
2025-12-30T17:24:44.4730320Z Worker ID: {2d1eff7f-7607-4274-8616-e3eec809ad3d}
2025-12-30T17:24:44.4731045Z ##[endgroup]
2025-12-30T17:24:44.4731606Z ##[group]Operating System
2025-12-30T17:24:44.4732213Z Ubuntu
2025-12-30T17:24:44.4732676Z 24.04.3
2025-12-30T17:24:44.4733170Z LTS
2025-12-30T17:24:44.4733657Z ##[endgroup]
2025-12-30T17:24:44.4734148Z ##[group]Runner Image
2025-12-30T17:24:44.4734754Z Image: ubuntu-24.04
2025-12-30T17:24:44.4735260Z Version: 20251215.174.1
2025-12-30T17:24:44.4736281Z Included Software: https://github.com/actions/runner-images/blob/ubuntu24/20251215.174/images/ubuntu/Ubuntu2404-Readme.md
2025-12-30T17:24:44.4737862Z Image Release: https://github.com/actions/runner-images/releases/tag/ubuntu24%2F20251215.174
2025-12-30T17:24:44.4738887Z ##[endgroup]
2025-12-30T17:24:44.4741925Z ##[group]GITHUB_TOKEN Permissions
2025-12-30T17:24:44.4744272Z Actions: write
2025-12-30T17:24:44.4744796Z ArtifactMetadata: write
2025-12-30T17:24:44.4745458Z Attestations: write
2025-12-30T17:24:44.4745963Z Checks: write
2025-12-30T17:24:44.4746467Z Contents: write
2025-12-30T17:24:44.4747009Z Deployments: write
2025-12-30T17:24:44.4747559Z Discussions: write
2025-12-30T17:24:44.4748030Z Issues: write
2025-12-30T17:24:44.4748573Z Metadata: read
2025-12-30T17:24:44.4749078Z Models: read
2025-12-30T17:24:44.4749822Z Packages: write
2025-12-30T17:24:44.4750426Z Pages: write
2025-12-30T17:24:44.4750928Z PullRequests: write
2025-12-30T17:24:44.4751555Z RepositoryProjects: write
2025-12-30T17:24:44.4752684Z SecurityEvents: write
2025-12-30T17:24:44.4753266Z Statuses: write
2025-12-30T17:24:44.4753766Z ##[endgroup]
2025-12-30T17:24:44.4755794Z Secret source: Actions
2025-12-30T17:24:44.4756807Z Prepare workflow directory
2025-12-30T17:24:44.5076616Z Prepare all required actions
2025-12-30T17:24:44.5116490Z Getting action download info
2025-12-30T17:24:44.8897618Z Download action repository 'actions/checkout@v4' (SHA:34e114876b0b11c390a56381ad16ebd13914f8d5)
2025-12-30T17:24:45.0022363Z Download action repository 'actions/setup-python@v5' (SHA:a26af69be951a213d495a4c3e4e4022e16d87065)
2025-12-30T17:24:45.0843784Z Download action repository 'actions/download-artifact@v4' (SHA:d3f86a106a0bac45b974a628896c90dbdf5c8093)
2025-12-30T17:24:46.1468443Z Complete job name: Test wheels on ubuntu-latest with Python 3.10
2025-12-30T17:24:46.2216344Z ##[group]Run actions/checkout@v4
2025-12-30T17:24:46.2217636Z with:
2025-12-30T17:24:46.2218379Z   repository: worm-portal/aqequil
2025-12-30T17:24:46.2219990Z   token: ***
2025-12-30T17:24:46.2220967Z   ssh-strict: true
2025-12-30T17:24:46.2221727Z   ssh-user: git
2025-12-30T17:24:46.2222492Z   persist-credentials: true
2025-12-30T17:24:46.2223351Z   clean: true
2025-12-30T17:24:46.2224156Z   sparse-checkout-cone-mode: true
2025-12-30T17:24:46.2225092Z   fetch-depth: 1
2025-12-30T17:24:46.2225829Z   fetch-tags: false
2025-12-30T17:24:46.2226621Z   show-progress: true
2025-12-30T17:24:46.2227389Z   lfs: false
2025-12-30T17:24:46.2228096Z   submodules: false
2025-12-30T17:24:46.2228913Z   set-safe-directory: true
2025-12-30T17:24:46.2230323Z ##[endgroup]
2025-12-30T17:24:46.3351465Z Syncing repository: worm-portal/aqequil
2025-12-30T17:24:46.3354273Z ##[group]Getting Git version info
2025-12-30T17:24:46.3355637Z Working directory is '/home/runner/work/aqequil/aqequil'
2025-12-30T17:24:46.3357535Z [command]/usr/bin/git version
2025-12-30T17:24:46.3418786Z git version 2.52.0
2025-12-30T17:24:46.3446877Z ##[endgroup]
2025-12-30T17:24:46.3463876Z Temporarily overriding HOME='/home/runner/work/_temp/38b50274-855f-43ca-9331-dfc0b38917f0' before making global git config changes
2025-12-30T17:24:46.3468636Z Adding repository directory to the temporary git global config as a safe directory
2025-12-30T17:24:46.3478454Z [command]/usr/bin/git config --global --add safe.directory /home/runner/work/aqequil/aqequil
2025-12-30T17:24:46.3518594Z Deleting the contents of '/home/runner/work/aqequil/aqequil'
2025-12-30T17:24:46.3522391Z ##[group]Initializing the repository
2025-12-30T17:24:46.3527367Z [command]/usr/bin/git init /home/runner/work/aqequil/aqequil
2025-12-30T17:24:46.3632179Z hint: Using 'master' as the name for the initial branch. This default branch name
2025-12-30T17:24:46.3634737Z hint: will change to "main" in Git 3.0. To configure the initial branch name
2025-12-30T17:24:46.3637360Z hint: to use in all of your new repositories, which will suppress this warning,
2025-12-30T17:24:46.3640185Z hint: call:
2025-12-30T17:24:46.3641436Z hint:
2025-12-30T17:24:46.3643142Z hint: 	git config --global init.defaultBranch <name>
2025-12-30T17:24:46.3645093Z hint:
2025-12-30T17:24:46.3646991Z hint: Names commonly chosen instead of 'master' are 'main', 'trunk' and
2025-12-30T17:24:46.3650455Z hint: 'development'. The just-created branch can be renamed via this command:
2025-12-30T17:24:46.3652883Z hint:
2025-12-30T17:24:46.3654041Z hint: 	git branch -m <name>
2025-12-30T17:24:46.3655378Z hint:
2025-12-30T17:24:46.3656551Z hint: Disable this message with "git config set advice.defaultBranchName false"
2025-12-30T17:24:46.3658469Z Initialized empty Git repository in /home/runner/work/aqequil/aqequil/.git/
2025-12-30T17:24:46.3663139Z [command]/usr/bin/git remote add origin https://github.com/worm-portal/aqequil
2025-12-30T17:24:46.3684761Z ##[endgroup]
2025-12-30T17:24:46.3687224Z ##[group]Disabling automatic garbage collection
2025-12-30T17:24:46.3689698Z [command]/usr/bin/git config --local gc.auto 0
2025-12-30T17:24:46.3718429Z ##[endgroup]
2025-12-30T17:24:46.3720944Z ##[group]Setting up auth
2025-12-30T17:24:46.3726104Z [command]/usr/bin/git config --local --name-only --get-regexp core\.sshCommand
2025-12-30T17:24:46.3758298Z [command]/usr/bin/git submodule foreach --recursive sh -c "git config --local --name-only --get-regexp 'core\.sshCommand' && git config --local --unset-all 'core.sshCommand' || :"
2025-12-30T17:24:46.4121639Z [command]/usr/bin/git config --local --name-only --get-regexp http\.https\:\/\/github\.com\/\.extraheader
2025-12-30T17:24:46.4150268Z [command]/usr/bin/git submodule foreach --recursive sh -c "git config --local --name-only --get-regexp 'http\.https\:\/\/github\.com\/\.extraheader' && git config --local --unset-all 'http.https://github.com/.extraheader' || :"
2025-12-30T17:24:46.4366940Z [command]/usr/bin/git config --local --name-only --get-regexp ^includeIf\.gitdir:
2025-12-30T17:24:46.4395866Z [command]/usr/bin/git submodule foreach --recursive git config --local --show-origin --name-only --get-regexp remote.origin.url
2025-12-30T17:24:46.4644434Z [command]/usr/bin/git config --local http.https://github.com/.extraheader AUTHORIZATION: basic ***
2025-12-30T17:24:46.4680338Z ##[endgroup]
2025-12-30T17:24:46.4682301Z ##[group]Fetching the repository
2025-12-30T17:24:46.4689210Z [command]/usr/bin/git -c protocol.version=2 fetch --no-tags --prune --no-recurse-submodules --depth=1 origin +e6190a14876ae468a4b5041a8a90e6974fe01773:refs/remotes/origin/dev
2025-12-30T17:24:47.1148056Z From https://github.com/worm-portal/aqequil
2025-12-30T17:24:47.1149977Z  * [new ref]         e6190a14876ae468a4b5041a8a90e6974fe01773 -> origin/dev
2025-12-30T17:24:47.1182155Z ##[endgroup]
2025-12-30T17:24:47.1183577Z ##[group]Determining the checkout info
2025-12-30T17:24:47.1185014Z ##[endgroup]
2025-12-30T17:24:47.1189112Z [command]/usr/bin/git sparse-checkout disable
2025-12-30T17:24:47.1231139Z [command]/usr/bin/git config --local --unset-all extensions.worktreeConfig
2025-12-30T17:24:47.1256947Z ##[group]Checking out the ref
2025-12-30T17:24:47.1260997Z [command]/usr/bin/git checkout --progress --force -B dev refs/remotes/origin/dev
2025-12-30T17:24:47.2394774Z Switched to a new branch 'dev'
2025-12-30T17:24:47.2396478Z branch 'dev' set up to track 'origin/dev'.
2025-12-30T17:24:47.2407750Z ##[endgroup]
2025-12-30T17:24:47.2446404Z [command]/usr/bin/git log -1 --format=%H
2025-12-30T17:24:47.2469965Z e6190a14876ae468a4b5041a8a90e6974fe01773
2025-12-30T17:24:47.2771890Z ##[group]Run actions/setup-python@v5
2025-12-30T17:24:47.2772808Z with:
2025-12-30T17:24:47.2773394Z   python-version: 3.10
2025-12-30T17:24:47.2774125Z   check-latest: false
2025-12-30T17:24:47.2775037Z   token: ***
2025-12-30T17:24:47.2775674Z   update-environment: true
2025-12-30T17:24:47.2776460Z   allow-prereleases: false
2025-12-30T17:24:47.2777226Z   freethreaded: false
2025-12-30T17:24:47.2777897Z ##[endgroup]
2025-12-30T17:24:47.4563838Z ##[group]Installed versions
2025-12-30T17:24:47.4701079Z Successfully set up CPython (3.10.19)
2025-12-30T17:24:47.4702664Z ##[endgroup]
2025-12-30T17:24:47.4836257Z ##[group]Run actions/download-artifact@v4
2025-12-30T17:24:47.4836624Z with:
2025-12-30T17:24:47.4836863Z   name: wheels-ubuntu-latest
2025-12-30T17:24:47.4837150Z   path: wheelhouse
2025-12-30T17:24:47.4837423Z   merge-multiple: false
2025-12-30T17:24:47.4837704Z   repository: worm-portal/aqequil
2025-12-30T17:24:47.4838008Z   run-id: 20601542873
2025-12-30T17:24:47.4838243Z env:
2025-12-30T17:24:47.4838551Z   pythonLocation: /opt/hostedtoolcache/Python/3.10.19/x64
2025-12-30T17:24:47.4839074Z   PKG_CONFIG_PATH: /opt/hostedtoolcache/Python/3.10.19/x64/lib/pkgconfig
2025-12-30T17:24:47.4839952Z   Python_ROOT_DIR: /opt/hostedtoolcache/Python/3.10.19/x64
2025-12-30T17:24:47.4840419Z   Python2_ROOT_DIR: /opt/hostedtoolcache/Python/3.10.19/x64
2025-12-30T17:24:47.4840878Z   Python3_ROOT_DIR: /opt/hostedtoolcache/Python/3.10.19/x64
2025-12-30T17:24:47.4841327Z   LD_LIBRARY_PATH: /opt/hostedtoolcache/Python/3.10.19/x64/lib
2025-12-30T17:24:47.4841700Z ##[endgroup]
2025-12-30T17:24:47.6785071Z Downloading single artifact
2025-12-30T17:24:47.8367335Z Preparing to download the following artifacts:
2025-12-30T17:24:47.8368756Z - wheels-ubuntu-latest (ID: 4992673639, Size: 30611099, Expected Digest: sha256:72bf085b6193b52c880ef439167df3365d91c416b7dff74aad6d431148ca7172)
2025-12-30T17:24:47.9491476Z Redirecting to blob download url: https://productionresultssa19.blob.core.windows.net/actions-results/3359d908-0586-4c6c-8ddb-eda61a91ec84/workflow-job-run-ef63699e-9e74-5de7-b0e4-f945b8788f2e/artifacts/2d6b53937ef398bfc8399b6b7ef6373c2af7892c0717a43682f51187fe1997a9.zip
2025-12-30T17:24:47.9494148Z Starting download of artifact to: /home/runner/work/aqequil/aqequil/wheelhouse
2025-12-30T17:24:48.1475511Z (node:2118) [DEP0005] DeprecationWarning: Buffer() is deprecated due to security and usability issues. Please use the Buffer.alloc(), Buffer.allocUnsafe(), or Buffer.from() methods instead.
2025-12-30T17:24:48.1477586Z (Use `node --trace-deprecation ...` to show where the warning was created)
2025-12-30T17:24:49.0928684Z SHA256 digest of downloaded artifact is 72bf085b6193b52c880ef439167df3365d91c416b7dff74aad6d431148ca7172
2025-12-30T17:24:49.0930220Z Artifact download completed successfully.
2025-12-30T17:24:49.0930778Z Total of 1 artifact(s) downloaded
2025-12-30T17:24:49.0936417Z Download artifact has finished successfully
2025-12-30T17:24:49.1067599Z ##[group]Run PYVER=$(echo "3.10" | tr -d '.')
2025-12-30T17:24:49.1067991Z [36;1mPYVER=$(echo "3.10" | tr -d '.')[0m
2025-12-30T17:24:49.1068372Z [36;1mpython -m pip install wheelhouse/aqequil-*-cp${PYVER}-*.whl[0m
2025-12-30T17:24:49.1115303Z shell: /usr/bin/bash --noprofile --norc -e -o pipefail {0}
2025-12-30T17:24:49.1115651Z env:
2025-12-30T17:24:49.1115906Z   pythonLocation: /opt/hostedtoolcache/Python/3.10.19/x64
2025-12-30T17:24:49.1116334Z   PKG_CONFIG_PATH: /opt/hostedtoolcache/Python/3.10.19/x64/lib/pkgconfig
2025-12-30T17:24:49.1116757Z   Python_ROOT_DIR: /opt/hostedtoolcache/Python/3.10.19/x64
2025-12-30T17:24:49.1117126Z   Python2_ROOT_DIR: /opt/hostedtoolcache/Python/3.10.19/x64
2025-12-30T17:24:49.1117511Z   Python3_ROOT_DIR: /opt/hostedtoolcache/Python/3.10.19/x64
2025-12-30T17:24:49.1117900Z   LD_LIBRARY_PATH: /opt/hostedtoolcache/Python/3.10.19/x64/lib
2025-12-30T17:24:49.1118448Z ##[endgroup]
2025-12-30T17:24:49.8246272Z Processing ./wheelhouse/aqequil-0.41.0-cp310-cp310-manylinux_2_28_x86_64.whl
2025-12-30T17:24:50.1276842Z Collecting pandas (from aqequil==0.41.0)
2025-12-30T17:24:50.2600418Z   Downloading pandas-2.3.3-cp310-cp310-manylinux_2_24_x86_64.manylinux_2_28_x86_64.whl.metadata (91 kB)
2025-12-30T17:24:50.6253052Z Collecting numpy (from aqequil==0.41.0)
2025-12-30T17:24:50.6552264Z   Downloading numpy-2.2.6-cp310-cp310-manylinux_2_17_x86_64.manylinux2014_x86_64.whl.metadata (62 kB)
2025-12-30T17:24:50.8858459Z Collecting matplotlib (from aqequil==0.41.0)
2025-12-30T17:24:50.9160527Z   Downloading matplotlib-3.10.8-cp310-cp310-manylinux2014_x86_64.manylinux_2_17_x86_64.whl.metadata (52 kB)
2025-12-30T17:24:50.9833317Z Collecting plotly (from aqequil==0.41.0)
2025-12-30T17:24:51.0131249Z   Downloading plotly-6.5.0-py3-none-any.whl.metadata (8.5 kB)
2025-12-30T17:24:51.0849978Z Collecting ipython (from aqequil==0.41.0)
2025-12-30T17:24:51.1150215Z   Downloading ipython-8.37.0-py3-none-any.whl.metadata (5.1 kB)
2025-12-30T17:24:51.1533365Z Collecting chemparse (from aqequil==0.41.0)
2025-12-30T17:24:51.1835079Z   Downloading chemparse-0.3.2-py3-none-any.whl.metadata (1.7 kB)
2025-12-30T17:24:51.2093879Z Collecting dill (from aqequil==0.41.0)
2025-12-30T17:24:51.2388442Z   Downloading dill-0.4.0-py3-none-any.whl.metadata (10 kB)
2025-12-30T17:24:51.2652202Z Collecting periodictable (from aqequil==0.41.0)
2025-12-30T17:24:51.2960035Z   Downloading periodictable-2.0.2-py3-none-any.whl.metadata (5.4 kB)
2025-12-30T17:24:51.3434550Z Collecting natsort (from aqequil==0.41.0)
2025-12-30T17:24:51.3734304Z   Downloading natsort-8.4.0-py3-none-any.whl.metadata (21 kB)
2025-12-30T17:24:52.0616118Z Collecting roman (from aqequil==0.41.0)
2025-12-30T17:24:52.0916477Z   Downloading roman-5.2-py3-none-any.whl.metadata (4.3 kB)
2025-12-30T17:24:52.1786693Z Collecting ipywidgets (from aqequil==0.41.0)
2025-12-30T17:24:52.2112396Z   Downloading ipywidgets-8.1.8-py3-none-any.whl.metadata (2.4 kB)
2025-12-30T17:24:52.8515966Z Collecting wormutils (from aqequil==0.41.0)
2025-12-30T17:24:52.8813345Z   Downloading wormutils-0.2.0-py3-none-any.whl.metadata (723 bytes)
2025-12-30T17:24:52.9857610Z Collecting pychnosz (from aqequil==0.41.0)
2025-12-30T17:24:53.0165251Z   Downloading pychnosz-1.1.11-cp310-cp310-manylinux_2_28_x86_64.whl.metadata (8.2 kB)
2025-12-30T17:24:53.0486689Z Collecting decorator (from ipython->aqequil==0.41.0)
2025-12-30T17:24:53.0782188Z   Downloading decorator-5.2.1-py3-none-any.whl.metadata (3.9 kB)
2025-12-30T17:24:53.1046992Z Collecting exceptiongroup (from ipython->aqequil==0.41.0)
2025-12-30T17:24:53.1342728Z   Downloading exceptiongroup-1.3.1-py3-none-any.whl.metadata (6.7 kB)
2025-12-30T17:24:53.1623094Z Collecting jedi>=0.16 (from ipython->aqequil==0.41.0)
2025-12-30T17:24:53.1917554Z   Downloading jedi-0.19.2-py2.py3-none-any.whl.metadata (22 kB)
2025-12-30T17:24:53.2238957Z Collecting matplotlib-inline (from ipython->aqequil==0.41.0)
2025-12-30T17:24:53.2537494Z   Downloading matplotlib_inline-0.2.1-py3-none-any.whl.metadata (2.3 kB)
2025-12-30T17:24:53.2793608Z Collecting pexpect>4.3 (from ipython->aqequil==0.41.0)
2025-12-30T17:24:53.3092692Z   Downloading pexpect-4.9.0-py2.py3-none-any.whl.metadata (2.5 kB)
2025-12-30T17:24:53.3622422Z Collecting prompt_toolkit<3.1.0,>=3.0.41 (from ipython->aqequil==0.41.0)
2025-12-30T17:24:53.3918738Z   Downloading prompt_toolkit-3.0.52-py3-none-any.whl.metadata (6.4 kB)
2025-12-30T17:24:53.4293433Z Collecting pygments>=2.4.0 (from ipython->aqequil==0.41.0)
2025-12-30T17:24:53.4614479Z   Downloading pygments-2.19.2-py3-none-any.whl.metadata (2.5 kB)
2025-12-30T17:24:53.4887385Z Collecting stack_data (from ipython->aqequil==0.41.0)
2025-12-30T17:24:53.5183691Z   Downloading stack_data-0.6.3-py3-none-any.whl.metadata (18 kB)
2025-12-30T17:24:53.5516165Z Collecting traitlets>=5.13.0 (from ipython->aqequil==0.41.0)
2025-12-30T17:24:53.5819793Z   Downloading traitlets-5.14.3-py3-none-any.whl.metadata (10 kB)
2025-12-30T17:24:53.6166806Z Collecting typing_extensions>=4.6 (from ipython->aqequil==0.41.0)
2025-12-30T17:24:53.6463819Z   Downloading typing_extensions-4.15.0-py3-none-any.whl.metadata (3.3 kB)
2025-12-30T17:24:53.6741224Z Collecting wcwidth (from prompt_toolkit<3.1.0,>=3.0.41->ipython->aqequil==0.41.0)
2025-12-30T17:24:53.7039955Z   Downloading wcwidth-0.2.14-py2.py3-none-any.whl.metadata (15 kB)
2025-12-30T17:24:53.7351186Z Collecting parso<0.9.0,>=0.8.4 (from jedi>=0.16->ipython->aqequil==0.41.0)
2025-12-30T17:24:53.7645626Z   Downloading parso-0.8.5-py2.py3-none-any.whl.metadata (8.3 kB)
2025-12-30T17:24:53.7896458Z Collecting ptyprocess>=0.5 (from pexpect>4.3->ipython->aqequil==0.41.0)
2025-12-30T17:24:53.8236270Z   Downloading ptyprocess-0.7.0-py2.py3-none-any.whl.metadata (1.3 kB)
2025-12-30T17:24:53.8520780Z Collecting comm>=0.1.3 (from ipywidgets->aqequil==0.41.0)
2025-12-30T17:24:53.8817747Z   Downloading comm-0.2.3-py3-none-any.whl.metadata (3.7 kB)
2025-12-30T17:24:53.9504012Z Collecting widgetsnbextension~=4.0.14 (from ipywidgets->aqequil==0.41.0)
2025-12-30T17:24:53.9811943Z   Downloading widgetsnbextension-4.0.15-py3-none-any.whl.metadata (1.6 kB)
2025-12-30T17:24:54.0168717Z Collecting jupyterlab_widgets~=3.0.15 (from ipywidgets->aqequil==0.41.0)
2025-12-30T17:24:54.0464989Z   Downloading jupyterlab_widgets-3.0.16-py3-none-any.whl.metadata (20 kB)
2025-12-30T17:24:54.1520068Z Collecting contourpy>=1.0.1 (from matplotlib->aqequil==0.41.0)
2025-12-30T17:24:54.1820077Z   Downloading contourpy-1.3.2-cp310-cp310-manylinux_2_17_x86_64.manylinux2014_x86_64.whl.metadata (5.5 kB)
2025-12-30T17:24:54.2087939Z Collecting cycler>=0.10 (from matplotlib->aqequil==0.41.0)
2025-12-30T17:24:54.2386866Z   Downloading cycler-0.12.1-py3-none-any.whl.metadata (3.8 kB)
2025-12-30T17:24:54.4933926Z Collecting fonttools>=4.22.0 (from matplotlib->aqequil==0.41.0)
2025-12-30T17:24:54.5235971Z   Downloading fonttools-4.61.1-cp310-cp310-manylinux2014_x86_64.manylinux_2_17_x86_64.whl.metadata (114 kB)
2025-12-30T17:24:54.6371912Z Collecting kiwisolver>=1.3.1 (from matplotlib->aqequil==0.41.0)
2025-12-30T17:24:54.6669902Z   Downloading kiwisolver-1.4.9-cp310-cp310-manylinux_2_12_x86_64.manylinux2010_x86_64.whl.metadata (6.3 kB)
2025-12-30T17:24:54.7061210Z Collecting packaging>=20.0 (from matplotlib->aqequil==0.41.0)
2025-12-30T17:24:54.7356800Z   Downloading packaging-25.0-py3-none-any.whl.metadata (3.3 kB)
2025-12-30T17:24:54.9787801Z Collecting pillow>=8 (from matplotlib->aqequil==0.41.0)
2025-12-30T17:24:55.0090476Z   Downloading pillow-12.0.0-cp310-cp310-manylinux_2_27_x86_64.manylinux_2_28_x86_64.whl.metadata (8.8 kB)
2025-12-30T17:24:55.0576658Z Collecting pyparsing>=3 (from matplotlib->aqequil==0.41.0)
2025-12-30T17:24:55.0882306Z   Downloading pyparsing-3.3.1-py3-none-any.whl.metadata (5.6 kB)
2025-12-30T17:24:55.1172557Z Collecting python-dateutil>=2.7 (from matplotlib->aqequil==0.41.0)
2025-12-30T17:24:55.1474771Z   Downloading python_dateutil-2.9.0.post0-py2.py3-none-any.whl.metadata (8.4 kB)
2025-12-30T17:24:55.1857503Z Collecting six>=1.5 (from python-dateutil>=2.7->matplotlib->aqequil==0.41.0)
2025-12-30T17:24:55.2980660Z   Downloading six-1.17.0-py2.py3-none-any.whl.metadata (1.7 kB)
2025-12-30T17:24:55.3742175Z Collecting pytz>=2020.1 (from pandas->aqequil==0.41.0)
2025-12-30T17:24:55.4041991Z   Downloading pytz-2025.2-py2.py3-none-any.whl.metadata (22 kB)
2025-12-30T17:24:55.4333362Z Collecting tzdata>=2022.7 (from pandas->aqequil==0.41.0)
2025-12-30T17:24:55.4635139Z   Downloading tzdata-2025.3-py2.py3-none-any.whl.metadata (1.4 kB)
2025-12-30T17:24:55.5703103Z Collecting narwhals>=1.15.1 (from plotly->aqequil==0.41.0)
2025-12-30T17:24:55.6001165Z   Downloading narwhals-2.14.0-py3-none-any.whl.metadata (13 kB)
2025-12-30T17:24:55.8028806Z Collecting scipy>=1.7.0 (from pychnosz->aqequil==0.41.0)
2025-12-30T17:24:55.8330438Z   Downloading scipy-1.15.3-cp310-cp310-manylinux_2_17_x86_64.manylinux2014_x86_64.whl.metadata (61 kB)
2025-12-30T17:24:55.8945370Z Collecting executing>=1.2.0 (from stack_data->ipython->aqequil==0.41.0)
2025-12-30T17:24:55.9252245Z   Downloading executing-2.2.1-py2.py3-none-any.whl.metadata (8.9 kB)
2025-12-30T17:24:55.9552632Z Collecting asttokens>=2.1.0 (from stack_data->ipython->aqequil==0.41.0)
2025-12-30T17:24:55.9846792Z   Downloading asttokens-3.0.1-py3-none-any.whl.metadata (4.9 kB)
2025-12-30T17:24:56.0111819Z Collecting pure-eval (from stack_data->ipython->aqequil==0.41.0)
2025-12-30T17:24:56.0433477Z   Downloading pure_eval-0.2.3-py3-none-any.whl.metadata (6.3 kB)
2025-12-30T17:24:56.0962018Z Collecting requests (from wormutils->aqequil==0.41.0)
2025-12-30T17:24:56.1257651Z   Downloading requests-2.32.5-py3-none-any.whl.metadata (4.9 kB)
2025-12-30T17:24:56.1684934Z Collecting importlib_resources (from wormutils->aqequil==0.41.0)
2025-12-30T17:24:56.1982083Z   Downloading importlib_resources-6.5.2-py3-none-any.whl.metadata (3.9 kB)
2025-12-30T17:24:56.3249009Z Collecting charset_normalizer<4,>=2 (from requests->wormutils->aqequil==0.41.0)
2025-12-30T17:24:56.3552532Z   Downloading charset_normalizer-3.4.4-cp310-cp310-manylinux2014_x86_64.manylinux_2_17_x86_64.manylinux_2_28_x86_64.whl.metadata (37 kB)
2025-12-30T17:24:56.3856227Z Collecting idna<4,>=2.5 (from requests->wormutils->aqequil==0.41.0)
2025-12-30T17:24:56.4152138Z   Downloading idna-3.11-py3-none-any.whl.metadata (8.4 kB)
2025-12-30T17:24:56.4623223Z Collecting urllib3<3,>=1.21.1 (from requests->wormutils->aqequil==0.41.0)
2025-12-30T17:24:56.4923010Z   Downloading urllib3-2.6.2-py3-none-any.whl.metadata (6.6 kB)
2025-12-30T17:24:56.5305282Z Collecting certifi>=2017.4.17 (from requests->wormutils->aqequil==0.41.0)
2025-12-30T17:24:56.5609210Z   Downloading certifi-2025.11.12-py3-none-any.whl.metadata (2.5 kB)
2025-12-30T17:24:56.6022333Z Downloading chemparse-0.3.2-py3-none-any.whl (5.9 kB)
2025-12-30T17:24:56.6338241Z Downloading dill-0.4.0-py3-none-any.whl (119 kB)
2025-12-30T17:24:56.6710144Z Downloading ipython-8.37.0-py3-none-any.whl (831 kB)
2025-12-30T17:24:56.7350575Z    ━━━━━━━━━━━━━━━━━━━━━━━━━━━━━━━━━━━━━━━━ 831.9/831.9 kB 17.4 MB/s  0:00:00
2025-12-30T17:24:56.7653128Z Downloading prompt_toolkit-3.0.52-py3-none-any.whl (391 kB)
2025-12-30T17:24:56.8019889Z Downloading jedi-0.19.2-py2.py3-none-any.whl (1.6 MB)
2025-12-30T17:24:56.8426850Z    ━━━━━━━━━━━━━━━━━━━━━━━━━━━━━━━━━━━━━━━━ 1.6/1.6 MB 36.1 MB/s  0:00:00
2025-12-30T17:24:56.8729724Z Downloading parso-0.8.5-py2.py3-none-any.whl (106 kB)
2025-12-30T17:24:56.9053985Z Downloading pexpect-4.9.0-py2.py3-none-any.whl (63 kB)
2025-12-30T17:24:56.9373689Z Downloading ptyprocess-0.7.0-py2.py3-none-any.whl (13 kB)
2025-12-30T17:24:56.9694358Z Downloading pygments-2.19.2-py3-none-any.whl (1.2 MB)
2025-12-30T17:24:56.9802814Z    ━━━━━━━━━━━━━━━━━━━━━━━━━━━━━━━━━━━━━━━━ 1.2/1.2 MB 123.9 MB/s  0:00:00
2025-12-30T17:24:57.0102011Z Downloading traitlets-5.14.3-py3-none-any.whl (85 kB)
2025-12-30T17:24:57.0424023Z Downloading typing_extensions-4.15.0-py3-none-any.whl (44 kB)
2025-12-30T17:24:57.0741764Z Downloading decorator-5.2.1-py3-none-any.whl (9.2 kB)
2025-12-30T17:24:57.1059724Z Downloading exceptiongroup-1.3.1-py3-none-any.whl (16 kB)
2025-12-30T17:24:57.1381082Z Downloading ipywidgets-8.1.8-py3-none-any.whl (139 kB)
2025-12-30T17:24:57.1710001Z Downloading jupyterlab_widgets-3.0.16-py3-none-any.whl (914 kB)
2025-12-30T17:24:57.1800552Z    ━━━━━━━━━━━━━━━━━━━━━━━━━━━━━━━━━━━━━━━━ 914.9/914.9 kB 111.7 MB/s  0:00:00
2025-12-30T17:24:57.2108870Z Downloading widgetsnbextension-4.0.15-py3-none-any.whl (2.2 MB)
2025-12-30T17:24:57.2279319Z    ━━━━━━━━━━━━━━━━━━━━━━━━━━━━━━━━━━━━━━━━ 2.2/2.2 MB 137.8 MB/s  0:00:00
2025-12-30T17:24:57.2579183Z Downloading comm-0.2.3-py3-none-any.whl (7.3 kB)
2025-12-30T17:24:57.2910898Z Downloading matplotlib-3.10.8-cp310-cp310-manylinux2014_x86_64.manylinux_2_17_x86_64.whl (8.7 MB)
2025-12-30T17:24:57.3609244Z    ━━━━━━━━━━━━━━━━━━━━━━━━━━━━━━━━━━━━━━━━ 8.7/8.7 MB 126.5 MB/s  0:00:00
2025-12-30T17:24:57.3912734Z Downloading contourpy-1.3.2-cp310-cp310-manylinux_2_17_x86_64.manylinux2014_x86_64.whl (325 kB)
2025-12-30T17:24:57.4246058Z Downloading cycler-0.12.1-py3-none-any.whl (8.3 kB)
2025-12-30T17:24:57.4567480Z Downloading fonttools-4.61.1-cp310-cp310-manylinux2014_x86_64.manylinux_2_17_x86_64.whl (4.9 MB)
2025-12-30T17:24:57.4971195Z    ━━━━━━━━━━━━━━━━━━━━━━━━━━━━━━━━━━━━━━━━ 4.9/4.9 MB 122.8 MB/s  0:00:00
2025-12-30T17:24:57.5272561Z Downloading kiwisolver-1.4.9-cp310-cp310-manylinux_2_12_x86_64.manylinux2010_x86_64.whl (1.6 MB)
2025-12-30T17:24:57.5404674Z    ━━━━━━━━━━━━━━━━━━━━━━━━━━━━━━━━━━━━━━━━ 1.6/1.6 MB 134.3 MB/s  0:00:00
2025-12-30T17:24:57.5704115Z Downloading numpy-2.2.6-cp310-cp310-manylinux_2_17_x86_64.manylinux2014_x86_64.whl (16.8 MB)
2025-12-30T17:24:57.7163700Z    ━━━━━━━━━━━━━━━━━━━━━━━━━━━━━━━━━━━━━━━━ 16.8/16.8 MB 115.7 MB/s  0:00:00
2025-12-30T17:24:57.7462229Z Downloading packaging-25.0-py3-none-any.whl (66 kB)
2025-12-30T17:24:57.7787084Z Downloading pillow-12.0.0-cp310-cp310-manylinux_2_27_x86_64.manylinux_2_28_x86_64.whl (7.0 MB)
2025-12-30T17:24:57.8469720Z    ━━━━━━━━━━━━━━━━━━━━━━━━━━━━━━━━━━━━━━━━ 7.0/7.0 MB 103.7 MB/s  0:00:00
2025-12-30T17:24:57.8769943Z Downloading pyparsing-3.3.1-py3-none-any.whl (121 kB)
2025-12-30T17:24:57.9095547Z Downloading python_dateutil-2.9.0.post0-py2.py3-none-any.whl (229 kB)
2025-12-30T17:24:57.9450103Z Downloading six-1.17.0-py2.py3-none-any.whl (11 kB)
2025-12-30T17:24:57.9765592Z Downloading matplotlib_inline-0.2.1-py3-none-any.whl (9.5 kB)
2025-12-30T17:24:58.0081948Z Downloading natsort-8.4.0-py3-none-any.whl (38 kB)
2025-12-30T17:24:58.0400661Z Downloading pandas-2.3.3-cp310-cp310-manylinux_2_24_x86_64.manylinux_2_28_x86_64.whl (12.8 MB)
2025-12-30T17:24:58.1440823Z    ━━━━━━━━━━━━━━━━━━━━━━━━━━━━━━━━━━━━━━━━ 12.8/12.8 MB 124.0 MB/s  0:00:00
2025-12-30T17:24:58.1742930Z Downloading pytz-2025.2-py2.py3-none-any.whl (509 kB)
2025-12-30T17:24:58.2086502Z Downloading tzdata-2025.3-py2.py3-none-any.whl (348 kB)
2025-12-30T17:24:58.2431083Z Downloading periodictable-2.0.2-py3-none-any.whl (811 kB)
2025-12-30T17:24:58.2653397Z    ━━━━━━━━━━━━━━━━━━━━━━━━━━━━━━━━━━━━━━━━ 811.1/811.1 kB 59.6 MB/s  0:00:00
2025-12-30T17:24:58.2952409Z Downloading plotly-6.5.0-py3-none-any.whl (9.9 MB)
2025-12-30T17:24:58.3771047Z    ━━━━━━━━━━━━━━━━━━━━━━━━━━━━━━━━━━━━━━━━ 9.9/9.9 MB 122.7 MB/s  0:00:00
2025-12-30T17:24:58.4077698Z Downloading narwhals-2.14.0-py3-none-any.whl (430 kB)
2025-12-30T17:24:58.4423478Z Downloading pychnosz-1.1.11-cp310-cp310-manylinux_2_28_x86_64.whl (1.6 MB)
2025-12-30T17:24:58.4543628Z    ━━━━━━━━━━━━━━━━━━━━━━━━━━━━━━━━━━━━━━━━ 1.6/1.6 MB 161.9 MB/s  0:00:00
2025-12-30T17:24:58.4845747Z Downloading scipy-1.15.3-cp310-cp310-manylinux_2_17_x86_64.manylinux2014_x86_64.whl (37.7 MB)
2025-12-30T17:24:58.8178012Z    ━━━━━━━━━━━━━━━━━━━━━━━━━━━━━━━━━━━━━━━━ 37.7/37.7 MB 113.8 MB/s  0:00:00
2025-12-30T17:24:58.8474304Z Downloading roman-5.2-py3-none-any.whl (6.0 kB)
2025-12-30T17:24:58.8793456Z Downloading stack_data-0.6.3-py3-none-any.whl (24 kB)
2025-12-30T17:24:58.9109587Z Downloading asttokens-3.0.1-py3-none-any.whl (27 kB)
2025-12-30T17:24:58.9428319Z Downloading executing-2.2.1-py2.py3-none-any.whl (28 kB)
2025-12-30T17:24:58.9748840Z Downloading pure_eval-0.2.3-py3-none-any.whl (11 kB)
2025-12-30T17:24:59.0068155Z Downloading wcwidth-0.2.14-py2.py3-none-any.whl (37 kB)
2025-12-30T17:24:59.0387677Z Downloading wormutils-0.2.0-py3-none-any.whl (18 kB)
2025-12-30T17:24:59.0705464Z Downloading importlib_resources-6.5.2-py3-none-any.whl (37 kB)
2025-12-30T17:24:59.1024577Z Downloading requests-2.32.5-py3-none-any.whl (64 kB)
2025-12-30T17:24:59.1351123Z Downloading charset_normalizer-3.4.4-cp310-cp310-manylinux2014_x86_64.manylinux_2_17_x86_64.manylinux_2_28_x86_64.whl (153 kB)
2025-12-30T17:24:59.1677595Z Downloading idna-3.11-py3-none-any.whl (71 kB)
2025-12-30T17:24:59.1998267Z Downloading urllib3-2.6.2-py3-none-any.whl (131 kB)
2025-12-30T17:24:59.2327934Z Downloading certifi-2025.11.12-py3-none-any.whl (159 kB)
2025-12-30T17:24:59.6352638Z Installing collected packages: pytz, pure-eval, ptyprocess, widgetsnbextension, wcwidth, urllib3, tzdata, typing_extensions, traitlets, six, roman, pyparsing, pygments, pillow, pexpect, parso, packaging, numpy, natsort, narwhals, kiwisolver, jupyterlab_widgets, importlib_resources, idna, fonttools, executing, dill, decorator, cycler, comm, chemparse, charset_normalizer, certifi, asttokens, stack_data, scipy, requests, python-dateutil, prompt_toolkit, plotly, periodictable, matplotlib-inline, jedi, exceptiongroup, contourpy, pandas, matplotlib, ipython, wormutils, pychnosz, ipywidgets, aqequil
2025-12-30T17:25:17.1986152Z 
2025-12-30T17:25:17.2075250Z Successfully installed aqequil-0.41.0 asttokens-3.0.1 certifi-2025.11.12 charset_normalizer-3.4.4 chemparse-0.3.2 comm-0.2.3 contourpy-1.3.2 cycler-0.12.1 decorator-5.2.1 dill-0.4.0 exceptiongroup-1.3.1 executing-2.2.1 fonttools-4.61.1 idna-3.11 importlib_resources-6.5.2 ipython-8.37.0 ipywidgets-8.1.8 jedi-0.19.2 jupyterlab_widgets-3.0.16 kiwisolver-1.4.9 matplotlib-3.10.8 matplotlib-inline-0.2.1 narwhals-2.14.0 natsort-8.4.0 numpy-2.2.6 packaging-25.0 pandas-2.3.3 parso-0.8.5 periodictable-2.0.2 pexpect-4.9.0 pillow-12.0.0 plotly-6.5.0 prompt_toolkit-3.0.52 ptyprocess-0.7.0 pure-eval-0.2.3 pychnosz-1.1.11 pygments-2.19.2 pyparsing-3.3.1 python-dateutil-2.9.0.post0 pytz-2025.2 requests-2.32.5 roman-5.2 scipy-1.15.3 six-1.17.0 stack_data-0.6.3 traitlets-5.14.3 typing_extensions-4.15.0 tzdata-2025.3 urllib3-2.6.2 wcwidth-0.2.14 widgetsnbextension-4.0.15 wormutils-0.2.0
2025-12-30T17:25:17.5725518Z ##[group]Run python test_integration.py
2025-12-30T17:25:17.5725867Z [36;1mpython test_integration.py[0m
2025-12-30T17:25:17.5759506Z shell: /usr/bin/bash --noprofile --norc -e -o pipefail {0}
2025-12-30T17:25:17.5759826Z env:
2025-12-30T17:25:17.5760072Z   pythonLocation: /opt/hostedtoolcache/Python/3.10.19/x64
2025-12-30T17:25:17.5760483Z   PKG_CONFIG_PATH: /opt/hostedtoolcache/Python/3.10.19/x64/lib/pkgconfig
2025-12-30T17:25:17.5760898Z   Python_ROOT_DIR: /opt/hostedtoolcache/Python/3.10.19/x64
2025-12-30T17:25:17.5761254Z   Python2_ROOT_DIR: /opt/hostedtoolcache/Python/3.10.19/x64
2025-12-30T17:25:17.5761607Z   Python3_ROOT_DIR: /opt/hostedtoolcache/Python/3.10.19/x64
2025-12-30T17:25:17.5761979Z   LD_LIBRARY_PATH: /opt/hostedtoolcache/Python/3.10.19/x64/lib
2025-12-30T17:25:17.5762282Z ##[endgroup]
2025-12-30T17:25:20.1299922Z Traceback (most recent call last):
2025-12-30T17:25:20.1306763Z   File "/home/runner/work/aqequil/aqequil/aqequil/AqSpeciation.py", line 854, in runeqpt
2025-12-30T17:25:20.1307437Z     self.__run_eq_executable('eqpt', [data0_path], cwd=os.getcwd())
2025-12-30T17:25:20.1308159Z   File "/home/runner/work/aqequil/aqequil/aqequil/AqSpeciation.py", line 1114, in __run_eq_executable
2025-12-30T17:25:20.1308793Z     exe_path = os.path.join(self.eq36co, exe_name)
2025-12-30T17:25:20.1309654Z   File "/opt/hostedtoolcache/Python/3.10.19/x64/lib/python3.10/posixpath.py", line 76, in join
2025-12-30T17:25:20.1310206Z     a = os.fspath(a)
2025-12-30T17:25:20.1310557Z TypeError: expected str, bytes or os.PathLike object, not NoneType
2025-12-30T17:25:20.1310885Z 
2025-12-30T17:25:20.1311103Z During handling of the above exception, another exception occurred:
2025-12-30T17:25:20.1311674Z 
2025-12-30T17:25:20.1311784Z Traceback (most recent call last):
2025-12-30T17:25:20.1312299Z   File "/home/runner/work/aqequil/aqequil/test_integration.py", line 119, in test_runeqpt
2025-12-30T17:25:20.1312796Z     ae.runeqpt('wrm')
2025-12-30T17:25:20.1313256Z   File "/home/runner/work/aqequil/aqequil/aqequil/AqSpeciation.py", line 856, in runeqpt
2025-12-30T17:25:20.1313773Z     self.err_handler.raise_exception(
2025-12-30T17:25:20.1314495Z   File "/opt/hostedtoolcache/Python/3.10.19/x64/lib/python3.10/site-packages/wormutils/Error_Handler.py", line 57, in raise_exception
2025-12-30T17:25:20.1315200Z     raise Exception(msg)
2025-12-30T17:25:20.1315504Z Exception: Error: EQPT failed to run on data0.wrm.
2025-12-30T17:25:20.1321011Z Traceback (most recent call last):
2025-12-30T17:25:20.1321845Z   File "/home/runner/work/aqequil/aqequil/aqequil/AqSpeciation.py", line 854, in runeqpt
2025-12-30T17:25:20.1322699Z     self.__run_eq_executable('eqpt', [data0_path], cwd=os.getcwd())
2025-12-30T17:25:20.1323658Z   File "/home/runner/work/aqequil/aqequil/aqequil/AqSpeciation.py", line 1114, in __run_eq_executable
2025-12-30T17:25:20.1324515Z     exe_path = os.path.join(self.eq36co, exe_name)
2025-12-30T17:25:20.1325076Z   File "/opt/hostedtoolcache/Python/3.10.19/x64/lib/python3.10/posixpath.py", line 76, in join
2025-12-30T17:25:20.1325487Z     a = os.fspath(a)
2025-12-30T17:25:20.1325773Z TypeError: expected str, bytes or os.PathLike object, not NoneType
2025-12-30T17:25:20.1326042Z 
2025-12-30T17:25:20.1326212Z During handling of the above exception, another exception occurred:
2025-12-30T17:25:20.1326470Z 
2025-12-30T17:25:20.1326560Z Traceback (most recent call last):
2025-12-30T17:25:20.1327022Z   File "/home/runner/work/aqequil/aqequil/test_integration.py", line 186, in test_speciation_simple
2025-12-30T17:25:20.1327462Z     ae_eqpt.runeqpt('wrm')
2025-12-30T17:25:20.1327856Z   File "/home/runner/work/aqequil/aqequil/aqequil/AqSpeciation.py", line 856, in runeqpt
2025-12-30T17:25:20.1328276Z     self.err_handler.raise_exception(
2025-12-30T17:25:20.1328841Z   File "/opt/hostedtoolcache/Python/3.10.19/x64/lib/python3.10/site-packages/wormutils/Error_Handler.py", line 57, in raise_exception
2025-12-30T17:25:20.1329598Z     raise Exception(msg)
2025-12-30T17:25:20.1330078Z Exception: Error: EQPT failed to run on data0.wrm.
2025-12-30T17:25:28.6157052Z Traceback (most recent call last):
2025-12-30T17:25:28.6157974Z   File "/home/runner/work/aqequil/aqequil/aqequil/AqSpeciation.py", line 854, in runeqpt
2025-12-30T17:25:28.6159005Z     self.__run_eq_executable('eqpt', [data0_path], cwd=os.getcwd())
2025-12-30T17:25:28.6162165Z   File "/home/runner/work/aqequil/aqequil/aqequil/AqSpeciation.py", line 1114, in __run_eq_executable
2025-12-30T17:25:28.6163007Z     exe_path = os.path.join(self.eq36co, exe_name)
2025-12-30T17:25:28.6163824Z   File "/opt/hostedtoolcache/Python/3.10.19/x64/lib/python3.10/posixpath.py", line 76, in join
2025-12-30T17:25:28.6164594Z     a = os.fspath(a)
2025-12-30T17:25:28.6165145Z TypeError: expected str, bytes or os.PathLike object, not NoneType
2025-12-30T17:25:28.6165574Z 
2025-12-30T17:25:28.6165877Z During handling of the above exception, another exception occurred:
2025-12-30T17:25:28.6166351Z 
2025-12-30T17:25:28.6166515Z Traceback (most recent call last):
2025-12-30T17:25:28.6167413Z   File "/home/runner/work/aqequil/aqequil/test_integration.py", line 253, in test_water_rock_reaction
2025-12-30T17:25:28.6168276Z     speciation = ae.speciate(
2025-12-30T17:25:28.6169070Z   File "/home/runner/work/aqequil/aqequil/aqequil/AqSpeciation.py", line 1926, in speciate
2025-12-30T17:25:28.6170245Z     self.runeqpt(data0_lettercode, dynamic_db=True)
2025-12-30T17:25:28.6171134Z   File "/home/runner/work/aqequil/aqequil/aqequil/AqSpeciation.py", line 856, in runeqpt
2025-12-30T17:25:28.6171909Z     self.err_handler.raise_exception(
2025-12-30T17:25:28.6172959Z   File "/opt/hostedtoolcache/Python/3.10.19/x64/lib/python3.10/site-packages/wormutils/Error_Handler.py", line 57, in raise_exception
2025-12-30T17:25:28.6173830Z     raise Exception(msg)
2025-12-30T17:25:28.6174088Z Exception: Error: EQPT failed to run on data0.dyn.
2025-12-30T17:25:28.6174354Z 
2025-12-30T17:25:28.6174460Z ============================================================
2025-12-30T17:25:28.6174755Z AQEQUIL INTEGRATION TEST SUITE
2025-12-30T17:25:28.6175008Z ============================================================
2025-12-30T17:25:28.6175264Z Python: 3.10.19
2025-12-30T17:25:28.6175453Z Platform: linux
2025-12-30T17:25:28.6175640Z Architecture: x86_64
2025-12-30T17:25:28.6175852Z ============================================================
2025-12-30T17:25:28.6176126Z ============================================================
2025-12-30T17:25:28.6176413Z Test 1: Checking for bundled EQ3/6 executables
2025-12-30T17:25:28.6176693Z ============================================================
2025-12-30T17:25:28.6176977Z [FAIL] No bundled executables found!
2025-12-30T17:25:28.6177155Z 
2025-12-30T17:25:28.6177252Z ============================================================
2025-12-30T17:25:28.6177550Z Test 2: Testing aqequil import and basic usage
2025-12-30T17:25:28.6177829Z ============================================================
2025-12-30T17:25:28.6178108Z [OK] Successfully imported aqequil
2025-12-30T17:25:28.6178531Z [OK] Found test data at: /home/runner/work/aqequil/aqequil/aqequil/test_data/input_example_wrm.csv
2025-12-30T17:25:28.6178879Z 
2025-12-30T17:25:28.6178980Z ============================================================
2025-12-30T17:25:28.6179276Z Test 3: Testing runeqpt (data0 to data1 conversion)
2025-12-30T17:25:28.6179804Z ============================================================
2025-12-30T17:25:28.6180097Z [INFO] Working directory: /tmp/tmpoua9shoh
2025-12-30T17:25:28.6180370Z [OK] Copied data0.wrm to working directory
2025-12-30T17:25:28.6180630Z Running EQPT on data0.wrm...
2025-12-30T17:25:28.6180937Z [FAIL] Error during runeqpt: Error: EQPT failed to run on data0.wrm.
2025-12-30T17:25:28.6181193Z 
2025-12-30T17:25:28.6181291Z ============================================================
2025-12-30T17:25:28.6181726Z Test 4: Testing simple speciation (wrm database)
2025-12-30T17:25:28.6182021Z ============================================================
2025-12-30T17:25:28.6182642Z Running speciation on /home/runner/work/aqequil/aqequil/aqequil/test_data/input_example_wrm.csv...
2025-12-30T17:25:28.6183107Z [INFO] Working directory: /tmp/tmpv5r3zgg2
2025-12-30T17:25:28.6183384Z [OK] Copied data0.wrm to working directory
2025-12-30T17:25:28.6183652Z Running EQPT to create data1.wrm...
2025-12-30T17:25:28.6184012Z [FAIL] Error during simple speciation: Error: EQPT failed to run on data0.wrm.
2025-12-30T17:25:28.6184301Z 
2025-12-30T17:25:28.6184395Z ============================================================
2025-12-30T17:25:28.6184667Z Test 5: Testing water-rock reaction
2025-12-30T17:25:28.6184917Z ============================================================
2025-12-30T17:25:28.6185361Z Running speciation on /home/runner/work/aqequil/aqequil/aqequil/test_data/input_example_wrm.csv...
2025-12-30T17:25:28.6185816Z [INFO] Working directory: /tmp/tmpdoz6nia6
2025-12-30T17:25:28.6186142Z Getting wrm_data_latest.csv ready. This will take a moment...
2025-12-30T17:25:28.6186645Z No 'charge_balance_on' column found in input file. Defaulting to no charge balancing for all samples.
2025-12-30T17:25:28.6187305Z Warning: a column for Pressure was not found in the sample input file. Defaulting to water saturation pressure...
2025-12-30T17:25:28.6187901Z [FAIL] Error during water-rock reaction: Error: EQPT failed to run on data0.dyn.
2025-12-30T17:25:28.6188192Z 
2025-12-30T17:25:28.6188290Z ============================================================
2025-12-30T17:25:28.6188543Z TEST SUMMARY
2025-12-30T17:25:28.6188733Z ============================================================
2025-12-30T17:25:28.6189002Z [FAIL] Bundled Executables
2025-12-30T17:25:28.6189233Z [PASS] Import and Basic Usage
2025-12-30T17:25:28.6190052Z [FAIL] EQPT Data0 to Data1 Conversion
2025-12-30T17:25:28.6190535Z [FAIL] Simple Speciation (wrm database)
2025-12-30T17:25:28.6190843Z [FAIL] Water-Rock Reaction
2025-12-30T17:25:28.6191086Z ============================================================
2025-12-30T17:25:28.6191278Z 
2025-12-30T17:25:28.6191368Z [FAIL] Some tests failed!
2025-12-30T17:25:28.8316257Z ##[error]Process completed with exit code 1.
2025-12-30T17:25:28.8421163Z Post job cleanup.
2025-12-30T17:25:28.9363018Z [command]/usr/bin/git version
2025-12-30T17:25:28.9398727Z git version 2.52.0
2025-12-30T17:25:28.9449113Z Temporarily overriding HOME='/home/runner/work/_temp/9e2e8a66-a939-4177-8d4b-7c5fa7c0cf88' before making global git config changes
2025-12-30T17:25:28.9450477Z Adding repository directory to the temporary git global config as a safe directory
2025-12-30T17:25:28.9454618Z [command]/usr/bin/git config --global --add safe.directory /home/runner/work/aqequil/aqequil
2025-12-30T17:25:28.9489189Z [command]/usr/bin/git config --local --name-only --get-regexp core\.sshCommand
2025-12-30T17:25:28.9521788Z [command]/usr/bin/git submodule foreach --recursive sh -c "git config --local --name-only --get-regexp 'core\.sshCommand' && git config --local --unset-all 'core.sshCommand' || :"
2025-12-30T17:25:28.9752912Z [command]/usr/bin/git config --local --name-only --get-regexp http\.https\:\/\/github\.com\/\.extraheader
2025-12-30T17:25:28.9773606Z http.https://github.com/.extraheader
2025-12-30T17:25:28.9785478Z [command]/usr/bin/git config --local --unset-all http.https://github.com/.extraheader
2025-12-30T17:25:28.9815284Z [command]/usr/bin/git submodule foreach --recursive sh -c "git config --local --name-only --get-regexp 'http\.https\:\/\/github\.com\/\.extraheader' && git config --local --unset-all 'http.https://github.com/.extraheader' || :"
2025-12-30T17:25:29.0035656Z [command]/usr/bin/git config --local --name-only --get-regexp ^includeIf\.gitdir:
2025-12-30T17:25:29.0065353Z [command]/usr/bin/git submodule foreach --recursive git config --local --show-origin --name-only --get-regexp remote.origin.url
2025-12-30T17:25:29.0391155Z Cleaning up orphan processes
