2025-12-30T17:25:29.0123490Z Current runner version: '2.330.0'
2025-12-30T17:25:29.0170570Z ##[group]Runner Image Provisioner
2025-12-30T17:25:29.0172310Z Hosted Compute Agent
2025-12-30T17:25:29.0173110Z Version: 20251211.462
2025-12-30T17:25:29.0174000Z Commit: 6cbad8c2bb55d58165063d031ccabf57e2d2db61
2025-12-30T17:25:29.0175070Z Build Date: 2025-12-11T16:28:49Z
2025-12-30T17:25:29.0176060Z Worker ID: {5c7e97c0-3a44-4bed-8b24-eb2840a0d94a}
2025-12-30T17:25:29.0177130Z ##[endgroup]
2025-12-30T17:25:29.0177890Z ##[group]Operating System
2025-12-30T17:25:29.0178720Z macOS
2025-12-30T17:25:29.0179390Z 15.7.3
2025-12-30T17:25:29.0180040Z 24G419
2025-12-30T17:25:29.0180710Z ##[endgroup]
2025-12-30T17:25:29.0181420Z ##[group]Runner Image
2025-12-30T17:25:29.0182210Z Image: macos-15
2025-12-30T17:25:29.0182920Z Version: 20251216.0081.1
2025-12-30T17:25:29.0184680Z Included Software: https://github.com/actions/runner-images/blob/macos-15/20251216.0081/images/macos/macos-15-Readme.md
2025-12-30T17:25:29.0188160Z Image Release: https://github.com/actions/runner-images/releases/tag/macos-15%2F20251216.0081
2025-12-30T17:25:29.0189980Z ##[endgroup]
2025-12-30T17:25:29.0195970Z ##[group]GITHUB_TOKEN Permissions
2025-12-30T17:25:29.0199080Z Actions: write
2025-12-30T17:25:29.0199820Z ArtifactMetadata: write
2025-12-30T17:25:29.0200600Z Attestations: write
2025-12-30T17:25:29.0201320Z Checks: write
2025-12-30T17:25:29.0201990Z Contents: write
2025-12-30T17:25:29.0202700Z Deployments: write
2025-12-30T17:25:29.0203490Z Discussions: write
2025-12-30T17:25:29.0204210Z Issues: write
2025-12-30T17:25:29.0204890Z Metadata: read
2025-12-30T17:25:29.0205760Z Models: read
2025-12-30T17:25:29.0206450Z Packages: write
2025-12-30T17:25:29.0207150Z Pages: write
2025-12-30T17:25:29.0207830Z PullRequests: write
2025-12-30T17:25:29.0208730Z RepositoryProjects: write
2025-12-30T17:25:29.0209770Z SecurityEvents: write
2025-12-30T17:25:29.0210500Z Statuses: write
2025-12-30T17:25:29.0211190Z ##[endgroup]
2025-12-30T17:25:29.0216400Z Secret source: Actions
2025-12-30T17:25:29.0218030Z Prepare workflow directory
2025-12-30T17:25:29.0772070Z Prepare all required actions
2025-12-30T17:25:29.0840000Z Getting action download info
2025-12-30T17:25:29.3614750Z Download action repository 'actions/checkout@v4' (SHA:34e114876b0b11c390a56381ad16ebd13914f8d5)
2025-12-30T17:25:29.7999670Z Download action repository 'actions/setup-python@v5' (SHA:a26af69be951a213d495a4c3e4e4022e16d87065)
2025-12-30T17:25:30.0620300Z Download action repository 'actions/download-artifact@v4' (SHA:d3f86a106a0bac45b974a628896c90dbdf5c8093)
2025-12-30T17:25:32.5003190Z Complete job name: Test wheels on macos-15-intel with Python 3.10
2025-12-30T17:25:32.5929590Z ##[group]Run actions/checkout@v4
2025-12-30T17:25:32.5931560Z with:
2025-12-30T17:25:32.5932550Z   repository: worm-portal/aqequil
2025-12-30T17:25:32.5934100Z   token: ***
2025-12-30T17:25:32.5935020Z   ssh-strict: true
2025-12-30T17:25:32.5935970Z   ssh-user: git
2025-12-30T17:25:32.5936930Z   persist-credentials: true
2025-12-30T17:25:32.5938000Z   clean: true
2025-12-30T17:25:32.5939120Z   sparse-checkout-cone-mode: true
2025-12-30T17:25:32.5940270Z   fetch-depth: 1
2025-12-30T17:25:32.5941210Z   fetch-tags: false
2025-12-30T17:25:32.5942190Z   show-progress: true
2025-12-30T17:25:32.5943170Z   lfs: false
2025-12-30T17:25:32.5944090Z   submodules: false
2025-12-30T17:25:32.5945100Z   set-safe-directory: true
2025-12-30T17:25:32.5946880Z ##[endgroup]
2025-12-30T17:25:33.0533390Z Syncing repository: worm-portal/aqequil
2025-12-30T17:25:33.0537370Z ##[group]Getting Git version info
2025-12-30T17:25:33.0538970Z Working directory is '/Users/runner/work/aqequil/aqequil'
2025-12-30T17:25:33.0542880Z [command]/usr/local/bin/git version
2025-12-30T17:25:33.0918330Z git version 2.50.1
2025-12-30T17:25:33.0968570Z ##[endgroup]
2025-12-30T17:25:33.0995700Z Copying '/Users/runner/.gitconfig' to '/Users/runner/work/_temp/43117006-0d9d-438c-a3a1-c79e1006bb4d/.gitconfig'
2025-12-30T17:25:33.1017770Z Temporarily overriding HOME='/Users/runner/work/_temp/43117006-0d9d-438c-a3a1-c79e1006bb4d' before making global git config changes
2025-12-30T17:25:33.1022530Z Adding repository directory to the temporary git global config as a safe directory
2025-12-30T17:25:33.1025380Z [command]/usr/local/bin/git config --global --add safe.directory /Users/runner/work/aqequil/aqequil
2025-12-30T17:25:33.1181790Z Deleting the contents of '/Users/runner/work/aqequil/aqequil'
2025-12-30T17:25:33.1189320Z ##[group]Initializing the repository
2025-12-30T17:25:33.1195770Z [command]/usr/local/bin/git init /Users/runner/work/aqequil/aqequil
2025-12-30T17:25:33.1629730Z hint: Using 'master' as the name for the initial branch. This default branch name
2025-12-30T17:25:33.1636420Z hint: is subject to change. To configure the initial branch name to use in all
2025-12-30T17:25:33.1640780Z hint: of your new repositories, which will suppress this warning, call:
2025-12-30T17:25:33.1642560Z hint:
2025-12-30T17:25:33.1643790Z hint: 	git config --global init.defaultBranch <name>
2025-12-30T17:25:33.1645560Z hint:
2025-12-30T17:25:33.1647070Z hint: Names commonly chosen instead of 'master' are 'main', 'trunk' and
2025-12-30T17:25:33.1649150Z hint: 'development'. The just-created branch can be renamed via this command:
2025-12-30T17:25:33.1650970Z hint:
2025-12-30T17:25:33.1651960Z hint: 	git branch -m <name>
2025-12-30T17:25:33.1653450Z hint:
2025-12-30T17:25:33.1654880Z hint: Disable this message with "git config set advice.defaultBranchName false"
2025-12-30T17:25:33.1657690Z Initialized empty Git repository in /Users/runner/work/aqequil/aqequil/.git/
2025-12-30T17:25:33.1662070Z [command]/usr/local/bin/git remote add origin https://github.com/worm-portal/aqequil
2025-12-30T17:25:33.1801230Z ##[endgroup]
2025-12-30T17:25:33.1803750Z ##[group]Disabling automatic garbage collection
2025-12-30T17:25:33.1805620Z [command]/usr/local/bin/git config --local gc.auto 0
2025-12-30T17:25:33.2340020Z ##[endgroup]
2025-12-30T17:25:33.2341880Z ##[group]Setting up auth
2025-12-30T17:25:33.2349050Z [command]/usr/local/bin/git config --local --name-only --get-regexp core\.sshCommand
2025-12-30T17:25:33.2476250Z [command]/usr/local/bin/git submodule foreach --recursive sh -c "git config --local --name-only --get-regexp 'core\.sshCommand' && git config --local --unset-all 'core.sshCommand' || :"
2025-12-30T17:25:33.4476550Z [command]/usr/local/bin/git config --local --name-only --get-regexp http\.https\:\/\/github\.com\/\.extraheader
2025-12-30T17:25:33.4655560Z [command]/usr/local/bin/git submodule foreach --recursive sh -c "git config --local --name-only --get-regexp 'http\.https\:\/\/github\.com\/\.extraheader' && git config --local --unset-all 'http.https://github.com/.extraheader' || :"
2025-12-30T17:25:33.7103400Z [command]/usr/local/bin/git config --local --name-only --get-regexp ^includeIf\.gitdir:
2025-12-30T17:25:33.7328030Z [command]/usr/local/bin/git submodule foreach --recursive git config --local --show-origin --name-only --get-regexp remote.origin.url
2025-12-30T17:25:33.9384610Z [command]/usr/local/bin/git config --local http.https://github.com/.extraheader AUTHORIZATION: basic ***
2025-12-30T17:25:34.0329500Z ##[endgroup]
2025-12-30T17:25:34.0334880Z ##[group]Fetching the repository
2025-12-30T17:25:34.0344940Z [command]/usr/local/bin/git -c protocol.version=2 fetch --no-tags --prune --no-recurse-submodules --depth=1 origin +e6190a14876ae468a4b5041a8a90e6974fe01773:refs/remotes/origin/dev
2025-12-30T17:25:35.4752940Z From https://github.com/worm-portal/aqequil
2025-12-30T17:25:35.4755960Z  * [new ref]         e6190a14876ae468a4b5041a8a90e6974fe01773 -> origin/dev
2025-12-30T17:25:35.4900050Z ##[endgroup]
2025-12-30T17:25:35.5216800Z ##[group]Determining the checkout info
2025-12-30T17:25:35.5291030Z ##[endgroup]
2025-12-30T17:25:35.5410950Z [command]/usr/local/bin/git sparse-checkout disable
2025-12-30T17:25:35.5429160Z [command]/usr/local/bin/git config --local --unset-all extensions.worktreeConfig
2025-12-30T17:25:35.5440110Z ##[group]Checking out the ref
2025-12-30T17:25:35.5441440Z [command]/usr/local/bin/git checkout --progress --force -B dev refs/remotes/origin/dev
2025-12-30T17:25:36.0774870Z Switched to a new branch 'dev'
2025-12-30T17:25:36.0784100Z branch 'dev' set up to track 'origin/dev'.
2025-12-30T17:25:36.0799590Z ##[endgroup]
2025-12-30T17:25:36.0967710Z [command]/usr/local/bin/git log -1 --format=%H
2025-12-30T17:25:36.1094070Z e6190a14876ae468a4b5041a8a90e6974fe01773
2025-12-30T17:25:36.1529000Z ##[group]Run actions/setup-python@v5
2025-12-30T17:25:36.1529900Z with:
2025-12-30T17:25:36.1530340Z   python-version: 3.10
2025-12-30T17:25:36.1530820Z   check-latest: false
2025-12-30T17:25:36.1531590Z   token: ***
2025-12-30T17:25:36.1532030Z   update-environment: true
2025-12-30T17:25:36.1532590Z   allow-prereleases: false
2025-12-30T17:25:36.1533090Z   freethreaded: false
2025-12-30T17:25:36.1533570Z ##[endgroup]
2025-12-30T17:25:36.5768710Z ##[group]Installed versions
2025-12-30T17:25:36.7593760Z Successfully set up CPython (3.10.19)
2025-12-30T17:25:36.7614550Z ##[endgroup]
2025-12-30T17:25:36.8713490Z ##[group]Run actions/download-artifact@v4
2025-12-30T17:25:36.8714430Z with:
2025-12-30T17:25:36.8714970Z   name: wheels-macos-15-intel
2025-12-30T17:25:36.8715630Z   path: wheelhouse
2025-12-30T17:25:36.8716120Z   merge-multiple: false
2025-12-30T17:25:36.8716730Z   repository: worm-portal/aqequil
2025-12-30T17:25:36.8717370Z   run-id: 20601542873
2025-12-30T17:25:36.8717820Z env:
2025-12-30T17:25:36.8718500Z   pythonLocation: /Users/runner/hostedtoolcache/Python/3.10.19/x64
2025-12-30T17:25:36.8719910Z   PKG_CONFIG_PATH: /Users/runner/hostedtoolcache/Python/3.10.19/x64/lib/pkgconfig
2025-12-30T17:25:36.8721250Z   Python_ROOT_DIR: /Users/runner/hostedtoolcache/Python/3.10.19/x64
2025-12-30T17:25:36.8722370Z   Python2_ROOT_DIR: /Users/runner/hostedtoolcache/Python/3.10.19/x64
2025-12-30T17:25:36.8723560Z   Python3_ROOT_DIR: /Users/runner/hostedtoolcache/Python/3.10.19/x64
2025-12-30T17:25:36.8724500Z ##[endgroup]
2025-12-30T17:25:37.2056200Z Downloading single artifact
2025-12-30T17:25:37.3551660Z Preparing to download the following artifacts:
2025-12-30T17:25:37.3555150Z - wheels-macos-15-intel (ID: 4992802643, Size: 32151403, Expected Digest: sha256:87d5cb52b3e2ce5237d38046f28542092d009029ccc1e1a74a9c47868d6d41c4)
2025-12-30T17:25:37.4161280Z Redirecting to blob download url: https://productionresultssa19.blob.core.windows.net/actions-results/3359d908-0586-4c6c-8ddb-eda61a91ec84/workflow-job-run-a239d5fa-5836-5ee1-9985-73418e8ae9f1/artifacts/4eca8f0ccca97b165c4a1ab157d96140287a95618c1d8fd484d0f307b4615528.zip
2025-12-30T17:25:37.4163980Z Starting download of artifact to: /Users/runner/work/aqequil/aqequil/wheelhouse
2025-12-30T17:25:37.5177890Z (node:46339) [DEP0005] DeprecationWarning: Buffer() is deprecated due to security and usability issues. Please use the Buffer.alloc(), Buffer.allocUnsafe(), or Buffer.from() methods instead.
2025-12-30T17:25:37.5939220Z (Use `node --trace-deprecation ...` to show where the warning was created)
2025-12-30T17:25:38.7372300Z SHA256 digest of downloaded artifact is 87d5cb52b3e2ce5237d38046f28542092d009029ccc1e1a74a9c47868d6d41c4
2025-12-30T17:25:38.7374600Z Artifact download completed successfully.
2025-12-30T17:25:38.7375650Z Total of 1 artifact(s) downloaded
2025-12-30T17:25:38.7384580Z Download artifact has finished successfully
2025-12-30T17:25:38.7686160Z ##[group]Run PYVER=$(echo "3.10" | tr -d '.')
2025-12-30T17:25:38.7687000Z [36;1mPYVER=$(echo "3.10" | tr -d '.')[0m
2025-12-30T17:25:38.7687880Z [36;1mpython -m pip install wheelhouse/aqequil-*-cp${PYVER}-*.whl[0m
2025-12-30T17:25:38.7788620Z shell: /bin/bash --noprofile --norc -e -o pipefail {0}
2025-12-30T17:25:38.7789480Z env:
2025-12-30T17:25:38.7790290Z   pythonLocation: /Users/runner/hostedtoolcache/Python/3.10.19/x64
2025-12-30T17:25:38.7791560Z   PKG_CONFIG_PATH: /Users/runner/hostedtoolcache/Python/3.10.19/x64/lib/pkgconfig
2025-12-30T17:25:38.7792850Z   Python_ROOT_DIR: /Users/runner/hostedtoolcache/Python/3.10.19/x64
2025-12-30T17:25:38.7793990Z   Python2_ROOT_DIR: /Users/runner/hostedtoolcache/Python/3.10.19/x64
2025-12-30T17:25:38.7795770Z   Python3_ROOT_DIR: /Users/runner/hostedtoolcache/Python/3.10.19/x64
2025-12-30T17:25:38.7796690Z ##[endgroup]
2025-12-30T17:25:40.4642970Z Processing ./wheelhouse/aqequil-0.41.0-cp310-cp310-macosx_15_0_x86_64.whl
2025-12-30T17:25:40.9821210Z Collecting pandas (from aqequil==0.41.0)
2025-12-30T17:25:41.0328530Z   Downloading pandas-2.3.3-cp310-cp310-macosx_10_9_x86_64.whl.metadata (91 kB)
2025-12-30T17:25:41.5522210Z Collecting numpy (from aqequil==0.41.0)
2025-12-30T17:25:41.5772270Z   Downloading numpy-2.2.6-cp310-cp310-macosx_14_0_x86_64.whl.metadata (62 kB)
2025-12-30T17:25:41.9037560Z Collecting matplotlib (from aqequil==0.41.0)
2025-12-30T17:25:41.9646560Z   Downloading matplotlib-3.10.8-cp310-cp310-macosx_10_12_x86_64.whl.metadata (52 kB)
2025-12-30T17:25:42.0024690Z Collecting plotly (from aqequil==0.41.0)
2025-12-30T17:25:42.0099170Z   Downloading plotly-6.5.0-py3-none-any.whl.metadata (8.5 kB)
2025-12-30T17:25:42.1553530Z Collecting ipython (from aqequil==0.41.0)
2025-12-30T17:25:42.1822210Z   Downloading ipython-8.37.0-py3-none-any.whl.metadata (5.1 kB)
2025-12-30T17:25:42.1995570Z Collecting chemparse (from aqequil==0.41.0)
2025-12-30T17:25:42.2067350Z   Downloading chemparse-0.3.2-py3-none-any.whl.metadata (1.7 kB)
2025-12-30T17:25:42.2407040Z Collecting dill (from aqequil==0.41.0)
2025-12-30T17:25:42.2485830Z   Downloading dill-0.4.0-py3-none-any.whl.metadata (10 kB)
2025-12-30T17:25:42.2813000Z Collecting periodictable (from aqequil==0.41.0)
2025-12-30T17:25:42.2869890Z   Downloading periodictable-2.0.2-py3-none-any.whl.metadata (5.4 kB)
2025-12-30T17:25:42.3834400Z Collecting natsort (from aqequil==0.41.0)
2025-12-30T17:25:42.3839250Z   Downloading natsort-8.4.0-py3-none-any.whl.metadata (21 kB)
2025-12-30T17:25:42.3841580Z Collecting roman (from aqequil==0.41.0)
2025-12-30T17:25:42.3888490Z   Downloading roman-5.2-py3-none-any.whl.metadata (4.3 kB)
2025-12-30T17:25:42.4572420Z Collecting ipywidgets (from aqequil==0.41.0)
2025-12-30T17:25:42.4640940Z   Downloading ipywidgets-8.1.8-py3-none-any.whl.metadata (2.4 kB)
2025-12-30T17:25:42.4937850Z Collecting wormutils (from aqequil==0.41.0)
2025-12-30T17:25:42.5068310Z   Downloading wormutils-0.2.0-py3-none-any.whl.metadata (723 bytes)
2025-12-30T17:25:42.5608460Z Collecting pychnosz (from aqequil==0.41.0)
2025-12-30T17:25:42.5675660Z   Downloading pychnosz-1.1.11-cp310-cp310-macosx_15_0_x86_64.whl.metadata (8.2 kB)
2025-12-30T17:25:42.6055710Z Collecting decorator (from ipython->aqequil==0.41.0)
2025-12-30T17:25:42.6127520Z   Downloading decorator-5.2.1-py3-none-any.whl.metadata (3.9 kB)
2025-12-30T17:25:42.6428680Z Collecting exceptiongroup (from ipython->aqequil==0.41.0)
2025-12-30T17:25:42.6487580Z   Downloading exceptiongroup-1.3.1-py3-none-any.whl.metadata (6.7 kB)
2025-12-30T17:25:42.6825180Z Collecting jedi>=0.16 (from ipython->aqequil==0.41.0)
2025-12-30T17:25:42.6885680Z   Downloading jedi-0.19.2-py2.py3-none-any.whl.metadata (22 kB)
2025-12-30T17:25:42.7242200Z Collecting matplotlib-inline (from ipython->aqequil==0.41.0)
2025-12-30T17:25:42.7300350Z   Downloading matplotlib_inline-0.2.1-py3-none-any.whl.metadata (2.3 kB)
2025-12-30T17:25:42.7594250Z Collecting pexpect>4.3 (from ipython->aqequil==0.41.0)
2025-12-30T17:25:42.7655450Z   Downloading pexpect-4.9.0-py2.py3-none-any.whl.metadata (2.5 kB)
2025-12-30T17:25:42.8328870Z Collecting prompt_toolkit<3.1.0,>=3.0.41 (from ipython->aqequil==0.41.0)
2025-12-30T17:25:42.8384960Z   Downloading prompt_toolkit-3.0.52-py3-none-any.whl.metadata (6.4 kB)
2025-12-30T17:25:42.8845280Z Collecting pygments>=2.4.0 (from ipython->aqequil==0.41.0)
2025-12-30T17:25:42.8906240Z   Downloading pygments-2.19.2-py3-none-any.whl.metadata (2.5 kB)
2025-12-30T17:25:42.9163340Z Collecting stack_data (from ipython->aqequil==0.41.0)
2025-12-30T17:25:42.9250890Z   Downloading stack_data-0.6.3-py3-none-any.whl.metadata (18 kB)
2025-12-30T17:25:42.9697550Z Collecting traitlets>=5.13.0 (from ipython->aqequil==0.41.0)
2025-12-30T17:25:42.9771760Z   Downloading traitlets-5.14.3-py3-none-any.whl.metadata (10 kB)
2025-12-30T17:25:43.0219860Z Collecting typing_extensions>=4.6 (from ipython->aqequil==0.41.0)
2025-12-30T17:25:43.0284850Z   Downloading typing_extensions-4.15.0-py3-none-any.whl.metadata (3.3 kB)
2025-12-30T17:25:43.0620880Z Collecting wcwidth (from prompt_toolkit<3.1.0,>=3.0.41->ipython->aqequil==0.41.0)
2025-12-30T17:25:43.0684560Z   Downloading wcwidth-0.2.14-py2.py3-none-any.whl.metadata (15 kB)
2025-12-30T17:25:43.1250850Z Collecting parso<0.9.0,>=0.8.4 (from jedi>=0.16->ipython->aqequil==0.41.0)
2025-12-30T17:25:43.2254620Z   Downloading parso-0.8.5-py2.py3-none-any.whl.metadata (8.3 kB)
2025-12-30T17:25:43.2409910Z Collecting ptyprocess>=0.5 (from pexpect>4.3->ipython->aqequil==0.41.0)
2025-12-30T17:25:43.2412620Z   Downloading ptyprocess-0.7.0-py2.py3-none-any.whl.metadata (1.3 kB)
2025-12-30T17:25:43.2414970Z Collecting comm>=0.1.3 (from ipywidgets->aqequil==0.41.0)
2025-12-30T17:25:43.2448460Z   Downloading comm-0.2.3-py3-none-any.whl.metadata (3.7 kB)
2025-12-30T17:25:43.3535620Z Collecting widgetsnbextension~=4.0.14 (from ipywidgets->aqequil==0.41.0)
2025-12-30T17:25:43.3595150Z   Downloading widgetsnbextension-4.0.15-py3-none-any.whl.metadata (1.6 kB)
2025-12-30T17:25:43.3995600Z Collecting jupyterlab_widgets~=3.0.15 (from ipywidgets->aqequil==0.41.0)
2025-12-30T17:25:43.4054510Z   Downloading jupyterlab_widgets-3.0.16-py3-none-any.whl.metadata (20 kB)
2025-12-30T17:25:43.5459280Z Collecting contourpy>=1.0.1 (from matplotlib->aqequil==0.41.0)
2025-12-30T17:25:43.5540710Z   Downloading contourpy-1.3.2-cp310-cp310-macosx_10_9_x86_64.whl.metadata (5.5 kB)
2025-12-30T17:25:43.5915970Z Collecting cycler>=0.10 (from matplotlib->aqequil==0.41.0)
2025-12-30T17:25:43.5973530Z   Downloading cycler-0.12.1-py3-none-any.whl.metadata (3.8 kB)
2025-12-30T17:25:44.0159430Z Collecting fonttools>=4.22.0 (from matplotlib->aqequil==0.41.0)
2025-12-30T17:25:44.0723920Z   Downloading fonttools-4.61.1-cp310-cp310-macosx_10_9_x86_64.whl.metadata (114 kB)
2025-12-30T17:25:44.2317720Z Collecting kiwisolver>=1.3.1 (from matplotlib->aqequil==0.41.0)
2025-12-30T17:25:44.2321630Z   Downloading kiwisolver-1.4.9-cp310-cp310-macosx_10_9_x86_64.whl.metadata (6.3 kB)
2025-12-30T17:25:44.2644900Z Collecting packaging>=20.0 (from matplotlib->aqequil==0.41.0)
2025-12-30T17:25:44.3019790Z   Downloading packaging-25.0-py3-none-any.whl.metadata (3.3 kB)
2025-12-30T17:25:44.5993910Z Collecting pillow>=8 (from matplotlib->aqequil==0.41.0)
2025-12-30T17:25:44.6065130Z   Downloading pillow-12.0.0-cp310-cp310-macosx_10_10_x86_64.whl.metadata (8.8 kB)
2025-12-30T17:25:44.6692050Z Collecting pyparsing>=3 (from matplotlib->aqequil==0.41.0)
2025-12-30T17:25:44.6750400Z   Downloading pyparsing-3.3.1-py3-none-any.whl.metadata (5.6 kB)
2025-12-30T17:25:44.7047930Z Collecting python-dateutil>=2.7 (from matplotlib->aqequil==0.41.0)
2025-12-30T17:25:44.7105330Z   Downloading python_dateutil-2.9.0.post0-py2.py3-none-any.whl.metadata (8.4 kB)
2025-12-30T17:25:44.7533870Z Collecting six>=1.5 (from python-dateutil>=2.7->matplotlib->aqequil==0.41.0)
2025-12-30T17:25:44.7598340Z   Downloading six-1.17.0-py2.py3-none-any.whl.metadata (1.7 kB)
2025-12-30T17:25:44.8761640Z Collecting pytz>=2020.1 (from pandas->aqequil==0.41.0)
2025-12-30T17:25:44.9765650Z   Downloading pytz-2025.2-py2.py3-none-any.whl.metadata (22 kB)
2025-12-30T17:25:45.0391330Z Collecting tzdata>=2022.7 (from pandas->aqequil==0.41.0)
2025-12-30T17:25:45.0399580Z   Downloading tzdata-2025.3-py2.py3-none-any.whl.metadata (1.4 kB)
2025-12-30T17:25:45.0999270Z Collecting narwhals>=1.15.1 (from plotly->aqequil==0.41.0)
2025-12-30T17:25:45.1063040Z   Downloading narwhals-2.14.0-py3-none-any.whl.metadata (13 kB)
2025-12-30T17:25:45.4376830Z Collecting scipy>=1.7.0 (from pychnosz->aqequil==0.41.0)
2025-12-30T17:25:45.4464630Z   Downloading scipy-1.15.3-cp310-cp310-macosx_14_0_x86_64.whl.metadata (61 kB)
2025-12-30T17:25:45.5483310Z Collecting executing>=1.2.0 (from stack_data->ipython->aqequil==0.41.0)
2025-12-30T17:25:45.5544360Z   Downloading executing-2.2.1-py2.py3-none-any.whl.metadata (8.9 kB)
2025-12-30T17:25:45.5935200Z Collecting asttokens>=2.1.0 (from stack_data->ipython->aqequil==0.41.0)
2025-12-30T17:25:45.5997990Z   Downloading asttokens-3.0.1-py3-none-any.whl.metadata (4.9 kB)
2025-12-30T17:25:45.6291530Z Collecting pure-eval (from stack_data->ipython->aqequil==0.41.0)
2025-12-30T17:25:45.6355860Z   Downloading pure_eval-0.2.3-py3-none-any.whl.metadata (6.3 kB)
2025-12-30T17:25:45.7057060Z Collecting requests (from wormutils->aqequil==0.41.0)
2025-12-30T17:25:45.7121850Z   Downloading requests-2.32.5-py3-none-any.whl.metadata (4.9 kB)
2025-12-30T17:25:45.7766580Z Collecting importlib_resources (from wormutils->aqequil==0.41.0)
2025-12-30T17:25:45.7840970Z   Downloading importlib_resources-6.5.2-py3-none-any.whl.metadata (3.9 kB)
2025-12-30T17:25:46.0884490Z Collecting charset_normalizer<4,>=2 (from requests->wormutils->aqequil==0.41.0)
2025-12-30T17:25:46.1886500Z   Downloading charset_normalizer-3.4.4-cp310-cp310-macosx_10_9_universal2.whl.metadata (37 kB)
2025-12-30T17:25:46.2186650Z Collecting idna<4,>=2.5 (from requests->wormutils->aqequil==0.41.0)
2025-12-30T17:25:46.3189930Z   Downloading idna-3.11-py3-none-any.whl.metadata (8.4 kB)
2025-12-30T17:25:46.4192520Z Collecting urllib3<3,>=1.21.1 (from requests->wormutils->aqequil==0.41.0)
2025-12-30T17:25:46.5195670Z   Downloading urllib3-2.6.2-py3-none-any.whl.metadata (6.6 kB)
2025-12-30T17:25:46.5443190Z Collecting certifi>=2017.4.17 (from requests->wormutils->aqequil==0.41.0)
2025-12-30T17:25:46.5445590Z   Using cached certifi-2025.11.12-py3-none-any.whl.metadata (2.5 kB)
2025-12-30T17:25:46.5638390Z Downloading chemparse-0.3.2-py3-none-any.whl (5.9 kB)
2025-12-30T17:25:46.5810300Z Downloading dill-0.4.0-py3-none-any.whl (119 kB)
2025-12-30T17:25:46.5989520Z Downloading ipython-8.37.0-py3-none-any.whl (831 kB)
2025-12-30T17:25:46.6233270Z    ━━━━━━━━━━━━━━━━━━━━━━━━━━━━━━━━━━━━━━━━ 831.9/831.9 kB 31.7 MB/s  0:00:00
2025-12-30T17:25:46.6308020Z Downloading prompt_toolkit-3.0.52-py3-none-any.whl (391 kB)
2025-12-30T17:25:46.6561240Z Downloading jedi-0.19.2-py2.py3-none-any.whl (1.6 MB)
2025-12-30T17:25:46.6837840Z    ━━━━━━━━━━━━━━━━━━━━━━━━━━━━━━━━━━━━━━━━ 1.6/1.6 MB 55.0 MB/s  0:00:00
2025-12-30T17:25:46.6920450Z Downloading parso-0.8.5-py2.py3-none-any.whl (106 kB)
2025-12-30T17:25:46.7147510Z Downloading pexpect-4.9.0-py2.py3-none-any.whl (63 kB)
2025-12-30T17:25:46.7337150Z Downloading ptyprocess-0.7.0-py2.py3-none-any.whl (13 kB)
2025-12-30T17:25:46.7524390Z Downloading pygments-2.19.2-py3-none-any.whl (1.2 MB)
2025-12-30T17:25:46.7771210Z    ━━━━━━━━━━━━━━━━━━━━━━━━━━━━━━━━━━━━━━━━ 1.2/1.2 MB 49.0 MB/s  0:00:00
2025-12-30T17:25:46.7843490Z Downloading traitlets-5.14.3-py3-none-any.whl (85 kB)
2025-12-30T17:25:46.8124530Z Downloading typing_extensions-4.15.0-py3-none-any.whl (44 kB)
2025-12-30T17:25:46.8228640Z Downloading decorator-5.2.1-py3-none-any.whl (9.2 kB)
2025-12-30T17:25:46.8418640Z Downloading exceptiongroup-1.3.1-py3-none-any.whl (16 kB)
2025-12-30T17:25:46.8562050Z Downloading ipywidgets-8.1.8-py3-none-any.whl (139 kB)
2025-12-30T17:25:46.8744420Z Downloading jupyterlab_widgets-3.0.16-py3-none-any.whl (914 kB)
2025-12-30T17:25:46.8965710Z    ━━━━━━━━━━━━━━━━━━━━━━━━━━━━━━━━━━━━━━━━ 914.9/914.9 kB 35.3 MB/s  0:00:00
2025-12-30T17:25:46.9044640Z Downloading widgetsnbextension-4.0.15-py3-none-any.whl (2.2 MB)
2025-12-30T17:25:46.9371870Z    ━━━━━━━━━━━━━━━━━━━━━━━━━━━━━━━━━━━━━━━━ 2.2/2.2 MB 67.4 MB/s  0:00:00
2025-12-30T17:25:46.9434770Z Downloading comm-0.2.3-py3-none-any.whl (7.3 kB)
2025-12-30T17:25:46.9689690Z Downloading matplotlib-3.10.8-cp310-cp310-macosx_10_12_x86_64.whl (8.2 MB)
2025-12-30T17:25:47.0417230Z    ━━━━━━━━━━━━━━━━━━━━━━━━━━━━━━━━━━━━━━━━ 8.2/8.2 MB 115.8 MB/s  0:00:00
2025-12-30T17:25:47.0525320Z Downloading contourpy-1.3.2-cp310-cp310-macosx_10_9_x86_64.whl (268 kB)
2025-12-30T17:25:47.0946850Z Downloading cycler-0.12.1-py3-none-any.whl (8.3 kB)
2025-12-30T17:25:47.1138860Z Downloading fonttools-4.61.1-cp310-cp310-macosx_10_9_x86_64.whl (2.4 MB)
2025-12-30T17:25:47.1442290Z    ━━━━━━━━━━━━━━━━━━━━━━━━━━━━━━━━━━━━━━━━ 2.4/2.4 MB 82.1 MB/s  0:00:00
2025-12-30T17:25:47.1528200Z Downloading kiwisolver-1.4.9-cp310-cp310-macosx_10_9_x86_64.whl (66 kB)
2025-12-30T17:25:47.2142580Z Downloading numpy-2.2.6-cp310-cp310-macosx_14_0_x86_64.whl (6.9 MB)
2025-12-30T17:25:47.3146530Z    ━━━━━━━━━━━━━━━━━━━━━━━━━━━━━━━━━━━━━━━━ 6.9/6.9 MB 77.5 MB/s  0:00:00
2025-12-30T17:25:47.3246730Z Downloading packaging-25.0-py3-none-any.whl (66 kB)
2025-12-30T17:25:47.3547920Z Downloading pillow-12.0.0-cp310-cp310-macosx_10_10_x86_64.whl (5.3 MB)
2025-12-30T17:25:47.4163380Z    ━━━━━━━━━━━━━━━━━━━━━━━━━━━━━━━━━━━━━━━━ 5.3/5.3 MB 88.0 MB/s  0:00:00
2025-12-30T17:25:47.4259170Z Downloading pyparsing-3.3.1-py3-none-any.whl (121 kB)
2025-12-30T17:25:47.4580270Z Downloading python_dateutil-2.9.0.post0-py2.py3-none-any.whl (229 kB)
2025-12-30T17:25:47.4797690Z Downloading six-1.17.0-py2.py3-none-any.whl (11 kB)
2025-12-30T17:25:47.4981370Z Downloading matplotlib_inline-0.2.1-py3-none-any.whl (9.5 kB)
2025-12-30T17:25:47.5199880Z Downloading natsort-8.4.0-py3-none-any.whl (38 kB)
2025-12-30T17:25:47.5385910Z Downloading pandas-2.3.3-cp310-cp310-macosx_10_9_x86_64.whl (11.6 MB)
2025-12-30T17:25:47.6406590Z    ━━━━━━━━━━━━━━━━━━━━━━━━━━━━━━━━━━━━━━━━ 11.6/11.6 MB 115.0 MB/s  0:00:00
2025-12-30T17:25:47.6521300Z Downloading pytz-2025.2-py2.py3-none-any.whl (509 kB)
2025-12-30T17:25:47.7043390Z Downloading tzdata-2025.3-py2.py3-none-any.whl (348 kB)
2025-12-30T17:25:47.7314270Z Downloading periodictable-2.0.2-py3-none-any.whl (811 kB)
2025-12-30T17:25:47.7521280Z    ━━━━━━━━━━━━━━━━━━━━━━━━━━━━━━━━━━━━━━━━ 811.1/811.1 kB 31.8 MB/s  0:00:00
2025-12-30T17:25:47.7601960Z Downloading plotly-6.5.0-py3-none-any.whl (9.9 MB)
2025-12-30T17:25:47.8523680Z    ━━━━━━━━━━━━━━━━━━━━━━━━━━━━━━━━━━━━━━━━ 9.9/9.9 MB 109.8 MB/s  0:00:00
2025-12-30T17:25:47.8615050Z Downloading narwhals-2.14.0-py3-none-any.whl (430 kB)
2025-12-30T17:25:47.9062830Z Downloading pychnosz-1.1.11-cp310-cp310-macosx_15_0_x86_64.whl (2.1 MB)
2025-12-30T17:25:47.9394450Z    ━━━━━━━━━━━━━━━━━━━━━━━━━━━━━━━━━━━━━━━━ 2.1/2.1 MB 63.2 MB/s  0:00:00
2025-12-30T17:25:47.9494210Z Downloading scipy-1.15.3-cp310-cp310-macosx_14_0_x86_64.whl (25.1 MB)
2025-12-30T17:25:48.3988870Z    ━━━━━━━━━━━━━━━━━━━━━━━━━━━━━━━━━━━━━━━━ 25.1/25.1 MB 59.9 MB/s  0:00:00
2025-12-30T17:25:48.4161310Z Downloading roman-5.2-py3-none-any.whl (6.0 kB)
2025-12-30T17:25:48.4639580Z Downloading stack_data-0.6.3-py3-none-any.whl (24 kB)
2025-12-30T17:25:48.4723000Z Downloading asttokens-3.0.1-py3-none-any.whl (27 kB)
2025-12-30T17:25:48.4880860Z Downloading executing-2.2.1-py2.py3-none-any.whl (28 kB)
2025-12-30T17:25:48.5069730Z Downloading pure_eval-0.2.3-py3-none-any.whl (11 kB)
2025-12-30T17:25:48.5276510Z Downloading wcwidth-0.2.14-py2.py3-none-any.whl (37 kB)
2025-12-30T17:25:48.5423360Z Downloading wormutils-0.2.0-py3-none-any.whl (18 kB)
2025-12-30T17:25:48.5593200Z Downloading importlib_resources-6.5.2-py3-none-any.whl (37 kB)
2025-12-30T17:25:48.5757340Z Downloading requests-2.32.5-py3-none-any.whl (64 kB)
2025-12-30T17:25:48.5935690Z Downloading charset_normalizer-3.4.4-cp310-cp310-macosx_10_9_universal2.whl (209 kB)
2025-12-30T17:25:48.6150890Z Downloading idna-3.11-py3-none-any.whl (71 kB)
2025-12-30T17:25:48.6496870Z Downloading urllib3-2.6.2-py3-none-any.whl (131 kB)
2025-12-30T17:25:48.6499870Z Using cached certifi-2025.11.12-py3-none-any.whl (159 kB)
2025-12-30T17:25:49.4772370Z Installing collected packages: pytz, pure-eval, ptyprocess, widgetsnbextension, wcwidth, urllib3, tzdata, typing_extensions, traitlets, six, roman, pyparsing, pygments, pillow, pexpect, parso, packaging, numpy, natsort, narwhals, kiwisolver, jupyterlab_widgets, importlib_resources, idna, fonttools, executing, dill, decorator, cycler, comm, chemparse, charset_normalizer, certifi, asttokens, stack_data, scipy, requests, python-dateutil, prompt_toolkit, plotly, periodictable, matplotlib-inline, jedi, exceptiongroup, contourpy, pandas, matplotlib, ipython, wormutils, pychnosz, ipywidgets, aqequil
2025-12-30T17:26:19.8322160Z 
2025-12-30T17:26:19.8477110Z Successfully installed aqequil-0.41.0 asttokens-3.0.1 certifi-2025.11.12 charset_normalizer-3.4.4 chemparse-0.3.2 comm-0.2.3 contourpy-1.3.2 cycler-0.12.1 decorator-5.2.1 dill-0.4.0 exceptiongroup-1.3.1 executing-2.2.1 fonttools-4.61.1 idna-3.11 importlib_resources-6.5.2 ipython-8.37.0 ipywidgets-8.1.8 jedi-0.19.2 jupyterlab_widgets-3.0.16 kiwisolver-1.4.9 matplotlib-3.10.8 matplotlib-inline-0.2.1 narwhals-2.14.0 natsort-8.4.0 numpy-2.2.6 packaging-25.0 pandas-2.3.3 parso-0.8.5 periodictable-2.0.2 pexpect-4.9.0 pillow-12.0.0 plotly-6.5.0 prompt_toolkit-3.0.52 ptyprocess-0.7.0 pure-eval-0.2.3 pychnosz-1.1.11 pygments-2.19.2 pyparsing-3.3.1 python-dateutil-2.9.0.post0 pytz-2025.2 requests-2.32.5 roman-5.2 scipy-1.15.3 six-1.17.0 stack_data-0.6.3 traitlets-5.14.3 typing_extensions-4.15.0 tzdata-2025.3 urllib3-2.6.2 wcwidth-0.2.14 widgetsnbextension-4.0.15 wormutils-0.2.0
2025-12-30T17:26:20.3759400Z ##[group]Run echo "Checking architecture of bundled executables..."
2025-12-30T17:26:20.3760810Z [36;1mecho "Checking architecture of bundled executables..."[0m
2025-12-30T17:26:20.3764170Z [36;1mpython -c "import aqequil; from aqequil.AqSpeciation import _get_bundled_exe_path; import os; bin_path = _get_bundled_exe_path(); print(f'Binary path: {bin_path}'); import subprocess; result = subprocess.run(['file', os.path.join(bin_path, 'eqpt')], capture_output=True, text=True); print(result.stdout)"[0m
2025-12-30T17:26:20.3853080Z shell: /bin/bash --noprofile --norc -e -o pipefail {0}
2025-12-30T17:26:20.3853870Z env:
2025-12-30T17:26:20.3855030Z   pythonLocation: /Users/runner/hostedtoolcache/Python/3.10.19/x64
2025-12-30T17:26:20.3856360Z   PKG_CONFIG_PATH: /Users/runner/hostedtoolcache/Python/3.10.19/x64/lib/pkgconfig
2025-12-30T17:26:20.3857550Z   Python_ROOT_DIR: /Users/runner/hostedtoolcache/Python/3.10.19/x64
2025-12-30T17:26:20.3858880Z   Python2_ROOT_DIR: /Users/runner/hostedtoolcache/Python/3.10.19/x64
2025-12-30T17:26:20.3860240Z   Python3_ROOT_DIR: /Users/runner/hostedtoolcache/Python/3.10.19/x64
2025-12-30T17:26:20.3861240Z ##[endgroup]
2025-12-30T17:26:20.4143300Z Checking architecture of bundled executables...
2025-12-30T17:26:28.0218430Z Matplotlib is building the font cache; this may take a moment.
2025-12-30T17:26:49.6024110Z Traceback (most recent call last):
2025-12-30T17:26:49.6034620Z   File "<string>", line 1, in <module>
2025-12-30T17:26:49.6035280Z Binary path: None
2025-12-30T17:26:49.6036410Z   File "/Users/runner/hostedtoolcache/Python/3.10.19/x64/lib/python3.10/posixpath.py", line 76, in join
2025-12-30T17:26:49.6037510Z     a = os.fspath(a)
2025-12-30T17:26:49.6038210Z TypeError: expected str, bytes or os.PathLike object, not NoneType
2025-12-30T17:26:49.9949590Z ##[error]Process completed with exit code 1.
2025-12-30T17:26:50.0045460Z ##[group]Run python test_integration.py
2025-12-30T17:26:50.0046220Z [36;1mpython test_integration.py[0m
2025-12-30T17:26:50.0129690Z shell: /bin/bash --noprofile --norc -e -o pipefail {0}
2025-12-30T17:26:50.0130490Z env:
2025-12-30T17:26:50.0131140Z   pythonLocation: /Users/runner/hostedtoolcache/Python/3.10.19/x64
2025-12-30T17:26:50.0135160Z   PKG_CONFIG_PATH: /Users/runner/hostedtoolcache/Python/3.10.19/x64/lib/pkgconfig
2025-12-30T17:26:50.0137120Z   Python_ROOT_DIR: /Users/runner/hostedtoolcache/Python/3.10.19/x64
2025-12-30T17:26:50.0139130Z   Python2_ROOT_DIR: /Users/runner/hostedtoolcache/Python/3.10.19/x64
2025-12-30T17:26:50.0140590Z   Python3_ROOT_DIR: /Users/runner/hostedtoolcache/Python/3.10.19/x64
2025-12-30T17:26:50.0142910Z ##[endgroup]
2025-12-30T17:26:52.8494760Z Traceback (most recent call last):
2025-12-30T17:26:52.8520900Z   File "/Users/runner/work/aqequil/aqequil/aqequil/AqSpeciation.py", line 854, in runeqpt
2025-12-30T17:26:52.8550330Z     self.__run_eq_executable('eqpt', [data0_path], cwd=os.getcwd())
2025-12-30T17:26:52.8584210Z   File "/Users/runner/work/aqequil/aqequil/aqequil/AqSpeciation.py", line 1114, in __run_eq_executable
2025-12-30T17:26:52.8624360Z     exe_path = os.path.join(self.eq36co, exe_name)
2025-12-30T17:26:52.8657690Z   File "/Users/runner/hostedtoolcache/Python/3.10.19/x64/lib/python3.10/posixpath.py", line 76, in join
2025-12-30T17:26:52.8703260Z     a = os.fspath(a)
2025-12-30T17:26:52.8721050Z TypeError: expected str, bytes or os.PathLike object, not NoneType
2025-12-30T17:26:52.8765680Z 
2025-12-30T17:26:52.8803380Z During handling of the above exception, another exception occurred:
2025-12-30T17:26:52.8830090Z 
2025-12-30T17:26:52.8845170Z Traceback (most recent call last):
2025-12-30T17:26:52.8883650Z   File "/Users/runner/work/aqequil/aqequil/test_integration.py", line 119, in test_runeqpt
2025-12-30T17:26:52.8930960Z     ae.runeqpt('wrm')
2025-12-30T17:26:52.8960410Z   File "/Users/runner/work/aqequil/aqequil/aqequil/AqSpeciation.py", line 856, in runeqpt
2025-12-30T17:26:52.8982750Z     self.err_handler.raise_exception(
2025-12-30T17:26:52.8995420Z   File "/Users/runner/hostedtoolcache/Python/3.10.19/x64/lib/python3.10/site-packages/wormutils/Error_Handler.py", line 57, in raise_exception
2025-12-30T17:26:52.9008640Z     raise Exception(msg)
2025-12-30T17:26:52.9013680Z Exception: Error: EQPT failed to run on data0.wrm.
2025-12-30T17:26:52.9016710Z Traceback (most recent call last):
2025-12-30T17:26:52.9019940Z   File "/Users/runner/work/aqequil/aqequil/aqequil/AqSpeciation.py", line 854, in runeqpt
2025-12-30T17:26:52.9023920Z     self.__run_eq_executable('eqpt', [data0_path], cwd=os.getcwd())
2025-12-30T17:26:52.9030460Z   File "/Users/runner/work/aqequil/aqequil/aqequil/AqSpeciation.py", line 1114, in __run_eq_executable
2025-12-30T17:26:52.9035190Z     exe_path = os.path.join(self.eq36co, exe_name)
2025-12-30T17:26:52.9038620Z   File "/Users/runner/hostedtoolcache/Python/3.10.19/x64/lib/python3.10/posixpath.py", line 76, in join
2025-12-30T17:26:52.9063520Z     a = os.fspath(a)
2025-12-30T17:26:52.9124230Z TypeError: expected str, bytes or os.PathLike object, not NoneType
2025-12-30T17:26:52.9147170Z 
2025-12-30T17:26:52.9323920Z During handling of the above exception, another exception occurred:
2025-12-30T17:26:52.9488530Z 
2025-12-30T17:26:52.9519610Z Traceback (most recent call last):
2025-12-30T17:26:52.9537450Z   File "/Users/runner/work/aqequil/aqequil/test_integration.py", line 186, in test_speciation_simple
2025-12-30T17:26:52.9548340Z     ae_eqpt.runeqpt('wrm')
2025-12-30T17:26:52.9550920Z   File "/Users/runner/work/aqequil/aqequil/aqequil/AqSpeciation.py", line 856, in runeqpt
2025-12-30T17:26:52.9554300Z     self.err_handler.raise_exception(
2025-12-30T17:26:52.9562400Z   File "/Users/runner/hostedtoolcache/Python/3.10.19/x64/lib/python3.10/site-packages/wormutils/Error_Handler.py", line 57, in raise_exception
2025-12-30T17:26:52.9567090Z     raise Exception(msg)
2025-12-30T17:26:52.9571390Z Exception: Error: EQPT failed to run on data0.wrm.
2025-12-30T17:27:08.5045950Z Traceback (most recent call last):
2025-12-30T17:27:08.5046550Z 
2025-12-30T17:27:08.5213790Z   File "/Users/runner/work/aqequil/aqequil/aqequil/AqSpeciation.py", line 854, in runeqpt
2025-12-30T17:27:08.5215100Z ============================================================
2025-12-30T17:27:08.5678190Z     self.__run_eq_executable('eqpt', [data0_path], cwd=os.getcwd())
2025-12-30T17:27:08.5679550Z AQEQUIL INTEGRATION TEST SUITE
2025-12-30T17:27:08.5800060Z   File "/Users/runner/work/aqequil/aqequil/aqequil/AqSpeciation.py", line 1114, in __run_eq_executable
2025-12-30T17:27:08.5801490Z ============================================================
2025-12-30T17:27:08.6804860Z     exe_path = os.path.join(self.eq36co, exe_name)
2025-12-30T17:27:08.6805920Z Python: 3.10.19
2025-12-30T17:27:08.7107710Z   File "/Users/runner/hostedtoolcache/Python/3.10.19/x64/lib/python3.10/posixpath.py", line 76, in join
2025-12-30T17:27:08.7109370Z Platform: darwin
2025-12-30T17:27:08.7258970Z     a = os.fspath(a)
2025-12-30T17:27:08.7259610Z Architecture: x86_64
2025-12-30T17:27:08.7359580Z TypeError: expected str, bytes or os.PathLike object, not NoneType
2025-12-30T17:27:08.7360630Z ============================================================
2025-12-30T17:27:08.7459530Z 
2025-12-30T17:27:08.7460050Z ============================================================
2025-12-30T17:27:08.7503740Z During handling of the above exception, another exception occurred:
2025-12-30T17:27:08.7504800Z Test 1: Checking for bundled EQ3/6 executables
2025-12-30T17:27:08.7680310Z 
2025-12-30T17:27:08.7680850Z ============================================================
2025-12-30T17:27:08.7764740Z Traceback (most recent call last):
2025-12-30T17:27:08.7765550Z [FAIL] No bundled executables found!
2025-12-30T17:27:08.7816200Z   File "/Users/runner/work/aqequil/aqequil/test_integration.py", line 253, in test_water_rock_reaction
2025-12-30T17:27:08.7817440Z 
2025-12-30T17:27:08.7882190Z     speciation = ae.speciate(
2025-12-30T17:27:08.7882850Z ============================================================
2025-12-30T17:27:08.8002910Z   File "/Users/runner/work/aqequil/aqequil/aqequil/AqSpeciation.py", line 1926, in speciate
2025-12-30T17:27:08.8004290Z Test 2: Testing aqequil import and basic usage
2025-12-30T17:27:08.8005230Z     self.runeqpt(data0_lettercode, dynamic_db=True)
2025-12-30T17:27:08.8090150Z ============================================================
2025-12-30T17:27:08.8091490Z   File "/Users/runner/work/aqequil/aqequil/aqequil/AqSpeciation.py", line 856, in runeqpt
2025-12-30T17:27:08.8155780Z [OK] Successfully imported aqequil
2025-12-30T17:27:08.8157120Z     self.err_handler.raise_exception(
2025-12-30T17:27:08.8204620Z [OK] Found test data at: /Users/runner/work/aqequil/aqequil/aqequil/test_data/input_example_wrm.csv
2025-12-30T17:27:08.8208770Z   File "/Users/runner/hostedtoolcache/Python/3.10.19/x64/lib/python3.10/site-packages/wormutils/Error_Handler.py", line 57, in raise_exception
2025-12-30T17:27:08.8240660Z 
2025-12-30T17:27:08.8263740Z     raise Exception(msg)
2025-12-30T17:27:08.8328470Z ============================================================
2025-12-30T17:27:08.8329610Z Exception: Error: EQPT failed to run on data0.dyn.
2025-12-30T17:27:08.8357750Z Test 3: Testing runeqpt (data0 to data1 conversion)
2025-12-30T17:27:08.8414870Z ============================================================
2025-12-30T17:27:08.8511760Z [INFO] Working directory: /var/folders/6k/3_2ylbdd4rl8w3kbs55s3kk80000gn/T/tmp8dx8fjml
2025-12-30T17:27:08.8594650Z [OK] Copied data0.wrm to working directory
2025-12-30T17:27:08.8642630Z Running EQPT on data0.wrm...
2025-12-30T17:27:08.8650710Z [FAIL] Error during runeqpt: Error: EQPT failed to run on data0.wrm.
2025-12-30T17:27:08.8695900Z 
2025-12-30T17:27:08.8761500Z ============================================================
2025-12-30T17:27:08.8802700Z Test 4: Testing simple speciation (wrm database)
2025-12-30T17:27:08.8869580Z ============================================================
2025-12-30T17:27:08.8928790Z Running speciation on /Users/runner/work/aqequil/aqequil/aqequil/test_data/input_example_wrm.csv...
2025-12-30T17:27:08.8976800Z [INFO] Working directory: /var/folders/6k/3_2ylbdd4rl8w3kbs55s3kk80000gn/T/tmpl5d00xjk
2025-12-30T17:27:08.9027220Z [OK] Copied data0.wrm to working directory
2025-12-30T17:27:08.9128130Z Running EQPT to create data1.wrm...
2025-12-30T17:27:08.9170730Z [FAIL] Error during simple speciation: Error: EQPT failed to run on data0.wrm.
2025-12-30T17:27:08.9224950Z 
2025-12-30T17:27:08.9289050Z ============================================================
2025-12-30T17:27:08.9384970Z Test 5: Testing water-rock reaction
2025-12-30T17:27:08.9419910Z ============================================================
2025-12-30T17:27:08.9467580Z Running speciation on /Users/runner/work/aqequil/aqequil/aqequil/test_data/input_example_wrm.csv...
2025-12-30T17:27:08.9511990Z [INFO] Working directory: /var/folders/6k/3_2ylbdd4rl8w3kbs55s3kk80000gn/T/tmpyii_u25k
2025-12-30T17:27:08.9579000Z Getting wrm_data_latest.csv ready. This will take a moment...
2025-12-30T17:27:08.9643140Z No 'charge_balance_on' column found in input file. Defaulting to no charge balancing for all samples.
2025-12-30T17:27:08.9704270Z Warning: a column for Pressure was not found in the sample input file. Defaulting to water saturation pressure...
2025-12-30T17:27:08.9744110Z [FAIL] Error during water-rock reaction: Error: EQPT failed to run on data0.dyn.
2025-12-30T17:27:08.9787050Z 
2025-12-30T17:27:08.9830520Z ============================================================
2025-12-30T17:27:08.9857070Z TEST SUMMARY
2025-12-30T17:27:08.9916390Z ============================================================
2025-12-30T17:27:08.9948310Z [FAIL] Bundled Executables
2025-12-30T17:27:08.9992330Z [PASS] Import and Basic Usage
2025-12-30T17:27:09.0031780Z [FAIL] EQPT Data0 to Data1 Conversion
2025-12-30T17:27:09.0076420Z [FAIL] Simple Speciation (wrm database)
2025-12-30T17:27:09.0137460Z [FAIL] Water-Rock Reaction
2025-12-30T17:27:09.0237800Z ============================================================
2025-12-30T17:27:09.0257920Z 
2025-12-30T17:27:09.0286150Z [FAIL] Some tests failed!
2025-12-30T17:27:09.0352630Z ##[error]Process completed with exit code 1.
2025-12-30T17:27:09.0575470Z Post job cleanup.
2025-12-30T17:27:09.3246970Z [command]/usr/local/bin/git version
2025-12-30T17:27:09.3275740Z git version 2.50.1
2025-12-30T17:27:09.4635140Z Copying '/Users/runner/.gitconfig' to '/Users/runner/work/_temp/43656eb0-ede9-4694-95ea-ef873574277e/.gitconfig'
2025-12-30T17:27:09.4738240Z Temporarily overriding HOME='/Users/runner/work/_temp/43656eb0-ede9-4694-95ea-ef873574277e' before making global git config changes
2025-12-30T17:27:09.4850410Z Adding repository directory to the temporary git global config as a safe directory
2025-12-30T17:27:09.4910630Z [command]/usr/local/bin/git config --global --add safe.directory /Users/runner/work/aqequil/aqequil
2025-12-30T17:27:09.5062310Z [command]/usr/local/bin/git config --local --name-only --get-regexp core\.sshCommand
2025-12-30T17:27:09.5166190Z [command]/usr/local/bin/git submodule foreach --recursive sh -c "git config --local --name-only --get-regexp 'core\.sshCommand' && git config --local --unset-all 'core.sshCommand' || :"
2025-12-30T17:27:09.5612290Z [command]/usr/local/bin/git config --local --name-only --get-regexp http\.https\:\/\/github\.com\/\.extraheader
2025-12-30T17:27:09.5715000Z http.https://github.com/.extraheader
2025-12-30T17:27:09.5812220Z [command]/usr/local/bin/git config --local --unset-all http.https://github.com/.extraheader
2025-12-30T17:27:09.6266190Z [command]/usr/local/bin/git submodule foreach --recursive sh -c "git config --local --name-only --get-regexp 'http\.https\:\/\/github\.com\/\.extraheader' && git config --local --unset-all 'http.https://github.com/.extraheader' || :"
2025-12-30T17:27:09.8729750Z [command]/usr/local/bin/git config --local --name-only --get-regexp ^includeIf\.gitdir:
2025-12-30T17:27:09.8899330Z [command]/usr/local/bin/git submodule foreach --recursive git config --local --show-origin --name-only --get-regexp remote.origin.url
2025-12-30T17:27:10.1103430Z Cleaning up orphan processes
