2025-12-30T17:24:45.1604620Z Current runner version: '2.330.0'
2025-12-30T17:24:45.1631400Z ##[group]Runner Image Provisioner
2025-12-30T17:24:45.1632270Z Hosted Compute Agent
2025-12-30T17:24:45.1632850Z Version: 20251211.462
2025-12-30T17:24:45.1633500Z Commit: 6cbad8c2bb55d58165063d031ccabf57e2d2db61
2025-12-30T17:24:45.1634290Z Build Date: 2025-12-11T16:28:49Z
2025-12-30T17:24:45.1635000Z Worker ID: {442c00d0-091d-4fcc-b594-60bb08f78dbf}
2025-12-30T17:24:45.1635750Z ##[endgroup]
2025-12-30T17:24:45.1636300Z ##[group]Operating System
2025-12-30T17:24:45.1636910Z macOS
2025-12-30T17:24:45.1637390Z 15.7.3
2025-12-30T17:24:45.1637850Z 24G419
2025-12-30T17:24:45.1638320Z ##[endgroup]
2025-12-30T17:24:45.1638840Z ##[group]Runner Image
2025-12-30T17:24:45.1639400Z Image: macos-15
2025-12-30T17:24:45.1639930Z Version: 20251216.0081.1
2025-12-30T17:24:45.1641200Z Included Software: https://github.com/actions/runner-images/blob/macos-15/20251216.0081/images/macos/macos-15-Readme.md
2025-12-30T17:24:45.1643210Z Image Release: https://github.com/actions/runner-images/releases/tag/macos-15%2F20251216.0081
2025-12-30T17:24:45.1644390Z ##[endgroup]
2025-12-30T17:24:45.1648170Z ##[group]GITHUB_TOKEN Permissions
2025-12-30T17:24:45.1650270Z Actions: write
2025-12-30T17:24:45.1650850Z ArtifactMetadata: write
2025-12-30T17:24:45.1651430Z Attestations: write
2025-12-30T17:24:45.1651980Z Checks: write
2025-12-30T17:24:45.1652480Z Contents: write
2025-12-30T17:24:45.1653020Z Deployments: write
2025-12-30T17:24:45.1653560Z Discussions: write
2025-12-30T17:24:45.1654110Z Issues: write
2025-12-30T17:24:45.1654620Z Metadata: read
2025-12-30T17:24:45.1655140Z Models: read
2025-12-30T17:24:45.1655650Z Packages: write
2025-12-30T17:24:45.1656190Z Pages: write
2025-12-30T17:24:45.1656710Z PullRequests: write
2025-12-30T17:24:45.1657380Z RepositoryProjects: write
2025-12-30T17:24:45.1658020Z SecurityEvents: write
2025-12-30T17:24:45.1658590Z Statuses: write
2025-12-30T17:24:45.1659110Z ##[endgroup]
2025-12-30T17:24:45.1661550Z Secret source: Actions
2025-12-30T17:24:45.1662310Z Prepare workflow directory
2025-12-30T17:24:45.2093560Z Prepare all required actions
2025-12-30T17:24:45.2144950Z Getting action download info
2025-12-30T17:24:45.5943550Z Download action repository 'actions/checkout@v4' (SHA:34e114876b0b11c390a56381ad16ebd13914f8d5)
2025-12-30T17:24:46.2060440Z Download action repository 'actions/setup-python@v5' (SHA:a26af69be951a213d495a4c3e4e4022e16d87065)
2025-12-30T17:24:46.4685750Z Download action repository 'actions/download-artifact@v4' (SHA:d3f86a106a0bac45b974a628896c90dbdf5c8093)
2025-12-30T17:24:48.3147400Z Complete job name: Test wheels on macos-15-intel with Python 3.11
2025-12-30T17:24:48.4465800Z ##[group]Run actions/checkout@v4
2025-12-30T17:24:48.4468120Z with:
2025-12-30T17:24:48.4469410Z   repository: worm-portal/aqequil
2025-12-30T17:24:48.4471600Z   token: ***
2025-12-30T17:24:48.4472830Z   ssh-strict: true
2025-12-30T17:24:48.4474150Z   ssh-user: git
2025-12-30T17:24:48.4475640Z   persist-credentials: true
2025-12-30T17:24:48.4477190Z   clean: true
2025-12-30T17:24:48.4478720Z   sparse-checkout-cone-mode: true
2025-12-30T17:24:48.4480410Z   fetch-depth: 1
2025-12-30T17:24:48.4481710Z   fetch-tags: false
2025-12-30T17:24:48.4483070Z   show-progress: true
2025-12-30T17:24:48.4484450Z   lfs: false
2025-12-30T17:24:48.4485700Z   submodules: false
2025-12-30T17:24:48.4487120Z   set-safe-directory: true
2025-12-30T17:24:48.4489410Z ##[endgroup]
2025-12-30T17:24:49.2873170Z Syncing repository: worm-portal/aqequil
2025-12-30T17:24:49.2879090Z ##[group]Getting Git version info
2025-12-30T17:24:49.2881840Z Working directory is '/Users/runner/work/aqequil/aqequil'
2025-12-30T17:24:49.2910070Z [command]/usr/local/bin/git version
2025-12-30T17:24:49.3363600Z git version 2.50.1
2025-12-30T17:24:49.3400240Z ##[endgroup]
2025-12-30T17:24:49.3424340Z Copying '/Users/runner/.gitconfig' to '/Users/runner/work/_temp/feca2e22-d5a3-4c29-bd1d-50e29ead5434/.gitconfig'
2025-12-30T17:24:49.3452840Z Temporarily overriding HOME='/Users/runner/work/_temp/feca2e22-d5a3-4c29-bd1d-50e29ead5434' before making global git config changes
2025-12-30T17:24:49.3461320Z Adding repository directory to the temporary git global config as a safe directory
2025-12-30T17:24:49.3472970Z [command]/usr/local/bin/git config --global --add safe.directory /Users/runner/work/aqequil/aqequil
2025-12-30T17:24:49.3725500Z Deleting the contents of '/Users/runner/work/aqequil/aqequil'
2025-12-30T17:24:49.3757580Z ##[group]Initializing the repository
2025-12-30T17:24:49.3883680Z [command]/usr/local/bin/git init /Users/runner/work/aqequil/aqequil
2025-12-30T17:24:49.4269300Z hint: Using 'master' as the name for the initial branch. This default branch name
2025-12-30T17:24:49.4276120Z hint: is subject to change. To configure the initial branch name to use in all
2025-12-30T17:24:49.4281310Z hint: of your new repositories, which will suppress this warning, call:
2025-12-30T17:24:49.4285060Z hint:
2025-12-30T17:24:49.4287520Z hint: 	git config --global init.defaultBranch <name>
2025-12-30T17:24:49.4290090Z hint:
2025-12-30T17:24:49.4294040Z hint: Names commonly chosen instead of 'master' are 'main', 'trunk' and
2025-12-30T17:24:49.4298490Z hint: 'development'. The just-created branch can be renamed via this command:
2025-12-30T17:24:49.4305210Z hint:
2025-12-30T17:24:49.4307500Z hint: 	git branch -m <name>
2025-12-30T17:24:49.4310300Z hint:
2025-12-30T17:24:49.4313610Z hint: Disable this message with "git config set advice.defaultBranchName false"
2025-12-30T17:24:49.4318550Z Initialized empty Git repository in /Users/runner/work/aqequil/aqequil/.git/
2025-12-30T17:24:49.4327720Z [command]/usr/local/bin/git remote add origin https://github.com/worm-portal/aqequil
2025-12-30T17:24:49.4421460Z ##[endgroup]
2025-12-30T17:24:49.4426270Z ##[group]Disabling automatic garbage collection
2025-12-30T17:24:49.4430350Z [command]/usr/local/bin/git config --local gc.auto 0
2025-12-30T17:24:49.4544460Z ##[endgroup]
2025-12-30T17:24:49.4547940Z ##[group]Setting up auth
2025-12-30T17:24:49.4551580Z [command]/usr/local/bin/git config --local --name-only --get-regexp core\.sshCommand
2025-12-30T17:24:49.4664150Z [command]/usr/local/bin/git submodule foreach --recursive sh -c "git config --local --name-only --get-regexp 'core\.sshCommand' && git config --local --unset-all 'core.sshCommand' || :"
2025-12-30T17:24:49.6514710Z [command]/usr/local/bin/git config --local --name-only --get-regexp http\.https\:\/\/github\.com\/\.extraheader
2025-12-30T17:24:49.6543510Z [command]/usr/local/bin/git submodule foreach --recursive sh -c "git config --local --name-only --get-regexp 'http\.https\:\/\/github\.com\/\.extraheader' && git config --local --unset-all 'http.https://github.com/.extraheader' || :"
2025-12-30T17:24:49.8106860Z [command]/usr/local/bin/git config --local --name-only --get-regexp ^includeIf\.gitdir:
2025-12-30T17:24:49.8116480Z [command]/usr/local/bin/git submodule foreach --recursive git config --local --show-origin --name-only --get-regexp remote.origin.url
2025-12-30T17:24:49.9444590Z [command]/usr/local/bin/git config --local http.https://github.com/.extraheader AUTHORIZATION: basic ***
2025-12-30T17:24:49.9604470Z ##[endgroup]
2025-12-30T17:24:49.9608570Z ##[group]Fetching the repository
2025-12-30T17:24:49.9621870Z [command]/usr/local/bin/git -c protocol.version=2 fetch --no-tags --prune --no-recurse-submodules --depth=1 origin +e6190a14876ae468a4b5041a8a90e6974fe01773:refs/remotes/origin/dev
2025-12-30T17:24:51.1014650Z From https://github.com/worm-portal/aqequil
2025-12-30T17:24:51.1017710Z  * [new ref]         e6190a14876ae468a4b5041a8a90e6974fe01773 -> origin/dev
2025-12-30T17:24:51.1156790Z ##[endgroup]
2025-12-30T17:24:51.1157660Z ##[group]Determining the checkout info
2025-12-30T17:24:51.1158520Z ##[endgroup]
2025-12-30T17:24:51.1162710Z [command]/usr/local/bin/git sparse-checkout disable
2025-12-30T17:24:51.1288130Z [command]/usr/local/bin/git config --local --unset-all extensions.worktreeConfig
2025-12-30T17:24:51.1388890Z ##[group]Checking out the ref
2025-12-30T17:24:51.1394320Z [command]/usr/local/bin/git checkout --progress --force -B dev refs/remotes/origin/dev
2025-12-30T17:24:51.6895920Z Switched to a new branch 'dev'
2025-12-30T17:24:51.7069580Z branch 'dev' set up to track 'origin/dev'.
2025-12-30T17:24:51.7412220Z ##[endgroup]
2025-12-30T17:24:51.7417410Z [command]/usr/local/bin/git log -1 --format=%H
2025-12-30T17:24:51.7419030Z e6190a14876ae468a4b5041a8a90e6974fe01773
2025-12-30T17:24:51.7705370Z ##[group]Run actions/setup-python@v5
2025-12-30T17:24:51.7705940Z with:
2025-12-30T17:24:51.7706290Z   python-version: 3.11
2025-12-30T17:24:51.7706700Z   check-latest: false
2025-12-30T17:24:51.7707370Z   token: ***
2025-12-30T17:24:51.7707920Z   update-environment: true
2025-12-30T17:24:51.7708370Z   allow-prereleases: false
2025-12-30T17:24:51.7708790Z   freethreaded: false
2025-12-30T17:24:51.7709160Z ##[endgroup]
2025-12-30T17:24:52.2790170Z ##[group]Installed versions
2025-12-30T17:24:52.4548530Z Successfully set up CPython (3.11.9)
2025-12-30T17:24:52.4557310Z ##[endgroup]
2025-12-30T17:24:52.4820410Z ##[group]Run actions/download-artifact@v4
2025-12-30T17:24:52.4821150Z with:
2025-12-30T17:24:52.4821600Z   name: wheels-macos-15-intel
2025-12-30T17:24:52.4822200Z   path: wheelhouse
2025-12-30T17:24:52.4822660Z   merge-multiple: false
2025-12-30T17:24:52.4823720Z   repository: worm-portal/aqequil
2025-12-30T17:24:52.4824270Z   run-id: 20601542873
2025-12-30T17:24:52.4824710Z env:
2025-12-30T17:24:52.4825340Z   pythonLocation: /Users/runner/hostedtoolcache/Python/3.11.9/x64
2025-12-30T17:24:52.4826420Z   PKG_CONFIG_PATH: /Users/runner/hostedtoolcache/Python/3.11.9/x64/lib/pkgconfig
2025-12-30T17:24:52.4827500Z   Python_ROOT_DIR: /Users/runner/hostedtoolcache/Python/3.11.9/x64
2025-12-30T17:24:52.4828420Z   Python2_ROOT_DIR: /Users/runner/hostedtoolcache/Python/3.11.9/x64
2025-12-30T17:24:52.4829430Z   Python3_ROOT_DIR: /Users/runner/hostedtoolcache/Python/3.11.9/x64
2025-12-30T17:24:52.4830190Z ##[endgroup]
2025-12-30T17:24:52.8311170Z Downloading single artifact
2025-12-30T17:24:53.1848790Z Preparing to download the following artifacts:
2025-12-30T17:24:53.1855190Z - wheels-macos-15-intel (ID: 4992802643, Size: 32151403, Expected Digest: sha256:87d5cb52b3e2ce5237d38046f28542092d009029ccc1e1a74a9c47868d6d41c4)
2025-12-30T17:24:53.2766280Z Redirecting to blob download url: https://productionresultssa19.blob.core.windows.net/actions-results/3359d908-0586-4c6c-8ddb-eda61a91ec84/workflow-job-run-a239d5fa-5836-5ee1-9985-73418e8ae9f1/artifacts/4eca8f0ccca97b165c4a1ab157d96140287a95618c1d8fd484d0f307b4615528.zip
2025-12-30T17:24:53.2772070Z Starting download of artifact to: /Users/runner/work/aqequil/aqequil/wheelhouse
2025-12-30T17:24:53.5151320Z (node:83583) [DEP0005] DeprecationWarning: Buffer() is deprecated due to security and usability issues. Please use the Buffer.alloc(), Buffer.allocUnsafe(), or Buffer.from() methods instead.
2025-12-30T17:24:53.5155220Z (Use `node --trace-deprecation ...` to show where the warning was created)
2025-12-30T17:24:55.3359390Z SHA256 digest of downloaded artifact is 87d5cb52b3e2ce5237d38046f28542092d009029ccc1e1a74a9c47868d6d41c4
2025-12-30T17:24:55.3369010Z Artifact download completed successfully.
2025-12-30T17:24:55.3388080Z Total of 1 artifact(s) downloaded
2025-12-30T17:24:55.3401190Z Download artifact has finished successfully
2025-12-30T17:24:55.3689350Z ##[group]Run PYVER=$(echo "3.11" | tr -d '.')
2025-12-30T17:24:55.3690090Z [36;1mPYVER=$(echo "3.11" | tr -d '.')[0m
2025-12-30T17:24:55.3690860Z [36;1mpython -m pip install wheelhouse/aqequil-*-cp${PYVER}-*.whl[0m
2025-12-30T17:24:55.3812890Z shell: /bin/bash --noprofile --norc -e -o pipefail {0}
2025-12-30T17:24:55.3813560Z env:
2025-12-30T17:24:55.3814130Z   pythonLocation: /Users/runner/hostedtoolcache/Python/3.11.9/x64
2025-12-30T17:24:55.3815110Z   PKG_CONFIG_PATH: /Users/runner/hostedtoolcache/Python/3.11.9/x64/lib/pkgconfig
2025-12-30T17:24:55.3816110Z   Python_ROOT_DIR: /Users/runner/hostedtoolcache/Python/3.11.9/x64
2025-12-30T17:24:55.3817020Z   Python2_ROOT_DIR: /Users/runner/hostedtoolcache/Python/3.11.9/x64
2025-12-30T17:24:55.3818600Z   Python3_ROOT_DIR: /Users/runner/hostedtoolcache/Python/3.11.9/x64
2025-12-30T17:24:55.3819280Z ##[endgroup]
2025-12-30T17:24:57.6004800Z Processing ./wheelhouse/aqequil-0.41.0-cp311-cp311-macosx_15_0_x86_64.whl
2025-12-30T17:24:58.6520060Z Collecting pandas (from aqequil==0.41.0)
2025-12-30T17:24:58.7578660Z   Downloading pandas-2.3.3-cp311-cp311-macosx_10_9_x86_64.whl.metadata (91 kB)
2025-12-30T17:25:00.7559950Z Collecting numpy (from aqequil==0.41.0)
2025-12-30T17:25:00.8035110Z   Downloading numpy-2.4.0-cp311-cp311-macosx_14_0_x86_64.whl.metadata (6.6 kB)
2025-12-30T17:25:01.8352850Z Collecting matplotlib (from aqequil==0.41.0)
2025-12-30T17:25:01.9115660Z   Downloading matplotlib-3.10.8-cp311-cp311-macosx_10_12_x86_64.whl.metadata (52 kB)
2025-12-30T17:25:02.1036390Z Collecting plotly (from aqequil==0.41.0)
2025-12-30T17:25:02.1169650Z   Downloading plotly-6.5.0-py3-none-any.whl.metadata (8.5 kB)
2025-12-30T17:25:02.2574570Z Collecting ipython (from aqequil==0.41.0)
2025-12-30T17:25:02.2715320Z   Downloading ipython-9.8.0-py3-none-any.whl.metadata (4.5 kB)
2025-12-30T17:25:02.3343800Z Collecting chemparse (from aqequil==0.41.0)
2025-12-30T17:25:02.3803020Z   Downloading chemparse-0.3.2-py3-none-any.whl.metadata (1.7 kB)
2025-12-30T17:25:02.4377480Z Collecting dill (from aqequil==0.41.0)
2025-12-30T17:25:02.4527220Z   Downloading dill-0.4.0-py3-none-any.whl.metadata (10 kB)
2025-12-30T17:25:02.5090790Z Collecting periodictable (from aqequil==0.41.0)
2025-12-30T17:25:02.5265910Z   Downloading periodictable-2.0.2-py3-none-any.whl.metadata (5.4 kB)
2025-12-30T17:25:02.5942630Z Collecting natsort (from aqequil==0.41.0)
2025-12-30T17:25:02.6072080Z   Downloading natsort-8.4.0-py3-none-any.whl.metadata (21 kB)
2025-12-30T17:25:02.6541270Z Collecting roman (from aqequil==0.41.0)
2025-12-30T17:25:02.6675520Z   Downloading roman-5.2-py3-none-any.whl.metadata (4.3 kB)
2025-12-30T17:25:02.8804740Z Collecting ipywidgets (from aqequil==0.41.0)
2025-12-30T17:25:02.8965250Z   Downloading ipywidgets-8.1.8-py3-none-any.whl.metadata (2.4 kB)
2025-12-30T17:25:02.9009500Z Collecting wormutils (from aqequil==0.41.0)
2025-12-30T17:25:02.9045600Z   Downloading wormutils-0.2.0-py3-none-any.whl.metadata (723 bytes)
2025-12-30T17:25:02.9205590Z Collecting pychnosz (from aqequil==0.41.0)
2025-12-30T17:25:02.9314100Z   Downloading pychnosz-1.1.11-cp311-cp311-macosx_15_0_x86_64.whl.metadata (8.2 kB)
2025-12-30T17:25:02.9764690Z Collecting decorator>=4.3.2 (from ipython->aqequil==0.41.0)
2025-12-30T17:25:02.9883980Z   Downloading decorator-5.2.1-py3-none-any.whl.metadata (3.9 kB)
2025-12-30T17:25:03.0190920Z Collecting ipython-pygments-lexers>=1.0.0 (from ipython->aqequil==0.41.0)
2025-12-30T17:25:03.0308140Z   Downloading ipython_pygments_lexers-1.1.1-py3-none-any.whl.metadata (1.1 kB)
2025-12-30T17:25:03.0703190Z Collecting jedi>=0.18.1 (from ipython->aqequil==0.41.0)
2025-12-30T17:25:03.0823310Z   Downloading jedi-0.19.2-py2.py3-none-any.whl.metadata (22 kB)
2025-12-30T17:25:03.1234500Z Collecting matplotlib-inline>=0.1.5 (from ipython->aqequil==0.41.0)
2025-12-30T17:25:03.1350970Z   Downloading matplotlib_inline-0.2.1-py3-none-any.whl.metadata (2.3 kB)
2025-12-30T17:25:03.1695010Z Collecting pexpect>4.3 (from ipython->aqequil==0.41.0)
2025-12-30T17:25:03.1812510Z   Downloading pexpect-4.9.0-py2.py3-none-any.whl.metadata (2.5 kB)
2025-12-30T17:25:03.2492840Z Collecting prompt_toolkit<3.1.0,>=3.0.41 (from ipython->aqequil==0.41.0)
2025-12-30T17:25:03.2613290Z   Downloading prompt_toolkit-3.0.52-py3-none-any.whl.metadata (6.4 kB)
2025-12-30T17:25:03.3070920Z Collecting pygments>=2.11.0 (from ipython->aqequil==0.41.0)
2025-12-30T17:25:03.3185220Z   Downloading pygments-2.19.2-py3-none-any.whl.metadata (2.5 kB)
2025-12-30T17:25:03.3561930Z Collecting stack_data>=0.6.0 (from ipython->aqequil==0.41.0)
2025-12-30T17:25:03.3677230Z   Downloading stack_data-0.6.3-py3-none-any.whl.metadata (18 kB)
2025-12-30T17:25:03.4140790Z Collecting traitlets>=5.13.0 (from ipython->aqequil==0.41.0)
2025-12-30T17:25:03.4261460Z   Downloading traitlets-5.14.3-py3-none-any.whl.metadata (10 kB)
2025-12-30T17:25:03.4727960Z Collecting typing_extensions>=4.6 (from ipython->aqequil==0.41.0)
2025-12-30T17:25:03.4876530Z   Downloading typing_extensions-4.15.0-py3-none-any.whl.metadata (3.3 kB)
2025-12-30T17:25:03.5293840Z Collecting wcwidth (from prompt_toolkit<3.1.0,>=3.0.41->ipython->aqequil==0.41.0)
2025-12-30T17:25:03.5424390Z   Downloading wcwidth-0.2.14-py2.py3-none-any.whl.metadata (15 kB)
2025-12-30T17:25:03.5813380Z Collecting parso<0.9.0,>=0.8.4 (from jedi>=0.18.1->ipython->aqequil==0.41.0)
2025-12-30T17:25:03.5973010Z   Downloading parso-0.8.5-py2.py3-none-any.whl.metadata (8.3 kB)
2025-12-30T17:25:03.7236190Z Collecting ptyprocess>=0.5 (from pexpect>4.3->ipython->aqequil==0.41.0)
2025-12-30T17:25:03.8211830Z   Downloading ptyprocess-0.7.0-py2.py3-none-any.whl.metadata (1.3 kB)
2025-12-30T17:25:03.8331040Z Collecting executing>=1.2.0 (from stack_data>=0.6.0->ipython->aqequil==0.41.0)
2025-12-30T17:25:03.9334320Z   Downloading executing-2.2.1-py2.py3-none-any.whl.metadata (8.9 kB)
2025-12-30T17:25:04.0337780Z Collecting asttokens>=2.1.0 (from stack_data>=0.6.0->ipython->aqequil==0.41.0)
2025-12-30T17:25:04.0706320Z   Downloading asttokens-3.0.1-py3-none-any.whl.metadata (4.9 kB)
2025-12-30T17:25:04.0915410Z Collecting pure-eval (from stack_data>=0.6.0->ipython->aqequil==0.41.0)
2025-12-30T17:25:04.1076570Z   Downloading pure_eval-0.2.3-py3-none-any.whl.metadata (6.3 kB)
2025-12-30T17:25:04.1094840Z Collecting comm>=0.1.3 (from ipywidgets->aqequil==0.41.0)
2025-12-30T17:25:04.1103240Z   Downloading comm-0.2.3-py3-none-any.whl.metadata (3.7 kB)
2025-12-30T17:25:04.1109410Z Collecting widgetsnbextension~=4.0.14 (from ipywidgets->aqequil==0.41.0)
2025-12-30T17:25:04.1112060Z   Downloading widgetsnbextension-4.0.15-py3-none-any.whl.metadata (1.6 kB)
2025-12-30T17:25:04.1124890Z Collecting jupyterlab_widgets~=3.0.15 (from ipywidgets->aqequil==0.41.0)
2025-12-30T17:25:04.1152070Z   Downloading jupyterlab_widgets-3.0.16-py3-none-any.whl.metadata (20 kB)
2025-12-30T17:25:04.2679370Z Collecting contourpy>=1.0.1 (from matplotlib->aqequil==0.41.0)
2025-12-30T17:25:04.2878660Z   Downloading contourpy-1.3.3-cp311-cp311-macosx_10_9_x86_64.whl.metadata (5.5 kB)
2025-12-30T17:25:04.3311190Z Collecting cycler>=0.10 (from matplotlib->aqequil==0.41.0)
2025-12-30T17:25:04.3438880Z   Downloading cycler-0.12.1-py3-none-any.whl.metadata (3.8 kB)
2025-12-30T17:25:04.7508920Z Collecting fonttools>=4.22.0 (from matplotlib->aqequil==0.41.0)
2025-12-30T17:25:04.9029240Z   Downloading fonttools-4.61.1-cp311-cp311-macosx_10_9_x86_64.whl.metadata (114 kB)
2025-12-30T17:25:05.7749180Z Collecting kiwisolver>=1.3.1 (from matplotlib->aqequil==0.41.0)
2025-12-30T17:25:05.7899490Z   Downloading kiwisolver-1.4.9-cp311-cp311-macosx_10_9_x86_64.whl.metadata (6.3 kB)
2025-12-30T17:25:06.0136530Z Collecting packaging>=20.0 (from matplotlib->aqequil==0.41.0)
2025-12-30T17:25:06.0247730Z   Downloading packaging-25.0-py3-none-any.whl.metadata (3.3 kB)
2025-12-30T17:25:07.0418690Z Collecting pillow>=8 (from matplotlib->aqequil==0.41.0)
2025-12-30T17:25:07.0608090Z   Downloading pillow-12.0.0-cp311-cp311-macosx_10_10_x86_64.whl.metadata (8.8 kB)
2025-12-30T17:25:07.1419930Z Collecting pyparsing>=3 (from matplotlib->aqequil==0.41.0)
2025-12-30T17:25:07.1550320Z   Downloading pyparsing-3.3.1-py3-none-any.whl.metadata (5.6 kB)
2025-12-30T17:25:07.2438260Z Collecting python-dateutil>=2.7 (from matplotlib->aqequil==0.41.0)
2025-12-30T17:25:07.2575110Z   Downloading python_dateutil-2.9.0.post0-py2.py3-none-any.whl.metadata (8.4 kB)
2025-12-30T17:25:07.4502670Z Collecting six>=1.5 (from python-dateutil>=2.7->matplotlib->aqequil==0.41.0)
2025-12-30T17:25:07.4642480Z   Downloading six-1.17.0-py2.py3-none-any.whl.metadata (1.7 kB)
2025-12-30T17:25:07.8235490Z Collecting pytz>=2020.1 (from pandas->aqequil==0.41.0)
2025-12-30T17:25:07.8349260Z   Downloading pytz-2025.2-py2.py3-none-any.whl.metadata (22 kB)
2025-12-30T17:25:08.0277110Z Collecting tzdata>=2022.7 (from pandas->aqequil==0.41.0)
2025-12-30T17:25:08.0759930Z   Downloading tzdata-2025.3-py2.py3-none-any.whl.metadata (1.4 kB)
2025-12-30T17:25:08.1841370Z Collecting narwhals>=1.15.1 (from plotly->aqequil==0.41.0)
2025-12-30T17:25:08.2154610Z   Downloading narwhals-2.14.0-py3-none-any.whl.metadata (13 kB)
2025-12-30T17:25:09.2301460Z Collecting scipy>=1.7.0 (from pychnosz->aqequil==0.41.0)
2025-12-30T17:25:09.3360620Z   Downloading scipy-1.16.3-cp311-cp311-macosx_14_0_x86_64.whl.metadata (62 kB)
2025-12-30T17:25:09.6498820Z Collecting requests (from wormutils->aqequil==0.41.0)
2025-12-30T17:25:09.6622100Z   Downloading requests-2.32.5-py3-none-any.whl.metadata (4.9 kB)
2025-12-30T17:25:09.7560200Z Collecting importlib_resources (from wormutils->aqequil==0.41.0)
2025-12-30T17:25:09.7684190Z   Downloading importlib_resources-6.5.2-py3-none-any.whl.metadata (3.9 kB)
2025-12-30T17:25:09.9726700Z Collecting charset_normalizer<4,>=2 (from requests->wormutils->aqequil==0.41.0)
2025-12-30T17:25:09.9849080Z   Downloading charset_normalizer-3.4.4-cp311-cp311-macosx_10_9_universal2.whl.metadata (37 kB)
2025-12-30T17:25:10.0351860Z Collecting idna<4,>=2.5 (from requests->wormutils->aqequil==0.41.0)
2025-12-30T17:25:10.0474560Z   Downloading idna-3.11-py3-none-any.whl.metadata (8.4 kB)
2025-12-30T17:25:10.1163270Z Collecting urllib3<3,>=1.21.1 (from requests->wormutils->aqequil==0.41.0)
2025-12-30T17:25:10.1335900Z   Downloading urllib3-2.6.2-py3-none-any.whl.metadata (6.6 kB)
2025-12-30T17:25:10.1497410Z Requirement already satisfied: certifi>=2017.4.17 in /Library/Frameworks/Python.framework/Versions/3.11/lib/python3.11/site-packages (from requests->wormutils->aqequil==0.41.0) (2025.11.12)
2025-12-30T17:25:10.1818330Z Downloading chemparse-0.3.2-py3-none-any.whl (5.9 kB)
2025-12-30T17:25:10.2113580Z Downloading dill-0.4.0-py3-none-any.whl (119 kB)
2025-12-30T17:25:10.2544450Z Downloading ipython-9.8.0-py3-none-any.whl (621 kB)
2025-12-30T17:25:10.3541640Z    ━━━━━━━━━━━━━━━━━━━━━━━━━━━━━━━━━━━━━━━━ 621.4/621.4 kB 6.0 MB/s  0:00:00
2025-12-30T17:25:10.4003330Z Downloading prompt_toolkit-3.0.52-py3-none-any.whl (391 kB)
2025-12-30T17:25:10.4898580Z Downloading decorator-5.2.1-py3-none-any.whl (9.2 kB)
2025-12-30T17:25:10.5159660Z Downloading ipython_pygments_lexers-1.1.1-py3-none-any.whl (8.1 kB)
2025-12-30T17:25:10.5193070Z Downloading jedi-0.19.2-py2.py3-none-any.whl (1.6 MB)
2025-12-30T17:25:10.6047890Z    ━━━━━━━━━━━━━━━━━━━━━━━━━━━━━━━━━━━━━━━━ 1.6/1.6 MB 14.8 MB/s  0:00:00
2025-12-30T17:25:10.6186620Z Downloading parso-0.8.5-py2.py3-none-any.whl (106 kB)
2025-12-30T17:25:10.6441630Z Downloading matplotlib_inline-0.2.1-py3-none-any.whl (9.5 kB)
2025-12-30T17:25:10.6658760Z Downloading pexpect-4.9.0-py2.py3-none-any.whl (63 kB)
2025-12-30T17:25:10.6841850Z Downloading ptyprocess-0.7.0-py2.py3-none-any.whl (13 kB)
2025-12-30T17:25:10.7068970Z Downloading pygments-2.19.2-py3-none-any.whl (1.2 MB)
2025-12-30T17:25:10.7688590Z    ━━━━━━━━━━━━━━━━━━━━━━━━━━━━━━━━━━━━━━━━ 1.2/1.2 MB 20.4 MB/s  0:00:00
2025-12-30T17:25:10.7825510Z Downloading stack_data-0.6.3-py3-none-any.whl (24 kB)
2025-12-30T17:25:10.8052150Z Downloading asttokens-3.0.1-py3-none-any.whl (27 kB)
2025-12-30T17:25:10.8230030Z Downloading executing-2.2.1-py2.py3-none-any.whl (28 kB)
2025-12-30T17:25:10.8398660Z Downloading traitlets-5.14.3-py3-none-any.whl (85 kB)
2025-12-30T17:25:10.8599710Z Downloading typing_extensions-4.15.0-py3-none-any.whl (44 kB)
2025-12-30T17:25:10.8799610Z Downloading ipywidgets-8.1.8-py3-none-any.whl (139 kB)
2025-12-30T17:25:10.9021490Z Downloading jupyterlab_widgets-3.0.16-py3-none-any.whl (914 kB)
2025-12-30T17:25:10.9452410Z    ━━━━━━━━━━━━━━━━━━━━━━━━━━━━━━━━━━━━━━━━ 914.9/914.9 kB 20.4 MB/s  0:00:00
2025-12-30T17:25:10.9582830Z Downloading widgetsnbextension-4.0.15-py3-none-any.whl (2.2 MB)
2025-12-30T17:25:11.0362390Z    ━━━━━━━━━━━━━━━━━━━━━━━━━━━━━━━━━━━━━━━━ 2.2/2.2 MB 27.0 MB/s  0:00:00
2025-12-30T17:25:11.0486440Z Downloading comm-0.2.3-py3-none-any.whl (7.3 kB)
2025-12-30T17:25:11.0760050Z Downloading matplotlib-3.10.8-cp311-cp311-macosx_10_12_x86_64.whl (8.3 MB)
2025-12-30T17:25:11.2609600Z    ━━━━━━━━━━━━━━━━━━━━━━━━━━━━━━━━━━━━━━━━ 8.3/8.3 MB 44.4 MB/s  0:00:00
2025-12-30T17:25:11.2790320Z Downloading contourpy-1.3.3-cp311-cp311-macosx_10_9_x86_64.whl (288 kB)
2025-12-30T17:25:11.3231650Z Downloading cycler-0.12.1-py3-none-any.whl (8.3 kB)
2025-12-30T17:25:11.3451780Z Downloading fonttools-4.61.1-cp311-cp311-macosx_10_9_x86_64.whl (2.4 MB)
2025-12-30T17:25:11.3966650Z    ━━━━━━━━━━━━━━━━━━━━━━━━━━━━━━━━━━━━━━━━ 2.4/2.4 MB 45.0 MB/s  0:00:00
2025-12-30T17:25:11.4106290Z Downloading kiwisolver-1.4.9-cp311-cp311-macosx_10_9_x86_64.whl (66 kB)
2025-12-30T17:25:11.4391660Z Downloading numpy-2.4.0-cp311-cp311-macosx_14_0_x86_64.whl (6.8 MB)
2025-12-30T17:25:12.0529620Z    ━━━━━━━━━━━━━━━━━━━━━━━━━━━━━━━━━━━━━━━━ 6.8/6.8 MB 11.0 MB/s  0:00:00
2025-12-30T17:25:12.1535160Z Downloading packaging-25.0-py3-none-any.whl (66 kB)
2025-12-30T17:25:12.1837750Z Downloading pillow-12.0.0-cp311-cp311-macosx_10_10_x86_64.whl (5.3 MB)
2025-12-30T17:25:12.3451590Z    ━━━━━━━━━━━━━━━━━━━━━━━━━━━━━━━━━━━━━━━━ 5.3/5.3 MB 40.4 MB/s  0:00:00
2025-12-30T17:25:12.3610930Z Downloading pyparsing-3.3.1-py3-none-any.whl (121 kB)
2025-12-30T17:25:12.3647510Z Downloading python_dateutil-2.9.0.post0-py2.py3-none-any.whl (229 kB)
2025-12-30T17:25:12.4208560Z Downloading six-1.17.0-py2.py3-none-any.whl (11 kB)
2025-12-30T17:25:12.5663660Z Downloading natsort-8.4.0-py3-none-any.whl (38 kB)
2025-12-30T17:25:12.6667430Z Downloading pandas-2.3.3-cp311-cp311-macosx_10_9_x86_64.whl (11.6 MB)
2025-12-30T17:25:13.2438500Z    ━━━━━━━━━━━━━━━━━━━━━━━━━━━━━━━━━━━━━━━━ 11.6/11.6 MB 18.3 MB/s  0:00:00
2025-12-30T17:25:13.2670210Z Downloading pytz-2025.2-py2.py3-none-any.whl (509 kB)
2025-12-30T17:25:13.3828430Z Downloading tzdata-2025.3-py2.py3-none-any.whl (348 kB)
2025-12-30T17:25:13.4433450Z Downloading periodictable-2.0.2-py3-none-any.whl (811 kB)
2025-12-30T17:25:13.4879610Z    ━━━━━━━━━━━━━━━━━━━━━━━━━━━━━━━━━━━━━━━━ 811.1/811.1 kB 18.0 MB/s  0:00:00
2025-12-30T17:25:13.5119820Z Downloading plotly-6.5.0-py3-none-any.whl (9.9 MB)
2025-12-30T17:25:13.9876670Z    ━━━━━━━━━━━━━━━━━━━━━━━━━━━━━━━━━━━━━━━━ 9.9/9.9 MB 20.6 MB/s  0:00:00
2025-12-30T17:25:14.0453890Z Downloading narwhals-2.14.0-py3-none-any.whl (430 kB)
2025-12-30T17:25:14.1944130Z Downloading pure_eval-0.2.3-py3-none-any.whl (11 kB)
2025-12-30T17:25:14.2647510Z Downloading pychnosz-1.1.11-cp311-cp311-macosx_15_0_x86_64.whl (2.1 MB)
2025-12-30T17:25:14.3245770Z    ━━━━━━━━━━━━━━━━━━━━━━━━━━━━━━━━━━━━━━━━ 2.1/2.1 MB 12.1 MB/s  0:00:00
2025-12-30T17:25:14.3548880Z Downloading scipy-1.16.3-cp311-cp311-macosx_14_0_x86_64.whl (23.5 MB)
2025-12-30T17:25:16.0427080Z    ━━━━━━━━━━━━━━━━━━━━━━━━━━━━━━━━━━━━━━━━ 23.5/23.5 MB 14.5 MB/s  0:00:01
2025-12-30T17:25:16.1009060Z Downloading roman-5.2-py3-none-any.whl (6.0 kB)
2025-12-30T17:25:16.1673310Z Downloading wcwidth-0.2.14-py2.py3-none-any.whl (37 kB)
2025-12-30T17:25:16.2090570Z Downloading wormutils-0.2.0-py3-none-any.whl (18 kB)
2025-12-30T17:25:16.2465420Z Downloading importlib_resources-6.5.2-py3-none-any.whl (37 kB)
2025-12-30T17:25:16.3940510Z Downloading requests-2.32.5-py3-none-any.whl (64 kB)
2025-12-30T17:25:16.4920250Z Downloading charset_normalizer-3.4.4-cp311-cp311-macosx_10_9_universal2.whl (206 kB)
2025-12-30T17:25:16.5969980Z Downloading idna-3.11-py3-none-any.whl (71 kB)
2025-12-30T17:25:16.6143700Z Downloading urllib3-2.6.2-py3-none-any.whl (131 kB)
2025-12-30T17:25:18.1540310Z Installing collected packages: pytz, pure-eval, ptyprocess, widgetsnbextension, wcwidth, urllib3, tzdata, typing_extensions, traitlets, six, roman, pyparsing, pygments, pillow, pexpect, parso, packaging, numpy, natsort, narwhals, kiwisolver, jupyterlab_widgets, importlib_resources, idna, fonttools, executing, dill, decorator, cycler, comm, chemparse, charset_normalizer, asttokens, stack_data, scipy, requests, python-dateutil, prompt_toolkit, plotly, periodictable, matplotlib-inline, jedi, ipython-pygments-lexers, contourpy, pandas, matplotlib, ipython, wormutils, pychnosz, ipywidgets, aqequil
2025-12-30T17:25:45.2178390Z 
2025-12-30T17:25:45.2237440Z Successfully installed aqequil-0.41.0 asttokens-3.0.1 charset_normalizer-3.4.4 chemparse-0.3.2 comm-0.2.3 contourpy-1.3.3 cycler-0.12.1 decorator-5.2.1 dill-0.4.0 executing-2.2.1 fonttools-4.61.1 idna-3.11 importlib_resources-6.5.2 ipython-9.8.0 ipython-pygments-lexers-1.1.1 ipywidgets-8.1.8 jedi-0.19.2 jupyterlab_widgets-3.0.16 kiwisolver-1.4.9 matplotlib-3.10.8 matplotlib-inline-0.2.1 narwhals-2.14.0 natsort-8.4.0 numpy-2.4.0 packaging-25.0 pandas-2.3.3 parso-0.8.5 periodictable-2.0.2 pexpect-4.9.0 pillow-12.0.0 plotly-6.5.0 prompt_toolkit-3.0.52 ptyprocess-0.7.0 pure-eval-0.2.3 pychnosz-1.1.11 pygments-2.19.2 pyparsing-3.3.1 python-dateutil-2.9.0.post0 pytz-2025.2 requests-2.32.5 roman-5.2 scipy-1.16.3 six-1.17.0 stack_data-0.6.3 traitlets-5.14.3 typing_extensions-4.15.0 tzdata-2025.3 urllib3-2.6.2 wcwidth-0.2.14 widgetsnbextension-4.0.15 wormutils-0.2.0
2025-12-30T17:25:45.7142200Z ##[group]Run echo "Checking architecture of bundled executables..."
2025-12-30T17:25:45.7143400Z [36;1mecho "Checking architecture of bundled executables..."[0m
2025-12-30T17:25:45.7145800Z [36;1mpython -c "import aqequil; from aqequil.AqSpeciation import _get_bundled_exe_path; import os; bin_path = _get_bundled_exe_path(); print(f'Binary path: {bin_path}'); import subprocess; result = subprocess.run(['file', os.path.join(bin_path, 'eqpt')], capture_output=True, text=True); print(result.stdout)"[0m
2025-12-30T17:25:45.7228930Z shell: /bin/bash --noprofile --norc -e -o pipefail {0}
2025-12-30T17:25:45.7229600Z env:
2025-12-30T17:25:45.7230130Z   pythonLocation: /Users/runner/hostedtoolcache/Python/3.11.9/x64
2025-12-30T17:25:45.7231410Z   PKG_CONFIG_PATH: /Users/runner/hostedtoolcache/Python/3.11.9/x64/lib/pkgconfig
2025-12-30T17:25:45.7232660Z   Python_ROOT_DIR: /Users/runner/hostedtoolcache/Python/3.11.9/x64
2025-12-30T17:25:45.7234190Z   Python2_ROOT_DIR: /Users/runner/hostedtoolcache/Python/3.11.9/x64
2025-12-30T17:25:45.7235440Z   Python3_ROOT_DIR: /Users/runner/hostedtoolcache/Python/3.11.9/x64
2025-12-30T17:25:45.7236010Z ##[endgroup]
2025-12-30T17:25:45.7435650Z Checking architecture of bundled executables...
2025-12-30T17:25:52.4468890Z Matplotlib is building the font cache; this may take a moment.
2025-12-30T17:26:06.5963740Z Traceback (most recent call last):
2025-12-30T17:26:06.5965880Z Binary path: None
2025-12-30T17:26:06.5978540Z   File "<string>", line 1, in <module>
2025-12-30T17:26:06.5979370Z   File "<frozen posixpath>", line 76, in join
2025-12-30T17:26:06.5980350Z TypeError: expected str, bytes or os.PathLike object, not NoneType
2025-12-30T17:26:06.9012530Z ##[error]Process completed with exit code 1.
2025-12-30T17:26:06.9086500Z ##[group]Run python test_integration.py
2025-12-30T17:26:06.9087060Z [36;1mpython test_integration.py[0m
2025-12-30T17:26:06.9150020Z shell: /bin/bash --noprofile --norc -e -o pipefail {0}
2025-12-30T17:26:06.9150690Z env:
2025-12-30T17:26:06.9151230Z   pythonLocation: /Users/runner/hostedtoolcache/Python/3.11.9/x64
2025-12-30T17:26:06.9152220Z   PKG_CONFIG_PATH: /Users/runner/hostedtoolcache/Python/3.11.9/x64/lib/pkgconfig
2025-12-30T17:26:06.9154020Z   Python_ROOT_DIR: /Users/runner/hostedtoolcache/Python/3.11.9/x64
2025-12-30T17:26:06.9154920Z   Python2_ROOT_DIR: /Users/runner/hostedtoolcache/Python/3.11.9/x64
2025-12-30T17:26:06.9155790Z   Python3_ROOT_DIR: /Users/runner/hostedtoolcache/Python/3.11.9/x64
2025-12-30T17:26:06.9156670Z ##[endgroup]
2025-12-30T17:26:08.7942770Z Traceback (most recent call last):
2025-12-30T17:26:08.7943880Z   File "/Users/runner/work/aqequil/aqequil/aqequil/AqSpeciation.py", line 854, in runeqpt
2025-12-30T17:26:08.7945010Z     self.__run_eq_executable('eqpt', [data0_path], cwd=os.getcwd())
2025-12-30T17:26:08.7946350Z   File "/Users/runner/work/aqequil/aqequil/aqequil/AqSpeciation.py", line 1114, in __run_eq_executable
2025-12-30T17:26:08.7947330Z     exe_path = os.path.join(self.eq36co, exe_name)
2025-12-30T17:26:08.7948090Z                ^^^^^^^^^^^^^^^^^^^^^^^^^^^^^^^^^^^
2025-12-30T17:26:08.7948680Z   File "<frozen posixpath>", line 76, in join
2025-12-30T17:26:08.7949440Z TypeError: expected str, bytes or os.PathLike object, not NoneType
2025-12-30T17:26:08.7949950Z 
2025-12-30T17:26:08.7950270Z During handling of the above exception, another exception occurred:
2025-12-30T17:26:08.7950810Z 
2025-12-30T17:26:08.7950980Z Traceback (most recent call last):
2025-12-30T17:26:08.7951880Z   File "/Users/runner/work/aqequil/aqequil/test_integration.py", line 119, in test_runeqpt
2025-12-30T17:26:08.7952710Z     ae.runeqpt('wrm')
2025-12-30T17:26:08.7953460Z   File "/Users/runner/work/aqequil/aqequil/aqequil/AqSpeciation.py", line 856, in runeqpt
2025-12-30T17:26:08.7954350Z     self.err_handler.raise_exception(
2025-12-30T17:26:08.7955630Z   File "/Library/Frameworks/Python.framework/Versions/3.11/lib/python3.11/site-packages/wormutils/Error_Handler.py", line 57, in raise_exception
2025-12-30T17:26:08.7956910Z     raise Exception(msg)
2025-12-30T17:26:08.7958460Z Exception: Error: EQPT failed to run on data0.wrm.
2025-12-30T17:26:08.7982710Z Traceback (most recent call last):
2025-12-30T17:26:08.7984590Z   File "/Users/runner/work/aqequil/aqequil/aqequil/AqSpeciation.py", line 854, in runeqpt
2025-12-30T17:26:08.7985660Z     self.__run_eq_executable('eqpt', [data0_path], cwd=os.getcwd())
2025-12-30T17:26:08.7987800Z   File "/Users/runner/work/aqequil/aqequil/aqequil/AqSpeciation.py", line 1114, in __run_eq_executable
2025-12-30T17:26:08.7989110Z     exe_path = os.path.join(self.eq36co, exe_name)
2025-12-30T17:26:08.7989700Z                ^^^^^^^^^^^^^^^^^^^^^^^^^^^^^^^^^^^
2025-12-30T17:26:08.7990320Z   File "<frozen posixpath>", line 76, in join
2025-12-30T17:26:08.7991040Z TypeError: expected str, bytes or os.PathLike object, not NoneType
2025-12-30T17:26:08.7991540Z 
2025-12-30T17:26:08.7991890Z During handling of the above exception, another exception occurred:
2025-12-30T17:26:08.7992390Z 
2025-12-30T17:26:08.7992560Z Traceback (most recent call last):
2025-12-30T17:26:08.7993500Z   File "/Users/runner/work/aqequil/aqequil/test_integration.py", line 186, in test_speciation_simple
2025-12-30T17:26:08.7994420Z     ae_eqpt.runeqpt('wrm')
2025-12-30T17:26:08.7995380Z   File "/Users/runner/work/aqequil/aqequil/aqequil/AqSpeciation.py", line 856, in runeqpt
2025-12-30T17:26:08.7996200Z     self.err_handler.raise_exception(
2025-12-30T17:26:08.7997450Z   File "/Library/Frameworks/Python.framework/Versions/3.11/lib/python3.11/site-packages/wormutils/Error_Handler.py", line 57, in raise_exception
2025-12-30T17:26:08.7998700Z     raise Exception(msg)
2025-12-30T17:26:08.7999180Z Exception: Error: EQPT failed to run on data0.wrm.
2025-12-30T17:26:17.4139220Z Traceback (most recent call last):
2025-12-30T17:26:17.4140570Z   File "/Users/runner/work/aqequil/aqequil/aqequil/AqSpeciation.py", line 854, in runeqpt
2025-12-30T17:26:17.4141920Z     self.__run_eq_executable('eqpt', [data0_path], cwd=os.getcwd())
2025-12-30T17:26:17.4143220Z   File "/Users/runner/work/aqequil/aqequil/aqequil/AqSpeciation.py", line 1114, in __run_eq_executable
2025-12-30T17:26:17.4144540Z     exe_path = os.path.join(self.eq36co, exe_name)
2025-12-30T17:26:17.4145780Z                ^^^^^^^^^^^^^^^^^^^^^^^^^^^^^^^^^^^
2025-12-30T17:26:17.4146430Z   File "<frozen posixpath>", line 76, in join
2025-12-30T17:26:17.4147190Z TypeError: expected str, bytes or os.PathLike object, not NoneType
2025-12-30T17:26:17.4147700Z 
2025-12-30T17:26:17.4148190Z During handling of the above exception, another exception occurred:
2025-12-30T17:26:17.4148900Z 
2025-12-30T17:26:17.4149080Z Traceback (most recent call last):
2025-12-30T17:26:17.4150100Z   File "/Users/runner/work/aqequil/aqequil/test_integration.py", line 253, in test_water_rock_reaction
2025-12-30T17:26:17.4151620Z     speciation = ae.speciate(
2025-12-30T17:26:17.4152100Z                  ^^^^^^^^^^^^
2025-12-30T17:26:17.4153980Z   File "/Users/runner/work/aqequil/aqequil/aqequil/AqSpeciation.py", line 1926, in speciate
2025-12-30T17:26:17.4155060Z     self.runeqpt(data0_lettercode, dynamic_db=True)
2025-12-30T17:26:17.4156090Z   File "/Users/runner/work/aqequil/aqequil/aqequil/AqSpeciation.py", line 856, in runeqpt
2025-12-30T17:26:17.4157040Z     self.err_handler.raise_exception(
2025-12-30T17:26:17.4158430Z   File "/Library/Frameworks/Python.framework/Versions/3.11/lib/python3.11/site-packages/wormutils/Error_Handler.py", line 57, in raise_exception
2025-12-30T17:26:17.4159760Z     raise Exception(msg)
2025-12-30T17:26:17.4160290Z Exception: Error: EQPT failed to run on data0.dyn.
2025-12-30T17:26:17.4160850Z 
2025-12-30T17:26:17.4161060Z ============================================================
2025-12-30T17:26:17.4161650Z AQEQUIL INTEGRATION TEST SUITE
2025-12-30T17:26:17.4162140Z ============================================================
2025-12-30T17:26:17.4162890Z Python: 3.11.9
2025-12-30T17:26:17.4163280Z Platform: darwin
2025-12-30T17:26:17.4163680Z Architecture: x86_64
2025-12-30T17:26:17.4164100Z ============================================================
2025-12-30T17:26:17.4164660Z ============================================================
2025-12-30T17:26:17.4165290Z Test 1: Checking for bundled EQ3/6 executables
2025-12-30T17:26:17.4165850Z ============================================================
2025-12-30T17:26:17.4166640Z [FAIL] No bundled executables found!
2025-12-30T17:26:17.4167010Z 
2025-12-30T17:26:17.4167210Z ============================================================
2025-12-30T17:26:17.4167750Z Test 2: Testing aqequil import and basic usage
2025-12-30T17:26:17.4168330Z ============================================================
2025-12-30T17:26:17.4168890Z [OK] Successfully imported aqequil
2025-12-30T17:26:17.4169800Z [OK] Found test data at: /Users/runner/work/aqequil/aqequil/aqequil/test_data/input_example_wrm.csv
2025-12-30T17:26:17.4170560Z 
2025-12-30T17:26:17.4170740Z ============================================================
2025-12-30T17:26:17.4171350Z Test 3: Testing runeqpt (data0 to data1 conversion)
2025-12-30T17:26:17.4171970Z ============================================================
2025-12-30T17:26:17.4172800Z [INFO] Working directory: /var/folders/6k/3_2ylbdd4rl8w3kbs55s3kk80000gn/T/tmp9rj6rmp7
2025-12-30T17:26:17.4173650Z [OK] Copied data0.wrm to working directory
2025-12-30T17:26:17.4174210Z Running EQPT on data0.wrm...
2025-12-30T17:26:17.4174860Z [FAIL] Error during runeqpt: Error: EQPT failed to run on data0.wrm.
2025-12-30T17:26:17.4175400Z 
2025-12-30T17:26:17.4175590Z ============================================================
2025-12-30T17:26:17.4176210Z Test 4: Testing simple speciation (wrm database)
2025-12-30T17:26:17.4177490Z ============================================================
2025-12-30T17:26:17.4178520Z Running speciation on /Users/runner/work/aqequil/aqequil/aqequil/test_data/input_example_wrm.csv...
2025-12-30T17:26:17.4179750Z [INFO] Working directory: /var/folders/6k/3_2ylbdd4rl8w3kbs55s3kk80000gn/T/tmp900uwish
2025-12-30T17:26:17.4180640Z [OK] Copied data0.wrm to working directory
2025-12-30T17:26:17.4181210Z Running EQPT to create data1.wrm...
2025-12-30T17:26:17.4181940Z [FAIL] Error during simple speciation: Error: EQPT failed to run on data0.wrm.
2025-12-30T17:26:17.4183000Z 
2025-12-30T17:26:17.4183190Z ============================================================
2025-12-30T17:26:17.4183760Z Test 5: Testing water-rock reaction
2025-12-30T17:26:17.4184300Z ============================================================
2025-12-30T17:26:17.4185230Z Running speciation on /Users/runner/work/aqequil/aqequil/aqequil/test_data/input_example_wrm.csv...
2025-12-30T17:26:17.4186510Z [INFO] Working directory: /var/folders/6k/3_2ylbdd4rl8w3kbs55s3kk80000gn/T/tmpueiabqfs
2025-12-30T17:26:17.4187500Z Getting wrm_data_latest.csv ready. This will take a moment...
2025-12-30T17:26:17.4188540Z No 'charge_balance_on' column found in input file. Defaulting to no charge balancing for all samples.
2025-12-30T17:26:17.4190170Z Warning: a column for Pressure was not found in the sample input file. Defaulting to water saturation pressure...
2025-12-30T17:26:17.4191500Z [FAIL] Error during water-rock reaction: Error: EQPT failed to run on data0.dyn.
2025-12-30T17:26:17.4192140Z 
2025-12-30T17:26:17.4192350Z ============================================================
2025-12-30T17:26:17.4192870Z TEST SUMMARY
2025-12-30T17:26:17.4193280Z ============================================================
2025-12-30T17:26:17.4193830Z [FAIL] Bundled Executables
2025-12-30T17:26:17.4194290Z [PASS] Import and Basic Usage
2025-12-30T17:26:17.4195010Z [FAIL] EQPT Data0 to Data1 Conversion
2025-12-30T17:26:17.4195650Z [FAIL] Simple Speciation (wrm database)
2025-12-30T17:26:17.4196230Z [FAIL] Water-Rock Reaction
2025-12-30T17:26:17.4196720Z ============================================================
2025-12-30T17:26:17.4197110Z 
2025-12-30T17:26:17.4197270Z [FAIL] Some tests failed!
2025-12-30T17:26:17.7166050Z ##[error]Process completed with exit code 1.
2025-12-30T17:26:17.7355350Z Post job cleanup.
2025-12-30T17:26:17.9069800Z [command]/usr/local/bin/git version
2025-12-30T17:26:17.9178470Z git version 2.50.1
2025-12-30T17:26:17.9217430Z Copying '/Users/runner/.gitconfig' to '/Users/runner/work/_temp/25f3fabd-dd76-40c1-bb4d-07bee90648eb/.gitconfig'
2025-12-30T17:26:17.9236700Z Temporarily overriding HOME='/Users/runner/work/_temp/25f3fabd-dd76-40c1-bb4d-07bee90648eb' before making global git config changes
2025-12-30T17:26:17.9239410Z Adding repository directory to the temporary git global config as a safe directory
2025-12-30T17:26:17.9253960Z [command]/usr/local/bin/git config --global --add safe.directory /Users/runner/work/aqequil/aqequil
2025-12-30T17:26:17.9366260Z [command]/usr/local/bin/git config --local --name-only --get-regexp core\.sshCommand
2025-12-30T17:26:17.9468570Z [command]/usr/local/bin/git submodule foreach --recursive sh -c "git config --local --name-only --get-regexp 'core\.sshCommand' && git config --local --unset-all 'core.sshCommand' || :"
2025-12-30T17:26:18.0850930Z [command]/usr/local/bin/git config --local --name-only --get-regexp http\.https\:\/\/github\.com\/\.extraheader
2025-12-30T17:26:18.0956400Z http.https://github.com/.extraheader
2025-12-30T17:26:18.1030300Z [command]/usr/local/bin/git config --local --unset-all http.https://github.com/.extraheader
2025-12-30T17:26:18.1098490Z [command]/usr/local/bin/git submodule foreach --recursive sh -c "git config --local --name-only --get-regexp 'http\.https\:\/\/github\.com\/\.extraheader' && git config --local --unset-all 'http.https://github.com/.extraheader' || :"
2025-12-30T17:26:18.2301120Z [command]/usr/local/bin/git config --local --name-only --get-regexp ^includeIf\.gitdir:
2025-12-30T17:26:18.2392050Z [command]/usr/local/bin/git submodule foreach --recursive git config --local --show-origin --name-only --get-regexp remote.origin.url
2025-12-30T17:26:18.3745690Z Cleaning up orphan processes
