2025-12-30T17:24:45.0610309Z Current runner version: '2.330.0'
2025-12-30T17:24:45.0633643Z ##[group]Runner Image Provisioner
2025-12-30T17:24:45.0634394Z Hosted Compute Agent
2025-12-30T17:24:45.0634873Z Version: 20251202.455
2025-12-30T17:24:45.0635412Z Commit: 6c10caca4910e198df60de23adf20ad317c474e3
2025-12-30T17:24:45.0636012Z Build Date: 2025-12-02T15:56:59Z
2025-12-30T17:24:45.0636591Z Worker ID: {542c80b1-fa77-4d95-8961-2843e3986aa0}
2025-12-30T17:24:45.0637146Z ##[endgroup]
2025-12-30T17:24:45.0637607Z ##[group]Operating System
2025-12-30T17:24:45.0638130Z Microsoft Windows Server 2019
2025-12-30T17:24:45.0638595Z 10.0.17763
2025-12-30T17:24:45.0638984Z Datacenter
2025-12-30T17:24:45.0639358Z ##[endgroup]
2025-12-30T17:24:45.0639761Z ##[group]Runner Image
2025-12-30T17:24:45.0640185Z Image: windows-2019
2025-12-30T17:24:45.0640620Z Version: 20250623.2.0
2025-12-30T17:24:45.0641920Z Included Software: https://github.com/actions/runner-images/blob/win19/20250623.2/images/windows/Windows2019-Readme.md
2025-12-30T17:24:45.0643266Z Image Release: https://github.com/actions/runner-images/releases/tag/win19%2F20250623.2
2025-12-30T17:24:45.0644063Z ##[endgroup]
2025-12-30T17:24:45.0646555Z ##[group]GITHUB_TOKEN Permissions
2025-12-30T17:24:45.0648361Z Actions: write
2025-12-30T17:24:45.0648832Z ArtifactMetadata: write
2025-12-30T17:24:45.0649327Z Attestations: write
2025-12-30T17:24:45.0649760Z Checks: write
2025-12-30T17:24:45.0650161Z Contents: write
2025-12-30T17:24:45.0650583Z Deployments: write
2025-12-30T17:24:45.0650981Z Discussions: write
2025-12-30T17:24:45.0651402Z Issues: write
2025-12-30T17:24:45.0651813Z Metadata: read
2025-12-30T17:24:45.0652193Z Models: read
2025-12-30T17:24:45.0652600Z Packages: write
2025-12-30T17:24:45.0652989Z Pages: write
2025-12-30T17:24:45.0653402Z PullRequests: write
2025-12-30T17:24:45.0653966Z RepositoryProjects: write
2025-12-30T17:24:45.0654842Z SecurityEvents: write
2025-12-30T17:24:45.0655340Z Statuses: write
2025-12-30T17:24:45.0655748Z ##[endgroup]
2025-12-30T17:24:45.0657738Z Secret source: Actions
2025-12-30T17:24:45.0658410Z Prepare workflow directory
2025-12-30T17:24:45.0973631Z Prepare all required actions
2025-12-30T17:24:45.1012342Z Getting action download info
2025-12-30T17:24:45.4395585Z Download action repository 'actions/checkout@v4' (SHA:34e114876b0b11c390a56381ad16ebd13914f8d5)
2025-12-30T17:24:46.2360194Z Download action repository 'actions/setup-python@v5' (SHA:a26af69be951a213d495a4c3e4e4022e16d87065)
2025-12-30T17:24:46.8635018Z Download action repository 'actions/download-artifact@v4' (SHA:d3f86a106a0bac45b974a628896c90dbdf5c8093)
2025-12-30T17:24:47.6368326Z Complete job name: Test wheels on windows-2019 with Python 3.13
2025-12-30T17:24:47.8706957Z ##[group]Run actions/checkout@v4
2025-12-30T17:24:47.8707769Z with:
2025-12-30T17:24:47.8708084Z   repository: worm-portal/aqequil
2025-12-30T17:24:47.8708701Z   token: ***
2025-12-30T17:24:47.8709016Z   ssh-strict: true
2025-12-30T17:24:47.8709321Z   ssh-user: git
2025-12-30T17:24:47.8709689Z   persist-credentials: true
2025-12-30T17:24:47.8710050Z   clean: true
2025-12-30T17:24:47.8710389Z   sparse-checkout-cone-mode: true
2025-12-30T17:24:47.8710777Z   fetch-depth: 1
2025-12-30T17:24:47.8711092Z   fetch-tags: false
2025-12-30T17:24:47.8711416Z   show-progress: true
2025-12-30T17:24:47.8711742Z   lfs: false
2025-12-30T17:24:47.8712039Z   submodules: false
2025-12-30T17:24:47.8712446Z   set-safe-directory: true
2025-12-30T17:24:47.8713149Z ##[endgroup]
2025-12-30T17:24:48.0766309Z Syncing repository: worm-portal/aqequil
2025-12-30T17:24:48.0768862Z ##[group]Getting Git version info
2025-12-30T17:24:48.0769666Z Working directory is 'D:\a\aqequil\aqequil'
2025-12-30T17:24:48.1934408Z [command]"C:\Program Files\Git\bin\git.exe" version
2025-12-30T17:24:49.1673995Z git version 2.50.0.windows.1
2025-12-30T17:24:49.1741199Z ##[endgroup]
2025-12-30T17:24:49.1761874Z Temporarily overriding HOME='D:\a\_temp\c25370ed-5cfd-422b-9538-719f03b0b8b6' before making global git config changes
2025-12-30T17:24:49.1764926Z Adding repository directory to the temporary git global config as a safe directory
2025-12-30T17:24:49.1777216Z [command]"C:\Program Files\Git\bin\git.exe" config --global --add safe.directory D:\a\aqequil\aqequil
2025-12-30T17:24:49.3075119Z Deleting the contents of 'D:\a\aqequil\aqequil'
2025-12-30T17:24:49.3081431Z ##[group]Initializing the repository
2025-12-30T17:24:49.3095268Z [command]"C:\Program Files\Git\bin\git.exe" init D:\a\aqequil\aqequil
2025-12-30T17:24:49.4428841Z Initialized empty Git repository in D:/a/aqequil/aqequil/.git/
2025-12-30T17:24:49.4486084Z [command]"C:\Program Files\Git\bin\git.exe" remote add origin https://github.com/worm-portal/aqequil
2025-12-30T17:24:49.5206098Z ##[endgroup]
2025-12-30T17:24:49.5206922Z ##[group]Disabling automatic garbage collection
2025-12-30T17:24:49.5221364Z [command]"C:\Program Files\Git\bin\git.exe" config --local gc.auto 0
2025-12-30T17:24:49.5467908Z ##[endgroup]
2025-12-30T17:24:49.5468440Z ##[group]Setting up auth
2025-12-30T17:24:49.5496994Z [command]"C:\Program Files\Git\bin\git.exe" config --local --name-only --get-regexp core\.sshCommand
2025-12-30T17:24:49.5765097Z [command]"C:\Program Files\Git\bin\git.exe" submodule foreach --recursive "sh -c \"git config --local --name-only --get-regexp 'core\.sshCommand' && git config --local --unset-all 'core.sshCommand' || :\""
2025-12-30T17:24:51.9708922Z [command]"C:\Program Files\Git\bin\git.exe" config --local --name-only --get-regexp http\.https\:\/\/github\.com\/\.extraheader
2025-12-30T17:24:51.9954654Z [command]"C:\Program Files\Git\bin\git.exe" submodule foreach --recursive "sh -c \"git config --local --name-only --get-regexp 'http\.https\:\/\/github\.com\/\.extraheader' && git config --local --unset-all 'http.https://github.com/.extraheader' || :\""
2025-12-30T17:24:52.4326779Z [command]"C:\Program Files\Git\bin\git.exe" config --local --name-only --get-regexp ^includeIf\.gitdir:
2025-12-30T17:24:52.4588849Z [command]"C:\Program Files\Git\bin\git.exe" submodule foreach --recursive "git config --local --show-origin --name-only --get-regexp remote.origin.url"
2025-12-30T17:24:52.8845607Z [command]"C:\Program Files\Git\bin\git.exe" config --local http.https://github.com/.extraheader "AUTHORIZATION: basic ***"
2025-12-30T17:24:52.9110391Z ##[endgroup]
2025-12-30T17:24:52.9111201Z ##[group]Fetching the repository
2025-12-30T17:24:52.9127206Z [command]"C:\Program Files\Git\bin\git.exe" -c protocol.version=2 fetch --no-tags --prune --no-recurse-submodules --depth=1 origin +e6190a14876ae468a4b5041a8a90e6974fe01773:refs/remotes/origin/dev
2025-12-30T17:24:54.7166281Z From https://github.com/worm-portal/aqequil
2025-12-30T17:24:54.7169536Z  * [new ref]         e6190a14876ae468a4b5041a8a90e6974fe01773 -> origin/dev
2025-12-30T17:24:54.7863828Z ##[endgroup]
2025-12-30T17:24:54.7867149Z ##[group]Determining the checkout info
2025-12-30T17:24:54.7868067Z ##[endgroup]
2025-12-30T17:24:54.7880766Z [command]"C:\Program Files\Git\bin\git.exe" sparse-checkout disable
2025-12-30T17:24:54.8339615Z [command]"C:\Program Files\Git\bin\git.exe" config --local --unset-all extensions.worktreeConfig
2025-12-30T17:24:54.8576585Z ##[group]Checking out the ref
2025-12-30T17:24:54.8590832Z [command]"C:\Program Files\Git\bin\git.exe" checkout --progress --force -B dev refs/remotes/origin/dev
2025-12-30T17:24:55.2029383Z branch 'dev' set up to track 'origin/dev'.
2025-12-30T17:24:55.2030751Z Switched to a new branch 'dev'
2025-12-30T17:24:55.2072365Z ##[endgroup]
2025-12-30T17:24:55.2518792Z [command]"C:\Program Files\Git\bin\git.exe" log -1 --format=%H
2025-12-30T17:24:55.2756178Z e6190a14876ae468a4b5041a8a90e6974fe01773
2025-12-30T17:24:55.3134031Z ##[group]Run actions/setup-python@v5
2025-12-30T17:24:55.3134466Z with:
2025-12-30T17:24:55.3134700Z   python-version: 3.13
2025-12-30T17:24:55.3134930Z   check-latest: false
2025-12-30T17:24:55.3135357Z   token: ***
2025-12-30T17:24:55.3135563Z   update-environment: true
2025-12-30T17:24:55.3135811Z   allow-prereleases: false
2025-12-30T17:24:55.3136759Z   freethreaded: false
2025-12-30T17:24:55.3136986Z ##[endgroup]
2025-12-30T17:24:55.5296418Z ##[group]Installed versions
2025-12-30T17:24:55.6139755Z Successfully set up CPython (3.13.5)
2025-12-30T17:24:55.6140562Z ##[endgroup]
2025-12-30T17:24:55.6433671Z ##[group]Run actions/download-artifact@v4
2025-12-30T17:24:55.6434002Z with:
2025-12-30T17:24:55.6434168Z   name: wheels-windows-2019
2025-12-30T17:24:55.6434385Z   path: wheelhouse
2025-12-30T17:24:55.6434558Z   merge-multiple: false
2025-12-30T17:24:55.6434765Z   repository: worm-portal/aqequil
2025-12-30T17:24:55.6434975Z   run-id: 20601542873
2025-12-30T17:24:55.6435134Z env:
2025-12-30T17:24:55.6435361Z   pythonLocation: C:\hostedtoolcache\windows\Python\3.13.5\x64
2025-12-30T17:24:55.6435839Z   PKG_CONFIG_PATH: C:\hostedtoolcache\windows\Python\3.13.5\x64/lib/pkgconfig
2025-12-30T17:24:55.6436314Z   Python_ROOT_DIR: C:\hostedtoolcache\windows\Python\3.13.5\x64
2025-12-30T17:24:55.6436703Z   Python2_ROOT_DIR: C:\hostedtoolcache\windows\Python\3.13.5\x64
2025-12-30T17:24:55.6437117Z   Python3_ROOT_DIR: C:\hostedtoolcache\windows\Python\3.13.5\x64
2025-12-30T17:24:55.6437409Z ##[endgroup]
2025-12-30T17:24:55.9290405Z Downloading single artifact
2025-12-30T17:24:56.1260121Z Preparing to download the following artifacts:
2025-12-30T17:24:56.1261400Z - wheels-windows-2019 (ID: 4992713713, Size: 31866550, Expected Digest: sha256:b24ff6dd381c53a4cda38103f0a555101e8024b3eb18f9c84984fd08cf04991f)
2025-12-30T17:24:56.2465065Z Redirecting to blob download url: https://productionresultssa19.blob.core.windows.net/actions-results/3359d908-0586-4c6c-8ddb-eda61a91ec84/workflow-job-run-86d5df9e-f010-59b5-8584-eab48523c60a/artifacts/2d74564dac50ace46aa55f3b0736466cb259cb536408fda096bfbd335df3bf65.zip
2025-12-30T17:24:56.2467773Z Starting download of artifact to: D:\a\aqequil\aqequil\wheelhouse
2025-12-30T17:24:56.4455005Z (node:6796) [DEP0005] DeprecationWarning: Buffer() is deprecated due to security and usability issues. Please use the Buffer.alloc(), Buffer.allocUnsafe(), or Buffer.from() methods instead.
2025-12-30T17:24:56.4456796Z (Use `node --trace-deprecation ...` to show where the warning was created)
2025-12-30T17:24:57.4064714Z SHA256 digest of downloaded artifact is b24ff6dd381c53a4cda38103f0a555101e8024b3eb18f9c84984fd08cf04991f
2025-12-30T17:24:57.4066395Z Artifact download completed successfully.
2025-12-30T17:24:57.4066876Z Total of 1 artifact(s) downloaded
2025-12-30T17:24:57.4079695Z Download artifact has finished successfully
2025-12-30T17:24:57.4351244Z ##[group]Run PYVER=$(echo "3.13" | tr -d '.')
2025-12-30T17:24:57.4351655Z [36;1mPYVER=$(echo "3.13" | tr -d '.')[0m
2025-12-30T17:24:57.4352059Z [36;1mpython -m pip install wheelhouse/aqequil-*-cp${PYVER}-*.whl[0m
2025-12-30T17:24:57.4592075Z shell: C:\Program Files\Git\bin\bash.EXE --noprofile --norc -e -o pipefail {0}
2025-12-30T17:24:57.4592573Z env:
2025-12-30T17:24:57.4592883Z   pythonLocation: C:\hostedtoolcache\windows\Python\3.13.5\x64
2025-12-30T17:24:57.4593505Z   PKG_CONFIG_PATH: C:\hostedtoolcache\windows\Python\3.13.5\x64/lib/pkgconfig
2025-12-30T17:24:57.4594107Z   Python_ROOT_DIR: C:\hostedtoolcache\windows\Python\3.13.5\x64
2025-12-30T17:24:57.4594638Z   Python2_ROOT_DIR: C:\hostedtoolcache\windows\Python\3.13.5\x64
2025-12-30T17:24:57.4595185Z   Python3_ROOT_DIR: C:\hostedtoolcache\windows\Python\3.13.5\x64
2025-12-30T17:24:57.4595581Z ##[endgroup]
2025-12-30T17:25:05.2162500Z Processing d:\a\aqequil\aqequil\wheelhouse\aqequil-0.41.0-cp313-cp313-win_amd64.whl
2025-12-30T17:25:05.6021051Z Collecting pandas (from aqequil==0.41.0)
2025-12-30T17:25:05.6993929Z   Downloading pandas-2.3.3-cp313-cp313-win_amd64.whl.metadata (19 kB)
2025-12-30T17:25:05.9824862Z Collecting numpy (from aqequil==0.41.0)
2025-12-30T17:25:06.0120050Z   Downloading numpy-2.4.0-cp313-cp313-win_amd64.whl.metadata (6.6 kB)
2025-12-30T17:25:06.2006712Z Collecting matplotlib (from aqequil==0.41.0)
2025-12-30T17:25:06.2303350Z   Downloading matplotlib-3.10.8-cp313-cp313-win_amd64.whl.metadata (52 kB)
2025-12-30T17:25:06.3462114Z Collecting plotly (from aqequil==0.41.0)
2025-12-30T17:25:06.3758422Z   Downloading plotly-6.5.0-py3-none-any.whl.metadata (8.5 kB)
2025-12-30T17:25:06.4607209Z Collecting ipython (from aqequil==0.41.0)
2025-12-30T17:25:06.4900518Z   Downloading ipython-9.8.0-py3-none-any.whl.metadata (4.5 kB)
2025-12-30T17:25:06.5469278Z Collecting chemparse (from aqequil==0.41.0)
2025-12-30T17:25:06.5765918Z   Downloading chemparse-0.3.2-py3-none-any.whl.metadata (1.7 kB)
2025-12-30T17:25:06.6272729Z Collecting dill (from aqequil==0.41.0)
2025-12-30T17:25:06.6584687Z   Downloading dill-0.4.0-py3-none-any.whl.metadata (10 kB)
2025-12-30T17:25:06.7051778Z Collecting periodictable (from aqequil==0.41.0)
2025-12-30T17:25:06.7345282Z   Downloading periodictable-2.0.2-py3-none-any.whl.metadata (5.4 kB)
2025-12-30T17:25:06.7936025Z Collecting natsort (from aqequil==0.41.0)
2025-12-30T17:25:06.8232599Z   Downloading natsort-8.4.0-py3-none-any.whl.metadata (21 kB)
2025-12-30T17:25:06.8759865Z Collecting roman (from aqequil==0.41.0)
2025-12-30T17:25:06.9055770Z   Downloading roman-5.2-py3-none-any.whl.metadata (4.3 kB)
2025-12-30T17:25:06.9934767Z Collecting ipywidgets (from aqequil==0.41.0)
2025-12-30T17:25:07.0265413Z   Downloading ipywidgets-8.1.8-py3-none-any.whl.metadata (2.4 kB)
2025-12-30T17:25:07.0891880Z Collecting wormutils (from aqequil==0.41.0)
2025-12-30T17:25:07.1192004Z   Downloading wormutils-0.2.0-py3-none-any.whl.metadata (723 bytes)
2025-12-30T17:25:07.2145469Z Collecting pychnosz (from aqequil==0.41.0)
2025-12-30T17:25:07.2458736Z   Downloading pychnosz-1.1.11-cp313-cp313-win_amd64.whl.metadata (8.4 kB)
2025-12-30T17:25:07.3025114Z Collecting colorama>=0.4.4 (from ipython->aqequil==0.41.0)
2025-12-30T17:25:07.3323603Z   Downloading colorama-0.4.6-py2.py3-none-any.whl.metadata (17 kB)
2025-12-30T17:25:07.4050596Z Collecting decorator>=4.3.2 (from ipython->aqequil==0.41.0)
2025-12-30T17:25:07.4347900Z   Downloading decorator-5.2.1-py3-none-any.whl.metadata (3.9 kB)
2025-12-30T17:25:07.4797443Z Collecting ipython-pygments-lexers>=1.0.0 (from ipython->aqequil==0.41.0)
2025-12-30T17:25:07.5091916Z   Downloading ipython_pygments_lexers-1.1.1-py3-none-any.whl.metadata (1.1 kB)
2025-12-30T17:25:07.5783813Z Collecting jedi>=0.18.1 (from ipython->aqequil==0.41.0)
2025-12-30T17:25:07.6445718Z   Downloading jedi-0.19.2-py2.py3-none-any.whl.metadata (22 kB)
2025-12-30T17:25:07.7060982Z Collecting matplotlib-inline>=0.1.5 (from ipython->aqequil==0.41.0)
2025-12-30T17:25:07.7359724Z   Downloading matplotlib_inline-0.2.1-py3-none-any.whl.metadata (2.3 kB)
2025-12-30T17:25:07.8128704Z Collecting prompt_toolkit<3.1.0,>=3.0.41 (from ipython->aqequil==0.41.0)
2025-12-30T17:25:07.8440531Z   Downloading prompt_toolkit-3.0.52-py3-none-any.whl.metadata (6.4 kB)
2025-12-30T17:25:07.9333309Z Collecting pygments>=2.11.0 (from ipython->aqequil==0.41.0)
2025-12-30T17:25:07.9702270Z   Downloading pygments-2.19.2-py3-none-any.whl.metadata (2.5 kB)
2025-12-30T17:25:08.0317849Z Collecting stack_data>=0.6.0 (from ipython->aqequil==0.41.0)
2025-12-30T17:25:08.0610981Z   Downloading stack_data-0.6.3-py3-none-any.whl.metadata (18 kB)
2025-12-30T17:25:08.1516865Z Collecting traitlets>=5.13.0 (from ipython->aqequil==0.41.0)
2025-12-30T17:25:08.1812570Z   Downloading traitlets-5.14.3-py3-none-any.whl.metadata (10 kB)
2025-12-30T17:25:08.3087123Z Collecting wcwidth (from prompt_toolkit<3.1.0,>=3.0.41->ipython->aqequil==0.41.0)
2025-12-30T17:25:08.3385130Z   Downloading wcwidth-0.2.14-py2.py3-none-any.whl.metadata (15 kB)
2025-12-30T17:25:08.4168576Z Collecting parso<0.9.0,>=0.8.4 (from jedi>=0.18.1->ipython->aqequil==0.41.0)
2025-12-30T17:25:08.4467110Z   Downloading parso-0.8.5-py2.py3-none-any.whl.metadata (8.3 kB)
2025-12-30T17:25:08.5027095Z Collecting executing>=1.2.0 (from stack_data>=0.6.0->ipython->aqequil==0.41.0)
2025-12-30T17:25:08.5326505Z   Downloading executing-2.2.1-py2.py3-none-any.whl.metadata (8.9 kB)
2025-12-30T17:25:08.5926506Z Collecting asttokens>=2.1.0 (from stack_data>=0.6.0->ipython->aqequil==0.41.0)
2025-12-30T17:25:08.6225159Z   Downloading asttokens-3.0.1-py3-none-any.whl.metadata (4.9 kB)
2025-12-30T17:25:08.6677223Z Collecting pure-eval (from stack_data>=0.6.0->ipython->aqequil==0.41.0)
2025-12-30T17:25:08.6972276Z   Downloading pure_eval-0.2.3-py3-none-any.whl.metadata (6.3 kB)
2025-12-30T17:25:08.7572000Z Collecting comm>=0.1.3 (from ipywidgets->aqequil==0.41.0)
2025-12-30T17:25:08.7944472Z   Downloading comm-0.2.3-py3-none-any.whl.metadata (3.7 kB)
2025-12-30T17:25:08.8911219Z Collecting widgetsnbextension~=4.0.14 (from ipywidgets->aqequil==0.41.0)
2025-12-30T17:25:08.9207782Z   Downloading widgetsnbextension-4.0.15-py3-none-any.whl.metadata (1.6 kB)
2025-12-30T17:25:08.9836603Z Collecting jupyterlab_widgets~=3.0.15 (from ipywidgets->aqequil==0.41.0)
2025-12-30T17:25:09.0132341Z   Downloading jupyterlab_widgets-3.0.16-py3-none-any.whl.metadata (20 kB)
2025-12-30T17:25:09.1312573Z Collecting contourpy>=1.0.1 (from matplotlib->aqequil==0.41.0)
2025-12-30T17:25:09.1612025Z   Downloading contourpy-1.3.3-cp313-cp313-win_amd64.whl.metadata (5.5 kB)
2025-12-30T17:25:09.2130877Z Collecting cycler>=0.10 (from matplotlib->aqequil==0.41.0)
2025-12-30T17:25:09.2428294Z   Downloading cycler-0.12.1-py3-none-any.whl.metadata (3.8 kB)
2025-12-30T17:25:09.4692159Z Collecting fonttools>=4.22.0 (from matplotlib->aqequil==0.41.0)
2025-12-30T17:25:09.4990125Z   Downloading fonttools-4.61.1-cp313-cp313-win_amd64.whl.metadata (116 kB)
2025-12-30T17:25:09.6389787Z Collecting kiwisolver>=1.3.1 (from matplotlib->aqequil==0.41.0)
2025-12-30T17:25:09.6689867Z   Downloading kiwisolver-1.4.9-cp313-cp313-win_amd64.whl.metadata (6.4 kB)
2025-12-30T17:25:09.7667142Z Collecting packaging>=20.0 (from matplotlib->aqequil==0.41.0)
2025-12-30T17:25:09.8034609Z   Downloading packaging-25.0-py3-none-any.whl.metadata (3.3 kB)
2025-12-30T17:25:10.0393363Z Collecting pillow>=8 (from matplotlib->aqequil==0.41.0)
2025-12-30T17:25:10.0700452Z   Downloading pillow-12.0.0-cp313-cp313-win_amd64.whl.metadata (9.0 kB)
2025-12-30T17:25:10.1354567Z Collecting pyparsing>=3 (from matplotlib->aqequil==0.41.0)
2025-12-30T17:25:10.1651990Z   Downloading pyparsing-3.3.1-py3-none-any.whl.metadata (5.6 kB)
2025-12-30T17:25:10.2252319Z Collecting python-dateutil>=2.7 (from matplotlib->aqequil==0.41.0)
2025-12-30T17:25:10.2560598Z   Downloading python_dateutil-2.9.0.post0-py2.py3-none-any.whl.metadata (8.4 kB)
2025-12-30T17:25:10.3229025Z Collecting six>=1.5 (from python-dateutil>=2.7->matplotlib->aqequil==0.41.0)
2025-12-30T17:25:10.3828663Z   Downloading six-1.17.0-py2.py3-none-any.whl.metadata (1.7 kB)
2025-12-30T17:25:10.4798956Z Collecting pytz>=2020.1 (from pandas->aqequil==0.41.0)
2025-12-30T17:25:10.5108790Z   Downloading pytz-2025.2-py2.py3-none-any.whl.metadata (22 kB)
2025-12-30T17:25:10.5587894Z Collecting tzdata>=2022.7 (from pandas->aqequil==0.41.0)
2025-12-30T17:25:10.6017439Z   Downloading tzdata-2025.3-py2.py3-none-any.whl.metadata (1.4 kB)
2025-12-30T17:25:10.6933258Z Collecting narwhals>=1.15.1 (from plotly->aqequil==0.41.0)
2025-12-30T17:25:10.7234498Z   Downloading narwhals-2.14.0-py3-none-any.whl.metadata (13 kB)
2025-12-30T17:25:10.9419953Z Collecting scipy>=1.7.0 (from pychnosz->aqequil==0.41.0)
2025-12-30T17:25:10.9721912Z   Downloading scipy-1.16.3-cp313-cp313-win_amd64.whl.metadata (60 kB)
2025-12-30T17:25:11.0865523Z Collecting requests (from wormutils->aqequil==0.41.0)
2025-12-30T17:25:11.1164772Z   Downloading requests-2.32.5-py3-none-any.whl.metadata (4.9 kB)
2025-12-30T17:25:11.1888955Z Collecting importlib_resources (from wormutils->aqequil==0.41.0)
2025-12-30T17:25:11.2185551Z   Downloading importlib_resources-6.5.2-py3-none-any.whl.metadata (3.9 kB)
2025-12-30T17:25:11.3516528Z Collecting charset_normalizer<4,>=2 (from requests->wormutils->aqequil==0.41.0)
2025-12-30T17:25:11.3830951Z   Downloading charset_normalizer-3.4.4-cp313-cp313-win_amd64.whl.metadata (38 kB)
2025-12-30T17:25:11.4333954Z Collecting idna<4,>=2.5 (from requests->wormutils->aqequil==0.41.0)
2025-12-30T17:25:11.4628731Z   Downloading idna-3.11-py3-none-any.whl.metadata (8.4 kB)
2025-12-30T17:25:11.5312561Z Collecting urllib3<3,>=1.21.1 (from requests->wormutils->aqequil==0.41.0)
2025-12-30T17:25:11.5605060Z   Downloading urllib3-2.6.2-py3-none-any.whl.metadata (6.6 kB)
2025-12-30T17:25:11.6201201Z Collecting certifi>=2017.4.17 (from requests->wormutils->aqequil==0.41.0)
2025-12-30T17:25:11.6498687Z   Downloading certifi-2025.11.12-py3-none-any.whl.metadata (2.5 kB)
2025-12-30T17:25:11.7011274Z Downloading chemparse-0.3.2-py3-none-any.whl (5.9 kB)
2025-12-30T17:25:11.7481424Z Downloading dill-0.4.0-py3-none-any.whl (119 kB)
2025-12-30T17:25:11.7980185Z Downloading ipython-9.8.0-py3-none-any.whl (621 kB)
2025-12-30T17:25:11.8692957Z    ---------------------------------------- 621.4/621.4 kB 8.4 MB/s eta 0:00:00
2025-12-30T17:25:11.8991154Z Downloading prompt_toolkit-3.0.52-py3-none-any.whl (391 kB)
2025-12-30T17:25:11.9502305Z Downloading colorama-0.4.6-py2.py3-none-any.whl (25 kB)
2025-12-30T17:25:12.0008656Z Downloading decorator-5.2.1-py3-none-any.whl (9.2 kB)
2025-12-30T17:25:12.0495281Z Downloading ipython_pygments_lexers-1.1.1-py3-none-any.whl (8.1 kB)
2025-12-30T17:25:12.0978315Z Downloading jedi-0.19.2-py2.py3-none-any.whl (1.6 MB)
2025-12-30T17:25:12.1801790Z    ---------------------------------------- 1.6/1.6 MB 16.8 MB/s eta 0:00:00
2025-12-30T17:25:12.2096281Z Downloading parso-0.8.5-py2.py3-none-any.whl (106 kB)
2025-12-30T17:25:12.2548803Z Downloading matplotlib_inline-0.2.1-py3-none-any.whl (9.5 kB)
2025-12-30T17:25:12.2971406Z Downloading pygments-2.19.2-py3-none-any.whl (1.2 MB)
2025-12-30T17:25:12.3335630Z    ---------------------------------------- 1.2/1.2 MB 28.9 MB/s eta 0:00:00
2025-12-30T17:25:12.3631967Z Downloading stack_data-0.6.3-py3-none-any.whl (24 kB)
2025-12-30T17:25:12.4048194Z Downloading asttokens-3.0.1-py3-none-any.whl (27 kB)
2025-12-30T17:25:12.4474140Z Downloading executing-2.2.1-py2.py3-none-any.whl (28 kB)
2025-12-30T17:25:12.4950090Z Downloading traitlets-5.14.3-py3-none-any.whl (85 kB)
2025-12-30T17:25:12.5394468Z Downloading ipywidgets-8.1.8-py3-none-any.whl (139 kB)
2025-12-30T17:25:12.5816317Z Downloading jupyterlab_widgets-3.0.16-py3-none-any.whl (914 kB)
2025-12-30T17:25:12.6713053Z    ---------------------------------------- 914.9/914.9 kB 7.5 MB/s eta 0:00:00
2025-12-30T17:25:12.7012210Z Downloading widgetsnbextension-4.0.15-py3-none-any.whl (2.2 MB)
2025-12-30T17:25:12.7435079Z    ---------------------------------------- 2.2/2.2 MB 49.2 MB/s eta 0:00:00
2025-12-30T17:25:12.7725735Z Downloading comm-0.2.3-py3-none-any.whl (7.3 kB)
2025-12-30T17:25:12.8249867Z Downloading matplotlib-3.10.8-cp313-cp313-win_amd64.whl (8.1 MB)
2025-12-30T17:25:12.9056793Z    ---------------------------------------- 8.1/8.1 MB 101.8 MB/s eta 0:00:00
2025-12-30T17:25:12.9350808Z Downloading contourpy-1.3.3-cp313-cp313-win_amd64.whl (226 kB)
2025-12-30T17:25:12.9874343Z Downloading cycler-0.12.1-py3-none-any.whl (8.3 kB)
2025-12-30T17:25:13.0293151Z Downloading fonttools-4.61.1-cp313-cp313-win_amd64.whl (2.3 MB)
2025-12-30T17:25:13.0625275Z    ---------------------------------------- 2.3/2.3 MB 68.2 MB/s eta 0:00:00
2025-12-30T17:25:13.0921826Z Downloading kiwisolver-1.4.9-cp313-cp313-win_amd64.whl (73 kB)
2025-12-30T17:25:13.1777630Z Downloading numpy-2.4.0-cp313-cp313-win_amd64.whl (12.3 MB)
2025-12-30T17:25:13.5194618Z    ---------------------------------------- 12.3/12.3 MB 35.6 MB/s eta 0:00:00
2025-12-30T17:25:13.5491851Z Downloading packaging-25.0-py3-none-any.whl (66 kB)
2025-12-30T17:25:13.6137972Z Downloading pillow-12.0.0-cp313-cp313-win_amd64.whl (7.0 MB)
2025-12-30T17:25:13.6679836Z    ---------------------------------------- 7.0/7.0 MB 132.2 MB/s eta 0:00:00
2025-12-30T17:25:13.7228143Z Downloading pyparsing-3.3.1-py3-none-any.whl (121 kB)
2025-12-30T17:25:13.7694931Z Downloading python_dateutil-2.9.0.post0-py2.py3-none-any.whl (229 kB)
2025-12-30T17:25:13.8214161Z Downloading six-1.17.0-py2.py3-none-any.whl (11 kB)
2025-12-30T17:25:13.8712807Z Downloading natsort-8.4.0-py3-none-any.whl (38 kB)
2025-12-30T17:25:13.9373995Z Downloading pandas-2.3.3-cp313-cp313-win_amd64.whl (11.0 MB)
2025-12-30T17:25:14.0128429Z    ---------------------------------------- 11.0/11.0 MB 150.8 MB/s eta 0:00:00
2025-12-30T17:25:14.0496351Z Downloading pytz-2025.2-py2.py3-none-any.whl (509 kB)
2025-12-30T17:25:14.1038447Z Downloading tzdata-2025.3-py2.py3-none-any.whl (348 kB)
2025-12-30T17:25:14.1616166Z Downloading periodictable-2.0.2-py3-none-any.whl (811 kB)
2025-12-30T17:25:14.1962239Z    --------------------------------------- 811.1/811.1 kB 17.3 MB/s eta 0:00:00
2025-12-30T17:25:14.2333687Z Downloading plotly-6.5.0-py3-none-any.whl (9.9 MB)
2025-12-30T17:25:14.3088993Z    ---------------------------------------- 9.9/9.9 MB 132.7 MB/s eta 0:00:00
2025-12-30T17:25:14.3387516Z Downloading narwhals-2.14.0-py3-none-any.whl (430 kB)
2025-12-30T17:25:14.3935695Z Downloading pure_eval-0.2.3-py3-none-any.whl (11 kB)
2025-12-30T17:25:14.4608802Z Downloading pychnosz-1.1.11-cp313-cp313-win_amd64.whl (863 kB)
2025-12-30T17:25:14.5189694Z    --------------------------------------- 863.6/863.6 kB 10.9 MB/s eta 0:00:00
2025-12-30T17:25:14.5491433Z Downloading scipy-1.16.3-cp313-cp313-win_amd64.whl (38.5 MB)
2025-12-30T17:25:14.9903821Z    ---------------------------------------- 38.5/38.5 MB 87.3 MB/s eta 0:00:00
2025-12-30T17:25:15.0197965Z Downloading roman-5.2-py3-none-any.whl (6.0 kB)
2025-12-30T17:25:15.0764773Z Downloading wcwidth-0.2.14-py2.py3-none-any.whl (37 kB)
2025-12-30T17:25:15.1517317Z Downloading wormutils-0.2.0-py3-none-any.whl (18 kB)
2025-12-30T17:25:15.2099828Z Downloading importlib_resources-6.5.2-py3-none-any.whl (37 kB)
2025-12-30T17:25:15.2768614Z Downloading requests-2.32.5-py3-none-any.whl (64 kB)
2025-12-30T17:25:15.3507316Z Downloading charset_normalizer-3.4.4-cp313-cp313-win_amd64.whl (107 kB)
2025-12-30T17:25:15.4115550Z Downloading idna-3.11-py3-none-any.whl (71 kB)
2025-12-30T17:25:15.4955502Z Downloading urllib3-2.6.2-py3-none-any.whl (131 kB)
2025-12-30T17:25:15.5594369Z Downloading certifi-2025.11.12-py3-none-any.whl (159 kB)
2025-12-30T17:25:15.9694970Z Installing collected packages: pytz, pure-eval, widgetsnbextension, wcwidth, urllib3, tzdata, traitlets, six, roman, pyparsing, pygments, pillow, parso, packaging, numpy, natsort, narwhals, kiwisolver, jupyterlab_widgets, importlib_resources, idna, fonttools, executing, dill, decorator, cycler, comm, colorama, chemparse, charset_normalizer, certifi, asttokens, stack_data, scipy, requests, python-dateutil, prompt_toolkit, plotly, periodictable, matplotlib-inline, jedi, ipython-pygments-lexers, contourpy, pandas, matplotlib, ipython, wormutils, pychnosz, ipywidgets, aqequil
2025-12-30T17:26:08.9211157Z 
2025-12-30T17:26:08.9273765Z Successfully installed aqequil-0.41.0 asttokens-3.0.1 certifi-2025.11.12 charset_normalizer-3.4.4 chemparse-0.3.2 colorama-0.4.6 comm-0.2.3 contourpy-1.3.3 cycler-0.12.1 decorator-5.2.1 dill-0.4.0 executing-2.2.1 fonttools-4.61.1 idna-3.11 importlib_resources-6.5.2 ipython-9.8.0 ipython-pygments-lexers-1.1.1 ipywidgets-8.1.8 jedi-0.19.2 jupyterlab_widgets-3.0.16 kiwisolver-1.4.9 matplotlib-3.10.8 matplotlib-inline-0.2.1 narwhals-2.14.0 natsort-8.4.0 numpy-2.4.0 packaging-25.0 pandas-2.3.3 parso-0.8.5 periodictable-2.0.2 pillow-12.0.0 plotly-6.5.0 prompt_toolkit-3.0.52 pure-eval-0.2.3 pychnosz-1.1.11 pygments-2.19.2 pyparsing-3.3.1 python-dateutil-2.9.0.post0 pytz-2025.2 requests-2.32.5 roman-5.2 scipy-1.16.3 six-1.17.0 stack_data-0.6.3 traitlets-5.14.3 tzdata-2025.3 urllib3-2.6.2 wcwidth-0.2.14 widgetsnbextension-4.0.15 wormutils-0.2.0
2025-12-30T17:26:09.0216365Z 
2025-12-30T17:26:09.0217843Z [notice] A new release of pip is available: 25.1.1 -> 25.3
2025-12-30T17:26:09.0218516Z [notice] To update, run: python.exe -m pip install --upgrade pip
2025-12-30T17:26:09.4257448Z ##[group]Run python test_integration.py
2025-12-30T17:26:09.4257819Z [36;1mpython test_integration.py[0m
2025-12-30T17:26:09.4270013Z shell: C:\Program Files\Git\bin\bash.EXE --noprofile --norc -e -o pipefail {0}
2025-12-30T17:26:09.4270404Z env:
2025-12-30T17:26:09.4270666Z   pythonLocation: C:\hostedtoolcache\windows\Python\3.13.5\x64
2025-12-30T17:26:09.4271135Z   PKG_CONFIG_PATH: C:\hostedtoolcache\windows\Python\3.13.5\x64/lib/pkgconfig
2025-12-30T17:26:09.4271727Z   Python_ROOT_DIR: C:\hostedtoolcache\windows\Python\3.13.5\x64
2025-12-30T17:26:09.4272579Z   Python2_ROOT_DIR: C:\hostedtoolcache\windows\Python\3.13.5\x64
2025-12-30T17:26:09.4273174Z   Python3_ROOT_DIR: C:\hostedtoolcache\windows\Python\3.13.5\x64
2025-12-30T17:26:09.4273486Z ##[endgroup]
2025-12-30T17:26:15.9154551Z Traceback (most recent call last):
2025-12-30T17:26:15.9165327Z   File "D:\a\aqequil\aqequil\aqequil\AqSpeciation.py", line 854, in runeqpt
2025-12-30T17:26:15.9166022Z     self.__run_eq_executable('eqpt', [data0_path], cwd=os.getcwd())
2025-12-30T17:26:15.9166490Z     ~~~~~~~~~~~~~~~~~~~~~~~~^^^^^^^^^^^^^^^^^^^^^^^^^^^^^^^^^^^^^^^
2025-12-30T17:26:15.9167108Z   File "D:\a\aqequil\aqequil\aqequil\AqSpeciation.py", line 1104, in __run_eq_executable
2025-12-30T17:26:15.9167699Z     exe_path = os.path.join(self.eq36co, f"{exe_name}.exe")
2025-12-30T17:26:15.9168119Z   File "<frozen ntpath>", line 100, in join
2025-12-30T17:26:15.9168552Z TypeError: expected str, bytes or os.PathLike object, not NoneType
2025-12-30T17:26:15.9168890Z 
2025-12-30T17:26:15.9169094Z During handling of the above exception, another exception occurred:
2025-12-30T17:26:15.9169409Z 
2025-12-30T17:26:15.9169498Z Traceback (most recent call last):
2025-12-30T17:26:15.9169901Z   File "D:\a\aqequil\aqequil\test_integration.py", line 119, in test_runeqpt
2025-12-30T17:26:15.9170295Z     ae.runeqpt('wrm')
2025-12-30T17:26:15.9170479Z     ~~~~~~~~~~^^^^^^^
2025-12-30T17:26:15.9170818Z   File "D:\a\aqequil\aqequil\aqequil\AqSpeciation.py", line 856, in runeqpt
2025-12-30T17:26:15.9171225Z     self.err_handler.raise_exception(
2025-12-30T17:26:15.9171482Z     ~~~~~~~~~~~~~~~~~~~~~~~~~~~~~~~~^
2025-12-30T17:26:15.9171786Z         "Error: EQPT failed to run on {}.".format("data0."+db))
2025-12-30T17:26:15.9172131Z         ^^^^^^^^^^^^^^^^^^^^^^^^^^^^^^^^^^^^^^^^^^^^^^^^^^^^^^^
2025-12-30T17:26:15.9172783Z   File "C:\hostedtoolcache\windows\Python\3.13.5\x64\Lib\site-packages\wormutils\Error_Handler.py", line 57, in raise_exception
2025-12-30T17:26:15.9173422Z     raise Exception(msg)
2025-12-30T17:26:15.9173679Z Exception: Error: EQPT failed to run on data0.wrm.
2025-12-30T17:26:15.9204323Z Traceback (most recent call last):
2025-12-30T17:26:15.9207546Z   File "D:\a\aqequil\aqequil\aqequil\AqSpeciation.py", line 854, in runeqpt
2025-12-30T17:26:15.9208251Z     self.__run_eq_executable('eqpt', [data0_path], cwd=os.getcwd())
2025-12-30T17:26:15.9208733Z     ~~~~~~~~~~~~~~~~~~~~~~~~^^^^^^^^^^^^^^^^^^^^^^^^^^^^^^^^^^^^^^^
2025-12-30T17:26:15.9209262Z   File "D:\a\aqequil\aqequil\aqequil\AqSpeciation.py", line 1104, in __run_eq_executable
2025-12-30T17:26:15.9209784Z     exe_path = os.path.join(self.eq36co, f"{exe_name}.exe")
2025-12-30T17:26:15.9210159Z   File "<frozen ntpath>", line 100, in join
2025-12-30T17:26:15.9210535Z TypeError: expected str, bytes or os.PathLike object, not NoneType
2025-12-30T17:26:15.9210861Z 
2025-12-30T17:26:15.9211160Z During handling of the above exception, another exception occurred:
2025-12-30T17:26:15.9211596Z 
2025-12-30T17:26:15.9211728Z Traceback (most recent call last):
2025-12-30T17:26:15.9212285Z   File "D:\a\aqequil\aqequil\test_integration.py", line 186, in test_speciation_simple
2025-12-30T17:26:15.9212734Z     ae_eqpt.runeqpt('wrm')
2025-12-30T17:26:15.9212939Z     ~~~~~~~~~~~~~~~^^^^^^^
2025-12-30T17:26:15.9213302Z   File "D:\a\aqequil\aqequil\aqequil\AqSpeciation.py", line 856, in runeqpt
2025-12-30T17:26:15.9213693Z     self.err_handler.raise_exception(
2025-12-30T17:26:15.9217066Z     ~~~~~~~~~~~~~~~~~~~~~~~~~~~~~~~~^
2025-12-30T17:26:15.9217711Z         "Error: EQPT failed to run on {}.".format("data0."+db))
2025-12-30T17:26:15.9218532Z         ^^^^^^^^^^^^^^^^^^^^^^^^^^^^^^^^^^^^^^^^^^^^^^^^^^^^^^^
2025-12-30T17:26:15.9219664Z   File "C:\hostedtoolcache\windows\Python\3.13.5\x64\Lib\site-packages\wormutils\Error_Handler.py", line 57, in raise_exception
2025-12-30T17:26:15.9220685Z     raise Exception(msg)
2025-12-30T17:26:15.9221102Z Exception: Error: EQPT failed to run on data0.wrm.
2025-12-30T17:26:24.0120233Z Traceback (most recent call last):
2025-12-30T17:26:24.0123610Z   File "D:\a\aqequil\aqequil\aqequil\AqSpeciation.py", line 854, in runeqpt
2025-12-30T17:26:24.0124353Z     self.__run_eq_executable('eqpt', [data0_path], cwd=os.getcwd())
2025-12-30T17:26:24.0124815Z     ~~~~~~~~~~~~~~~~~~~~~~~~^^^^^^^^^^^^^^^^^^^^^^^^^^^^^^^^^^^^^^^
2025-12-30T17:26:24.0126429Z   File "D:\a\aqequil\aqequil\aqequil\AqSpeciation.py", line 1104, in __run_eq_executable
2025-12-30T17:26:24.0127198Z     exe_path = os.path.join(self.eq36co, f"{exe_name}.exe")
2025-12-30T17:26:24.0127740Z   File "<frozen ntpath>", line 100, in join
2025-12-30T17:26:24.0128317Z TypeError: expected str, bytes or os.PathLike object, not NoneType
2025-12-30T17:26:24.0128776Z 
2025-12-30T17:26:24.0129072Z During handling of the above exception, another exception occurred:
2025-12-30T17:26:24.0129583Z 
2025-12-30T17:26:24.0129729Z Traceback (most recent call last):
2025-12-30T17:26:24.0130570Z   File "D:\a\aqequil\aqequil\test_integration.py", line 253, in test_water_rock_reaction
2025-12-30T17:26:24.0131323Z     speciation = ae.speciate(
2025-12-30T17:26:24.0131698Z         input_filename=test_csv,
2025-12-30T17:26:24.0132057Z         exclude=["Year", "Area"]
2025-12-30T17:26:24.0132291Z     )
2025-12-30T17:26:24.0132984Z   File "D:\a\aqequil\aqequil\aqequil\AqSpeciation.py", line 1926, in speciate
2025-12-30T17:26:24.0133751Z     self.runeqpt(data0_lettercode, dynamic_db=True)
2025-12-30T17:26:24.0134330Z     ~~~~~~~~~~~~^^^^^^^^^^^^^^^^^^^^^^^^^^^^^^^^^^^
2025-12-30T17:26:24.0135217Z   File "D:\a\aqequil\aqequil\aqequil\AqSpeciation.py", line 856, in runeqpt
2025-12-30T17:26:24.0136042Z     self.err_handler.raise_exception(
2025-12-30T17:26:24.0136535Z     ~~~~~~~~~~~~~~~~~~~~~~~~~~~~~~~~^
2025-12-30T17:26:24.0137105Z         "Error: EQPT failed to run on {}.".format("data0."+db))
2025-12-30T17:26:24.0137538Z         ^^^^^^^^^^^^^^^^^^^^^^^^^^^^^^^^^^^^^^^^^^^^^^^^^^^^^^^
2025-12-30T17:26:24.0138303Z   File "C:\hostedtoolcache\windows\Python\3.13.5\x64\Lib\site-packages\wormutils\Error_Handler.py", line 57, in raise_exception
2025-12-30T17:26:24.0139019Z     raise Exception(msg)
2025-12-30T17:26:24.0139345Z Exception: Error: EQPT failed to run on data0.dyn.
2025-12-30T17:26:24.0139787Z 
2025-12-30T17:26:24.0139966Z ============================================================
2025-12-30T17:26:24.0140457Z AQEQUIL INTEGRATION TEST SUITE
2025-12-30T17:26:24.0140886Z ============================================================
2025-12-30T17:26:24.0141341Z Python: 3.13.5
2025-12-30T17:26:24.0141615Z Platform: win32
2025-12-30T17:26:24.0141908Z Architecture: AMD64
2025-12-30T17:26:24.0142247Z ============================================================
2025-12-30T17:26:24.0142691Z ============================================================
2025-12-30T17:26:24.0143288Z Test 1: Checking for bundled EQ3/6 executables
2025-12-30T17:26:24.0143738Z ============================================================
2025-12-30T17:26:24.0144181Z [FAIL] No bundled executables found!
2025-12-30T17:26:24.0144465Z 
2025-12-30T17:26:24.0144593Z ============================================================
2025-12-30T17:26:24.0145044Z Test 2: Testing aqequil import and basic usage
2025-12-30T17:26:24.0145473Z ============================================================
2025-12-30T17:26:24.0145874Z [OK] Successfully imported aqequil
2025-12-30T17:26:24.0147549Z [OK] Found test data at: D:\a\aqequil\aqequil\aqequil\test_data\input_example_wrm.csv
2025-12-30T17:26:24.0148179Z 
2025-12-30T17:26:24.0148333Z ============================================================
2025-12-30T17:26:24.0149779Z Test 3: Testing runeqpt (data0 to data1 conversion)
2025-12-30T17:26:24.0150322Z ============================================================
2025-12-30T17:26:24.0151044Z [INFO] Working directory: C:\Users\RUNNER~1\AppData\Local\Temp\tmpvlpwtxmw
2025-12-30T17:26:24.0151583Z [OK] Copied data0.wrm to working directory
2025-12-30T17:26:24.0151861Z Running EQPT on data0.wrm...
2025-12-30T17:26:24.0152193Z [FAIL] Error during runeqpt: Error: EQPT failed to run on data0.wrm.
2025-12-30T17:26:24.0152597Z [WARN] Known win32 issue with EQPT runtime detected
2025-12-30T17:26:24.0152977Z [INFO] Skipping runeqpt test due to platform-specific issues
2025-12-30T17:26:24.0153238Z 
2025-12-30T17:26:24.0153329Z ============================================================
2025-12-30T17:26:24.0153649Z Test 4: Testing simple speciation (wrm database)
2025-12-30T17:26:24.0153957Z ============================================================
2025-12-30T17:26:24.0154434Z Running speciation on D:\a\aqequil\aqequil\aqequil\test_data\input_example_wrm.csv...
2025-12-30T17:26:24.0154998Z [INFO] Working directory: C:\Users\RUNNER~1\AppData\Local\Temp\tmpqm48kmre
2025-12-30T17:26:24.0155411Z [OK] Copied data0.wrm to working directory
2025-12-30T17:26:24.0155681Z Running EQPT to create data1.wrm...
2025-12-30T17:26:24.0156062Z [FAIL] Error during simple speciation: Error: EQPT failed to run on data0.wrm.
2025-12-30T17:26:24.0156487Z [WARN] Known win32 issue - skipping test
2025-12-30T17:26:24.0156677Z 
2025-12-30T17:26:24.0156773Z ============================================================
2025-12-30T17:26:24.0157056Z Test 5: Testing water-rock reaction
2025-12-30T17:26:24.0157303Z ============================================================
2025-12-30T17:26:24.0157741Z Running speciation on D:\a\aqequil\aqequil\aqequil\test_data\input_example_wrm.csv...
2025-12-30T17:26:24.0158301Z [INFO] Working directory: C:\Users\RUNNER~1\AppData\Local\Temp\tmp_kist47d
2025-12-30T17:26:24.0158832Z Getting wrm_data_latest.csv ready. This will take a moment...
2025-12-30T17:26:24.0159418Z No 'charge_balance_on' column found in input file. Defaulting to no charge balancing for all samples.
2025-12-30T17:26:24.0160198Z Warning: a column for Pressure was not found in the sample input file. Defaulting to water saturation pressure...
2025-12-30T17:26:24.0160904Z [FAIL] Error during water-rock reaction: Error: EQPT failed to run on data0.dyn.
2025-12-30T17:26:24.0181749Z [WARN] Known win32 issue - skipping test
2025-12-30T17:26:24.0182107Z 
2025-12-30T17:26:24.0182271Z ============================================================
2025-12-30T17:26:24.0182696Z TEST SUMMARY
2025-12-30T17:26:24.0182990Z ============================================================
2025-12-30T17:26:24.0183454Z [FAIL] Bundled Executables
2025-12-30T17:26:24.0183845Z [PASS] Import and Basic Usage
2025-12-30T17:26:24.0184272Z [PASS] EQPT Data0 to Data1 Conversion
2025-12-30T17:26:24.0184740Z [PASS] Simple Speciation (wrm database)
2025-12-30T17:26:24.0185188Z [PASS] Water-Rock Reaction
2025-12-30T17:26:24.0185594Z ============================================================
2025-12-30T17:26:24.0185943Z 
2025-12-30T17:26:24.0186058Z [FAIL] Some tests failed!
2025-12-30T17:26:24.2592203Z ##[error]Process completed with exit code 1.
2025-12-30T17:26:24.2774148Z Post job cleanup.
2025-12-30T17:26:24.4982281Z [command]"C:\Program Files\Git\bin\git.exe" version
2025-12-30T17:26:24.5207386Z git version 2.50.0.windows.1
2025-12-30T17:26:24.5282811Z Temporarily overriding HOME='D:\a\_temp\7d6f1090-7f7c-4a30-9c5d-d0fef9058026' before making global git config changes
2025-12-30T17:26:24.5283569Z Adding repository directory to the temporary git global config as a safe directory
2025-12-30T17:26:24.5298616Z [command]"C:\Program Files\Git\bin\git.exe" config --global --add safe.directory D:\a\aqequil\aqequil
2025-12-30T17:26:24.5564189Z [command]"C:\Program Files\Git\bin\git.exe" config --local --name-only --get-regexp core\.sshCommand
2025-12-30T17:26:24.5827634Z [command]"C:\Program Files\Git\bin\git.exe" submodule foreach --recursive "sh -c \"git config --local --name-only --get-regexp 'core\.sshCommand' && git config --local --unset-all 'core.sshCommand' || :\""
2025-12-30T17:26:25.0669447Z [command]"C:\Program Files\Git\bin\git.exe" config --local --name-only --get-regexp http\.https\:\/\/github\.com\/\.extraheader
2025-12-30T17:26:25.0906301Z http.https://github.com/.extraheader
2025-12-30T17:26:25.0975492Z [command]"C:\Program Files\Git\bin\git.exe" config --local --unset-all http.https://github.com/.extraheader
2025-12-30T17:26:25.1268691Z [command]"C:\Program Files\Git\bin\git.exe" submodule foreach --recursive "sh -c \"git config --local --name-only --get-regexp 'http\.https\:\/\/github\.com\/\.extraheader' && git config --local --unset-all 'http.https://github.com/.extraheader' || :\""
2025-12-30T17:26:25.5309040Z [command]"C:\Program Files\Git\bin\git.exe" config --local --name-only --get-regexp ^includeIf\.gitdir:
2025-12-30T17:26:25.5577237Z [command]"C:\Program Files\Git\bin\git.exe" submodule foreach --recursive "git config --local --show-origin --name-only --get-regexp remote.origin.url"
2025-12-30T17:26:26.0011550Z Cleaning up orphan processes
