2025-12-30T16:54:33.5434632Z Current runner version: '2.330.0'
2025-12-30T16:54:33.5458457Z ##[group]Runner Image Provisioner
2025-12-30T16:54:33.5459221Z Hosted Compute Agent
2025-12-30T16:54:33.5459884Z Version: 20251211.462
2025-12-30T16:54:33.5460446Z Commit: 6cbad8c2bb55d58165063d031ccabf57e2d2db61
2025-12-30T16:54:33.5461429Z Build Date: 2025-12-11T16:28:49Z
2025-12-30T16:54:33.5462165Z Worker ID: {af5b76a6-30d1-44e5-a14f-84512d7bb0c1}
2025-12-30T16:54:33.5462874Z ##[endgroup]
2025-12-30T16:54:33.5463366Z ##[group]Operating System
2025-12-30T16:54:33.5463977Z Ubuntu
2025-12-30T16:54:33.5464452Z 24.04.3
2025-12-30T16:54:33.5464862Z LTS
2025-12-30T16:54:33.5465363Z ##[endgroup]
2025-12-30T16:54:33.5465852Z ##[group]Runner Image
2025-12-30T16:54:33.5466391Z Image: ubuntu-24.04
2025-12-30T16:54:33.5466893Z Version: 20251215.174.1
2025-12-30T16:54:33.5467890Z Included Software: https://github.com/actions/runner-images/blob/ubuntu24/20251215.174/images/ubuntu/Ubuntu2404-Readme.md
2025-12-30T16:54:33.5469327Z Image Release: https://github.com/actions/runner-images/releases/tag/ubuntu24%2F20251215.174
2025-12-30T16:54:33.5470376Z ##[endgroup]
2025-12-30T16:54:33.5473297Z ##[group]GITHUB_TOKEN Permissions
2025-12-30T16:54:33.5475253Z Actions: write
2025-12-30T16:54:33.5475785Z ArtifactMetadata: write
2025-12-30T16:54:33.5476402Z Attestations: write
2025-12-30T16:54:33.5476934Z Checks: write
2025-12-30T16:54:33.5477418Z Contents: write
2025-12-30T16:54:33.5477859Z Deployments: write
2025-12-30T16:54:33.5478430Z Discussions: write
2025-12-30T16:54:33.5478925Z Issues: write
2025-12-30T16:54:33.5479344Z Metadata: read
2025-12-30T16:54:33.5479937Z Models: read
2025-12-30T16:54:33.5480384Z Packages: write
2025-12-30T16:54:33.5480857Z Pages: write
2025-12-30T16:54:33.5481747Z PullRequests: write
2025-12-30T16:54:33.5482392Z RepositoryProjects: write
2025-12-30T16:54:33.5482951Z SecurityEvents: write
2025-12-30T16:54:33.5483550Z Statuses: write
2025-12-30T16:54:33.5484045Z ##[endgroup]
2025-12-30T16:54:33.5485992Z Secret source: Actions
2025-12-30T16:54:33.5486774Z Prepare workflow directory
2025-12-30T16:54:33.5807152Z Prepare all required actions
2025-12-30T16:54:33.5844183Z Getting action download info
2025-12-30T16:54:34.0655543Z Download action repository 'actions/checkout@v4' (SHA:34e114876b0b11c390a56381ad16ebd13914f8d5)
2025-12-30T16:54:34.1639852Z Download action repository 'actions/setup-python@v5' (SHA:a26af69be951a213d495a4c3e4e4022e16d87065)
2025-12-30T16:54:34.2419852Z Download action repository 'actions/upload-artifact@v4' (SHA:ea165f8d65b6e75b540449e92b4886f43607fa02)
2025-12-30T16:54:34.4531969Z Complete job name: Build source distribution
2025-12-30T16:54:34.5210835Z ##[group]Run actions/checkout@v4
2025-12-30T16:54:34.5211976Z with:
2025-12-30T16:54:34.5212392Z   repository: worm-portal/aqequil
2025-12-30T16:54:34.5213029Z   token: ***
2025-12-30T16:54:34.5213399Z   ssh-strict: true
2025-12-30T16:54:34.5213793Z   ssh-user: git
2025-12-30T16:54:34.5214187Z   persist-credentials: true
2025-12-30T16:54:34.5214633Z   clean: true
2025-12-30T16:54:34.5215147Z   sparse-checkout-cone-mode: true
2025-12-30T16:54:34.5215662Z   fetch-depth: 1
2025-12-30T16:54:34.5216084Z   fetch-tags: false
2025-12-30T16:54:34.5216480Z   show-progress: true
2025-12-30T16:54:34.5216914Z   lfs: false
2025-12-30T16:54:34.5217284Z   submodules: false
2025-12-30T16:54:34.5217688Z   set-safe-directory: true
2025-12-30T16:54:34.5218337Z ##[endgroup]
2025-12-30T16:54:34.6312993Z Syncing repository: worm-portal/aqequil
2025-12-30T16:54:34.6315685Z ##[group]Getting Git version info
2025-12-30T16:54:34.6316847Z Working directory is '/home/runner/work/aqequil/aqequil'
2025-12-30T16:54:34.6318504Z [command]/usr/bin/git version
2025-12-30T16:54:34.6362556Z git version 2.52.0
2025-12-30T16:54:34.6388728Z ##[endgroup]
2025-12-30T16:54:34.6412884Z Temporarily overriding HOME='/home/runner/work/_temp/589a5526-0098-4cae-ada9-feb3e74d3bd4' before making global git config changes
2025-12-30T16:54:34.6415360Z Adding repository directory to the temporary git global config as a safe directory
2025-12-30T16:54:34.6417990Z [command]/usr/bin/git config --global --add safe.directory /home/runner/work/aqequil/aqequil
2025-12-30T16:54:34.6457284Z Deleting the contents of '/home/runner/work/aqequil/aqequil'
2025-12-30T16:54:34.6460821Z ##[group]Initializing the repository
2025-12-30T16:54:34.6465074Z [command]/usr/bin/git init /home/runner/work/aqequil/aqequil
2025-12-30T16:54:34.6567241Z hint: Using 'master' as the name for the initial branch. This default branch name
2025-12-30T16:54:34.6570059Z hint: will change to "main" in Git 3.0. To configure the initial branch name
2025-12-30T16:54:34.6572036Z hint: to use in all of your new repositories, which will suppress this warning,
2025-12-30T16:54:34.6573300Z hint: call:
2025-12-30T16:54:34.6574151Z hint:
2025-12-30T16:54:34.6575093Z hint: 	git config --global init.defaultBranch <name>
2025-12-30T16:54:34.6576017Z hint:
2025-12-30T16:54:34.6577125Z hint: Names commonly chosen instead of 'master' are 'main', 'trunk' and
2025-12-30T16:54:34.6578450Z hint: 'development'. The just-created branch can be renamed via this command:
2025-12-30T16:54:34.6579419Z hint:
2025-12-30T16:54:34.6580203Z hint: 	git branch -m <name>
2025-12-30T16:54:34.6582597Z hint:
2025-12-30T16:54:34.6584718Z hint: Disable this message with "git config set advice.defaultBranchName false"
2025-12-30T16:54:34.6586839Z Initialized empty Git repository in /home/runner/work/aqequil/aqequil/.git/
2025-12-30T16:54:34.6589623Z [command]/usr/bin/git remote add origin https://github.com/worm-portal/aqequil
2025-12-30T16:54:34.6627425Z ##[endgroup]
2025-12-30T16:54:34.6628636Z ##[group]Disabling automatic garbage collection
2025-12-30T16:54:34.6632562Z [command]/usr/bin/git config --local gc.auto 0
2025-12-30T16:54:34.6661412Z ##[endgroup]
2025-12-30T16:54:34.6662643Z ##[group]Setting up auth
2025-12-30T16:54:34.6668834Z [command]/usr/bin/git config --local --name-only --get-regexp core\.sshCommand
2025-12-30T16:54:34.6699570Z [command]/usr/bin/git submodule foreach --recursive sh -c "git config --local --name-only --get-regexp 'core\.sshCommand' && git config --local --unset-all 'core.sshCommand' || :"
2025-12-30T16:54:34.7017685Z [command]/usr/bin/git config --local --name-only --get-regexp http\.https\:\/\/github\.com\/\.extraheader
2025-12-30T16:54:34.7047667Z [command]/usr/bin/git submodule foreach --recursive sh -c "git config --local --name-only --get-regexp 'http\.https\:\/\/github\.com\/\.extraheader' && git config --local --unset-all 'http.https://github.com/.extraheader' || :"
2025-12-30T16:54:34.7264011Z [command]/usr/bin/git config --local --name-only --get-regexp ^includeIf\.gitdir:
2025-12-30T16:54:34.7295354Z [command]/usr/bin/git submodule foreach --recursive git config --local --show-origin --name-only --get-regexp remote.origin.url
2025-12-30T16:54:34.7515304Z [command]/usr/bin/git config --local http.https://github.com/.extraheader AUTHORIZATION: basic ***
2025-12-30T16:54:34.7547958Z ##[endgroup]
2025-12-30T16:54:34.7555587Z ##[group]Fetching the repository
2025-12-30T16:54:34.7556876Z [command]/usr/bin/git -c protocol.version=2 fetch --no-tags --prune --no-recurse-submodules --depth=1 origin +e6190a14876ae468a4b5041a8a90e6974fe01773:refs/remotes/origin/dev
2025-12-30T16:54:35.4346842Z From https://github.com/worm-portal/aqequil
2025-12-30T16:54:35.4349060Z  * [new ref]         e6190a14876ae468a4b5041a8a90e6974fe01773 -> origin/dev
2025-12-30T16:54:35.4377855Z ##[endgroup]
2025-12-30T16:54:35.4379091Z ##[group]Determining the checkout info
2025-12-30T16:54:35.4380631Z ##[endgroup]
2025-12-30T16:54:35.4384641Z [command]/usr/bin/git sparse-checkout disable
2025-12-30T16:54:35.4424424Z [command]/usr/bin/git config --local --unset-all extensions.worktreeConfig
2025-12-30T16:54:35.4449613Z ##[group]Checking out the ref
2025-12-30T16:54:35.4452409Z [command]/usr/bin/git checkout --progress --force -B dev refs/remotes/origin/dev
2025-12-30T16:54:35.5566683Z Switched to a new branch 'dev'
2025-12-30T16:54:35.5568272Z branch 'dev' set up to track 'origin/dev'.
2025-12-30T16:54:35.5579441Z ##[endgroup]
2025-12-30T16:54:35.5617081Z [command]/usr/bin/git log -1 --format=%H
2025-12-30T16:54:35.5638873Z e6190a14876ae468a4b5041a8a90e6974fe01773
2025-12-30T16:54:35.5971507Z ##[group]Run actions/setup-python@v5
2025-12-30T16:54:35.5972749Z with:
2025-12-30T16:54:35.5973639Z   python-version: 3.11
2025-12-30T16:54:35.5974617Z   check-latest: false
2025-12-30T16:54:35.5975850Z   token: ***
2025-12-30T16:54:35.5976725Z   update-environment: true
2025-12-30T16:54:35.5977787Z   allow-prereleases: false
2025-12-30T16:54:35.5978814Z   freethreaded: false
2025-12-30T16:54:35.5979745Z ##[endgroup]
2025-12-30T16:54:35.7686086Z ##[group]Installed versions
2025-12-30T16:54:35.7795198Z Successfully set up CPython (3.11.14)
2025-12-30T16:54:35.7796237Z ##[endgroup]
2025-12-30T16:54:35.7906052Z ##[group]Run python -m pip install build
2025-12-30T16:54:35.7906500Z [36;1mpython -m pip install build[0m
2025-12-30T16:54:35.7954042Z shell: /usr/bin/bash -e {0}
2025-12-30T16:54:35.7954368Z env:
2025-12-30T16:54:35.7954691Z   pythonLocation: /opt/hostedtoolcache/Python/3.11.14/x64
2025-12-30T16:54:35.7955178Z   PKG_CONFIG_PATH: /opt/hostedtoolcache/Python/3.11.14/x64/lib/pkgconfig
2025-12-30T16:54:35.7955640Z   Python_ROOT_DIR: /opt/hostedtoolcache/Python/3.11.14/x64
2025-12-30T16:54:35.7956052Z   Python2_ROOT_DIR: /opt/hostedtoolcache/Python/3.11.14/x64
2025-12-30T16:54:35.7956454Z   Python3_ROOT_DIR: /opt/hostedtoolcache/Python/3.11.14/x64
2025-12-30T16:54:35.7956867Z   LD_LIBRARY_PATH: /opt/hostedtoolcache/Python/3.11.14/x64/lib
2025-12-30T16:54:35.7957197Z ##[endgroup]
2025-12-30T16:54:36.5349468Z Collecting build
2025-12-30T16:54:36.5918832Z   Downloading build-1.3.0-py3-none-any.whl.metadata (5.6 kB)
2025-12-30T16:54:36.6115813Z Collecting packaging>=19.1 (from build)
2025-12-30T16:54:36.6147012Z   Downloading packaging-25.0-py3-none-any.whl.metadata (3.3 kB)
2025-12-30T16:54:36.6251915Z Collecting pyproject_hooks (from build)
2025-12-30T16:54:36.6281836Z   Downloading pyproject_hooks-1.2.0-py3-none-any.whl.metadata (1.3 kB)
2025-12-30T16:54:36.6352547Z Downloading build-1.3.0-py3-none-any.whl (23 kB)
2025-12-30T16:54:36.6463355Z Downloading packaging-25.0-py3-none-any.whl (66 kB)
2025-12-30T16:54:36.6603139Z Downloading pyproject_hooks-1.2.0-py3-none-any.whl (10 kB)
2025-12-30T16:54:36.6798339Z Installing collected packages: pyproject_hooks, packaging, build
2025-12-30T16:54:36.7451528Z 
2025-12-30T16:54:36.7460216Z Successfully installed build-1.3.0 packaging-25.0 pyproject_hooks-1.2.0
2025-12-30T16:54:36.8765853Z ##[group]Run python -m build --sdist
2025-12-30T16:54:36.8766232Z [36;1mpython -m build --sdist[0m
2025-12-30T16:54:36.8801312Z shell: /usr/bin/bash -e {0}
2025-12-30T16:54:36.8863817Z env:
2025-12-30T16:54:36.8864326Z   pythonLocation: /opt/hostedtoolcache/Python/3.11.14/x64
2025-12-30T16:54:36.8865251Z   PKG_CONFIG_PATH: /opt/hostedtoolcache/Python/3.11.14/x64/lib/pkgconfig
2025-12-30T16:54:36.8866219Z   Python_ROOT_DIR: /opt/hostedtoolcache/Python/3.11.14/x64
2025-12-30T16:54:36.8867036Z   Python2_ROOT_DIR: /opt/hostedtoolcache/Python/3.11.14/x64
2025-12-30T16:54:36.8867818Z   Python3_ROOT_DIR: /opt/hostedtoolcache/Python/3.11.14/x64
2025-12-30T16:54:36.8868524Z   LD_LIBRARY_PATH: /opt/hostedtoolcache/Python/3.11.14/x64/lib
2025-12-30T16:54:36.8869145Z ##[endgroup]
2025-12-30T16:54:36.9663882Z * Creating isolated environment: venv+pip...
2025-12-30T16:54:36.9934735Z * Installing packages in isolated environment:
2025-12-30T16:54:37.9558764Z   - setuptools>=61.0
2025-12-30T16:54:37.9559283Z   - wheel
2025-12-30T16:54:38.2773234Z /tmp/build-env-epidju1q/lib/python3.11/site-packages/setuptools/config/_apply_pyprojecttoml.py:82: SetuptoolsDeprecationWarning: `project.license` as a TOML table is deprecated
2025-12-30T16:54:38.2775033Z !!
2025-12-30T16:54:38.2775288Z 
2025-12-30T16:54:38.2775574Z         ********************************************************************************
2025-12-30T16:54:38.2777379Z         Please use a simple string containing a SPDX expression for `project.license`. You can also use `project.license-files`. (Both options available on setuptools>=77.0.0).
2025-12-30T16:54:38.2779415Z 
2025-12-30T16:54:38.2779924Z         By 2026-Feb-18, you need to update your project and remove deprecated calls
2025-12-30T16:54:38.2781176Z         or your builds will no longer be supported.
2025-12-30T16:54:38.2781619Z 
2025-12-30T16:54:38.2782078Z         See https://packaging.python.org/en/latest/guides/writing-pyproject-toml/#license for details.
2025-12-30T16:54:38.2782765Z         ********************************************************************************
2025-12-30T16:54:38.2783068Z 
2025-12-30T16:54:38.2783153Z !!
2025-12-30T16:54:38.2783390Z   corresp(dist, value, root_dir)
2025-12-30T16:54:38.2783740Z * Getting build dependencies for sdist...
2025-12-30T16:54:38.3671763Z /tmp/build-env-epidju1q/lib/python3.11/site-packages/setuptools/config/_apply_pyprojecttoml.py:61: SetuptoolsDeprecationWarning: License classifiers are deprecated.
2025-12-30T16:54:38.3672907Z !!
2025-12-30T16:54:38.3673036Z 
2025-12-30T16:54:38.3673221Z         ********************************************************************************
2025-12-30T16:54:38.3673851Z         Please consider removing the following classifiers in favor of a SPDX license expression:
2025-12-30T16:54:38.3674332Z 
2025-12-30T16:54:38.3674674Z         License :: OSI Approved :: MIT License
2025-12-30T16:54:38.3675109Z 
2025-12-30T16:54:38.3675751Z         See https://packaging.python.org/en/latest/guides/writing-pyproject-toml/#license for details.
2025-12-30T16:54:38.3676887Z         ********************************************************************************
2025-12-30T16:54:38.3677380Z 
2025-12-30T16:54:38.3677516Z !!
2025-12-30T16:54:38.3677905Z   dist._finalize_license_expression()
2025-12-30T16:54:38.3679251Z /tmp/build-env-epidju1q/lib/python3.11/site-packages/setuptools/dist.py:759: SetuptoolsDeprecationWarning: License classifiers are deprecated.
2025-12-30T16:54:38.3680111Z !!
2025-12-30T16:54:38.3680221Z 
2025-12-30T16:54:38.3680373Z         ********************************************************************************
2025-12-30T16:54:38.3681245Z         Please consider removing the following classifiers in favor of a SPDX license expression:
2025-12-30T16:54:38.3681713Z 
2025-12-30T16:54:38.3681871Z         License :: OSI Approved :: MIT License
2025-12-30T16:54:38.3682137Z 
2025-12-30T16:54:38.3682715Z         See https://packaging.python.org/en/latest/guides/writing-pyproject-toml/#license for details.
2025-12-30T16:54:38.3683301Z         ********************************************************************************
2025-12-30T16:54:38.3683555Z 
2025-12-30T16:54:38.3683625Z !!
2025-12-30T16:54:38.3683824Z   self._finalize_license_expression()
2025-12-30T16:54:38.3689546Z running egg_info
2025-12-30T16:54:38.3702674Z creating aqequil.egg-info
2025-12-30T16:54:38.3703922Z writing aqequil.egg-info/PKG-INFO
2025-12-30T16:54:38.3709005Z writing dependency_links to aqequil.egg-info/dependency_links.txt
2025-12-30T16:54:38.3711873Z writing requirements to aqequil.egg-info/requires.txt
2025-12-30T16:54:38.3713065Z writing top-level names to aqequil.egg-info/top_level.txt
2025-12-30T16:54:38.3714674Z writing manifest file 'aqequil.egg-info/SOURCES.txt'
2025-12-30T16:54:38.4029438Z reading manifest file 'aqequil.egg-info/SOURCES.txt'
2025-12-30T16:54:38.4031309Z reading manifest template 'MANIFEST.in'
2025-12-30T16:54:38.4041623Z warning: no files found matching '*.css' under directory 'html'
2025-12-30T16:54:38.4044750Z warning: no files found matching '*.js' under directory 'html'
2025-12-30T16:54:38.4175870Z warning: no files found matching '*.r' under directory 'aqequil'
2025-12-30T16:54:38.4829234Z warning: no files found matching '*.f90' under directory 'aqequil/eq3_6_src'
2025-12-30T16:54:38.4948741Z warning: no files found matching '*.for' under directory 'aqequil/eq3_6_src'
2025-12-30T16:54:38.4953639Z warning: no files found matching '*.inc' under directory 'aqequil/eq3_6_src/include'
2025-12-30T16:54:38.4962239Z no previously-included directories found matching 'test'
2025-12-30T16:54:38.4970714Z warning: no previously-included files matching '*.pyc' found anywhere in distribution
2025-12-30T16:54:38.4979041Z warning: no previously-included files matching '*.pyo' found anywhere in distribution
2025-12-30T16:54:38.4987368Z warning: no previously-included files matching '*.pyd' found anywhere in distribution
2025-12-30T16:54:38.4994477Z warning: no previously-included files matching '__pycache__' found anywhere in distribution
2025-12-30T16:54:38.5001476Z warning: no previously-included files matching '.pytest_cache' found anywhere in distribution
2025-12-30T16:54:38.5008521Z warning: no previously-included files matching '.ipynb_checkpoints' found anywhere in distribution
2025-12-30T16:54:38.5016483Z warning: no previously-included files matching '*~' found anywhere in distribution
2025-12-30T16:54:38.5024759Z warning: no previously-included files matching '*.swp' found anywhere in distribution
2025-12-30T16:54:38.5031525Z warning: no previously-included files matching '.DS_Store' found anywhere in distribution
2025-12-30T16:54:38.5032307Z adding license file 'LICENSE.txt'
2025-12-30T16:54:38.5122535Z writing manifest file 'aqequil.egg-info/SOURCES.txt'
2025-12-30T16:54:38.5359956Z * Building sdist...
2025-12-30T16:54:38.6514404Z /tmp/build-env-epidju1q/lib/python3.11/site-packages/setuptools/config/_apply_pyprojecttoml.py:82: SetuptoolsDeprecationWarning: `project.license` as a TOML table is deprecated
2025-12-30T16:54:38.6515426Z !!
2025-12-30T16:54:38.6515547Z 
2025-12-30T16:54:38.6515717Z         ********************************************************************************
2025-12-30T16:54:38.6516664Z         Please use a simple string containing a SPDX expression for `project.license`. You can also use `project.license-files`. (Both options available on setuptools>=77.0.0).
2025-12-30T16:54:38.6517445Z 
2025-12-30T16:54:38.6517734Z         By 2026-Feb-18, you need to update your project and remove deprecated calls
2025-12-30T16:54:38.6518302Z         or your builds will no longer be supported.
2025-12-30T16:54:38.6518720Z 
2025-12-30T16:54:38.6519201Z         See https://packaging.python.org/en/latest/guides/writing-pyproject-toml/#license for details.
2025-12-30T16:54:38.6520056Z         ********************************************************************************
2025-12-30T16:54:38.6520518Z 
2025-12-30T16:54:38.6520626Z !!
2025-12-30T16:54:38.6520933Z   corresp(dist, value, root_dir)
2025-12-30T16:54:38.6702608Z /tmp/build-env-epidju1q/lib/python3.11/site-packages/setuptools/config/_apply_pyprojecttoml.py:61: SetuptoolsDeprecationWarning: License classifiers are deprecated.
2025-12-30T16:54:38.6703988Z !!
2025-12-30T16:54:38.6704142Z 
2025-12-30T16:54:38.6704365Z         ********************************************************************************
2025-12-30T16:54:38.6705257Z         Please consider removing the following classifiers in favor of a SPDX license expression:
2025-12-30T16:54:38.6705933Z 
2025-12-30T16:54:38.6706192Z         License :: OSI Approved :: MIT License
2025-12-30T16:54:38.6706527Z 
2025-12-30T16:54:38.6706886Z         See https://packaging.python.org/en/latest/guides/writing-pyproject-toml/#license for details.
2025-12-30T16:54:38.6707495Z         ********************************************************************************
2025-12-30T16:54:38.6707769Z 
2025-12-30T16:54:38.6707840Z !!
2025-12-30T16:54:38.6708055Z   dist._finalize_license_expression()
2025-12-30T16:54:38.6711359Z /tmp/build-env-epidju1q/lib/python3.11/site-packages/setuptools/dist.py:759: SetuptoolsDeprecationWarning: License classifiers are deprecated.
2025-12-30T16:54:38.6712146Z !!
2025-12-30T16:54:38.6712248Z 
2025-12-30T16:54:38.6712385Z         ********************************************************************************
2025-12-30T16:54:38.6712953Z         Please consider removing the following classifiers in favor of a SPDX license expression:
2025-12-30T16:54:38.6713394Z 
2025-12-30T16:54:38.6713514Z         License :: OSI Approved :: MIT License
2025-12-30T16:54:38.6713906Z 
2025-12-30T16:54:38.6714260Z         See https://packaging.python.org/en/latest/guides/writing-pyproject-toml/#license for details.
2025-12-30T16:54:38.6714857Z         ********************************************************************************
2025-12-30T16:54:38.6715127Z 
2025-12-30T16:54:38.6715198Z !!
2025-12-30T16:54:38.6715395Z   self._finalize_license_expression()
2025-12-30T16:54:38.6722857Z running sdist
2025-12-30T16:54:38.6724838Z running egg_info
2025-12-30T16:54:38.6747167Z writing aqequil.egg-info/PKG-INFO
2025-12-30T16:54:38.6752353Z writing dependency_links to aqequil.egg-info/dependency_links.txt
2025-12-30T16:54:38.6755624Z writing requirements to aqequil.egg-info/requires.txt
2025-12-30T16:54:38.6756941Z writing top-level names to aqequil.egg-info/top_level.txt
2025-12-30T16:54:38.7011582Z reading manifest file 'aqequil.egg-info/SOURCES.txt'
2025-12-30T16:54:38.7103755Z reading manifest template 'MANIFEST.in'
2025-12-30T16:54:38.7113692Z warning: no files found matching '*.css' under directory 'html'
2025-12-30T16:54:38.7116586Z warning: no files found matching '*.js' under directory 'html'
2025-12-30T16:54:38.7246222Z warning: no files found matching '*.r' under directory 'aqequil'
2025-12-30T16:54:38.7902824Z warning: no files found matching '*.f90' under directory 'aqequil/eq3_6_src'
2025-12-30T16:54:38.8022729Z warning: no files found matching '*.for' under directory 'aqequil/eq3_6_src'
2025-12-30T16:54:38.8027799Z warning: no files found matching '*.inc' under directory 'aqequil/eq3_6_src/include'
2025-12-30T16:54:38.8038042Z no previously-included directories found matching 'test'
2025-12-30T16:54:38.8051492Z warning: no previously-included files matching '*.pyc' found anywhere in distribution
2025-12-30T16:54:38.8064093Z warning: no previously-included files matching '*.pyo' found anywhere in distribution
2025-12-30T16:54:38.8077027Z warning: no previously-included files matching '*.pyd' found anywhere in distribution
2025-12-30T16:54:38.8088135Z warning: no previously-included files matching '__pycache__' found anywhere in distribution
2025-12-30T16:54:38.8099088Z warning: no previously-included files matching '.pytest_cache' found anywhere in distribution
2025-12-30T16:54:38.8109926Z warning: no previously-included files matching '.ipynb_checkpoints' found anywhere in distribution
2025-12-30T16:54:38.8122498Z warning: no previously-included files matching '*~' found anywhere in distribution
2025-12-30T16:54:38.8135432Z warning: no previously-included files matching '*.swp' found anywhere in distribution
2025-12-30T16:54:38.8146118Z warning: no previously-included files matching '.DS_Store' found anywhere in distribution
2025-12-30T16:54:38.8146687Z adding license file 'LICENSE.txt'
2025-12-30T16:54:38.8271592Z writing manifest file 'aqequil.egg-info/SOURCES.txt'
2025-12-30T16:54:38.8274567Z running check
2025-12-30T16:54:38.8299143Z creating aqequil-0.41.0
2025-12-30T16:54:38.8313999Z creating aqequil-0.41.0/aqequil
2025-12-30T16:54:38.8315468Z creating aqequil-0.41.0/aqequil.egg-info
2025-12-30T16:54:38.8317186Z creating aqequil-0.41.0/aqequil/bin
2025-12-30T16:54:38.8318789Z creating aqequil-0.41.0/aqequil/eq3_6_src
2025-12-30T16:54:38.8320508Z creating aqequil-0.41.0/aqequil/eq3_6_src/bin
2025-12-30T16:54:38.8322684Z creating aqequil-0.41.0/aqequil/eq3_6_src/include/eqlib
2025-12-30T16:54:38.8324929Z creating aqequil-0.41.0/aqequil/eq3_6_src/include/xcon3
2025-12-30T16:54:38.8326212Z creating aqequil-0.41.0/aqequil/eq3_6_src/include/xcon6
2025-12-30T16:54:38.8327486Z creating aqequil-0.41.0/aqequil/eq3_6_src/src
2025-12-30T16:54:38.8328848Z creating aqequil-0.41.0/aqequil/eq3_6_src/src/eq3nr
2025-12-30T16:54:38.8330284Z creating aqequil-0.41.0/aqequil/eq3_6_src/src/eq3nr/obj
2025-12-30T16:54:38.8331777Z creating aqequil-0.41.0/aqequil/eq3_6_src/src/eq3nr/src
2025-12-30T16:54:38.8333053Z creating aqequil-0.41.0/aqequil/eq3_6_src/src/eq6
2025-12-30T16:54:38.8334539Z creating aqequil-0.41.0/aqequil/eq3_6_src/src/eq6/mod
2025-12-30T16:54:38.8335776Z creating aqequil-0.41.0/aqequil/eq3_6_src/src/eq6/obj
2025-12-30T16:54:38.8337064Z creating aqequil-0.41.0/aqequil/eq3_6_src/src/eq6/src
2025-12-30T16:54:38.8338599Z creating aqequil-0.41.0/aqequil/eq3_6_src/src/eqlib
2025-12-30T16:54:38.8339901Z creating aqequil-0.41.0/aqequil/eq3_6_src/src/eqlib/obj
2025-12-30T16:54:38.8341318Z creating aqequil-0.41.0/aqequil/eq3_6_src/src/eqlib/src
2025-12-30T16:54:38.8342706Z creating aqequil-0.41.0/aqequil/eq3_6_src/src/eqlibg
2025-12-30T16:54:38.8344013Z creating aqequil-0.41.0/aqequil/eq3_6_src/src/eqlibg/obj
2025-12-30T16:54:38.8345323Z creating aqequil-0.41.0/aqequil/eq3_6_src/src/eqlibg/src
2025-12-30T16:54:38.8346591Z creating aqequil-0.41.0/aqequil/eq3_6_src/src/eqlibu
2025-12-30T16:54:38.8347911Z creating aqequil-0.41.0/aqequil/eq3_6_src/src/eqlibu/obj
2025-12-30T16:54:38.8349161Z creating aqequil-0.41.0/aqequil/eq3_6_src/src/eqlibu/src
2025-12-30T16:54:38.8350416Z creating aqequil-0.41.0/aqequil/eq3_6_src/src/eqpt
2025-12-30T16:54:38.8352167Z creating aqequil-0.41.0/aqequil/eq3_6_src/src/eqpt/obj
2025-12-30T16:54:38.8353368Z creating aqequil-0.41.0/aqequil/eq3_6_src/src/eqpt/src
2025-12-30T16:54:38.8354633Z creating aqequil-0.41.0/aqequil/eq3_6_src/src/xcon3
2025-12-30T16:54:38.8355933Z creating aqequil-0.41.0/aqequil/eq3_6_src/src/xcon3/obj
2025-12-30T16:54:38.8357227Z creating aqequil-0.41.0/aqequil/eq3_6_src/src/xcon3/src
2025-12-30T16:54:38.8358476Z creating aqequil-0.41.0/aqequil/eq3_6_src/src/xcon6
2025-12-30T16:54:38.8360022Z creating aqequil-0.41.0/aqequil/eq3_6_src/src/xcon6/obj
2025-12-30T16:54:38.8361401Z creating aqequil-0.41.0/aqequil/eq3_6_src/src/xcon6/src
2025-12-30T16:54:38.8363259Z creating aqequil-0.41.0/aqequil/test_data
2025-12-30T16:54:38.8364886Z creating aqequil-0.41.0/html/aqequil
2025-12-30T16:54:38.8366735Z copying files to aqequil-0.41.0...
2025-12-30T16:54:38.8367408Z copying CITATION.cff -> aqequil-0.41.0
2025-12-30T16:54:38.8369268Z copying LICENSE.txt -> aqequil-0.41.0
2025-12-30T16:54:38.8371281Z copying MANIFEST.in -> aqequil-0.41.0
2025-12-30T16:54:38.8373206Z copying README.md -> aqequil-0.41.0
2025-12-30T16:54:38.8374795Z copying THIRD_PARTY_LICENSES.txt -> aqequil-0.41.0
2025-12-30T16:54:38.8376830Z copying compile_eq3_6.py -> aqequil-0.41.0
2025-12-30T16:54:38.8391749Z copying pyproject.toml -> aqequil-0.41.0
2025-12-30T16:54:38.8392488Z copying setup.py -> aqequil-0.41.0
2025-12-30T16:54:38.8392953Z copying test_integration.py -> aqequil-0.41.0
2025-12-30T16:54:38.8393626Z copying aqequil/AqSpeciation.py -> aqequil-0.41.0/aqequil
2025-12-30T16:54:38.8393996Z copying aqequil/MassTransfer.py -> aqequil-0.41.0/aqequil
2025-12-30T16:54:38.8396185Z copying aqequil/_HKF_cgl.py -> aqequil-0.41.0/aqequil
2025-12-30T16:54:38.8398268Z copying aqequil/__init__.py -> aqequil-0.41.0/aqequil
2025-12-30T16:54:38.8400534Z copying aqequil/check_TP_grid.py -> aqequil-0.41.0/aqequil
2025-12-30T16:54:38.8402725Z copying aqequil/create_data0.py -> aqequil-0.41.0/aqequil
2025-12-30T16:54:38.8404952Z copying aqequil/data0.min -> aqequil-0.41.0/aqequil
2025-12-30T16:54:38.8406816Z copying aqequil/dissrxn_balancer.py -> aqequil-0.41.0/aqequil
2025-12-30T16:54:38.8408626Z copying aqequil/dissrxn_generator.py -> aqequil-0.41.0/aqequil
2025-12-30T16:54:38.8410642Z copying aqequil/fill_data0_header.py -> aqequil-0.41.0/aqequil
2025-12-30T16:54:38.8412741Z copying aqequil/formula_parser.py -> aqequil-0.41.0/aqequil
2025-12-30T16:54:38.8414564Z copying aqequil/half_cell_reactions.csv -> aqequil-0.41.0/aqequil
2025-12-30T16:54:38.8416411Z copying aqequil/output_3o_mine.py -> aqequil-0.41.0/aqequil
2025-12-30T16:54:38.8418521Z copying aqequil/preprocess_for_EQ3.py -> aqequil-0.41.0/aqequil
2025-12-30T16:54:38.8421298Z copying aqequil/process_dissrxns.py -> aqequil-0.41.0/aqequil
2025-12-30T16:54:38.8423803Z copying aqequil/redox_suppression.py -> aqequil-0.41.0/aqequil
2025-12-30T16:54:38.8425972Z copying aqequil/speciation_groups_WORM.txt -> aqequil-0.41.0/aqequil
2025-12-30T16:54:38.8428375Z copying aqequil.egg-info/PKG-INFO -> aqequil-0.41.0/aqequil.egg-info
2025-12-30T16:54:38.8430562Z copying aqequil.egg-info/SOURCES.txt -> aqequil-0.41.0/aqequil.egg-info
2025-12-30T16:54:38.8433508Z copying aqequil.egg-info/dependency_links.txt -> aqequil-0.41.0/aqequil.egg-info
2025-12-30T16:54:38.8435189Z copying aqequil.egg-info/not-zip-safe -> aqequil-0.41.0/aqequil.egg-info
2025-12-30T16:54:38.8437169Z copying aqequil.egg-info/requires.txt -> aqequil-0.41.0/aqequil.egg-info
2025-12-30T16:54:38.8439005Z copying aqequil.egg-info/top_level.txt -> aqequil-0.41.0/aqequil.egg-info
2025-12-30T16:54:38.8440746Z copying aqequil/bin/__init__.py -> aqequil-0.41.0/aqequil/bin
2025-12-30T16:54:38.8443032Z copying aqequil/eq3_6_src/Makefile -> aqequil-0.41.0/aqequil/eq3_6_src
2025-12-30T16:54:38.8444796Z copying aqequil/eq3_6_src/__init__.py -> aqequil-0.41.0/aqequil/eq3_6_src
2025-12-30T16:54:38.8446403Z copying aqequil/eq3_6_src/bin/eq3nr.exe -> aqequil-0.41.0/aqequil/eq3_6_src/bin
2025-12-30T16:54:38.8458598Z copying aqequil/eq3_6_src/bin/eq6.exe -> aqequil-0.41.0/aqequil/eq3_6_src/bin
2025-12-30T16:54:38.8477556Z copying aqequil/eq3_6_src/bin/eqpt.exe -> aqequil-0.41.0/aqequil/eq3_6_src/bin
2025-12-30T16:54:38.8485743Z copying aqequil/eq3_6_src/bin/xcon3.exe -> aqequil-0.41.0/aqequil/eq3_6_src/bin
2025-12-30T16:54:38.8492030Z copying aqequil/eq3_6_src/bin/xcon6.exe -> aqequil-0.41.0/aqequil/eq3_6_src/bin
2025-12-30T16:54:38.8502391Z copying aqequil/eq3_6_src/include/eqlib/eql1s.h -> aqequil-0.41.0/aqequil/eq3_6_src/include/eqlib
2025-12-30T16:54:38.8504043Z copying aqequil/eq3_6_src/include/eqlib/eql1sd.h -> aqequil-0.41.0/aqequil/eq3_6_src/include/eqlib
2025-12-30T16:54:38.8505642Z copying aqequil/eq3_6_src/include/eqlib/eqldef.h -> aqequil-0.41.0/aqequil/eq3_6_src/include/eqlib
2025-12-30T16:54:38.8507328Z copying aqequil/eq3_6_src/include/eqlib/eqldv.h -> aqequil-0.41.0/aqequil/eq3_6_src/include/eqlib
2025-12-30T16:54:38.8508923Z copying aqequil/eq3_6_src/include/eqlib/eqlge.h -> aqequil-0.41.0/aqequil/eq3_6_src/include/eqlib
2025-12-30T16:54:38.8510555Z copying aqequil/eq3_6_src/include/eqlib/eqlj8.h -> aqequil-0.41.0/aqequil/eq3_6_src/include/eqlib
2025-12-30T16:54:38.8512420Z copying aqequil/eq3_6_src/include/eqlib/eqlj8d.h -> aqequil-0.41.0/aqequil/eq3_6_src/include/eqlib
2025-12-30T16:54:38.8513792Z copying aqequil/eq3_6_src/include/eqlib/eqlk8.h -> aqequil-0.41.0/aqequil/eq3_6_src/include/eqlib
2025-12-30T16:54:38.8515505Z copying aqequil/eq3_6_src/include/eqlib/eqlk8d.h -> aqequil-0.41.0/aqequil/eq3_6_src/include/eqlib
2025-12-30T16:54:38.8517268Z copying aqequil/eq3_6_src/include/eqlib/eqlo8.h -> aqequil-0.41.0/aqequil/eq3_6_src/include/eqlib
2025-12-30T16:54:38.8518575Z copying aqequil/eq3_6_src/include/eqlib/eqlo8d.h -> aqequil-0.41.0/aqequil/eq3_6_src/include/eqlib
2025-12-30T16:54:38.8520552Z copying aqequil/eq3_6_src/include/eqlib/eqlpar.h -> aqequil-0.41.0/aqequil/eq3_6_src/include/eqlib
2025-12-30T16:54:38.8522397Z copying aqequil/eq3_6_src/include/eqlib/eqltf1.h -> aqequil-0.41.0/aqequil/eq3_6_src/include/eqlib
2025-12-30T16:54:38.8523871Z copying aqequil/eq3_6_src/include/eqlib/eqltf2.h -> aqequil-0.41.0/aqequil/eq3_6_src/include/eqlib
2025-12-30T16:54:38.8525540Z copying aqequil/eq3_6_src/include/eqlib/eqlwd.h -> aqequil-0.41.0/aqequil/eq3_6_src/include/eqlib
2025-12-30T16:54:38.8527242Z copying aqequil/eq3_6_src/include/eqlib/eqlwdd.h -> aqequil-0.41.0/aqequil/eq3_6_src/include/eqlib
2025-12-30T16:54:38.8528809Z copying aqequil/eq3_6_src/include/xcon3/x3op7.h -> aqequil-0.41.0/aqequil/eq3_6_src/include/xcon3
2025-12-30T16:54:38.8530412Z copying aqequil/eq3_6_src/include/xcon3/x3op7d.h -> aqequil-0.41.0/aqequil/eq3_6_src/include/xcon3
2025-12-30T16:54:38.8532385Z copying aqequil/eq3_6_src/include/xcon6/x6op7.h -> aqequil-0.41.0/aqequil/eq3_6_src/include/xcon6
2025-12-30T16:54:38.8534009Z copying aqequil/eq3_6_src/include/xcon6/x6op7d.h -> aqequil-0.41.0/aqequil/eq3_6_src/include/xcon6
2025-12-30T16:54:38.8535757Z copying aqequil/eq3_6_src/include/xcon6/x6sbsp.h -> aqequil-0.41.0/aqequil/eq3_6_src/include/xcon6
2025-12-30T16:54:38.8537447Z copying aqequil/eq3_6_src/src/Makefile.exe.in -> aqequil-0.41.0/aqequil/eq3_6_src/src
2025-12-30T16:54:38.8538973Z copying aqequil/eq3_6_src/src/Makefile.lib.in -> aqequil-0.41.0/aqequil/eq3_6_src/src
2025-12-30T16:54:38.8540629Z copying aqequil/eq3_6_src/src/eq3nr/Makefile -> aqequil-0.41.0/aqequil/eq3_6_src/src/eq3nr
2025-12-30T16:54:38.8542507Z copying aqequil/eq3_6_src/src/eq3nr/obj/aaaeq3.o -> aqequil-0.41.0/aqequil/eq3_6_src/src/eq3nr/obj
2025-12-30T16:54:38.8544109Z copying aqequil/eq3_6_src/src/eq3nr/obj/arrset.o -> aqequil-0.41.0/aqequil/eq3_6_src/src/eq3nr/obj
2025-12-30T16:54:38.8545921Z copying aqequil/eq3_6_src/src/eq3nr/obj/arrsim.o -> aqequil-0.41.0/aqequil/eq3_6_src/src/eq3nr/obj
2025-12-30T16:54:38.8547676Z copying aqequil/eq3_6_src/src/eq3nr/obj/bkdeq3.o -> aqequil-0.41.0/aqequil/eq3_6_src/src/eq3nr/obj
2025-12-30T16:54:38.8549545Z copying aqequil/eq3_6_src/src/eq3nr/obj/chkinx.o -> aqequil-0.41.0/aqequil/eq3_6_src/src/eq3nr/obj
2025-12-30T16:54:38.8551477Z copying aqequil/eq3_6_src/src/eq3nr/obj/dawfix.o -> aqequil-0.41.0/aqequil/eq3_6_src/src/eq3nr/obj
2025-12-30T16:54:38.8553221Z copying aqequil/eq3_6_src/src/eq3nr/obj/dfaltx.o -> aqequil-0.41.0/aqequil/eq3_6_src/src/eq3nr/obj
2025-12-30T16:54:38.8554855Z copying aqequil/eq3_6_src/src/eq3nr/obj/echox.o -> aqequil-0.41.0/aqequil/eq3_6_src/src/eq3nr/obj
2025-12-30T16:54:38.8556609Z copying aqequil/eq3_6_src/src/eq3nr/obj/eq3nr.o -> aqequil-0.41.0/aqequil/eq3_6_src/src/eq3nr/obj
2025-12-30T16:54:38.8559523Z copying aqequil/eq3_6_src/src/eq3nr/obj/intbs3.o -> aqequil-0.41.0/aqequil/eq3_6_src/src/eq3nr/obj
2025-12-30T16:54:38.8561493Z copying aqequil/eq3_6_src/src/eq3nr/obj/intge3.o -> aqequil-0.41.0/aqequil/eq3_6_src/src/eq3nr/obj
2025-12-30T16:54:38.8563246Z copying aqequil/eq3_6_src/src/eq3nr/obj/intieb.o -> aqequil-0.41.0/aqequil/eq3_6_src/src/eq3nr/obj
2025-12-30T16:54:38.8564914Z copying aqequil/eq3_6_src/src/eq3nr/obj/intinx.o -> aqequil-0.41.0/aqequil/eq3_6_src/src/eq3nr/obj
2025-12-30T16:54:38.8566560Z copying aqequil/eq3_6_src/src/eq3nr/obj/intnsp.o -> aqequil-0.41.0/aqequil/eq3_6_src/src/eq3nr/obj
2025-12-30T16:54:38.8568272Z copying aqequil/eq3_6_src/src/eq3nr/obj/jfloha.o -> aqequil-0.41.0/aqequil/eq3_6_src/src/eq3nr/obj
2025-12-30T16:54:38.8570018Z copying aqequil/eq3_6_src/src/eq3nr/obj/ndiagx.o -> aqequil-0.41.0/aqequil/eq3_6_src/src/eq3nr/obj
2025-12-30T16:54:38.8571519Z copying aqequil/eq3_6_src/src/eq3nr/obj/rd3ind.o -> aqequil-0.41.0/aqequil/eq3_6_src/src/eq3nr/obj
2025-12-30T16:54:38.8574739Z copying aqequil/eq3_6_src/src/eq3nr/obj/rd3inw.o -> aqequil-0.41.0/aqequil/eq3_6_src/src/eq3nr/obj
2025-12-30T16:54:38.8576595Z copying aqequil/eq3_6_src/src/eq3nr/obj/scripx.o -> aqequil-0.41.0/aqequil/eq3_6_src/src/eq3nr/obj
2025-12-30T16:54:38.8578366Z copying aqequil/eq3_6_src/src/eq3nr/obj/setpk3.o -> aqequil-0.41.0/aqequil/eq3_6_src/src/eq3nr/obj
2025-12-30T16:54:38.8580095Z copying aqequil/eq3_6_src/src/eq3nr/obj/setup.o -> aqequil-0.41.0/aqequil/eq3_6_src/src/eq3nr/obj
2025-12-30T16:54:38.8581859Z copying aqequil/eq3_6_src/src/eq3nr/obj/stpk36.o -> aqequil-0.41.0/aqequil/eq3_6_src/src/eq3nr/obj
2025-12-30T16:54:38.8583540Z copying aqequil/eq3_6_src/src/eq3nr/obj/wr3pkd.o -> aqequil-0.41.0/aqequil/eq3_6_src/src/eq3nr/obj
2025-12-30T16:54:38.8585427Z copying aqequil/eq3_6_src/src/eq3nr/obj/wr3pkw.o -> aqequil-0.41.0/aqequil/eq3_6_src/src/eq3nr/obj
2025-12-30T16:54:38.8587205Z copying aqequil/eq3_6_src/src/eq3nr/src/aaaeq3.f -> aqequil-0.41.0/aqequil/eq3_6_src/src/eq3nr/src
2025-12-30T16:54:38.8589366Z copying aqequil/eq3_6_src/src/eq3nr/src/arrset.f -> aqequil-0.41.0/aqequil/eq3_6_src/src/eq3nr/src
2025-12-30T16:54:38.8591404Z copying aqequil/eq3_6_src/src/eq3nr/src/arrsim.f -> aqequil-0.41.0/aqequil/eq3_6_src/src/eq3nr/src
2025-12-30T16:54:38.8593343Z copying aqequil/eq3_6_src/src/eq3nr/src/bkdeq3.f -> aqequil-0.41.0/aqequil/eq3_6_src/src/eq3nr/src
2025-12-30T16:54:38.8595090Z copying aqequil/eq3_6_src/src/eq3nr/src/chkinx.f -> aqequil-0.41.0/aqequil/eq3_6_src/src/eq3nr/src
2025-12-30T16:54:38.8596748Z copying aqequil/eq3_6_src/src/eq3nr/src/dawfix.f -> aqequil-0.41.0/aqequil/eq3_6_src/src/eq3nr/src
2025-12-30T16:54:38.8598285Z copying aqequil/eq3_6_src/src/eq3nr/src/dfaltx.f -> aqequil-0.41.0/aqequil/eq3_6_src/src/eq3nr/src
2025-12-30T16:54:38.8599731Z copying aqequil/eq3_6_src/src/eq3nr/src/echox.f -> aqequil-0.41.0/aqequil/eq3_6_src/src/eq3nr/src
2025-12-30T16:54:38.8601443Z copying aqequil/eq3_6_src/src/eq3nr/src/eq3nr.f -> aqequil-0.41.0/aqequil/eq3_6_src/src/eq3nr/src
2025-12-30T16:54:38.8604253Z copying aqequil/eq3_6_src/src/eq3nr/src/intbs3.f -> aqequil-0.41.0/aqequil/eq3_6_src/src/eq3nr/src
2025-12-30T16:54:38.8605592Z copying aqequil/eq3_6_src/src/eq3nr/src/intge3.f -> aqequil-0.41.0/aqequil/eq3_6_src/src/eq3nr/src
2025-12-30T16:54:38.8607133Z copying aqequil/eq3_6_src/src/eq3nr/src/intieb.f -> aqequil-0.41.0/aqequil/eq3_6_src/src/eq3nr/src
2025-12-30T16:54:38.8608596Z copying aqequil/eq3_6_src/src/eq3nr/src/intinx.f -> aqequil-0.41.0/aqequil/eq3_6_src/src/eq3nr/src
2025-12-30T16:54:38.8610033Z copying aqequil/eq3_6_src/src/eq3nr/src/intnsp.f -> aqequil-0.41.0/aqequil/eq3_6_src/src/eq3nr/src
2025-12-30T16:54:38.8611669Z copying aqequil/eq3_6_src/src/eq3nr/src/jfloha.f -> aqequil-0.41.0/aqequil/eq3_6_src/src/eq3nr/src
2025-12-30T16:54:38.8613152Z copying aqequil/eq3_6_src/src/eq3nr/src/ndiagx.f -> aqequil-0.41.0/aqequil/eq3_6_src/src/eq3nr/src
2025-12-30T16:54:38.8614647Z copying aqequil/eq3_6_src/src/eq3nr/src/rd3ind.f -> aqequil-0.41.0/aqequil/eq3_6_src/src/eq3nr/src
2025-12-30T16:54:38.8617266Z copying aqequil/eq3_6_src/src/eq3nr/src/rd3inw.f -> aqequil-0.41.0/aqequil/eq3_6_src/src/eq3nr/src
2025-12-30T16:54:38.8619235Z copying aqequil/eq3_6_src/src/eq3nr/src/scripx.f -> aqequil-0.41.0/aqequil/eq3_6_src/src/eq3nr/src
2025-12-30T16:54:38.8620885Z copying aqequil/eq3_6_src/src/eq3nr/src/setpk3.f -> aqequil-0.41.0/aqequil/eq3_6_src/src/eq3nr/src
2025-12-30T16:54:38.8622622Z copying aqequil/eq3_6_src/src/eq3nr/src/setup.f -> aqequil-0.41.0/aqequil/eq3_6_src/src/eq3nr/src
2025-12-30T16:54:38.8624115Z copying aqequil/eq3_6_src/src/eq3nr/src/stpk36.f -> aqequil-0.41.0/aqequil/eq3_6_src/src/eq3nr/src
2025-12-30T16:54:38.8625680Z copying aqequil/eq3_6_src/src/eq3nr/src/wr3pkd.f -> aqequil-0.41.0/aqequil/eq3_6_src/src/eq3nr/src
2025-12-30T16:54:38.8627306Z copying aqequil/eq3_6_src/src/eq3nr/src/wr3pkw.f -> aqequil-0.41.0/aqequil/eq3_6_src/src/eq3nr/src
2025-12-30T16:54:38.8628763Z copying aqequil/eq3_6_src/src/eq6/Makefile -> aqequil-0.41.0/aqequil/eq3_6_src/src/eq6
2025-12-30T16:54:38.8630449Z copying aqequil/eq3_6_src/src/eq6/mod/mod6pt.mod -> aqequil-0.41.0/aqequil/eq3_6_src/src/eq6/mod
2025-12-30T16:54:38.8631926Z copying aqequil/eq3_6_src/src/eq6/mod/mod6xf.mod -> aqequil-0.41.0/aqequil/eq3_6_src/src/eq6/mod
2025-12-30T16:54:38.8633465Z copying aqequil/eq3_6_src/src/eq6/obj/aaaeq6.o -> aqequil-0.41.0/aqequil/eq3_6_src/src/eq6/obj
2025-12-30T16:54:38.8634988Z copying aqequil/eq3_6_src/src/eq6/obj/absswb.o -> aqequil-0.41.0/aqequil/eq3_6_src/src/eq6/obj
2025-12-30T16:54:38.8636484Z copying aqequil/eq3_6_src/src/eq6/obj/aderiv.o -> aqequil-0.41.0/aqequil/eq3_6_src/src/eq6/obj
2025-12-30T16:54:38.8637910Z copying aqequil/eq3_6_src/src/eq6/obj/adprpl.o -> aqequil-0.41.0/aqequil/eq3_6_src/src/eq6/obj
2025-12-30T16:54:38.8639363Z copying aqequil/eq3_6_src/src/eq6/obj/ataylr.o -> aqequil-0.41.0/aqequil/eq3_6_src/src/eq6/obj
2025-12-30T16:54:38.8640823Z copying aqequil/eq3_6_src/src/eq6/obj/bderiv.o -> aqequil-0.41.0/aqequil/eq3_6_src/src/eq6/obj
2025-12-30T16:54:38.8642540Z copying aqequil/eq3_6_src/src/eq6/obj/betars.o -> aqequil-0.41.0/aqequil/eq3_6_src/src/eq6/obj
2025-12-30T16:54:38.8644023Z copying aqequil/eq3_6_src/src/eq6/obj/bkdeq6.o -> aqequil-0.41.0/aqequil/eq3_6_src/src/eq6/obj
2025-12-30T16:54:38.8645957Z copying aqequil/eq3_6_src/src/eq6/obj/caft1.o -> aqequil-0.41.0/aqequil/eq3_6_src/src/eq6/obj
2025-12-30T16:54:38.8647323Z copying aqequil/eq3_6_src/src/eq6/obj/cdappl.o -> aqequil-0.41.0/aqequil/eq3_6_src/src/eq6/obj
2025-12-30T16:54:38.8648882Z copying aqequil/eq3_6_src/src/eq6/obj/chdxec.o -> aqequil-0.41.0/aqequil/eq3_6_src/src/eq6/obj
2025-12-30T16:54:38.8650364Z copying aqequil/eq3_6_src/src/eq6/obj/chdxgr.o -> aqequil-0.41.0/aqequil/eq3_6_src/src/eq6/obj
2025-12-30T16:54:38.8652109Z copying aqequil/eq3_6_src/src/eq6/obj/chdxgz.o -> aqequil-0.41.0/aqequil/eq3_6_src/src/eq6/obj
2025-12-30T16:54:38.8653657Z copying aqequil/eq3_6_src/src/eq6/obj/chdxtr.o -> aqequil-0.41.0/aqequil/eq3_6_src/src/eq6/obj
2025-12-30T16:54:38.8655132Z copying aqequil/eq3_6_src/src/eq6/obj/chdxtz.o -> aqequil-0.41.0/aqequil/eq3_6_src/src/eq6/obj
2025-12-30T16:54:38.8656658Z copying aqequil/eq3_6_src/src/eq6/obj/chkinz.o -> aqequil-0.41.0/aqequil/eq3_6_src/src/eq6/obj
2025-12-30T16:54:38.8658187Z copying aqequil/eq3_6_src/src/eq6/obj/chksar.o -> aqequil-0.41.0/aqequil/eq3_6_src/src/eq6/obj
2025-12-30T16:54:38.8659699Z copying aqequil/eq3_6_src/src/eq6/obj/chksir.o -> aqequil-0.41.0/aqequil/eq3_6_src/src/eq6/obj
2025-12-30T16:54:38.8661329Z copying aqequil/eq3_6_src/src/eq6/obj/chksrr.o -> aqequil-0.41.0/aqequil/eq3_6_src/src/eq6/obj
2025-12-30T16:54:38.8663009Z copying aqequil/eq3_6_src/src/eq6/obj/chkstc.o -> aqequil-0.41.0/aqequil/eq3_6_src/src/eq6/obj
2025-12-30T16:54:38.8664534Z copying aqequil/eq3_6_src/src/eq6/obj/chksti.o -> aqequil-0.41.0/aqequil/eq3_6_src/src/eq6/obj
2025-12-30T16:54:38.8666019Z copying aqequil/eq3_6_src/src/eq6/obj/chktmx.o -> aqequil-0.41.0/aqequil/eq3_6_src/src/eq6/obj
2025-12-30T16:54:38.8667498Z copying aqequil/eq3_6_src/src/eq6/obj/chktpl.o -> aqequil-0.41.0/aqequil/eq3_6_src/src/eq6/obj
2025-12-30T16:54:38.8668969Z copying aqequil/eq3_6_src/src/eq6/obj/chktpr.o -> aqequil-0.41.0/aqequil/eq3_6_src/src/eq6/obj
2025-12-30T16:54:38.8670489Z copying aqequil/eq3_6_src/src/eq6/obj/chzrsr.o -> aqequil-0.41.0/aqequil/eq3_6_src/src/eq6/obj
2025-12-30T16:54:38.8672195Z copying aqequil/eq3_6_src/src/eq6/obj/ckawmn.o -> aqequil-0.41.0/aqequil/eq3_6_src/src/eq6/obj
2025-12-30T16:54:38.8673684Z copying aqequil/eq3_6_src/src/eq6/obj/ckawmx.o -> aqequil-0.41.0/aqequil/eq3_6_src/src/eq6/obj
2025-12-30T16:54:38.8675265Z copying aqequil/eq3_6_src/src/eq6/obj/ckawpl.o -> aqequil-0.41.0/aqequil/eq3_6_src/src/eq6/obj
2025-12-30T16:54:38.8676779Z copying aqequil/eq3_6_src/src/eq6/obj/ckawpr.o -> aqequil-0.41.0/aqequil/eq3_6_src/src/eq6/obj
2025-12-30T16:54:38.8678297Z copying aqequil/eq3_6_src/src/eq6/obj/ckehmn.o -> aqequil-0.41.0/aqequil/eq3_6_src/src/eq6/obj
2025-12-30T16:54:38.8679759Z copying aqequil/eq3_6_src/src/eq6/obj/ckehmx.o -> aqequil-0.41.0/aqequil/eq3_6_src/src/eq6/obj
2025-12-30T16:54:38.8681550Z copying aqequil/eq3_6_src/src/eq6/obj/ckehpl.o -> aqequil-0.41.0/aqequil/eq3_6_src/src/eq6/obj
2025-12-30T16:54:38.8683016Z copying aqequil/eq3_6_src/src/eq6/obj/ckehpr.o -> aqequil-0.41.0/aqequil/eq3_6_src/src/eq6/obj
2025-12-30T16:54:38.8684531Z copying aqequil/eq3_6_src/src/eq6/obj/ckfrsr.o -> aqequil-0.41.0/aqequil/eq3_6_src/src/eq6/obj
2025-12-30T16:54:38.8686077Z copying aqequil/eq3_6_src/src/eq6/obj/cko2mn.o -> aqequil-0.41.0/aqequil/eq3_6_src/src/eq6/obj
2025-12-30T16:54:38.8687591Z copying aqequil/eq3_6_src/src/eq6/obj/cko2mx.o -> aqequil-0.41.0/aqequil/eq3_6_src/src/eq6/obj
2025-12-30T16:54:38.8689084Z copying aqequil/eq3_6_src/src/eq6/obj/cko2pl.o -> aqequil-0.41.0/aqequil/eq3_6_src/src/eq6/obj
2025-12-30T16:54:38.8690606Z copying aqequil/eq3_6_src/src/eq6/obj/cko2pr.o -> aqequil-0.41.0/aqequil/eq3_6_src/src/eq6/obj
2025-12-30T16:54:38.8692363Z copying aqequil/eq3_6_src/src/eq6/obj/ckphmn.o -> aqequil-0.41.0/aqequil/eq3_6_src/src/eq6/obj
2025-12-30T16:54:38.8693863Z copying aqequil/eq3_6_src/src/eq6/obj/ckphmx.o -> aqequil-0.41.0/aqequil/eq3_6_src/src/eq6/obj
2025-12-30T16:54:38.8695407Z copying aqequil/eq3_6_src/src/eq6/obj/ckphpl.o -> aqequil-0.41.0/aqequil/eq3_6_src/src/eq6/obj
2025-12-30T16:54:38.8696918Z copying aqequil/eq3_6_src/src/eq6/obj/ckphpr.o -> aqequil-0.41.0/aqequil/eq3_6_src/src/eq6/obj
2025-12-30T16:54:38.8698430Z copying aqequil/eq3_6_src/src/eq6/obj/clress.o -> aqequil-0.41.0/aqequil/eq3_6_src/src/eq6/obj
2025-12-30T16:54:38.8699936Z copying aqequil/eq3_6_src/src/eq6/obj/combmb.o -> aqequil-0.41.0/aqequil/eq3_6_src/src/eq6/obj
2025-12-30T16:54:38.8701615Z copying aqequil/eq3_6_src/src/eq6/obj/cophlm.o -> aqequil-0.41.0/aqequil/eq3_6_src/src/eq6/obj
2025-12-30T16:54:38.8703803Z copying aqequil/eq3_6_src/src/eq6/obj/cophpl.o -> aqequil-0.41.0/aqequil/eq3_6_src/src/eq6/obj
2025-12-30T16:54:38.8705244Z copying aqequil/eq3_6_src/src/eq6/obj/cophpr.o -> aqequil-0.41.0/aqequil/eq3_6_src/src/eq6/obj
2025-12-30T16:54:38.8707085Z copying aqequil/eq3_6_src/src/eq6/obj/corrfd.o -> aqequil-0.41.0/aqequil/eq3_6_src/src/eq6/obj
2025-12-30T16:54:38.8708796Z copying aqequil/eq3_6_src/src/eq6/obj/crrate.o -> aqequil-0.41.0/aqequil/eq3_6_src/src/eq6/obj
2025-12-30T16:54:38.8710491Z copying aqequil/eq3_6_src/src/eq6/obj/csfar.o -> aqequil-0.41.0/aqequil/eq3_6_src/src/eq6/obj
2025-12-30T16:54:38.8712354Z copying aqequil/eq3_6_src/src/eq6/obj/d1ptay.o -> aqequil-0.41.0/aqequil/eq3_6_src/src/eq6/obj
2025-12-30T16:54:38.8714036Z copying aqequil/eq3_6_src/src/eq6/obj/d1ztay.o -> aqequil-0.41.0/aqequil/eq3_6_src/src/eq6/obj
2025-12-30T16:54:38.8715759Z copying aqequil/eq3_6_src/src/eq6/obj/d2ptay.o -> aqequil-0.41.0/aqequil/eq3_6_src/src/eq6/obj
2025-12-30T16:54:38.8717386Z copying aqequil/eq3_6_src/src/eq6/obj/d2ztay.o -> aqequil-0.41.0/aqequil/eq3_6_src/src/eq6/obj
2025-12-30T16:54:38.8719090Z copying aqequil/eq3_6_src/src/eq6/obj/dadjdx.o -> aqequil-0.41.0/aqequil/eq3_6_src/src/eq6/obj
2025-12-30T16:54:38.8720785Z copying aqequil/eq3_6_src/src/eq6/obj/dfaltz.o -> aqequil-0.41.0/aqequil/eq3_6_src/src/eq6/obj
2025-12-30T16:54:38.8722782Z copying aqequil/eq3_6_src/src/eq6/obj/dscramc.o -> aqequil-0.41.0/aqequil/eq3_6_src/src/eq6/obj
2025-12-30T16:54:38.8724451Z copying aqequil/eq3_6_src/src/eq6/obj/dscrax.o -> aqequil-0.41.0/aqequil/eq3_6_src/src/eq6/obj
2025-12-30T16:54:38.8726109Z copying aqequil/eq3_6_src/src/eq6/obj/dumpdp.o -> aqequil-0.41.0/aqequil/eq3_6_src/src/eq6/obj
2025-12-30T16:54:38.8727904Z copying aqequil/eq3_6_src/src/eq6/obj/echoz.o -> aqequil-0.41.0/aqequil/eq3_6_src/src/eq6/obj
2025-12-30T16:54:38.8729764Z copying aqequil/eq3_6_src/src/eq6/obj/eq6.o -> aqequil-0.41.0/aqequil/eq3_6_src/src/eq6/obj
2025-12-30T16:54:38.8733059Z copying aqequil/eq3_6_src/src/eq6/obj/eqcalc.o -> aqequil-0.41.0/aqequil/eq3_6_src/src/eq6/obj
2025-12-30T16:54:38.8735022Z copying aqequil/eq3_6_src/src/eq6/obj/eqphas.o -> aqequil-0.41.0/aqequil/eq3_6_src/src/eq6/obj
2025-12-30T16:54:38.8737015Z copying aqequil/eq3_6_src/src/eq6/obj/eqshel.o -> aqequil-0.41.0/aqequil/eq3_6_src/src/eq6/obj
2025-12-30T16:54:38.8739305Z copying aqequil/eq3_6_src/src/eq6/obj/escalc.o -> aqequil-0.41.0/aqequil/eq3_6_src/src/eq6/obj
2025-12-30T16:54:38.8740577Z copying aqequil/eq3_6_src/src/eq6/obj/evratc.o -> aqequil-0.41.0/aqequil/eq3_6_src/src/eq6/obj
2025-12-30T16:54:38.8742531Z copying aqequil/eq3_6_src/src/eq6/obj/exivar.o -> aqequil-0.41.0/aqequil/eq3_6_src/src/eq6/obj
2025-12-30T16:54:38.8744273Z copying aqequil/eq3_6_src/src/eq6/obj/fcopyx.o -> aqequil-0.41.0/aqequil/eq3_6_src/src/eq6/obj
2025-12-30T16:54:38.8745944Z copying aqequil/eq3_6_src/src/eq6/obj/fpbdpp.o -> aqequil-0.41.0/aqequil/eq3_6_src/src/eq6/obj
2025-12-30T16:54:38.8747659Z copying aqequil/eq3_6_src/src/eq6/obj/fpbflo.o -> aqequil-0.41.0/aqequil/eq3_6_src/src/eq6/obj
2025-12-30T16:54:38.8749347Z copying aqequil/eq3_6_src/src/eq6/obj/fpbnpp.o -> aqequil-0.41.0/aqequil/eq3_6_src/src/eq6/obj
2025-12-30T16:54:38.8751268Z copying aqequil/eq3_6_src/src/eq6/obj/fpexrc.o -> aqequil-0.41.0/aqequil/eq3_6_src/src/eq6/obj
2025-12-30T16:54:38.8753088Z copying aqequil/eq3_6_src/src/eq6/obj/gakmat.o -> aqequil-0.41.0/aqequil/eq3_6_src/src/eq6/obj
2025-12-30T16:54:38.8754765Z copying aqequil/eq3_6_src/src/eq6/obj/garmat.o -> aqequil-0.41.0/aqequil/eq3_6_src/src/eq6/obj
2025-12-30T16:54:38.8756639Z copying aqequil/eq3_6_src/src/eq6/obj/gmmmat.o -> aqequil-0.41.0/aqequil/eq3_6_src/src/eq6/obj
2025-12-30T16:54:38.8758412Z copying aqequil/eq3_6_src/src/eq6/obj/gndacb.o -> aqequil-0.41.0/aqequil/eq3_6_src/src/eq6/obj
2025-12-30T16:54:38.8760095Z copying aqequil/eq3_6_src/src/eq6/obj/goback.o -> aqequil-0.41.0/aqequil/eq3_6_src/src/eq6/obj
2025-12-30T16:54:38.8762011Z copying aqequil/eq3_6_src/src/eq6/obj/gpress.o -> aqequil-0.41.0/aqequil/eq3_6_src/src/eq6/obj
2025-12-30T16:54:38.8763782Z copying aqequil/eq3_6_src/src/eq6/obj/gsmder.o -> aqequil-0.41.0/aqequil/eq3_6_src/src/eq6/obj
2025-12-30T16:54:38.8765418Z copying aqequil/eq3_6_src/src/eq6/obj/gsmdez.o -> aqequil-0.41.0/aqequil/eq3_6_src/src/eq6/obj
2025-12-30T16:54:38.8767083Z copying aqequil/eq3_6_src/src/eq6/obj/gtemp.o -> aqequil-0.41.0/aqequil/eq3_6_src/src/eq6/obj
2025-12-30T16:54:38.8768858Z copying aqequil/eq3_6_src/src/eq6/obj/gwhcfa.o -> aqequil-0.41.0/aqequil/eq3_6_src/src/eq6/obj
2025-12-30T16:54:38.8770552Z copying aqequil/eq3_6_src/src/eq6/obj/iiemop.o -> aqequil-0.41.0/aqequil/eq3_6_src/src/eq6/obj
2025-12-30T16:54:38.8772421Z copying aqequil/eq3_6_src/src/eq6/obj/intbs6.o -> aqequil-0.41.0/aqequil/eq3_6_src/src/eq6/obj
2025-12-30T16:54:38.8774138Z copying aqequil/eq3_6_src/src/eq6/obj/integr.o -> aqequil-0.41.0/aqequil/eq3_6_src/src/eq6/obj
2025-12-30T16:54:38.8775900Z copying aqequil/eq3_6_src/src/eq6/obj/intmat.o -> aqequil-0.41.0/aqequil/eq3_6_src/src/eq6/obj
2025-12-30T16:54:38.8777699Z copying aqequil/eq3_6_src/src/eq6/obj/intmtb.o -> aqequil-0.41.0/aqequil/eq3_6_src/src/eq6/obj
2025-12-30T16:54:38.8779398Z copying aqequil/eq3_6_src/src/eq6/obj/intrct.o -> aqequil-0.41.0/aqequil/eq3_6_src/src/eq6/obj
2025-12-30T16:54:38.8781417Z copying aqequil/eq3_6_src/src/eq6/obj/jgibbs.o -> aqequil-0.41.0/aqequil/eq3_6_src/src/eq6/obj
2025-12-30T16:54:38.8783399Z copying aqequil/eq3_6_src/src/eq6/obj/ldlxrc.o -> aqequil-0.41.0/aqequil/eq3_6_src/src/eq6/obj
2025-12-30T16:54:38.8785149Z copying aqequil/eq3_6_src/src/eq6/obj/ldlxrd.o -> aqequil-0.41.0/aqequil/eq3_6_src/src/eq6/obj
2025-12-30T16:54:38.8786866Z copying aqequil/eq3_6_src/src/eq6/obj/makrsr.o -> aqequil-0.41.0/aqequil/eq3_6_src/src/eq6/obj
2025-12-30T16:54:38.8788596Z copying aqequil/eq3_6_src/src/eq6/obj/miidxz.o -> aqequil-0.41.0/aqequil/eq3_6_src/src/eq6/obj
2025-12-30T16:54:38.8790287Z copying aqequil/eq3_6_src/src/eq6/obj/mincsp.o -> aqequil-0.41.0/aqequil/eq3_6_src/src/eq6/obj
2025-12-30T16:54:38.8792241Z copying aqequil/eq3_6_src/src/eq6/obj/mod6pt.o -> aqequil-0.41.0/aqequil/eq3_6_src/src/eq6/obj
2025-12-30T16:54:38.8793933Z copying aqequil/eq3_6_src/src/eq6/obj/mod6xf.o -> aqequil-0.41.0/aqequil/eq3_6_src/src/eq6/obj
2025-12-30T16:54:38.8795634Z copying aqequil/eq3_6_src/src/eq6/obj/nlkffg.o -> aqequil-0.41.0/aqequil/eq3_6_src/src/eq6/obj
2025-12-30T16:54:38.8797617Z copying aqequil/eq3_6_src/src/eq6/obj/optmzr.o -> aqequil-0.41.0/aqequil/eq3_6_src/src/eq6/obj
2025-12-30T16:54:38.8799686Z copying aqequil/eq3_6_src/src/eq6/obj/path.o -> aqequil-0.41.0/aqequil/eq3_6_src/src/eq6/obj
2025-12-30T16:54:38.8803255Z copying aqequil/eq3_6_src/src/eq6/obj/pderiv.o -> aqequil-0.41.0/aqequil/eq3_6_src/src/eq6/obj
2025-12-30T16:54:38.8804966Z copying aqequil/eq3_6_src/src/eq6/obj/phsdrp.o -> aqequil-0.41.0/aqequil/eq3_6_src/src/eq6/obj
2025-12-30T16:54:38.8806696Z copying aqequil/eq3_6_src/src/eq6/obj/prrsr.o -> aqequil-0.41.0/aqequil/eq3_6_src/src/eq6/obj
2025-12-30T16:54:38.8808404Z copying aqequil/eq3_6_src/src/eq6/obj/prtrct.o -> aqequil-0.41.0/aqequil/eq3_6_src/src/eq6/obj
2025-12-30T16:54:38.8810163Z copying aqequil/eq3_6_src/src/eq6/obj/pshfta.o -> aqequil-0.41.0/aqequil/eq3_6_src/src/eq6/obj
2025-12-30T16:54:38.8812262Z copying aqequil/eq3_6_src/src/eq6/obj/ptaylr.o -> aqequil-0.41.0/aqequil/eq3_6_src/src/eq6/obj
2025-12-30T16:54:38.8813972Z copying aqequil/eq3_6_src/src/eq6/obj/raff.o -> aqequil-0.41.0/aqequil/eq3_6_src/src/eq6/obj
2025-12-30T16:54:38.8815768Z copying aqequil/eq3_6_src/src/eq6/obj/rd6ind.o -> aqequil-0.41.0/aqequil/eq3_6_src/src/eq6/obj
2025-12-30T16:54:38.8819640Z copying aqequil/eq3_6_src/src/eq6/obj/rd6inw.o -> aqequil-0.41.0/aqequil/eq3_6_src/src/eq6/obj
2025-12-30T16:54:38.8822241Z copying aqequil/eq3_6_src/src/eq6/obj/rderiv.o -> aqequil-0.41.0/aqequil/eq3_6_src/src/eq6/obj
2025-12-30T16:54:38.8823952Z copying aqequil/eq3_6_src/src/eq6/obj/reacts.o -> aqequil-0.41.0/aqequil/eq3_6_src/src/eq6/obj
2025-12-30T16:54:38.8825700Z copying aqequil/eq3_6_src/src/eq6/obj/rsatch.o -> aqequil-0.41.0/aqequil/eq3_6_src/src/eq6/obj
2025-12-30T16:54:38.8827594Z copying aqequil/eq3_6_src/src/eq6/obj/rsetup.o -> aqequil-0.41.0/aqequil/eq3_6_src/src/eq6/obj
2025-12-30T16:54:38.8829285Z copying aqequil/eq3_6_src/src/eq6/obj/rtaylr.o -> aqequil-0.41.0/aqequil/eq3_6_src/src/eq6/obj
2025-12-30T16:54:38.8831159Z copying aqequil/eq3_6_src/src/eq6/obj/rtcalc.o -> aqequil-0.41.0/aqequil/eq3_6_src/src/eq6/obj
2025-12-30T16:54:38.8832940Z copying aqequil/eq3_6_src/src/eq6/obj/satchk.o -> aqequil-0.41.0/aqequil/eq3_6_src/src/eq6/obj
2025-12-30T16:54:38.8834663Z copying aqequil/eq3_6_src/src/eq6/obj/scripz.o -> aqequil-0.41.0/aqequil/eq3_6_src/src/eq6/obj
2025-12-30T16:54:38.8836649Z copying aqequil/eq3_6_src/src/eq6/obj/sderiv.o -> aqequil-0.41.0/aqequil/eq3_6_src/src/eq6/obj
2025-12-30T16:54:38.8838466Z copying aqequil/eq3_6_src/src/eq6/obj/search.o -> aqequil-0.41.0/aqequil/eq3_6_src/src/eq6/obj
2025-12-30T16:54:38.8840217Z copying aqequil/eq3_6_src/src/eq6/obj/setffg.o -> aqequil-0.41.0/aqequil/eq3_6_src/src/eq6/obj
2025-12-30T16:54:38.8842192Z copying aqequil/eq3_6_src/src/eq6/obj/setpk6.o -> aqequil-0.41.0/aqequil/eq3_6_src/src/eq6/obj
2025-12-30T16:54:38.8843985Z copying aqequil/eq3_6_src/src/eq6/obj/setrcp.o -> aqequil-0.41.0/aqequil/eq3_6_src/src/eq6/obj
2025-12-30T16:54:38.8845713Z copying aqequil/eq3_6_src/src/eq6/obj/sfncge.o -> aqequil-0.41.0/aqequil/eq3_6_src/src/eq6/obj
2025-12-30T16:54:38.8847428Z copying aqequil/eq3_6_src/src/eq6/obj/shftph.o -> aqequil-0.41.0/aqequil/eq3_6_src/src/eq6/obj
2025-12-30T16:54:38.8849171Z copying aqequil/eq3_6_src/src/eq6/obj/sippdp.o -> aqequil-0.41.0/aqequil/eq3_6_src/src/eq6/obj
2025-12-30T16:54:38.8850932Z copying aqequil/eq3_6_src/src/eq6/obj/stepfd.o -> aqequil-0.41.0/aqequil/eq3_6_src/src/eq6/obj
2025-12-30T16:54:38.8852904Z copying aqequil/eq3_6_src/src/eq6/obj/stpkmd.o -> aqequil-0.41.0/aqequil/eq3_6_src/src/eq6/obj
2025-12-30T16:54:38.8854650Z copying aqequil/eq3_6_src/src/eq6/obj/suprdx.o -> aqequil-0.41.0/aqequil/eq3_6_src/src/eq6/obj
2025-12-30T16:54:38.8856396Z copying aqequil/eq3_6_src/src/eq6/obj/timeca.o -> aqequil-0.41.0/aqequil/eq3_6_src/src/eq6/obj
2025-12-30T16:54:38.8858120Z copying aqequil/eq3_6_src/src/eq6/obj/tivchk.o -> aqequil-0.41.0/aqequil/eq3_6_src/src/eq6/obj
2025-12-30T16:54:38.8859842Z copying aqequil/eq3_6_src/src/eq6/obj/tpadv.o -> aqequil-0.41.0/aqequil/eq3_6_src/src/eq6/obj
2025-12-30T16:54:38.8861992Z copying aqequil/eq3_6_src/src/eq6/obj/tstari.o -> aqequil-0.41.0/aqequil/eq3_6_src/src/eq6/obj
2025-12-30T16:54:38.8863648Z copying aqequil/eq3_6_src/src/eq6/obj/tstrdx.o -> aqequil-0.41.0/aqequil/eq3_6_src/src/eq6/obj
2025-12-30T16:54:38.8865342Z copying aqequil/eq3_6_src/src/eq6/obj/wrentu.o -> aqequil-0.41.0/aqequil/eq3_6_src/src/eq6/obj
2025-12-30T16:54:38.8867091Z copying aqequil/eq3_6_src/src/eq6/obj/wrtabc.o -> aqequil-0.41.0/aqequil/eq3_6_src/src/eq6/obj
2025-12-30T16:54:38.8869493Z copying aqequil/eq3_6_src/src/eq6/obj/wrtabx.o -> aqequil-0.41.0/aqequil/eq3_6_src/src/eq6/obj
2025-12-30T16:54:38.8871817Z copying aqequil/eq3_6_src/src/eq6/obj/xderiv.o -> aqequil-0.41.0/aqequil/eq3_6_src/src/eq6/obj
2025-12-30T16:54:38.8873584Z copying aqequil/eq3_6_src/src/eq6/obj/zderiv.o -> aqequil-0.41.0/aqequil/eq3_6_src/src/eq6/obj
2025-12-30T16:54:38.8875379Z copying aqequil/eq3_6_src/src/eq6/obj/ztaylr.o -> aqequil-0.41.0/aqequil/eq3_6_src/src/eq6/obj
2025-12-30T16:54:38.8877082Z copying aqequil/eq3_6_src/src/eq6/src/aaaeq6.f -> aqequil-0.41.0/aqequil/eq3_6_src/src/eq6/src
2025-12-30T16:54:38.8878784Z copying aqequil/eq3_6_src/src/eq6/src/absswb.f -> aqequil-0.41.0/aqequil/eq3_6_src/src/eq6/src
2025-12-30T16:54:38.8880474Z copying aqequil/eq3_6_src/src/eq6/src/aderiv.f -> aqequil-0.41.0/aqequil/eq3_6_src/src/eq6/src
2025-12-30T16:54:38.8882301Z copying aqequil/eq3_6_src/src/eq6/src/adprpl.f -> aqequil-0.41.0/aqequil/eq3_6_src/src/eq6/src
2025-12-30T16:54:38.8883949Z copying aqequil/eq3_6_src/src/eq6/src/ataylr.f -> aqequil-0.41.0/aqequil/eq3_6_src/src/eq6/src
2025-12-30T16:54:38.8885602Z copying aqequil/eq3_6_src/src/eq6/src/bderiv.f -> aqequil-0.41.0/aqequil/eq3_6_src/src/eq6/src
2025-12-30T16:54:38.8887467Z copying aqequil/eq3_6_src/src/eq6/src/betars.f -> aqequil-0.41.0/aqequil/eq3_6_src/src/eq6/src
2025-12-30T16:54:38.8889121Z copying aqequil/eq3_6_src/src/eq6/src/bkdeq6.f -> aqequil-0.41.0/aqequil/eq3_6_src/src/eq6/src
2025-12-30T16:54:38.8890742Z copying aqequil/eq3_6_src/src/eq6/src/caft1.f -> aqequil-0.41.0/aqequil/eq3_6_src/src/eq6/src
2025-12-30T16:54:38.8892643Z copying aqequil/eq3_6_src/src/eq6/src/cdappl.f -> aqequil-0.41.0/aqequil/eq3_6_src/src/eq6/src
2025-12-30T16:54:38.8894488Z copying aqequil/eq3_6_src/src/eq6/src/chdxec.f -> aqequil-0.41.0/aqequil/eq3_6_src/src/eq6/src
2025-12-30T16:54:38.8896157Z copying aqequil/eq3_6_src/src/eq6/src/chdxgr.f -> aqequil-0.41.0/aqequil/eq3_6_src/src/eq6/src
2025-12-30T16:54:38.8898375Z copying aqequil/eq3_6_src/src/eq6/src/chdxgz.f -> aqequil-0.41.0/aqequil/eq3_6_src/src/eq6/src
2025-12-30T16:54:38.8900039Z copying aqequil/eq3_6_src/src/eq6/src/chdxtr.f -> aqequil-0.41.0/aqequil/eq3_6_src/src/eq6/src
2025-12-30T16:54:38.8901982Z copying aqequil/eq3_6_src/src/eq6/src/chdxtz.f -> aqequil-0.41.0/aqequil/eq3_6_src/src/eq6/src
2025-12-30T16:54:38.8903693Z copying aqequil/eq3_6_src/src/eq6/src/chkinz.f -> aqequil-0.41.0/aqequil/eq3_6_src/src/eq6/src
2025-12-30T16:54:38.8905393Z copying aqequil/eq3_6_src/src/eq6/src/chksar.f -> aqequil-0.41.0/aqequil/eq3_6_src/src/eq6/src
2025-12-30T16:54:38.8907148Z copying aqequil/eq3_6_src/src/eq6/src/chksir.f -> aqequil-0.41.0/aqequil/eq3_6_src/src/eq6/src
2025-12-30T16:54:38.8908838Z copying aqequil/eq3_6_src/src/eq6/src/chksrr.f -> aqequil-0.41.0/aqequil/eq3_6_src/src/eq6/src
2025-12-30T16:54:38.8910512Z copying aqequil/eq3_6_src/src/eq6/src/chkstc.f -> aqequil-0.41.0/aqequil/eq3_6_src/src/eq6/src
2025-12-30T16:54:38.8912419Z copying aqequil/eq3_6_src/src/eq6/src/chksti.f -> aqequil-0.41.0/aqequil/eq3_6_src/src/eq6/src
2025-12-30T16:54:38.8914038Z copying aqequil/eq3_6_src/src/eq6/src/chktmx.f -> aqequil-0.41.0/aqequil/eq3_6_src/src/eq6/src
2025-12-30T16:54:38.8915758Z copying aqequil/eq3_6_src/src/eq6/src/chktpl.f -> aqequil-0.41.0/aqequil/eq3_6_src/src/eq6/src
2025-12-30T16:54:38.8917444Z copying aqequil/eq3_6_src/src/eq6/src/chktpr.f -> aqequil-0.41.0/aqequil/eq3_6_src/src/eq6/src
2025-12-30T16:54:38.8919184Z copying aqequil/eq3_6_src/src/eq6/src/chzrsr.f -> aqequil-0.41.0/aqequil/eq3_6_src/src/eq6/src
2025-12-30T16:54:38.8921199Z copying aqequil/eq3_6_src/src/eq6/src/ckawmn.f -> aqequil-0.41.0/aqequil/eq3_6_src/src/eq6/src
2025-12-30T16:54:38.8922774Z copying aqequil/eq3_6_src/src/eq6/src/ckawmx.f -> aqequil-0.41.0/aqequil/eq3_6_src/src/eq6/src
2025-12-30T16:54:38.8924458Z copying aqequil/eq3_6_src/src/eq6/src/ckawpl.f -> aqequil-0.41.0/aqequil/eq3_6_src/src/eq6/src
2025-12-30T16:54:38.8926147Z copying aqequil/eq3_6_src/src/eq6/src/ckawpr.f -> aqequil-0.41.0/aqequil/eq3_6_src/src/eq6/src
2025-12-30T16:54:38.8927820Z copying aqequil/eq3_6_src/src/eq6/src/ckehmn.f -> aqequil-0.41.0/aqequil/eq3_6_src/src/eq6/src
2025-12-30T16:54:38.8929562Z copying aqequil/eq3_6_src/src/eq6/src/ckehmx.f -> aqequil-0.41.0/aqequil/eq3_6_src/src/eq6/src
2025-12-30T16:54:38.8931376Z copying aqequil/eq3_6_src/src/eq6/src/ckehpl.f -> aqequil-0.41.0/aqequil/eq3_6_src/src/eq6/src
2025-12-30T16:54:38.8933101Z copying aqequil/eq3_6_src/src/eq6/src/ckehpr.f -> aqequil-0.41.0/aqequil/eq3_6_src/src/eq6/src
2025-12-30T16:54:38.8934803Z copying aqequil/eq3_6_src/src/eq6/src/ckfrsr.f -> aqequil-0.41.0/aqequil/eq3_6_src/src/eq6/src
2025-12-30T16:54:38.8936508Z copying aqequil/eq3_6_src/src/eq6/src/cko2mn.f -> aqequil-0.41.0/aqequil/eq3_6_src/src/eq6/src
2025-12-30T16:54:38.8938219Z copying aqequil/eq3_6_src/src/eq6/src/cko2mx.f -> aqequil-0.41.0/aqequil/eq3_6_src/src/eq6/src
2025-12-30T16:54:38.8939928Z copying aqequil/eq3_6_src/src/eq6/src/cko2pl.f -> aqequil-0.41.0/aqequil/eq3_6_src/src/eq6/src
2025-12-30T16:54:38.8941866Z copying aqequil/eq3_6_src/src/eq6/src/cko2pr.f -> aqequil-0.41.0/aqequil/eq3_6_src/src/eq6/src
2025-12-30T16:54:38.8943562Z copying aqequil/eq3_6_src/src/eq6/src/ckphmn.f -> aqequil-0.41.0/aqequil/eq3_6_src/src/eq6/src
2025-12-30T16:54:38.8945323Z copying aqequil/eq3_6_src/src/eq6/src/ckphmx.f -> aqequil-0.41.0/aqequil/eq3_6_src/src/eq6/src
2025-12-30T16:54:38.8946941Z copying aqequil/eq3_6_src/src/eq6/src/ckphpl.f -> aqequil-0.41.0/aqequil/eq3_6_src/src/eq6/src
2025-12-30T16:54:38.8948626Z copying aqequil/eq3_6_src/src/eq6/src/ckphpr.f -> aqequil-0.41.0/aqequil/eq3_6_src/src/eq6/src
2025-12-30T16:54:38.8950329Z copying aqequil/eq3_6_src/src/eq6/src/clress.f -> aqequil-0.41.0/aqequil/eq3_6_src/src/eq6/src
2025-12-30T16:54:38.8952201Z copying aqequil/eq3_6_src/src/eq6/src/combmb.f -> aqequil-0.41.0/aqequil/eq3_6_src/src/eq6/src
2025-12-30T16:54:38.8953895Z copying aqequil/eq3_6_src/src/eq6/src/cophlm.f -> aqequil-0.41.0/aqequil/eq3_6_src/src/eq6/src
2025-12-30T16:54:38.8955586Z copying aqequil/eq3_6_src/src/eq6/src/cophpl.f -> aqequil-0.41.0/aqequil/eq3_6_src/src/eq6/src
2025-12-30T16:54:38.8957313Z copying aqequil/eq3_6_src/src/eq6/src/cophpr.f -> aqequil-0.41.0/aqequil/eq3_6_src/src/eq6/src
2025-12-30T16:54:38.8959038Z copying aqequil/eq3_6_src/src/eq6/src/corrfd.f -> aqequil-0.41.0/aqequil/eq3_6_src/src/eq6/src
2025-12-30T16:54:38.8960797Z copying aqequil/eq3_6_src/src/eq6/src/crrate.f -> aqequil-0.41.0/aqequil/eq3_6_src/src/eq6/src
2025-12-30T16:54:38.8962686Z copying aqequil/eq3_6_src/src/eq6/src/csfar.f -> aqequil-0.41.0/aqequil/eq3_6_src/src/eq6/src
2025-12-30T16:54:38.8964364Z copying aqequil/eq3_6_src/src/eq6/src/d1ptay.f -> aqequil-0.41.0/aqequil/eq3_6_src/src/eq6/src
2025-12-30T16:54:38.8966092Z copying aqequil/eq3_6_src/src/eq6/src/d1ztay.f -> aqequil-0.41.0/aqequil/eq3_6_src/src/eq6/src
2025-12-30T16:54:38.8967764Z copying aqequil/eq3_6_src/src/eq6/src/d2ptay.f -> aqequil-0.41.0/aqequil/eq3_6_src/src/eq6/src
2025-12-30T16:54:38.8969431Z copying aqequil/eq3_6_src/src/eq6/src/d2ztay.f -> aqequil-0.41.0/aqequil/eq3_6_src/src/eq6/src
2025-12-30T16:54:38.8971267Z copying aqequil/eq3_6_src/src/eq6/src/dadjdx.f -> aqequil-0.41.0/aqequil/eq3_6_src/src/eq6/src
2025-12-30T16:54:38.8972995Z copying aqequil/eq3_6_src/src/eq6/src/dfaltz.f -> aqequil-0.41.0/aqequil/eq3_6_src/src/eq6/src
2025-12-30T16:54:38.8974739Z copying aqequil/eq3_6_src/src/eq6/src/dscramc.f -> aqequil-0.41.0/aqequil/eq3_6_src/src/eq6/src
2025-12-30T16:54:38.8976463Z copying aqequil/eq3_6_src/src/eq6/src/dscrax.f -> aqequil-0.41.0/aqequil/eq3_6_src/src/eq6/src
2025-12-30T16:54:38.8978292Z copying aqequil/eq3_6_src/src/eq6/src/dumpdp.f -> aqequil-0.41.0/aqequil/eq3_6_src/src/eq6/src
2025-12-30T16:54:38.8979909Z copying aqequil/eq3_6_src/src/eq6/src/echoz.f -> aqequil-0.41.0/aqequil/eq3_6_src/src/eq6/src
2025-12-30T16:54:38.8981885Z copying aqequil/eq3_6_src/src/eq6/src/eq6.f -> aqequil-0.41.0/aqequil/eq3_6_src/src/eq6/src
2025-12-30T16:54:38.8984556Z copying aqequil/eq3_6_src/src/eq6/src/eqcalc.f -> aqequil-0.41.0/aqequil/eq3_6_src/src/eq6/src
2025-12-30T16:54:38.8986478Z copying aqequil/eq3_6_src/src/eq6/src/eqphas.f -> aqequil-0.41.0/aqequil/eq3_6_src/src/eq6/src
2025-12-30T16:54:38.8988503Z copying aqequil/eq3_6_src/src/eq6/src/eqshel.f -> aqequil-0.41.0/aqequil/eq3_6_src/src/eq6/src
2025-12-30T16:54:38.8990517Z copying aqequil/eq3_6_src/src/eq6/src/escalc.f -> aqequil-0.41.0/aqequil/eq3_6_src/src/eq6/src
2025-12-30T16:54:38.8992427Z copying aqequil/eq3_6_src/src/eq6/src/evratc.f -> aqequil-0.41.0/aqequil/eq3_6_src/src/eq6/src
2025-12-30T16:54:38.8994095Z copying aqequil/eq3_6_src/src/eq6/src/exivar.f -> aqequil-0.41.0/aqequil/eq3_6_src/src/eq6/src
2025-12-30T16:54:38.8995870Z copying aqequil/eq3_6_src/src/eq6/src/fcopyx.f -> aqequil-0.41.0/aqequil/eq3_6_src/src/eq6/src
2025-12-30T16:54:38.8997572Z copying aqequil/eq3_6_src/src/eq6/src/fpbdpp.f -> aqequil-0.41.0/aqequil/eq3_6_src/src/eq6/src
2025-12-30T16:54:38.8999273Z copying aqequil/eq3_6_src/src/eq6/src/fpbflo.f -> aqequil-0.41.0/aqequil/eq3_6_src/src/eq6/src
2025-12-30T16:54:38.9001149Z copying aqequil/eq3_6_src/src/eq6/src/fpbnpp.f -> aqequil-0.41.0/aqequil/eq3_6_src/src/eq6/src
2025-12-30T16:54:38.9002892Z copying aqequil/eq3_6_src/src/eq6/src/fpexrc.f -> aqequil-0.41.0/aqequil/eq3_6_src/src/eq6/src
2025-12-30T16:54:38.9004643Z copying aqequil/eq3_6_src/src/eq6/src/gakmat.f -> aqequil-0.41.0/aqequil/eq3_6_src/src/eq6/src
2025-12-30T16:54:38.9006295Z copying aqequil/eq3_6_src/src/eq6/src/garmat.f -> aqequil-0.41.0/aqequil/eq3_6_src/src/eq6/src
2025-12-30T16:54:38.9008092Z copying aqequil/eq3_6_src/src/eq6/src/gmmmat.f -> aqequil-0.41.0/aqequil/eq3_6_src/src/eq6/src
2025-12-30T16:54:38.9010077Z copying aqequil/eq3_6_src/src/eq6/src/gndacb.f -> aqequil-0.41.0/aqequil/eq3_6_src/src/eq6/src
2025-12-30T16:54:38.9011830Z copying aqequil/eq3_6_src/src/eq6/src/goback.f -> aqequil-0.41.0/aqequil/eq3_6_src/src/eq6/src
2025-12-30T16:54:38.9013530Z copying aqequil/eq3_6_src/src/eq6/src/gpress.f -> aqequil-0.41.0/aqequil/eq3_6_src/src/eq6/src
2025-12-30T16:54:38.9015319Z copying aqequil/eq3_6_src/src/eq6/src/gsmder.f -> aqequil-0.41.0/aqequil/eq3_6_src/src/eq6/src
2025-12-30T16:54:38.9017021Z copying aqequil/eq3_6_src/src/eq6/src/gsmdez.f -> aqequil-0.41.0/aqequil/eq3_6_src/src/eq6/src
2025-12-30T16:54:38.9018709Z copying aqequil/eq3_6_src/src/eq6/src/gtemp.f -> aqequil-0.41.0/aqequil/eq3_6_src/src/eq6/src
2025-12-30T16:54:38.9020372Z copying aqequil/eq3_6_src/src/eq6/src/gwhcfa.f -> aqequil-0.41.0/aqequil/eq3_6_src/src/eq6/src
2025-12-30T16:54:38.9022351Z copying aqequil/eq3_6_src/src/eq6/src/iiemop.f -> aqequil-0.41.0/aqequil/eq3_6_src/src/eq6/src
2025-12-30T16:54:38.9024097Z copying aqequil/eq3_6_src/src/eq6/src/intbs6.f -> aqequil-0.41.0/aqequil/eq3_6_src/src/eq6/src
2025-12-30T16:54:38.9025787Z copying aqequil/eq3_6_src/src/eq6/src/integr.f -> aqequil-0.41.0/aqequil/eq3_6_src/src/eq6/src
2025-12-30T16:54:38.9027472Z copying aqequil/eq3_6_src/src/eq6/src/intmat.f -> aqequil-0.41.0/aqequil/eq3_6_src/src/eq6/src
2025-12-30T16:54:38.9029241Z copying aqequil/eq3_6_src/src/eq6/src/intmtb.f -> aqequil-0.41.0/aqequil/eq3_6_src/src/eq6/src
2025-12-30T16:54:38.9031086Z copying aqequil/eq3_6_src/src/eq6/src/intrct.f -> aqequil-0.41.0/aqequil/eq3_6_src/src/eq6/src
2025-12-30T16:54:38.9032898Z copying aqequil/eq3_6_src/src/eq6/src/jgibbs.f -> aqequil-0.41.0/aqequil/eq3_6_src/src/eq6/src
2025-12-30T16:54:38.9034764Z copying aqequil/eq3_6_src/src/eq6/src/ldlxrc.f -> aqequil-0.41.0/aqequil/eq3_6_src/src/eq6/src
2025-12-30T16:54:38.9036581Z copying aqequil/eq3_6_src/src/eq6/src/ldlxrd.f -> aqequil-0.41.0/aqequil/eq3_6_src/src/eq6/src
2025-12-30T16:54:38.9038480Z copying aqequil/eq3_6_src/src/eq6/src/makrsr.f -> aqequil-0.41.0/aqequil/eq3_6_src/src/eq6/src
2025-12-30T16:54:38.9040122Z copying aqequil/eq3_6_src/src/eq6/src/miidxz.f -> aqequil-0.41.0/aqequil/eq3_6_src/src/eq6/src
2025-12-30T16:54:38.9042007Z copying aqequil/eq3_6_src/src/eq6/src/mincsp.f -> aqequil-0.41.0/aqequil/eq3_6_src/src/eq6/src
2025-12-30T16:54:38.9043903Z copying aqequil/eq3_6_src/src/eq6/src/mod6pt.f -> aqequil-0.41.0/aqequil/eq3_6_src/src/eq6/src
2025-12-30T16:54:38.9045711Z copying aqequil/eq3_6_src/src/eq6/src/mod6xf.f -> aqequil-0.41.0/aqequil/eq3_6_src/src/eq6/src
2025-12-30T16:54:38.9047414Z copying aqequil/eq3_6_src/src/eq6/src/nlkffg.f -> aqequil-0.41.0/aqequil/eq3_6_src/src/eq6/src
2025-12-30T16:54:38.9049148Z copying aqequil/eq3_6_src/src/eq6/src/optmzr.f -> aqequil-0.41.0/aqequil/eq3_6_src/src/eq6/src
2025-12-30T16:54:38.9051500Z copying aqequil/eq3_6_src/src/eq6/src/path.f -> aqequil-0.41.0/aqequil/eq3_6_src/src/eq6/src
2025-12-30T16:54:38.9054797Z copying aqequil/eq3_6_src/src/eq6/src/pderiv.f -> aqequil-0.41.0/aqequil/eq3_6_src/src/eq6/src
2025-12-30T16:54:38.9056492Z copying aqequil/eq3_6_src/src/eq6/src/phsdrp.f -> aqequil-0.41.0/aqequil/eq3_6_src/src/eq6/src
2025-12-30T16:54:38.9058731Z copying aqequil/eq3_6_src/src/eq6/src/prrsr.f -> aqequil-0.41.0/aqequil/eq3_6_src/src/eq6/src
2025-12-30T16:54:38.9060349Z copying aqequil/eq3_6_src/src/eq6/src/prtrct.f -> aqequil-0.41.0/aqequil/eq3_6_src/src/eq6/src
2025-12-30T16:54:38.9062438Z copying aqequil/eq3_6_src/src/eq6/src/pshfta.f -> aqequil-0.41.0/aqequil/eq3_6_src/src/eq6/src
2025-12-30T16:54:38.9064425Z copying aqequil/eq3_6_src/src/eq6/src/ptaylr.f -> aqequil-0.41.0/aqequil/eq3_6_src/src/eq6/src
2025-12-30T16:54:38.9066272Z copying aqequil/eq3_6_src/src/eq6/src/raff.f -> aqequil-0.41.0/aqequil/eq3_6_src/src/eq6/src
2025-12-30T16:54:38.9068170Z copying aqequil/eq3_6_src/src/eq6/src/rd6ind.f -> aqequil-0.41.0/aqequil/eq3_6_src/src/eq6/src
2025-12-30T16:54:38.9072365Z copying aqequil/eq3_6_src/src/eq6/src/rd6inw.f -> aqequil-0.41.0/aqequil/eq3_6_src/src/eq6/src
2025-12-30T16:54:38.9074570Z copying aqequil/eq3_6_src/src/eq6/src/rderiv.f -> aqequil-0.41.0/aqequil/eq3_6_src/src/eq6/src
2025-12-30T16:54:38.9076321Z copying aqequil/eq3_6_src/src/eq6/src/reacts.f -> aqequil-0.41.0/aqequil/eq3_6_src/src/eq6/src
2025-12-30T16:54:38.9078116Z copying aqequil/eq3_6_src/src/eq6/src/rsatch.f -> aqequil-0.41.0/aqequil/eq3_6_src/src/eq6/src
2025-12-30T16:54:38.9079920Z copying aqequil/eq3_6_src/src/eq6/src/rsetup.f -> aqequil-0.41.0/aqequil/eq3_6_src/src/eq6/src
2025-12-30T16:54:38.9081824Z copying aqequil/eq3_6_src/src/eq6/src/rtaylr.f -> aqequil-0.41.0/aqequil/eq3_6_src/src/eq6/src
2025-12-30T16:54:38.9083644Z copying aqequil/eq3_6_src/src/eq6/src/rtcalc.f -> aqequil-0.41.0/aqequil/eq3_6_src/src/eq6/src
2025-12-30T16:54:38.9085563Z copying aqequil/eq3_6_src/src/eq6/src/satchk.f -> aqequil-0.41.0/aqequil/eq3_6_src/src/eq6/src
2025-12-30T16:54:38.9087361Z copying aqequil/eq3_6_src/src/eq6/src/scripz.f -> aqequil-0.41.0/aqequil/eq3_6_src/src/eq6/src
2025-12-30T16:54:38.9089403Z copying aqequil/eq3_6_src/src/eq6/src/sderiv.f -> aqequil-0.41.0/aqequil/eq3_6_src/src/eq6/src
2025-12-30T16:54:38.9091318Z copying aqequil/eq3_6_src/src/eq6/src/search.f -> aqequil-0.41.0/aqequil/eq3_6_src/src/eq6/src
2025-12-30T16:54:38.9093111Z copying aqequil/eq3_6_src/src/eq6/src/setffg.f -> aqequil-0.41.0/aqequil/eq3_6_src/src/eq6/src
2025-12-30T16:54:38.9094857Z copying aqequil/eq3_6_src/src/eq6/src/setpk6.f -> aqequil-0.41.0/aqequil/eq3_6_src/src/eq6/src
2025-12-30T16:54:38.9096611Z copying aqequil/eq3_6_src/src/eq6/src/setrcp.f -> aqequil-0.41.0/aqequil/eq3_6_src/src/eq6/src
2025-12-30T16:54:38.9098392Z copying aqequil/eq3_6_src/src/eq6/src/sfncge.f -> aqequil-0.41.0/aqequil/eq3_6_src/src/eq6/src
2025-12-30T16:54:38.9100151Z copying aqequil/eq3_6_src/src/eq6/src/shftph.f -> aqequil-0.41.0/aqequil/eq3_6_src/src/eq6/src
2025-12-30T16:54:38.9102283Z copying aqequil/eq3_6_src/src/eq6/src/sippdp.f -> aqequil-0.41.0/aqequil/eq3_6_src/src/eq6/src
2025-12-30T16:54:38.9104022Z copying aqequil/eq3_6_src/src/eq6/src/stepfd.f -> aqequil-0.41.0/aqequil/eq3_6_src/src/eq6/src
2025-12-30T16:54:38.9106071Z copying aqequil/eq3_6_src/src/eq6/src/stpkmd.f -> aqequil-0.41.0/aqequil/eq3_6_src/src/eq6/src
2025-12-30T16:54:38.9107873Z copying aqequil/eq3_6_src/src/eq6/src/suprdx.f -> aqequil-0.41.0/aqequil/eq3_6_src/src/eq6/src
2025-12-30T16:54:38.9109596Z copying aqequil/eq3_6_src/src/eq6/src/timeca.f -> aqequil-0.41.0/aqequil/eq3_6_src/src/eq6/src
2025-12-30T16:54:38.9111421Z copying aqequil/eq3_6_src/src/eq6/src/tivchk.f -> aqequil-0.41.0/aqequil/eq3_6_src/src/eq6/src
2025-12-30T16:54:38.9113260Z copying aqequil/eq3_6_src/src/eq6/src/tpadv.f -> aqequil-0.41.0/aqequil/eq3_6_src/src/eq6/src
2025-12-30T16:54:38.9115026Z copying aqequil/eq3_6_src/src/eq6/src/tstari.f -> aqequil-0.41.0/aqequil/eq3_6_src/src/eq6/src
2025-12-30T16:54:38.9116757Z copying aqequil/eq3_6_src/src/eq6/src/tstrdx.f -> aqequil-0.41.0/aqequil/eq3_6_src/src/eq6/src
2025-12-30T16:54:38.9118611Z copying aqequil/eq3_6_src/src/eq6/src/wrentu.f -> aqequil-0.41.0/aqequil/eq3_6_src/src/eq6/src
2025-12-30T16:54:38.9120335Z copying aqequil/eq3_6_src/src/eq6/src/wrtabc.f -> aqequil-0.41.0/aqequil/eq3_6_src/src/eq6/src
2025-12-30T16:54:38.9122716Z copying aqequil/eq3_6_src/src/eq6/src/wrtabx.f -> aqequil-0.41.0/aqequil/eq3_6_src/src/eq6/src
2025-12-30T16:54:38.9124644Z copying aqequil/eq3_6_src/src/eq6/src/xderiv.f -> aqequil-0.41.0/aqequil/eq3_6_src/src/eq6/src
2025-12-30T16:54:38.9126392Z copying aqequil/eq3_6_src/src/eq6/src/zderiv.f -> aqequil-0.41.0/aqequil/eq3_6_src/src/eq6/src
2025-12-30T16:54:38.9128153Z copying aqequil/eq3_6_src/src/eq6/src/ztaylr.f -> aqequil-0.41.0/aqequil/eq3_6_src/src/eq6/src
2025-12-30T16:54:38.9130037Z copying aqequil/eq3_6_src/src/eqlib/Makefile -> aqequil-0.41.0/aqequil/eq3_6_src/src/eqlib
2025-12-30T16:54:38.9131896Z copying aqequil/eq3_6_src/src/eqlib/obj/aaaeql.o -> aqequil-0.41.0/aqequil/eq3_6_src/src/eqlib/obj
2025-12-30T16:54:38.9133526Z copying aqequil/eq3_6_src/src/eqlib/obj/absswa.o -> aqequil-0.41.0/aqequil/eq3_6_src/src/eqlib/obj
2025-12-30T16:54:38.9135172Z copying aqequil/eq3_6_src/src/eqlib/obj/abswpk.o -> aqequil-0.41.0/aqequil/eq3_6_src/src/eqlib/obj
2025-12-30T16:54:38.9136868Z copying aqequil/eq3_6_src/src/eqlib/obj/adgexj.o -> aqequil-0.41.0/aqequil/eq3_6_src/src/eqlib/obj
2025-12-30T16:54:38.9138579Z copying aqequil/eq3_6_src/src/eqlib/obj/adgexp.o -> aqequil-0.41.0/aqequil/eq3_6_src/src/eqlib/obj
2025-12-30T16:54:38.9140173Z copying aqequil/eq3_6_src/src/eqlib/obj/afcalc.o -> aqequil-0.41.0/aqequil/eq3_6_src/src/eqlib/obj
2025-12-30T16:54:38.9141983Z copying aqequil/eq3_6_src/src/eqlib/obj/alters.o -> aqequil-0.41.0/aqequil/eq3_6_src/src/eqlib/obj
2025-12-30T16:54:38.9143679Z copying aqequil/eq3_6_src/src/eqlib/obj/autosw.o -> aqequil-0.41.0/aqequil/eq3_6_src/src/eqlib/obj
2025-12-30T16:54:38.9145400Z copying aqequil/eq3_6_src/src/eqlib/obj/balcon.o -> aqequil-0.41.0/aqequil/eq3_6_src/src/eqlib/obj
2025-12-30T16:54:38.9147043Z copying aqequil/eq3_6_src/src/eqlib/obj/betacf.o -> aqequil-0.41.0/aqequil/eq3_6_src/src/eqlib/obj
2025-12-30T16:54:38.9148696Z copying aqequil/eq3_6_src/src/eqlib/obj/betas.o -> aqequil-0.41.0/aqequil/eq3_6_src/src/eqlib/obj
2025-12-30T16:54:38.9150425Z copying aqequil/eq3_6_src/src/eqlib/obj/betgam.o -> aqequil-0.41.0/aqequil/eq3_6_src/src/eqlib/obj
2025-12-30T16:54:38.9152191Z copying aqequil/eq3_6_src/src/eqlib/obj/bspchk.o -> aqequil-0.41.0/aqequil/eq3_6_src/src/eqlib/obj
2025-12-30T16:54:38.9153823Z copying aqequil/eq3_6_src/src/eqlib/obj/bsplkp.o -> aqequil-0.41.0/aqequil/eq3_6_src/src/eqlib/obj
2025-12-30T16:54:38.9155533Z copying aqequil/eq3_6_src/src/eqlib/obj/calk.o -> aqequil-0.41.0/aqequil/eq3_6_src/src/eqlib/obj
2025-12-30T16:54:38.9157037Z copying aqequil/eq3_6_src/src/eqlib/obj/cdakey.o -> aqequil-0.41.0/aqequil/eq3_6_src/src/eqlib/obj
2025-12-30T16:54:38.9158724Z copying aqequil/eq3_6_src/src/eqlib/obj/cdardx.o -> aqequil-0.41.0/aqequil/eq3_6_src/src/eqlib/obj
2025-12-30T16:54:38.9160345Z copying aqequil/eq3_6_src/src/eqlib/obj/cdrscx.o -> aqequil-0.41.0/aqequil/eq3_6_src/src/eqlib/obj
2025-12-30T16:54:38.9162330Z copying aqequil/eq3_6_src/src/eqlib/obj/cdrssd.o -> aqequil-0.41.0/aqequil/eq3_6_src/src/eqlib/obj
2025-12-30T16:54:38.9163893Z copying aqequil/eq3_6_src/src/eqlib/obj/cfracf.o -> aqequil-0.41.0/aqequil/eq3_6_src/src/eqlib/obj
2025-12-30T16:54:38.9165575Z copying aqequil/eq3_6_src/src/eqlib/obj/chsgex.o -> aqequil-0.41.0/aqequil/eq3_6_src/src/eqlib/obj
2025-12-30T16:54:38.9167195Z copying aqequil/eq3_6_src/src/eqlib/obj/clones.o -> aqequil-0.41.0/aqequil/eq3_6_src/src/eqlib/obj
2025-12-30T16:54:38.9168910Z copying aqequil/eq3_6_src/src/eqlib/obj/cmpdat.o -> aqequil-0.41.0/aqequil/eq3_6_src/src/eqlib/obj
2025-12-30T16:54:38.9170664Z copying aqequil/eq3_6_src/src/eqlib/obj/cnvndx.o -> aqequil-0.41.0/aqequil/eq3_6_src/src/eqlib/obj
2025-12-30T16:54:38.9172443Z copying aqequil/eq3_6_src/src/eqlib/obj/coefdr.o -> aqequil-0.41.0/aqequil/eq3_6_src/src/eqlib/obj
2025-12-30T16:54:38.9174066Z copying aqequil/eq3_6_src/src/eqlib/obj/coefel.o -> aqequil-0.41.0/aqequil/eq3_6_src/src/eqlib/obj
2025-12-30T16:54:38.9175763Z copying aqequil/eq3_6_src/src/eqlib/obj/coefst.o -> aqequil-0.41.0/aqequil/eq3_6_src/src/eqlib/obj
2025-12-30T16:54:38.9177432Z copying aqequil/eq3_6_src/src/eqlib/obj/ctds.o -> aqequil-0.41.0/aqequil/eq3_6_src/src/eqlib/obj
2025-12-30T16:54:38.9179056Z copying aqequil/eq3_6_src/src/eqlib/obj/dfbasp.o -> aqequil-0.41.0/aqequil/eq3_6_src/src/eqlib/obj
2025-12-30T16:54:38.9180667Z copying aqequil/eq3_6_src/src/eqlib/obj/echgex.o -> aqequil-0.41.0/aqequil/eq3_6_src/src/eqlib/obj
2025-12-30T16:54:38.9182554Z copying aqequil/eq3_6_src/src/eqlib/obj/echolk.o -> aqequil-0.41.0/aqequil/eq3_6_src/src/eqlib/obj
2025-12-30T16:54:38.9184127Z copying aqequil/eq3_6_src/src/eqlib/obj/elim.o -> aqequil-0.41.0/aqequil/eq3_6_src/src/eqlib/obj
2025-12-30T16:54:38.9185970Z copying aqequil/eq3_6_src/src/eqlib/obj/evdat2.o -> aqequil-0.41.0/aqequil/eq3_6_src/src/eqlib/obj
2025-12-30T16:54:38.9187613Z copying aqequil/eq3_6_src/src/eqlib/obj/evdat3.o -> aqequil-0.41.0/aqequil/eq3_6_src/src/eqlib/obj
2025-12-30T16:54:38.9189283Z copying aqequil/eq3_6_src/src/eqlib/obj/evdat4.o -> aqequil-0.41.0/aqequil/eq3_6_src/src/eqlib/obj
2025-12-30T16:54:38.9191141Z copying aqequil/eq3_6_src/src/eqlib/obj/evdata.o -> aqequil-0.41.0/aqequil/eq3_6_src/src/eqlib/obj
2025-12-30T16:54:38.9192849Z copying aqequil/eq3_6_src/src/eqlib/obj/evdatr.o -> aqequil-0.41.0/aqequil/eq3_6_src/src/eqlib/obj
2025-12-30T16:54:38.9194589Z copying aqequil/eq3_6_src/src/eqlib/obj/fbassw.o -> aqequil-0.41.0/aqequil/eq3_6_src/src/eqlib/obj
2025-12-30T16:54:38.9196179Z copying aqequil/eq3_6_src/src/eqlib/obj/fdomsp.o -> aqequil-0.41.0/aqequil/eq3_6_src/src/eqlib/obj
2025-12-30T16:54:38.9197844Z copying aqequil/eq3_6_src/src/eqlib/obj/flgchk.o -> aqequil-0.41.0/aqequil/eq3_6_src/src/eqlib/obj
2025-12-30T16:54:38.9199462Z copying aqequil/eq3_6_src/src/eqlib/obj/flgset.o -> aqequil-0.41.0/aqequil/eq3_6_src/src/eqlib/obj
2025-12-30T16:54:38.9201264Z copying aqequil/eq3_6_src/src/eqlib/obj/gabswx.o -> aqequil-0.41.0/aqequil/eq3_6_src/src/eqlib/obj
2025-12-30T16:54:38.9202991Z copying aqequil/eq3_6_src/src/eqlib/obj/gaffsd.o -> aqequil-0.41.0/aqequil/eq3_6_src/src/eqlib/obj
2025-12-30T16:54:38.9204618Z copying aqequil/eq3_6_src/src/eqlib/obj/gafscl.o -> aqequil-0.41.0/aqequil/eq3_6_src/src/eqlib/obj
2025-12-30T16:54:38.9206263Z copying aqequil/eq3_6_src/src/eqlib/obj/gafsir.o -> aqequil-0.41.0/aqequil/eq3_6_src/src/eqlib/obj
2025-12-30T16:54:38.9208038Z copying aqequil/eq3_6_src/src/eqlib/obj/gbfac.o -> aqequil-0.41.0/aqequil/eq3_6_src/src/eqlib/obj
2025-12-30T16:54:38.9209693Z copying aqequil/eq3_6_src/src/eqlib/obj/gcdrtw.o -> aqequil-0.41.0/aqequil/eq3_6_src/src/eqlib/obj
2025-12-30T16:54:38.9211608Z copying aqequil/eq3_6_src/src/eqlib/obj/gcdrw.o -> aqequil-0.41.0/aqequil/eq3_6_src/src/eqlib/obj
2025-12-30T16:54:38.9213359Z copying aqequil/eq3_6_src/src/eqlib/obj/gcsts.o -> aqequil-0.41.0/aqequil/eq3_6_src/src/eqlib/obj
2025-12-30T16:54:38.9215146Z copying aqequil/eq3_6_src/src/eqlib/obj/gdlgxw.o -> aqequil-0.41.0/aqequil/eq3_6_src/src/eqlib/obj
2025-12-30T16:54:38.9216995Z copying aqequil/eq3_6_src/src/eqlib/obj/gegexs.o -> aqequil-0.41.0/aqequil/eq3_6_src/src/eqlib/obj
2025-12-30T16:54:38.9218584Z copying aqequil/eq3_6_src/src/eqlib/obj/gegexw.o -> aqequil-0.41.0/aqequil/eq3_6_src/src/eqlib/obj
2025-12-30T16:54:38.9220210Z copying aqequil/eq3_6_src/src/eqlib/obj/gibasp.o -> aqequil-0.41.0/aqequil/eq3_6_src/src/eqlib/obj
2025-12-30T16:54:38.9222051Z copying aqequil/eq3_6_src/src/eqlib/obj/gntpr.o -> aqequil-0.41.0/aqequil/eq3_6_src/src/eqlib/obj
2025-12-30T16:54:38.9223734Z copying aqequil/eq3_6_src/src/eqlib/obj/gpheh.o -> aqequil-0.41.0/aqequil/eq3_6_src/src/eqlib/obj
2025-12-30T16:54:38.9225415Z copying aqequil/eq3_6_src/src/eqlib/obj/grdxsp.o -> aqequil-0.41.0/aqequil/eq3_6_src/src/eqlib/obj
2025-12-30T16:54:38.9227096Z copying aqequil/eq3_6_src/src/eqlib/obj/gspion.o -> aqequil-0.41.0/aqequil/eq3_6_src/src/eqlib/obj
2025-12-30T16:54:38.9228795Z copying aqequil/eq3_6_src/src/eqlib/obj/gszm.o -> aqequil-0.41.0/aqequil/eq3_6_src/src/eqlib/obj
2025-12-30T16:54:38.9230558Z copying aqequil/eq3_6_src/src/eqlib/obj/gwdenp.o -> aqequil-0.41.0/aqequil/eq3_6_src/src/eqlib/obj
2025-12-30T16:54:38.9232402Z copying aqequil/eq3_6_src/src/eqlib/obj/hpsat.o -> aqequil-0.41.0/aqequil/eq3_6_src/src/eqlib/obj
2025-12-30T16:54:38.9234117Z copying aqequil/eq3_6_src/src/eqlib/obj/inbdot.o -> aqequil-0.41.0/aqequil/eq3_6_src/src/eqlib/obj
2025-12-30T16:54:38.9235897Z copying aqequil/eq3_6_src/src/eqlib/obj/indata.o -> aqequil-0.41.0/aqequil/eq3_6_src/src/eqlib/obj
2025-12-30T16:54:38.9237755Z copying aqequil/eq3_6_src/src/eqlib/obj/indatc.o -> aqequil-0.41.0/aqequil/eq3_6_src/src/eqlib/obj
2025-12-30T16:54:38.9239458Z copying aqequil/eq3_6_src/src/eqlib/obj/indatd.o -> aqequil-0.41.0/aqequil/eq3_6_src/src/eqlib/obj
2025-12-30T16:54:38.9241382Z copying aqequil/eq3_6_src/src/eqlib/obj/indath.o -> aqequil-0.41.0/aqequil/eq3_6_src/src/eqlib/obj
2025-12-30T16:54:38.9243141Z copying aqequil/eq3_6_src/src/eqlib/obj/indatp.o -> aqequil-0.41.0/aqequil/eq3_6_src/src/eqlib/obj
2025-12-30T16:54:38.9244836Z copying aqequil/eq3_6_src/src/eqlib/obj/indats.o -> aqequil-0.41.0/aqequil/eq3_6_src/src/eqlib/obj
2025-12-30T16:54:38.9246689Z copying aqequil/eq3_6_src/src/eqlib/obj/intbsw.o -> aqequil-0.41.0/aqequil/eq3_6_src/src/eqlib/obj
2025-12-30T16:54:38.9248391Z copying aqequil/eq3_6_src/src/eqlib/obj/intexi.o -> aqequil-0.41.0/aqequil/eq3_6_src/src/eqlib/obj
2025-12-30T16:54:38.9250500Z copying aqequil/eq3_6_src/src/eqlib/obj/intsbs.o -> aqequil-0.41.0/aqequil/eq3_6_src/src/eqlib/obj
2025-12-30T16:54:38.9252371Z copying aqequil/eq3_6_src/src/eqlib/obj/inttfx.o -> aqequil-0.41.0/aqequil/eq3_6_src/src/eqlib/obj
2025-12-30T16:54:38.9254072Z copying aqequil/eq3_6_src/src/eqlib/obj/inupt.o -> aqequil-0.41.0/aqequil/eq3_6_src/src/eqlib/obj
2025-12-30T16:54:38.9255776Z copying aqequil/eq3_6_src/src/eqlib/obj/jesite.o -> aqequil-0.41.0/aqequil/eq3_6_src/src/eqlib/obj
2025-12-30T16:54:38.9257457Z copying aqequil/eq3_6_src/src/eqlib/obj/jflaux.o -> aqequil-0.41.0/aqequil/eq3_6_src/src/eqlib/obj
2025-12-30T16:54:38.9259210Z copying aqequil/eq3_6_src/src/eqlib/obj/matrix.o -> aqequil-0.41.0/aqequil/eq3_6_src/src/eqlib/obj
2025-12-30T16:54:38.9261187Z copying aqequil/eq3_6_src/src/eqlib/obj/mdrgex.o -> aqequil-0.41.0/aqequil/eq3_6_src/src/eqlib/obj
2025-12-30T16:54:38.9263009Z copying aqequil/eq3_6_src/src/eqlib/obj/nbasis.o -> aqequil-0.41.0/aqequil/eq3_6_src/src/eqlib/obj
2025-12-30T16:54:38.9264726Z copying aqequil/eq3_6_src/src/eqlib/obj/ncmpex.o -> aqequil-0.41.0/aqequil/eq3_6_src/src/eqlib/obj
2025-12-30T16:54:38.9266490Z copying aqequil/eq3_6_src/src/eqlib/obj/ncmpve.o -> aqequil-0.41.0/aqequil/eq3_6_src/src/eqlib/obj
2025-12-30T16:54:38.9268215Z copying aqequil/eq3_6_src/src/eqlib/obj/ncmpvh.o -> aqequil-0.41.0/aqequil/eq3_6_src/src/eqlib/obj
2025-12-30T16:54:38.9269927Z copying aqequil/eq3_6_src/src/eqlib/obj/newton.o -> aqequil-0.41.0/aqequil/eq3_6_src/src/eqlib/obj
2025-12-30T16:54:38.9272006Z copying aqequil/eq3_6_src/src/eqlib/obj/ngcadv.o -> aqequil-0.41.0/aqequil/eq3_6_src/src/eqlib/obj
2025-12-30T16:54:38.9273909Z copying aqequil/eq3_6_src/src/eqlib/obj/nphase.o -> aqequil-0.41.0/aqequil/eq3_6_src/src/eqlib/obj
2025-12-30T16:54:38.9275604Z copying aqequil/eq3_6_src/src/eqlib/obj/nrstep.o -> aqequil-0.41.0/aqequil/eq3_6_src/src/eqlib/obj
2025-12-30T16:54:38.9277435Z copying aqequil/eq3_6_src/src/eqlib/obj/pcorrm.o -> aqequil-0.41.0/aqequil/eq3_6_src/src/eqlib/obj
2025-12-30T16:54:38.9279138Z copying aqequil/eq3_6_src/src/eqlib/obj/pcorrx.o -> aqequil-0.41.0/aqequil/eq3_6_src/src/eqlib/obj
2025-12-30T16:54:38.9280840Z copying aqequil/eq3_6_src/src/eqlib/obj/prpheh.o -> aqequil-0.41.0/aqequil/eq3_6_src/src/eqlib/obj
2025-12-30T16:54:38.9282749Z copying aqequil/eq3_6_src/src/eqlib/obj/prreac.o -> aqequil-0.41.0/aqequil/eq3_6_src/src/eqlib/obj
2025-12-30T16:54:38.9284466Z copying aqequil/eq3_6_src/src/eqlib/obj/prtacr.o -> aqequil-0.41.0/aqequil/eq3_6_src/src/eqlib/obj
2025-12-30T16:54:38.9286160Z copying aqequil/eq3_6_src/src/eqlib/obj/prtalk.o -> aqequil-0.41.0/aqequil/eq3_6_src/src/eqlib/obj
2025-12-30T16:54:38.9287920Z copying aqequil/eq3_6_src/src/eqlib/obj/prtaqs.o -> aqequil-0.41.0/aqequil/eq3_6_src/src/eqlib/obj
2025-12-30T16:54:38.9289623Z copying aqequil/eq3_6_src/src/eqlib/obj/prteca.o -> aqequil-0.41.0/aqequil/eq3_6_src/src/eqlib/obj
2025-12-30T16:54:38.9291489Z copying aqequil/eq3_6_src/src/eqlib/obj/prtfug.o -> aqequil-0.41.0/aqequil/eq3_6_src/src/eqlib/obj
2025-12-30T16:54:38.9293199Z copying aqequil/eq3_6_src/src/eqlib/obj/prtgex.o -> aqequil-0.41.0/aqequil/eq3_6_src/src/eqlib/obj
2025-12-30T16:54:38.9294966Z copying aqequil/eq3_6_src/src/eqlib/obj/prtmip.o -> aqequil-0.41.0/aqequil/eq3_6_src/src/eqlib/obj
2025-12-30T16:54:38.9296779Z copying aqequil/eq3_6_src/src/eqlib/obj/prtnca.o -> aqequil-0.41.0/aqequil/eq3_6_src/src/eqlib/obj
2025-12-30T16:54:38.9298431Z copying aqequil/eq3_6_src/src/eqlib/obj/prtntt.o -> aqequil-0.41.0/aqequil/eq3_6_src/src/eqlib/obj
2025-12-30T16:54:38.9300172Z copying aqequil/eq3_6_src/src/eqlib/obj/prtpct.o -> aqequil-0.41.0/aqequil/eq3_6_src/src/eqlib/obj
2025-12-30T16:54:38.9302138Z copying aqequil/eq3_6_src/src/eqlib/obj/prtrdx.o -> aqequil-0.41.0/aqequil/eq3_6_src/src/eqlib/obj
2025-12-30T16:54:38.9303872Z copying aqequil/eq3_6_src/src/eqlib/obj/prtsat.o -> aqequil-0.41.0/aqequil/eq3_6_src/src/eqlib/obj
2025-12-30T16:54:38.9305574Z copying aqequil/eq3_6_src/src/eqlib/obj/prtsca.o -> aqequil-0.41.0/aqequil/eq3_6_src/src/eqlib/obj
2025-12-30T16:54:38.9307370Z copying aqequil/eq3_6_src/src/eqlib/obj/prtsia.o -> aqequil-0.41.0/aqequil/eq3_6_src/src/eqlib/obj
2025-12-30T16:54:38.9309103Z copying aqequil/eq3_6_src/src/eqlib/obj/prtsip.o -> aqequil-0.41.0/aqequil/eq3_6_src/src/eqlib/obj
2025-12-30T16:54:38.9310843Z copying aqequil/eq3_6_src/src/eqlib/obj/prtsso.o -> aqequil-0.41.0/aqequil/eq3_6_src/src/eqlib/obj
2025-12-30T16:54:38.9312744Z copying aqequil/eq3_6_src/src/eqlib/obj/prtvpa.o -> aqequil-0.41.0/aqequil/eq3_6_src/src/eqlib/obj
2025-12-30T16:54:38.9314517Z copying aqequil/eq3_6_src/src/eqlib/obj/sortsp.o -> aqequil-0.41.0/aqequil/eq3_6_src/src/eqlib/obj
2025-12-30T16:54:38.9316207Z copying aqequil/eq3_6_src/src/eqlib/obj/srchn.o -> aqequil-0.41.0/aqequil/eq3_6_src/src/eqlib/obj
2025-12-30T16:54:38.9317930Z copying aqequil/eq3_6_src/src/eqlib/obj/srchne.o -> aqequil-0.41.0/aqequil/eq3_6_src/src/eqlib/obj
2025-12-30T16:54:38.9319633Z copying aqequil/eq3_6_src/src/eqlib/obj/supprs.o -> aqequil-0.41.0/aqequil/eq3_6_src/src/eqlib/obj
2025-12-30T16:54:38.9321621Z copying aqequil/eq3_6_src/src/eqlib/obj/switch.o -> aqequil-0.41.0/aqequil/eq3_6_src/src/eqlib/obj
2025-12-30T16:54:38.9323567Z copying aqequil/eq3_6_src/src/eqlib/obj/swtchb.o -> aqequil-0.41.0/aqequil/eq3_6_src/src/eqlib/obj
2025-12-30T16:54:38.9325440Z copying aqequil/eq3_6_src/src/eqlib/obj/swtchk.o -> aqequil-0.41.0/aqequil/eq3_6_src/src/eqlib/obj
2025-12-30T16:54:38.9327174Z copying aqequil/eq3_6_src/src/eqlib/obj/wr6pkd.o -> aqequil-0.41.0/aqequil/eq3_6_src/src/eqlib/obj
2025-12-30T16:54:38.9329546Z copying aqequil/eq3_6_src/src/eqlib/obj/wr6pkw.o -> aqequil-0.41.0/aqequil/eq3_6_src/src/eqlib/obj
2025-12-30T16:54:38.9331751Z copying aqequil/eq3_6_src/src/eqlib/src/aaaeql.f -> aqequil-0.41.0/aqequil/eq3_6_src/src/eqlib/src
2025-12-30T16:54:38.9333436Z copying aqequil/eq3_6_src/src/eqlib/src/absswa.f -> aqequil-0.41.0/aqequil/eq3_6_src/src/eqlib/src
2025-12-30T16:54:38.9335079Z copying aqequil/eq3_6_src/src/eqlib/src/abswpk.f -> aqequil-0.41.0/aqequil/eq3_6_src/src/eqlib/src
2025-12-30T16:54:38.9336835Z copying aqequil/eq3_6_src/src/eqlib/src/adgexj.f -> aqequil-0.41.0/aqequil/eq3_6_src/src/eqlib/src
2025-12-30T16:54:38.9338347Z copying aqequil/eq3_6_src/src/eqlib/src/adgexp.f -> aqequil-0.41.0/aqequil/eq3_6_src/src/eqlib/src
2025-12-30T16:54:38.9340026Z copying aqequil/eq3_6_src/src/eqlib/src/afcalc.f -> aqequil-0.41.0/aqequil/eq3_6_src/src/eqlib/src
2025-12-30T16:54:38.9341795Z copying aqequil/eq3_6_src/src/eqlib/src/alters.f -> aqequil-0.41.0/aqequil/eq3_6_src/src/eqlib/src
2025-12-30T16:54:38.9343549Z copying aqequil/eq3_6_src/src/eqlib/src/autosw.f -> aqequil-0.41.0/aqequil/eq3_6_src/src/eqlib/src
2025-12-30T16:54:38.9345287Z copying aqequil/eq3_6_src/src/eqlib/src/balcon.f -> aqequil-0.41.0/aqequil/eq3_6_src/src/eqlib/src
2025-12-30T16:54:38.9346921Z copying aqequil/eq3_6_src/src/eqlib/src/betacf.f -> aqequil-0.41.0/aqequil/eq3_6_src/src/eqlib/src
2025-12-30T16:54:38.9348551Z copying aqequil/eq3_6_src/src/eqlib/src/betas.f -> aqequil-0.41.0/aqequil/eq3_6_src/src/eqlib/src
2025-12-30T16:54:38.9350304Z copying aqequil/eq3_6_src/src/eqlib/src/betgam.f -> aqequil-0.41.0/aqequil/eq3_6_src/src/eqlib/src
2025-12-30T16:54:38.9352137Z copying aqequil/eq3_6_src/src/eqlib/src/bspchk.f -> aqequil-0.41.0/aqequil/eq3_6_src/src/eqlib/src
2025-12-30T16:54:38.9353847Z copying aqequil/eq3_6_src/src/eqlib/src/bsplkp.f -> aqequil-0.41.0/aqequil/eq3_6_src/src/eqlib/src
2025-12-30T16:54:38.9355482Z copying aqequil/eq3_6_src/src/eqlib/src/calk.f -> aqequil-0.41.0/aqequil/eq3_6_src/src/eqlib/src
2025-12-30T16:54:38.9357092Z copying aqequil/eq3_6_src/src/eqlib/src/cdakey.f -> aqequil-0.41.0/aqequil/eq3_6_src/src/eqlib/src
2025-12-30T16:54:38.9358760Z copying aqequil/eq3_6_src/src/eqlib/src/cdardx.f -> aqequil-0.41.0/aqequil/eq3_6_src/src/eqlib/src
2025-12-30T16:54:38.9360514Z copying aqequil/eq3_6_src/src/eqlib/src/cdrscx.f -> aqequil-0.41.0/aqequil/eq3_6_src/src/eqlib/src
2025-12-30T16:54:38.9362321Z copying aqequil/eq3_6_src/src/eqlib/src/cdrssd.f -> aqequil-0.41.0/aqequil/eq3_6_src/src/eqlib/src
2025-12-30T16:54:38.9364053Z copying aqequil/eq3_6_src/src/eqlib/src/cfracf.f -> aqequil-0.41.0/aqequil/eq3_6_src/src/eqlib/src
2025-12-30T16:54:38.9365715Z copying aqequil/eq3_6_src/src/eqlib/src/chsgex.f -> aqequil-0.41.0/aqequil/eq3_6_src/src/eqlib/src
2025-12-30T16:54:38.9367374Z copying aqequil/eq3_6_src/src/eqlib/src/clones.f -> aqequil-0.41.0/aqequil/eq3_6_src/src/eqlib/src
2025-12-30T16:54:38.9369023Z copying aqequil/eq3_6_src/src/eqlib/src/cmpdat.f -> aqequil-0.41.0/aqequil/eq3_6_src/src/eqlib/src
2025-12-30T16:54:38.9370778Z copying aqequil/eq3_6_src/src/eqlib/src/cnvndx.f -> aqequil-0.41.0/aqequil/eq3_6_src/src/eqlib/src
2025-12-30T16:54:38.9372620Z copying aqequil/eq3_6_src/src/eqlib/src/coefdr.f -> aqequil-0.41.0/aqequil/eq3_6_src/src/eqlib/src
2025-12-30T16:54:38.9374294Z copying aqequil/eq3_6_src/src/eqlib/src/coefel.f -> aqequil-0.41.0/aqequil/eq3_6_src/src/eqlib/src
2025-12-30T16:54:38.9375964Z copying aqequil/eq3_6_src/src/eqlib/src/coefst.f -> aqequil-0.41.0/aqequil/eq3_6_src/src/eqlib/src
2025-12-30T16:54:38.9377611Z copying aqequil/eq3_6_src/src/eqlib/src/ctds.f -> aqequil-0.41.0/aqequil/eq3_6_src/src/eqlib/src
2025-12-30T16:54:38.9379256Z copying aqequil/eq3_6_src/src/eqlib/src/dfbasp.f -> aqequil-0.41.0/aqequil/eq3_6_src/src/eqlib/src
2025-12-30T16:54:38.9381213Z copying aqequil/eq3_6_src/src/eqlib/src/echgex.f -> aqequil-0.41.0/aqequil/eq3_6_src/src/eqlib/src
2025-12-30T16:54:38.9382747Z copying aqequil/eq3_6_src/src/eqlib/src/echolk.f -> aqequil-0.41.0/aqequil/eq3_6_src/src/eqlib/src
2025-12-30T16:54:38.9384456Z copying aqequil/eq3_6_src/src/eqlib/src/elim.f -> aqequil-0.41.0/aqequil/eq3_6_src/src/eqlib/src
2025-12-30T16:54:38.9386353Z copying aqequil/eq3_6_src/src/eqlib/src/evdat2.f -> aqequil-0.41.0/aqequil/eq3_6_src/src/eqlib/src
2025-12-30T16:54:38.9388109Z copying aqequil/eq3_6_src/src/eqlib/src/evdat3.f -> aqequil-0.41.0/aqequil/eq3_6_src/src/eqlib/src
2025-12-30T16:54:38.9389676Z copying aqequil/eq3_6_src/src/eqlib/src/evdat4.f -> aqequil-0.41.0/aqequil/eq3_6_src/src/eqlib/src
2025-12-30T16:54:38.9391438Z copying aqequil/eq3_6_src/src/eqlib/src/evdata.f -> aqequil-0.41.0/aqequil/eq3_6_src/src/eqlib/src
2025-12-30T16:54:38.9393228Z copying aqequil/eq3_6_src/src/eqlib/src/evdatr.f -> aqequil-0.41.0/aqequil/eq3_6_src/src/eqlib/src
2025-12-30T16:54:38.9394877Z copying aqequil/eq3_6_src/src/eqlib/src/fbassw.f -> aqequil-0.41.0/aqequil/eq3_6_src/src/eqlib/src
2025-12-30T16:54:38.9396554Z copying aqequil/eq3_6_src/src/eqlib/src/fdomsp.f -> aqequil-0.41.0/aqequil/eq3_6_src/src/eqlib/src
2025-12-30T16:54:38.9414699Z copying aqequil/eq3_6_src/src/eqlib/src/flgchk.f -> aqequil-0.41.0/aqequil/eq3_6_src/src/eqlib/src
2025-12-30T16:54:38.9415668Z copying aqequil/eq3_6_src/src/eqlib/src/flgset.f -> aqequil-0.41.0/aqequil/eq3_6_src/src/eqlib/src
2025-12-30T16:54:38.9416279Z copying aqequil/eq3_6_src/src/eqlib/src/gabswx.f -> aqequil-0.41.0/aqequil/eq3_6_src/src/eqlib/src
2025-12-30T16:54:38.9417230Z copying aqequil/eq3_6_src/src/eqlib/src/gaffsd.f -> aqequil-0.41.0/aqequil/eq3_6_src/src/eqlib/src
2025-12-30T16:54:38.9417838Z copying aqequil/eq3_6_src/src/eqlib/src/gafscl.f -> aqequil-0.41.0/aqequil/eq3_6_src/src/eqlib/src
2025-12-30T16:54:38.9418570Z copying aqequil/eq3_6_src/src/eqlib/src/gafsir.f -> aqequil-0.41.0/aqequil/eq3_6_src/src/eqlib/src
2025-12-30T16:54:38.9419349Z copying aqequil/eq3_6_src/src/eqlib/src/gbfac.f -> aqequil-0.41.0/aqequil/eq3_6_src/src/eqlib/src
2025-12-30T16:54:38.9420042Z copying aqequil/eq3_6_src/src/eqlib/src/gcdrtw.f -> aqequil-0.41.0/aqequil/eq3_6_src/src/eqlib/src
2025-12-30T16:54:38.9420692Z copying aqequil/eq3_6_src/src/eqlib/src/gcdrw.f -> aqequil-0.41.0/aqequil/eq3_6_src/src/eqlib/src
2025-12-30T16:54:38.9421473Z copying aqequil/eq3_6_src/src/eqlib/src/gcsts.f -> aqequil-0.41.0/aqequil/eq3_6_src/src/eqlib/src
2025-12-30T16:54:38.9422198Z copying aqequil/eq3_6_src/src/eqlib/src/gdlgxw.f -> aqequil-0.41.0/aqequil/eq3_6_src/src/eqlib/src
2025-12-30T16:54:38.9422776Z copying aqequil/eq3_6_src/src/eqlib/src/gegexs.f -> aqequil-0.41.0/aqequil/eq3_6_src/src/eqlib/src
2025-12-30T16:54:38.9423351Z copying aqequil/eq3_6_src/src/eqlib/src/gegexw.f -> aqequil-0.41.0/aqequil/eq3_6_src/src/eqlib/src
2025-12-30T16:54:38.9424066Z copying aqequil/eq3_6_src/src/eqlib/src/gibasp.f -> aqequil-0.41.0/aqequil/eq3_6_src/src/eqlib/src
2025-12-30T16:54:38.9424666Z copying aqequil/eq3_6_src/src/eqlib/src/gntpr.f -> aqequil-0.41.0/aqequil/eq3_6_src/src/eqlib/src
2025-12-30T16:54:38.9425358Z copying aqequil/eq3_6_src/src/eqlib/src/gpheh.f -> aqequil-0.41.0/aqequil/eq3_6_src/src/eqlib/src
2025-12-30T16:54:38.9426036Z copying aqequil/eq3_6_src/src/eqlib/src/grdxsp.f -> aqequil-0.41.0/aqequil/eq3_6_src/src/eqlib/src
2025-12-30T16:54:38.9426626Z copying aqequil/eq3_6_src/src/eqlib/src/gspion.f -> aqequil-0.41.0/aqequil/eq3_6_src/src/eqlib/src
2025-12-30T16:54:38.9427353Z copying aqequil/eq3_6_src/src/eqlib/src/gszm.f -> aqequil-0.41.0/aqequil/eq3_6_src/src/eqlib/src
2025-12-30T16:54:38.9427938Z copying aqequil/eq3_6_src/src/eqlib/src/gwdenp.f -> aqequil-0.41.0/aqequil/eq3_6_src/src/eqlib/src
2025-12-30T16:54:38.9428540Z copying aqequil/eq3_6_src/src/eqlib/src/hpsat.f -> aqequil-0.41.0/aqequil/eq3_6_src/src/eqlib/src
2025-12-30T16:54:38.9429415Z copying aqequil/eq3_6_src/src/eqlib/src/inbdot.f -> aqequil-0.41.0/aqequil/eq3_6_src/src/eqlib/src
2025-12-30T16:54:38.9430760Z copying aqequil/eq3_6_src/src/eqlib/src/indata.f -> aqequil-0.41.0/aqequil/eq3_6_src/src/eqlib/src
2025-12-30T16:54:38.9433013Z copying aqequil/eq3_6_src/src/eqlib/src/indatc.f -> aqequil-0.41.0/aqequil/eq3_6_src/src/eqlib/src
2025-12-30T16:54:38.9434759Z copying aqequil/eq3_6_src/src/eqlib/src/indatd.f -> aqequil-0.41.0/aqequil/eq3_6_src/src/eqlib/src
2025-12-30T16:54:38.9436550Z copying aqequil/eq3_6_src/src/eqlib/src/indath.f -> aqequil-0.41.0/aqequil/eq3_6_src/src/eqlib/src
2025-12-30T16:54:38.9438250Z copying aqequil/eq3_6_src/src/eqlib/src/indatp.f -> aqequil-0.41.0/aqequil/eq3_6_src/src/eqlib/src
2025-12-30T16:54:38.9439942Z copying aqequil/eq3_6_src/src/eqlib/src/indats.f -> aqequil-0.41.0/aqequil/eq3_6_src/src/eqlib/src
2025-12-30T16:54:38.9441918Z copying aqequil/eq3_6_src/src/eqlib/src/intbsw.f -> aqequil-0.41.0/aqequil/eq3_6_src/src/eqlib/src
2025-12-30T16:54:38.9444273Z copying aqequil/eq3_6_src/src/eqlib/src/intexi.f -> aqequil-0.41.0/aqequil/eq3_6_src/src/eqlib/src
2025-12-30T16:54:38.9446385Z copying aqequil/eq3_6_src/src/eqlib/src/intsbs.f -> aqequil-0.41.0/aqequil/eq3_6_src/src/eqlib/src
2025-12-30T16:54:38.9448141Z copying aqequil/eq3_6_src/src/eqlib/src/inttfx.f -> aqequil-0.41.0/aqequil/eq3_6_src/src/eqlib/src
2025-12-30T16:54:38.9449923Z copying aqequil/eq3_6_src/src/eqlib/src/inupt.f -> aqequil-0.41.0/aqequil/eq3_6_src/src/eqlib/src
2025-12-30T16:54:38.9452060Z copying aqequil/eq3_6_src/src/eqlib/src/jesite.f -> aqequil-0.41.0/aqequil/eq3_6_src/src/eqlib/src
2025-12-30T16:54:38.9453852Z copying aqequil/eq3_6_src/src/eqlib/src/jflaux.f -> aqequil-0.41.0/aqequil/eq3_6_src/src/eqlib/src
2025-12-30T16:54:38.9455612Z copying aqequil/eq3_6_src/src/eqlib/src/matrix.f -> aqequil-0.41.0/aqequil/eq3_6_src/src/eqlib/src
2025-12-30T16:54:38.9457614Z copying aqequil/eq3_6_src/src/eqlib/src/mdrgex.f -> aqequil-0.41.0/aqequil/eq3_6_src/src/eqlib/src
2025-12-30T16:54:38.9459444Z copying aqequil/eq3_6_src/src/eqlib/src/nbasis.f -> aqequil-0.41.0/aqequil/eq3_6_src/src/eqlib/src
2025-12-30T16:54:38.9461423Z copying aqequil/eq3_6_src/src/eqlib/src/ncmpex.f -> aqequil-0.41.0/aqequil/eq3_6_src/src/eqlib/src
2025-12-30T16:54:38.9463545Z copying aqequil/eq3_6_src/src/eqlib/src/ncmpve.f -> aqequil-0.41.0/aqequil/eq3_6_src/src/eqlib/src
2025-12-30T16:54:38.9465510Z copying aqequil/eq3_6_src/src/eqlib/src/ncmpvh.f -> aqequil-0.41.0/aqequil/eq3_6_src/src/eqlib/src
2025-12-30T16:54:38.9467327Z copying aqequil/eq3_6_src/src/eqlib/src/newton.f -> aqequil-0.41.0/aqequil/eq3_6_src/src/eqlib/src
2025-12-30T16:54:38.9469759Z copying aqequil/eq3_6_src/src/eqlib/src/ngcadv.f -> aqequil-0.41.0/aqequil/eq3_6_src/src/eqlib/src
2025-12-30T16:54:38.9471745Z copying aqequil/eq3_6_src/src/eqlib/src/nphase.f -> aqequil-0.41.0/aqequil/eq3_6_src/src/eqlib/src
2025-12-30T16:54:38.9473542Z copying aqequil/eq3_6_src/src/eqlib/src/nrstep.f -> aqequil-0.41.0/aqequil/eq3_6_src/src/eqlib/src
2025-12-30T16:54:38.9475593Z copying aqequil/eq3_6_src/src/eqlib/src/pcorrm.f -> aqequil-0.41.0/aqequil/eq3_6_src/src/eqlib/src
2025-12-30T16:54:38.9477472Z copying aqequil/eq3_6_src/src/eqlib/src/pcorrx.f -> aqequil-0.41.0/aqequil/eq3_6_src/src/eqlib/src
2025-12-30T16:54:38.9479347Z copying aqequil/eq3_6_src/src/eqlib/src/prpheh.f -> aqequil-0.41.0/aqequil/eq3_6_src/src/eqlib/src
2025-12-30T16:54:38.9481310Z copying aqequil/eq3_6_src/src/eqlib/src/prreac.f -> aqequil-0.41.0/aqequil/eq3_6_src/src/eqlib/src
2025-12-30T16:54:38.9483232Z copying aqequil/eq3_6_src/src/eqlib/src/prtacr.f -> aqequil-0.41.0/aqequil/eq3_6_src/src/eqlib/src
2025-12-30T16:54:38.9485011Z copying aqequil/eq3_6_src/src/eqlib/src/prtalk.f -> aqequil-0.41.0/aqequil/eq3_6_src/src/eqlib/src
2025-12-30T16:54:38.9486881Z copying aqequil/eq3_6_src/src/eqlib/src/prtaqs.f -> aqequil-0.41.0/aqequil/eq3_6_src/src/eqlib/src
2025-12-30T16:54:38.9488651Z copying aqequil/eq3_6_src/src/eqlib/src/prteca.f -> aqequil-0.41.0/aqequil/eq3_6_src/src/eqlib/src
2025-12-30T16:54:38.9490443Z copying aqequil/eq3_6_src/src/eqlib/src/prtfug.f -> aqequil-0.41.0/aqequil/eq3_6_src/src/eqlib/src
2025-12-30T16:54:38.9492510Z copying aqequil/eq3_6_src/src/eqlib/src/prtgex.f -> aqequil-0.41.0/aqequil/eq3_6_src/src/eqlib/src
2025-12-30T16:54:38.9494451Z copying aqequil/eq3_6_src/src/eqlib/src/prtmip.f -> aqequil-0.41.0/aqequil/eq3_6_src/src/eqlib/src
2025-12-30T16:54:38.9496362Z copying aqequil/eq3_6_src/src/eqlib/src/prtnca.f -> aqequil-0.41.0/aqequil/eq3_6_src/src/eqlib/src
2025-12-30T16:54:38.9498327Z copying aqequil/eq3_6_src/src/eqlib/src/prtntt.f -> aqequil-0.41.0/aqequil/eq3_6_src/src/eqlib/src
2025-12-30T16:54:38.9500029Z copying aqequil/eq3_6_src/src/eqlib/src/prtpct.f -> aqequil-0.41.0/aqequil/eq3_6_src/src/eqlib/src
2025-12-30T16:54:38.9502099Z copying aqequil/eq3_6_src/src/eqlib/src/prtrdx.f -> aqequil-0.41.0/aqequil/eq3_6_src/src/eqlib/src
2025-12-30T16:54:38.9503962Z copying aqequil/eq3_6_src/src/eqlib/src/prtsat.f -> aqequil-0.41.0/aqequil/eq3_6_src/src/eqlib/src
2025-12-30T16:54:38.9505827Z copying aqequil/eq3_6_src/src/eqlib/src/prtsca.f -> aqequil-0.41.0/aqequil/eq3_6_src/src/eqlib/src
2025-12-30T16:54:38.9507670Z copying aqequil/eq3_6_src/src/eqlib/src/prtsia.f -> aqequil-0.41.0/aqequil/eq3_6_src/src/eqlib/src
2025-12-30T16:54:38.9509509Z copying aqequil/eq3_6_src/src/eqlib/src/prtsip.f -> aqequil-0.41.0/aqequil/eq3_6_src/src/eqlib/src
2025-12-30T16:54:38.9511479Z copying aqequil/eq3_6_src/src/eqlib/src/prtsso.f -> aqequil-0.41.0/aqequil/eq3_6_src/src/eqlib/src
2025-12-30T16:54:38.9513408Z copying aqequil/eq3_6_src/src/eqlib/src/prtvpa.f -> aqequil-0.41.0/aqequil/eq3_6_src/src/eqlib/src
2025-12-30T16:54:38.9515278Z copying aqequil/eq3_6_src/src/eqlib/src/sortsp.f -> aqequil-0.41.0/aqequil/eq3_6_src/src/eqlib/src
2025-12-30T16:54:38.9517133Z copying aqequil/eq3_6_src/src/eqlib/src/srchn.f -> aqequil-0.41.0/aqequil/eq3_6_src/src/eqlib/src
2025-12-30T16:54:38.9518942Z copying aqequil/eq3_6_src/src/eqlib/src/srchne.f -> aqequil-0.41.0/aqequil/eq3_6_src/src/eqlib/src
2025-12-30T16:54:38.9520738Z copying aqequil/eq3_6_src/src/eqlib/src/supprs.f -> aqequil-0.41.0/aqequil/eq3_6_src/src/eqlib/src
2025-12-30T16:54:38.9522939Z copying aqequil/eq3_6_src/src/eqlib/src/switch.f -> aqequil-0.41.0/aqequil/eq3_6_src/src/eqlib/src
2025-12-30T16:54:38.9525214Z copying aqequil/eq3_6_src/src/eqlib/src/swtchb.f -> aqequil-0.41.0/aqequil/eq3_6_src/src/eqlib/src
2025-12-30T16:54:38.9527197Z copying aqequil/eq3_6_src/src/eqlib/src/swtchk.f -> aqequil-0.41.0/aqequil/eq3_6_src/src/eqlib/src
2025-12-30T16:54:38.9529054Z copying aqequil/eq3_6_src/src/eqlib/src/wr6pkd.f -> aqequil-0.41.0/aqequil/eq3_6_src/src/eqlib/src
2025-12-30T16:54:38.9531700Z copying aqequil/eq3_6_src/src/eqlib/src/wr6pkw.f -> aqequil-0.41.0/aqequil/eq3_6_src/src/eqlib/src
2025-12-30T16:54:38.9533785Z copying aqequil/eq3_6_src/src/eqlibg/Makefile -> aqequil-0.41.0/aqequil/eq3_6_src/src/eqlibg
2025-12-30T16:54:38.9535487Z copying aqequil/eq3_6_src/src/eqlibg/obj/aaaelg.o -> aqequil-0.41.0/aqequil/eq3_6_src/src/eqlibg/obj
2025-12-30T16:54:38.9537159Z copying aqequil/eq3_6_src/src/eqlibg/obj/bdmlx.o -> aqequil-0.41.0/aqequil/eq3_6_src/src/eqlibg/obj
2025-12-30T16:54:38.9538856Z copying aqequil/eq3_6_src/src/eqlibg/obj/bdslx.o -> aqequil-0.41.0/aqequil/eq3_6_src/src/eqlibg/obj
2025-12-30T16:54:38.9540534Z copying aqequil/eq3_6_src/src/eqlibg/obj/ca3bar.o -> aqequil-0.41.0/aqequil/eq3_6_src/src/eqlibg/obj
2025-12-30T16:54:38.9542489Z copying aqequil/eq3_6_src/src/eqlibg/obj/cabar.o -> aqequil-0.41.0/aqequil/eq3_6_src/src/eqlibg/obj
2025-12-30T16:54:38.9544204Z copying aqequil/eq3_6_src/src/eqlibg/obj/cfje.o -> aqequil-0.41.0/aqequil/eq3_6_src/src/eqlibg/obj
2025-12-30T16:54:38.9545974Z copying aqequil/eq3_6_src/src/eqlibg/obj/cfjest.o -> aqequil-0.41.0/aqequil/eq3_6_src/src/eqlibg/obj
2025-12-30T16:54:38.9547757Z copying aqequil/eq3_6_src/src/eqlibg/obj/cfxi.o -> aqequil-0.41.0/aqequil/eq3_6_src/src/eqlibg/obj
2025-12-30T16:54:38.9549434Z copying aqequil/eq3_6_src/src/eqlibg/obj/cfxist.o -> aqequil-0.41.0/aqequil/eq3_6_src/src/eqlibg/obj
2025-12-30T16:54:38.9551258Z copying aqequil/eq3_6_src/src/eqlibg/obj/csigm.o -> aqequil-0.41.0/aqequil/eq3_6_src/src/eqlibg/obj
2025-12-30T16:54:38.9553033Z copying aqequil/eq3_6_src/src/eqlibg/obj/cwrpjt.o -> aqequil-0.41.0/aqequil/eq3_6_src/src/eqlibg/obj
2025-12-30T16:54:38.9554812Z copying aqequil/eq3_6_src/src/eqlibg/obj/elmdd.o -> aqequil-0.41.0/aqequil/eq3_6_src/src/eqlibg/obj
2025-12-30T16:54:38.9556496Z copying aqequil/eq3_6_src/src/eqlibg/obj/evptzc.o -> aqequil-0.41.0/aqequil/eq3_6_src/src/eqlibg/obj
2025-12-30T16:54:38.9558404Z copying aqequil/eq3_6_src/src/eqlibg/obj/gbdot.o -> aqequil-0.41.0/aqequil/eq3_6_src/src/eqlibg/obj
2025-12-30T16:54:38.9559978Z copying aqequil/eq3_6_src/src/eqlibg/obj/gcoeff.o -> aqequil-0.41.0/aqequil/eq3_6_src/src/eqlibg/obj
2025-12-30T16:54:38.9561992Z copying aqequil/eq3_6_src/src/eqlibg/obj/gcscal.o -> aqequil-0.41.0/aqequil/eq3_6_src/src/eqlibg/obj
2025-12-30T16:54:38.9563675Z copying aqequil/eq3_6_src/src/eqlibg/obj/gdavie.o -> aqequil-0.41.0/aqequil/eq3_6_src/src/eqlibg/obj
2025-12-30T16:54:38.9565356Z copying aqequil/eq3_6_src/src/eqlibg/obj/gdd.o -> aqequil-0.41.0/aqequil/eq3_6_src/src/eqlibg/obj
2025-12-30T16:54:38.9567075Z copying aqequil/eq3_6_src/src/eqlibg/obj/gelam.o -> aqequil-0.41.0/aqequil/eq3_6_src/src/eqlibg/obj
2025-12-30T16:54:38.9568757Z copying aqequil/eq3_6_src/src/eqlibg/obj/gesum.o -> aqequil-0.41.0/aqequil/eq3_6_src/src/eqlibg/obj
2025-12-30T16:54:38.9570456Z copying aqequil/eq3_6_src/src/eqlibg/obj/gfdhc.o -> aqequil-0.41.0/aqequil/eq3_6_src/src/eqlibg/obj
2025-12-30T16:54:38.9572412Z copying aqequil/eq3_6_src/src/eqlibg/obj/gfdho.o -> aqequil-0.41.0/aqequil/eq3_6_src/src/eqlibg/obj
2025-12-30T16:54:38.9574102Z copying aqequil/eq3_6_src/src/eqlibg/obj/ghj0.o -> aqequil-0.41.0/aqequil/eq3_6_src/src/eqlibg/obj
2025-12-30T16:54:38.9575974Z copying aqequil/eq3_6_src/src/eqlibg/obj/gmdsm.o -> aqequil-0.41.0/aqequil/eq3_6_src/src/eqlibg/obj
2025-12-30T16:54:38.9577666Z copying aqequil/eq3_6_src/src/eqlibg/obj/gmsum.o -> aqequil-0.41.0/aqequil/eq3_6_src/src/eqlibg/obj
2025-12-30T16:54:38.9579358Z copying aqequil/eq3_6_src/src/eqlibg/obj/gpj0.o -> aqequil-0.41.0/aqequil/eq3_6_src/src/eqlibg/obj
2025-12-30T16:54:38.9581305Z copying aqequil/eq3_6_src/src/eqlibg/obj/gsdsm.o -> aqequil-0.41.0/aqequil/eq3_6_src/src/eqlibg/obj
2025-12-30T16:54:38.9583048Z copying aqequil/eq3_6_src/src/eqlibg/obj/gselm.o -> aqequil-0.41.0/aqequil/eq3_6_src/src/eqlibg/obj
2025-12-30T16:54:38.9584736Z copying aqequil/eq3_6_src/src/eqlibg/obj/gsgsm.o -> aqequil-0.41.0/aqequil/eq3_6_src/src/eqlibg/obj
2025-12-30T16:54:38.9586456Z copying aqequil/eq3_6_src/src/eqlibg/obj/gslam.o -> aqequil-0.41.0/aqequil/eq3_6_src/src/eqlibg/obj
2025-12-30T16:54:38.9588151Z copying aqequil/eq3_6_src/src/eqlibg/obj/gssum.o -> aqequil-0.41.0/aqequil/eq3_6_src/src/eqlibg/obj
2025-12-30T16:54:38.9589882Z copying aqequil/eq3_6_src/src/eqlibg/obj/lambda.o -> aqequil-0.41.0/aqequil/eq3_6_src/src/eqlibg/obj
2025-12-30T16:54:38.9591747Z copying aqequil/eq3_6_src/src/eqlibg/obj/lamgex.o -> aqequil-0.41.0/aqequil/eq3_6_src/src/eqlibg/obj
2025-12-30T16:54:38.9593482Z copying aqequil/eq3_6_src/src/eqlibg/obj/nactop.o -> aqequil-0.41.0/aqequil/eq3_6_src/src/eqlibg/obj
2025-12-30T16:54:38.9595302Z copying aqequil/eq3_6_src/src/eqlibg/obj/nbsgam.o -> aqequil-0.41.0/aqequil/eq3_6_src/src/eqlibg/obj
2025-12-30T16:54:38.9596992Z copying aqequil/eq3_6_src/src/eqlibg/obj/ptzchk.o -> aqequil-0.41.0/aqequil/eq3_6_src/src/eqlibg/obj
2025-12-30T16:54:38.9598709Z copying aqequil/eq3_6_src/src/eqlibg/obj/ptztab.o -> aqequil-0.41.0/aqequil/eq3_6_src/src/eqlibg/obj
2025-12-30T16:54:38.9600486Z copying aqequil/eq3_6_src/src/eqlibg/obj/rc3ocf.o -> aqequil-0.41.0/aqequil/eq3_6_src/src/eqlibg/obj
2025-12-30T16:54:38.9603285Z copying aqequil/eq3_6_src/src/eqlibg/obj/wterm.o -> aqequil-0.41.0/aqequil/eq3_6_src/src/eqlibg/obj
2025-12-30T16:54:38.9604819Z copying aqequil/eq3_6_src/src/eqlibg/obj/zsrt.o -> aqequil-0.41.0/aqequil/eq3_6_src/src/eqlibg/obj
2025-12-30T16:54:38.9606378Z copying aqequil/eq3_6_src/src/eqlibg/src/aaaelg.f -> aqequil-0.41.0/aqequil/eq3_6_src/src/eqlibg/src
2025-12-30T16:54:38.9607887Z copying aqequil/eq3_6_src/src/eqlibg/src/bdmlx.f -> aqequil-0.41.0/aqequil/eq3_6_src/src/eqlibg/src
2025-12-30T16:54:38.9609391Z copying aqequil/eq3_6_src/src/eqlibg/src/bdslx.f -> aqequil-0.41.0/aqequil/eq3_6_src/src/eqlibg/src
2025-12-30T16:54:38.9610910Z copying aqequil/eq3_6_src/src/eqlibg/src/ca3bar.f -> aqequil-0.41.0/aqequil/eq3_6_src/src/eqlibg/src
2025-12-30T16:54:38.9612631Z copying aqequil/eq3_6_src/src/eqlibg/src/cabar.f -> aqequil-0.41.0/aqequil/eq3_6_src/src/eqlibg/src
2025-12-30T16:54:38.9614341Z copying aqequil/eq3_6_src/src/eqlibg/src/cfje.f -> aqequil-0.41.0/aqequil/eq3_6_src/src/eqlibg/src
2025-12-30T16:54:38.9615657Z copying aqequil/eq3_6_src/src/eqlibg/src/cfjest.f -> aqequil-0.41.0/aqequil/eq3_6_src/src/eqlibg/src
2025-12-30T16:54:38.9617067Z copying aqequil/eq3_6_src/src/eqlibg/src/cfxi.f -> aqequil-0.41.0/aqequil/eq3_6_src/src/eqlibg/src
2025-12-30T16:54:38.9618556Z copying aqequil/eq3_6_src/src/eqlibg/src/cfxist.f -> aqequil-0.41.0/aqequil/eq3_6_src/src/eqlibg/src
2025-12-30T16:54:38.9619992Z copying aqequil/eq3_6_src/src/eqlibg/src/csigm.f -> aqequil-0.41.0/aqequil/eq3_6_src/src/eqlibg/src
2025-12-30T16:54:38.9621603Z copying aqequil/eq3_6_src/src/eqlibg/src/cwrpjt.f -> aqequil-0.41.0/aqequil/eq3_6_src/src/eqlibg/src
2025-12-30T16:54:38.9623215Z copying aqequil/eq3_6_src/src/eqlibg/src/elmdd.f -> aqequil-0.41.0/aqequil/eq3_6_src/src/eqlibg/src
2025-12-30T16:54:38.9624685Z copying aqequil/eq3_6_src/src/eqlibg/src/evptzc.f -> aqequil-0.41.0/aqequil/eq3_6_src/src/eqlibg/src
2025-12-30T16:54:38.9626174Z copying aqequil/eq3_6_src/src/eqlibg/src/gbdot.f -> aqequil-0.41.0/aqequil/eq3_6_src/src/eqlibg/src
2025-12-30T16:54:38.9627676Z copying aqequil/eq3_6_src/src/eqlibg/src/gcoeff.f -> aqequil-0.41.0/aqequil/eq3_6_src/src/eqlibg/src
2025-12-30T16:54:38.9629281Z copying aqequil/eq3_6_src/src/eqlibg/src/gcscal.f -> aqequil-0.41.0/aqequil/eq3_6_src/src/eqlibg/src
2025-12-30T16:54:38.9630748Z copying aqequil/eq3_6_src/src/eqlibg/src/gdavie.f -> aqequil-0.41.0/aqequil/eq3_6_src/src/eqlibg/src
2025-12-30T16:54:38.9632417Z copying aqequil/eq3_6_src/src/eqlibg/src/gdd.f -> aqequil-0.41.0/aqequil/eq3_6_src/src/eqlibg/src
2025-12-30T16:54:38.9633922Z copying aqequil/eq3_6_src/src/eqlibg/src/gelam.f -> aqequil-0.41.0/aqequil/eq3_6_src/src/eqlibg/src
2025-12-30T16:54:38.9635404Z copying aqequil/eq3_6_src/src/eqlibg/src/gesum.f -> aqequil-0.41.0/aqequil/eq3_6_src/src/eqlibg/src
2025-12-30T16:54:38.9636824Z copying aqequil/eq3_6_src/src/eqlibg/src/gfdhc.f -> aqequil-0.41.0/aqequil/eq3_6_src/src/eqlibg/src
2025-12-30T16:54:38.9638272Z copying aqequil/eq3_6_src/src/eqlibg/src/gfdho.f -> aqequil-0.41.0/aqequil/eq3_6_src/src/eqlibg/src
2025-12-30T16:54:38.9639738Z copying aqequil/eq3_6_src/src/eqlibg/src/ghj0.f -> aqequil-0.41.0/aqequil/eq3_6_src/src/eqlibg/src
2025-12-30T16:54:38.9641338Z copying aqequil/eq3_6_src/src/eqlibg/src/gmdsm.f -> aqequil-0.41.0/aqequil/eq3_6_src/src/eqlibg/src
2025-12-30T16:54:38.9642946Z copying aqequil/eq3_6_src/src/eqlibg/src/gmsum.f -> aqequil-0.41.0/aqequil/eq3_6_src/src/eqlibg/src
2025-12-30T16:54:38.9644412Z copying aqequil/eq3_6_src/src/eqlibg/src/gpj0.f -> aqequil-0.41.0/aqequil/eq3_6_src/src/eqlibg/src
2025-12-30T16:54:38.9645870Z copying aqequil/eq3_6_src/src/eqlibg/src/gsdsm.f -> aqequil-0.41.0/aqequil/eq3_6_src/src/eqlibg/src
2025-12-30T16:54:38.9647410Z copying aqequil/eq3_6_src/src/eqlibg/src/gselm.f -> aqequil-0.41.0/aqequil/eq3_6_src/src/eqlibg/src
2025-12-30T16:54:38.9648872Z copying aqequil/eq3_6_src/src/eqlibg/src/gsgsm.f -> aqequil-0.41.0/aqequil/eq3_6_src/src/eqlibg/src
2025-12-30T16:54:38.9650322Z copying aqequil/eq3_6_src/src/eqlibg/src/gslam.f -> aqequil-0.41.0/aqequil/eq3_6_src/src/eqlibg/src
2025-12-30T16:54:38.9651954Z copying aqequil/eq3_6_src/src/eqlibg/src/gssum.f -> aqequil-0.41.0/aqequil/eq3_6_src/src/eqlibg/src
2025-12-30T16:54:38.9653418Z copying aqequil/eq3_6_src/src/eqlibg/src/lambda.f -> aqequil-0.41.0/aqequil/eq3_6_src/src/eqlibg/src
2025-12-30T16:54:38.9654995Z copying aqequil/eq3_6_src/src/eqlibg/src/lamgex.f -> aqequil-0.41.0/aqequil/eq3_6_src/src/eqlibg/src
2025-12-30T16:54:38.9656471Z copying aqequil/eq3_6_src/src/eqlibg/src/nactop.f -> aqequil-0.41.0/aqequil/eq3_6_src/src/eqlibg/src
2025-12-30T16:54:38.9657925Z copying aqequil/eq3_6_src/src/eqlibg/src/nbsgam.f -> aqequil-0.41.0/aqequil/eq3_6_src/src/eqlibg/src
2025-12-30T16:54:38.9659399Z copying aqequil/eq3_6_src/src/eqlibg/src/ptzchk.f -> aqequil-0.41.0/aqequil/eq3_6_src/src/eqlibg/src
2025-12-30T16:54:38.9660878Z copying aqequil/eq3_6_src/src/eqlibg/src/ptztab.f -> aqequil-0.41.0/aqequil/eq3_6_src/src/eqlibg/src
2025-12-30T16:54:38.9662769Z copying aqequil/eq3_6_src/src/eqlibg/src/rc3ocf.f -> aqequil-0.41.0/aqequil/eq3_6_src/src/eqlibg/src
2025-12-30T16:54:38.9664277Z copying aqequil/eq3_6_src/src/eqlibg/src/wterm.f -> aqequil-0.41.0/aqequil/eq3_6_src/src/eqlibg/src
2025-12-30T16:54:38.9665774Z copying aqequil/eq3_6_src/src/eqlibg/src/zsrt.f -> aqequil-0.41.0/aqequil/eq3_6_src/src/eqlibg/src
2025-12-30T16:54:38.9667208Z copying aqequil/eq3_6_src/src/eqlibu/Makefile -> aqequil-0.41.0/aqequil/eq3_6_src/src/eqlibu
2025-12-30T16:54:38.9668722Z copying aqequil/eq3_6_src/src/eqlibu/obj/aaaelu.o -> aqequil-0.41.0/aqequil/eq3_6_src/src/eqlibu/obj
2025-12-30T16:54:38.9670200Z copying aqequil/eq3_6_src/src/eqlibu/obj/arrmxn.o -> aqequil-0.41.0/aqequil/eq3_6_src/src/eqlibu/obj
2025-12-30T16:54:38.9671668Z copying aqequil/eq3_6_src/src/eqlibu/obj/cejust.o -> aqequil-0.41.0/aqequil/eq3_6_src/src/eqlibu/obj
2025-12-30T16:54:38.9673238Z copying aqequil/eq3_6_src/src/eqlibu/obj/chreal.o -> aqequil-0.41.0/aqequil/eq3_6_src/src/eqlibu/obj
2025-12-30T16:54:38.9674675Z copying aqequil/eq3_6_src/src/eqlibu/obj/chrint.o -> aqequil-0.41.0/aqequil/eq3_6_src/src/eqlibu/obj
2025-12-30T16:54:38.9676127Z copying aqequil/eq3_6_src/src/eqlibu/obj/chump.o -> aqequil-0.41.0/aqequil/eq3_6_src/src/eqlibu/obj
2025-12-30T16:54:38.9677574Z copying aqequil/eq3_6_src/src/eqlibu/obj/cliefu.o -> aqequil-0.41.0/aqequil/eq3_6_src/src/eqlibu/obj
2025-12-30T16:54:38.9679018Z copying aqequil/eq3_6_src/src/eqlibu/obj/copyaa.o -> aqequil-0.41.0/aqequil/eq3_6_src/src/eqlibu/obj
2025-12-30T16:54:38.9680526Z copying aqequil/eq3_6_src/src/eqlibu/obj/copyca.o -> aqequil-0.41.0/aqequil/eq3_6_src/src/eqlibu/obj
2025-12-30T16:54:38.9682195Z copying aqequil/eq3_6_src/src/eqlibu/obj/copyia.o -> aqequil-0.41.0/aqequil/eq3_6_src/src/eqlibu/obj
2025-12-30T16:54:38.9683608Z copying aqequil/eq3_6_src/src/eqlibu/obj/copyla.o -> aqequil-0.41.0/aqequil/eq3_6_src/src/eqlibu/obj
2025-12-30T16:54:38.9685043Z copying aqequil/eq3_6_src/src/eqlibu/obj/daxpy.o -> aqequil-0.41.0/aqequil/eq3_6_src/src/eqlibu/obj
2025-12-30T16:54:38.9686463Z copying aqequil/eq3_6_src/src/eqlibu/obj/ddot.o -> aqequil-0.41.0/aqequil/eq3_6_src/src/eqlibu/obj
2025-12-30T16:54:38.9688007Z copying aqequil/eq3_6_src/src/eqlibu/obj/dgefa.o -> aqequil-0.41.0/aqequil/eq3_6_src/src/eqlibu/obj
2025-12-30T16:54:38.9689449Z copying aqequil/eq3_6_src/src/eqlibu/obj/dgesl.o -> aqequil-0.41.0/aqequil/eq3_6_src/src/eqlibu/obj
2025-12-30T16:54:38.9690923Z copying aqequil/eq3_6_src/src/eqlibu/obj/dotpra.o -> aqequil-0.41.0/aqequil/eq3_6_src/src/eqlibu/obj
2025-12-30T16:54:38.9692519Z copying aqequil/eq3_6_src/src/eqlibu/obj/dscal.o -> aqequil-0.41.0/aqequil/eq3_6_src/src/eqlibu/obj
2025-12-30T16:54:38.9694006Z copying aqequil/eq3_6_src/src/eqlibu/obj/dscram.o -> aqequil-0.41.0/aqequil/eq3_6_src/src/eqlibu/obj
2025-12-30T16:54:38.9695422Z copying aqequil/eq3_6_src/src/eqlibu/obj/fcopya.o -> aqequil-0.41.0/aqequil/eq3_6_src/src/eqlibu/obj
2025-12-30T16:54:38.9696903Z copying aqequil/eq3_6_src/src/eqlibu/obj/fctrl.o -> aqequil-0.41.0/aqequil/eq3_6_src/src/eqlibu/obj
2025-12-30T16:54:38.9698367Z copying aqequil/eq3_6_src/src/eqlibu/obj/flpars.o -> aqequil-0.41.0/aqequil/eq3_6_src/src/eqlibu/obj
2025-12-30T16:54:38.9699815Z copying aqequil/eq3_6_src/src/eqlibu/obj/fmspnm.o -> aqequil-0.41.0/aqequil/eq3_6_src/src/eqlibu/obj
2025-12-30T16:54:38.9701390Z copying aqequil/eq3_6_src/src/eqlibu/obj/fmspnx.o -> aqequil-0.41.0/aqequil/eq3_6_src/src/eqlibu/obj
2025-12-30T16:54:38.9702984Z copying aqequil/eq3_6_src/src/eqlibu/obj/getbasename.o -> aqequil-0.41.0/aqequil/eq3_6_src/src/eqlibu/obj
2025-12-30T16:54:38.9704458Z copying aqequil/eq3_6_src/src/eqlibu/obj/getlu.o -> aqequil-0.41.0/aqequil/eq3_6_src/src/eqlibu/obj
2025-12-30T16:54:38.9705961Z copying aqequil/eq3_6_src/src/eqlibu/obj/ginvrt.o -> aqequil-0.41.0/aqequil/eq3_6_src/src/eqlibu/obj
2025-12-30T16:54:38.9707384Z copying aqequil/eq3_6_src/src/eqlibu/obj/gmarko.o -> aqequil-0.41.0/aqequil/eq3_6_src/src/eqlibu/obj
2025-12-30T16:54:38.9709024Z copying aqequil/eq3_6_src/src/eqlibu/obj/iarmxn.o -> aqequil-0.41.0/aqequil/eq3_6_src/src/eqlibu/obj
2025-12-30T16:54:38.9710413Z copying aqequil/eq3_6_src/src/eqlibu/obj/idamax.o -> aqequil-0.41.0/aqequil/eq3_6_src/src/eqlibu/obj
2025-12-30T16:54:38.9712068Z copying aqequil/eq3_6_src/src/eqlibu/obj/ifnobl.o -> aqequil-0.41.0/aqequil/eq3_6_src/src/eqlibu/obj
2025-12-30T16:54:38.9713523Z copying aqequil/eq3_6_src/src/eqlibu/obj/ilnobl.o -> aqequil-0.41.0/aqequil/eq3_6_src/src/eqlibu/obj
2025-12-30T16:54:38.9714957Z copying aqequil/eq3_6_src/src/eqlibu/obj/initav.o -> aqequil-0.41.0/aqequil/eq3_6_src/src/eqlibu/obj
2025-12-30T16:54:38.9716418Z copying aqequil/eq3_6_src/src/eqlibu/obj/initaz.o -> aqequil-0.41.0/aqequil/eq3_6_src/src/eqlibu/obj
2025-12-30T16:54:38.9717930Z copying aqequil/eq3_6_src/src/eqlibu/obj/initcb.o -> aqequil-0.41.0/aqequil/eq3_6_src/src/eqlibu/obj
2025-12-30T16:54:38.9719384Z copying aqequil/eq3_6_src/src/eqlibu/obj/initcv.o -> aqequil-0.41.0/aqequil/eq3_6_src/src/eqlibu/obj
2025-12-30T16:54:38.9720843Z copying aqequil/eq3_6_src/src/eqlibu/obj/initii.o -> aqequil-0.41.0/aqequil/eq3_6_src/src/eqlibu/obj
2025-12-30T16:54:38.9722519Z copying aqequil/eq3_6_src/src/eqlibu/obj/initim.o -> aqequil-0.41.0/aqequil/eq3_6_src/src/eqlibu/obj
2025-12-30T16:54:38.9724010Z copying aqequil/eq3_6_src/src/eqlibu/obj/initiv.o -> aqequil-0.41.0/aqequil/eq3_6_src/src/eqlibu/obj
2025-12-30T16:54:38.9725455Z copying aqequil/eq3_6_src/src/eqlibu/obj/initiz.o -> aqequil-0.41.0/aqequil/eq3_6_src/src/eqlibu/obj
2025-12-30T16:54:38.9726898Z copying aqequil/eq3_6_src/src/eqlibu/obj/initlv.o -> aqequil-0.41.0/aqequil/eq3_6_src/src/eqlibu/obj
2025-12-30T16:54:38.9728462Z copying aqequil/eq3_6_src/src/eqlibu/obj/intchr.o -> aqequil-0.41.0/aqequil/eq3_6_src/src/eqlibu/obj
2025-12-30T16:54:38.9729934Z copying aqequil/eq3_6_src/src/eqlibu/obj/jiarmn.o -> aqequil-0.41.0/aqequil/eq3_6_src/src/eqlibu/obj
2025-12-30T16:54:38.9731518Z copying aqequil/eq3_6_src/src/eqlibu/obj/jiarmx.o -> aqequil-0.41.0/aqequil/eq3_6_src/src/eqlibu/obj
2025-12-30T16:54:38.9733002Z copying aqequil/eq3_6_src/src/eqlibu/obj/lejust.o -> aqequil-0.41.0/aqequil/eq3_6_src/src/eqlibu/obj
2025-12-30T16:54:38.9734436Z copying aqequil/eq3_6_src/src/eqlibu/obj/lindep.o -> aqequil-0.41.0/aqequil/eq3_6_src/src/eqlibu/obj
2025-12-30T16:54:38.9735928Z copying aqequil/eq3_6_src/src/eqlibu/obj/locase.o -> aqequil-0.41.0/aqequil/eq3_6_src/src/eqlibu/obj
2025-12-30T16:54:38.9737357Z copying aqequil/eq3_6_src/src/eqlibu/obj/minvrt.o -> aqequil-0.41.0/aqequil/eq3_6_src/src/eqlibu/obj
2025-12-30T16:54:38.9738799Z copying aqequil/eq3_6_src/src/eqlibu/obj/msolvr.o -> aqequil-0.41.0/aqequil/eq3_6_src/src/eqlibu/obj
2025-12-30T16:54:38.9740222Z copying aqequil/eq3_6_src/src/eqlibu/obj/multav.o -> aqequil-0.41.0/aqequil/eq3_6_src/src/eqlibu/obj
2025-12-30T16:54:38.9742606Z copying aqequil/eq3_6_src/src/eqlibu/obj/openin.o -> aqequil-0.41.0/aqequil/eq3_6_src/src/eqlibu/obj
2025-12-30T16:54:38.9744320Z copying aqequil/eq3_6_src/src/eqlibu/obj/openou.o -> aqequil-0.41.0/aqequil/eq3_6_src/src/eqlibu/obj
2025-12-30T16:54:38.9746046Z copying aqequil/eq3_6_src/src/eqlibu/obj/parslj.o -> aqequil-0.41.0/aqequil/eq3_6_src/src/eqlibu/obj
2025-12-30T16:54:38.9748101Z copying aqequil/eq3_6_src/src/eqlibu/obj/parsln.o -> aqequil-0.41.0/aqequil/eq3_6_src/src/eqlibu/obj
2025-12-30T16:54:38.9749766Z copying aqequil/eq3_6_src/src/eqlibu/obj/platfd.o -> aqequil-0.41.0/aqequil/eq3_6_src/src/eqlibu/obj
2025-12-30T16:54:38.9752167Z copying aqequil/eq3_6_src/src/eqlibu/obj/polfit.o -> aqequil-0.41.0/aqequil/eq3_6_src/src/eqlibu/obj
2025-12-30T16:54:38.9754318Z copying aqequil/eq3_6_src/src/eqlibu/obj/prcndi.o -> aqequil-0.41.0/aqequil/eq3_6_src/src/eqlibu/obj
2025-12-30T16:54:38.9756207Z copying aqequil/eq3_6_src/src/eqlibu/obj/qsortw.o -> aqequil-0.41.0/aqequil/eq3_6_src/src/eqlibu/obj
2025-12-30T16:54:38.9758307Z copying aqequil/eq3_6_src/src/eqlibu/obj/rdd1l.o -> aqequil-0.41.0/aqequil/eq3_6_src/src/eqlibu/obj
2025-12-30T16:54:38.9760419Z copying aqequil/eq3_6_src/src/eqlibu/obj/rdd1lh.o -> aqequil-0.41.0/aqequil/eq3_6_src/src/eqlibu/obj
2025-12-30T16:54:38.9763018Z copying aqequil/eq3_6_src/src/eqlibu/obj/rdd2l.o -> aqequil-0.41.0/aqequil/eq3_6_src/src/eqlibu/obj
2025-12-30T16:54:38.9764686Z copying aqequil/eq3_6_src/src/eqlibu/obj/rdd2lh.o -> aqequil-0.41.0/aqequil/eq3_6_src/src/eqlibu/obj
2025-12-30T16:54:38.9766772Z copying aqequil/eq3_6_src/src/eqlibu/obj/rddixc.o -> aqequil-0.41.0/aqequil/eq3_6_src/src/eqlibu/obj
2025-12-30T16:54:38.9768943Z copying aqequil/eq3_6_src/src/eqlibu/obj/realch.o -> aqequil-0.41.0/aqequil/eq3_6_src/src/eqlibu/obj
2025-12-30T16:54:38.9771215Z copying aqequil/eq3_6_src/src/eqlibu/obj/rijust.o -> aqequil-0.41.0/aqequil/eq3_6_src/src/eqlibu/obj
2025-12-30T16:54:38.9773514Z copying aqequil/eq3_6_src/src/eqlibu/obj/rscaly.o -> aqequil-0.41.0/aqequil/eq3_6_src/src/eqlibu/obj
2025-12-30T16:54:38.9775609Z copying aqequil/eq3_6_src/src/eqlibu/obj/runtim.o -> aqequil-0.41.0/aqequil/eq3_6_src/src/eqlibu/obj
2025-12-30T16:54:38.9777738Z copying aqequil/eq3_6_src/src/eqlibu/obj/scalx1.o -> aqequil-0.41.0/aqequil/eq3_6_src/src/eqlibu/obj
2025-12-30T16:54:38.9780062Z copying aqequil/eq3_6_src/src/eqlibu/obj/ssortw.o -> aqequil-0.41.0/aqequil/eq3_6_src/src/eqlibu/obj
2025-12-30T16:54:38.9782490Z copying aqequil/eq3_6_src/src/eqlibu/obj/stripl.o -> aqequil-0.41.0/aqequil/eq3_6_src/src/eqlibu/obj
2025-12-30T16:54:38.9784755Z copying aqequil/eq3_6_src/src/eqlibu/obj/texp.o -> aqequil-0.41.0/aqequil/eq3_6_src/src/eqlibu/obj
2025-12-30T16:54:38.9787008Z copying aqequil/eq3_6_src/src/eqlibu/obj/timdat.o -> aqequil-0.41.0/aqequil/eq3_6_src/src/eqlibu/obj
2025-12-30T16:54:38.9788990Z copying aqequil/eq3_6_src/src/eqlibu/obj/tleapy.o -> aqequil-0.41.0/aqequil/eq3_6_src/src/eqlibu/obj
2025-12-30T16:54:38.9790793Z copying aqequil/eq3_6_src/src/eqlibu/obj/tlg.o -> aqequil-0.41.0/aqequil/eq3_6_src/src/eqlibu/obj
2025-12-30T16:54:38.9793176Z copying aqequil/eq3_6_src/src/eqlibu/obj/undflw.o -> aqequil-0.41.0/aqequil/eq3_6_src/src/eqlibu/obj
2025-12-30T16:54:38.9795295Z copying aqequil/eq3_6_src/src/eqlibu/obj/upcase.o -> aqequil-0.41.0/aqequil/eq3_6_src/src/eqlibu/obj
2025-12-30T16:54:38.9797433Z copying aqequil/eq3_6_src/src/eqlibu/src/aaaelu.f -> aqequil-0.41.0/aqequil/eq3_6_src/src/eqlibu/src
2025-12-30T16:54:38.9799167Z copying aqequil/eq3_6_src/src/eqlibu/src/arrmxn.f -> aqequil-0.41.0/aqequil/eq3_6_src/src/eqlibu/src
2025-12-30T16:54:38.9801569Z copying aqequil/eq3_6_src/src/eqlibu/src/cejust.f -> aqequil-0.41.0/aqequil/eq3_6_src/src/eqlibu/src
2025-12-30T16:54:38.9803723Z copying aqequil/eq3_6_src/src/eqlibu/src/chreal.f -> aqequil-0.41.0/aqequil/eq3_6_src/src/eqlibu/src
2025-12-30T16:54:38.9805860Z copying aqequil/eq3_6_src/src/eqlibu/src/chrint.f -> aqequil-0.41.0/aqequil/eq3_6_src/src/eqlibu/src
2025-12-30T16:54:38.9808035Z copying aqequil/eq3_6_src/src/eqlibu/src/chump.f -> aqequil-0.41.0/aqequil/eq3_6_src/src/eqlibu/src
2025-12-30T16:54:38.9810191Z copying aqequil/eq3_6_src/src/eqlibu/src/cliefu.f -> aqequil-0.41.0/aqequil/eq3_6_src/src/eqlibu/src
2025-12-30T16:54:38.9812489Z copying aqequil/eq3_6_src/src/eqlibu/src/copyaa.f -> aqequil-0.41.0/aqequil/eq3_6_src/src/eqlibu/src
2025-12-30T16:54:38.9814163Z copying aqequil/eq3_6_src/src/eqlibu/src/copyca.f -> aqequil-0.41.0/aqequil/eq3_6_src/src/eqlibu/src
2025-12-30T16:54:38.9816154Z copying aqequil/eq3_6_src/src/eqlibu/src/copyia.f -> aqequil-0.41.0/aqequil/eq3_6_src/src/eqlibu/src
2025-12-30T16:54:38.9817772Z copying aqequil/eq3_6_src/src/eqlibu/src/copyla.f -> aqequil-0.41.0/aqequil/eq3_6_src/src/eqlibu/src
2025-12-30T16:54:38.9819701Z copying aqequil/eq3_6_src/src/eqlibu/src/daxpy.f -> aqequil-0.41.0/aqequil/eq3_6_src/src/eqlibu/src
2025-12-30T16:54:38.9821492Z copying aqequil/eq3_6_src/src/eqlibu/src/ddot.f -> aqequil-0.41.0/aqequil/eq3_6_src/src/eqlibu/src
2025-12-30T16:54:38.9823641Z copying aqequil/eq3_6_src/src/eqlibu/src/dgefa.f -> aqequil-0.41.0/aqequil/eq3_6_src/src/eqlibu/src
2025-12-30T16:54:38.9825659Z copying aqequil/eq3_6_src/src/eqlibu/src/dgesl.f -> aqequil-0.41.0/aqequil/eq3_6_src/src/eqlibu/src
2025-12-30T16:54:38.9827937Z copying aqequil/eq3_6_src/src/eqlibu/src/dotpra.f -> aqequil-0.41.0/aqequil/eq3_6_src/src/eqlibu/src
2025-12-30T16:54:38.9834305Z copying aqequil/eq3_6_src/src/eqlibu/src/dscal.f -> aqequil-0.41.0/aqequil/eq3_6_src/src/eqlibu/src
2025-12-30T16:54:38.9843878Z copying aqequil/eq3_6_src/src/eqlibu/src/dscram.f -> aqequil-0.41.0/aqequil/eq3_6_src/src/eqlibu/src
2025-12-30T16:54:38.9845604Z copying aqequil/eq3_6_src/src/eqlibu/src/fcopya.f -> aqequil-0.41.0/aqequil/eq3_6_src/src/eqlibu/src
2025-12-30T16:54:38.9847773Z copying aqequil/eq3_6_src/src/eqlibu/src/fctrl.f -> aqequil-0.41.0/aqequil/eq3_6_src/src/eqlibu/src
2025-12-30T16:54:38.9849812Z copying aqequil/eq3_6_src/src/eqlibu/src/flpars.f -> aqequil-0.41.0/aqequil/eq3_6_src/src/eqlibu/src
2025-12-30T16:54:38.9852178Z copying aqequil/eq3_6_src/src/eqlibu/src/fmspnm.f -> aqequil-0.41.0/aqequil/eq3_6_src/src/eqlibu/src
2025-12-30T16:54:38.9854220Z copying aqequil/eq3_6_src/src/eqlibu/src/fmspnx.f -> aqequil-0.41.0/aqequil/eq3_6_src/src/eqlibu/src
2025-12-30T16:54:38.9856317Z copying aqequil/eq3_6_src/src/eqlibu/src/getbasename.f -> aqequil-0.41.0/aqequil/eq3_6_src/src/eqlibu/src
2025-12-30T16:54:38.9858476Z copying aqequil/eq3_6_src/src/eqlibu/src/getlu.f -> aqequil-0.41.0/aqequil/eq3_6_src/src/eqlibu/src
2025-12-30T16:54:38.9860195Z copying aqequil/eq3_6_src/src/eqlibu/src/ginvrt.f -> aqequil-0.41.0/aqequil/eq3_6_src/src/eqlibu/src
2025-12-30T16:54:38.9862830Z copying aqequil/eq3_6_src/src/eqlibu/src/gmarko.f -> aqequil-0.41.0/aqequil/eq3_6_src/src/eqlibu/src
2025-12-30T16:54:38.9864862Z copying aqequil/eq3_6_src/src/eqlibu/src/iarmxn.f -> aqequil-0.41.0/aqequil/eq3_6_src/src/eqlibu/src
2025-12-30T16:54:38.9866873Z copying aqequil/eq3_6_src/src/eqlibu/src/idamax.f -> aqequil-0.41.0/aqequil/eq3_6_src/src/eqlibu/src
2025-12-30T16:54:38.9869021Z copying aqequil/eq3_6_src/src/eqlibu/src/ifnobl.f -> aqequil-0.41.0/aqequil/eq3_6_src/src/eqlibu/src
2025-12-30T16:54:38.9871242Z copying aqequil/eq3_6_src/src/eqlibu/src/ilnobl.f -> aqequil-0.41.0/aqequil/eq3_6_src/src/eqlibu/src
2025-12-30T16:54:38.9873270Z copying aqequil/eq3_6_src/src/eqlibu/src/initav.f -> aqequil-0.41.0/aqequil/eq3_6_src/src/eqlibu/src
2025-12-30T16:54:38.9875009Z copying aqequil/eq3_6_src/src/eqlibu/src/initaz.f -> aqequil-0.41.0/aqequil/eq3_6_src/src/eqlibu/src
2025-12-30T16:54:38.9877212Z copying aqequil/eq3_6_src/src/eqlibu/src/initcb.f -> aqequil-0.41.0/aqequil/eq3_6_src/src/eqlibu/src
2025-12-30T16:54:38.9879310Z copying aqequil/eq3_6_src/src/eqlibu/src/initcv.f -> aqequil-0.41.0/aqequil/eq3_6_src/src/eqlibu/src
2025-12-30T16:54:38.9881406Z copying aqequil/eq3_6_src/src/eqlibu/src/initii.f -> aqequil-0.41.0/aqequil/eq3_6_src/src/eqlibu/src
2025-12-30T16:54:38.9883516Z copying aqequil/eq3_6_src/src/eqlibu/src/initim.f -> aqequil-0.41.0/aqequil/eq3_6_src/src/eqlibu/src
2025-12-30T16:54:38.9885863Z copying aqequil/eq3_6_src/src/eqlibu/src/initiv.f -> aqequil-0.41.0/aqequil/eq3_6_src/src/eqlibu/src
2025-12-30T16:54:38.9888125Z copying aqequil/eq3_6_src/src/eqlibu/src/initiz.f -> aqequil-0.41.0/aqequil/eq3_6_src/src/eqlibu/src
2025-12-30T16:54:38.9890056Z copying aqequil/eq3_6_src/src/eqlibu/src/initlv.f -> aqequil-0.41.0/aqequil/eq3_6_src/src/eqlibu/src
2025-12-30T16:54:38.9892057Z copying aqequil/eq3_6_src/src/eqlibu/src/intchr.f -> aqequil-0.41.0/aqequil/eq3_6_src/src/eqlibu/src
2025-12-30T16:54:38.9894431Z copying aqequil/eq3_6_src/src/eqlibu/src/jiarmn.f -> aqequil-0.41.0/aqequil/eq3_6_src/src/eqlibu/src
2025-12-30T16:54:38.9896655Z copying aqequil/eq3_6_src/src/eqlibu/src/jiarmx.f -> aqequil-0.41.0/aqequil/eq3_6_src/src/eqlibu/src
2025-12-30T16:54:38.9898792Z copying aqequil/eq3_6_src/src/eqlibu/src/lejust.f -> aqequil-0.41.0/aqequil/eq3_6_src/src/eqlibu/src
2025-12-30T16:54:38.9900786Z copying aqequil/eq3_6_src/src/eqlibu/src/lindep.f -> aqequil-0.41.0/aqequil/eq3_6_src/src/eqlibu/src
2025-12-30T16:54:38.9903023Z copying aqequil/eq3_6_src/src/eqlibu/src/locase.f -> aqequil-0.41.0/aqequil/eq3_6_src/src/eqlibu/src
2025-12-30T16:54:38.9905336Z copying aqequil/eq3_6_src/src/eqlibu/src/minvrt.f -> aqequil-0.41.0/aqequil/eq3_6_src/src/eqlibu/src
2025-12-30T16:54:38.9907712Z copying aqequil/eq3_6_src/src/eqlibu/src/msolvr.f -> aqequil-0.41.0/aqequil/eq3_6_src/src/eqlibu/src
2025-12-30T16:54:38.9909838Z copying aqequil/eq3_6_src/src/eqlibu/src/multav.f -> aqequil-0.41.0/aqequil/eq3_6_src/src/eqlibu/src
2025-12-30T16:54:38.9912200Z copying aqequil/eq3_6_src/src/eqlibu/src/openin.f -> aqequil-0.41.0/aqequil/eq3_6_src/src/eqlibu/src
2025-12-30T16:54:38.9914173Z copying aqequil/eq3_6_src/src/eqlibu/src/openou.f -> aqequil-0.41.0/aqequil/eq3_6_src/src/eqlibu/src
2025-12-30T16:54:38.9916269Z copying aqequil/eq3_6_src/src/eqlibu/src/parslj.f -> aqequil-0.41.0/aqequil/eq3_6_src/src/eqlibu/src
2025-12-30T16:54:38.9918337Z copying aqequil/eq3_6_src/src/eqlibu/src/parsln.f -> aqequil-0.41.0/aqequil/eq3_6_src/src/eqlibu/src
2025-12-30T16:54:38.9920406Z copying aqequil/eq3_6_src/src/eqlibu/src/platfd.f -> aqequil-0.41.0/aqequil/eq3_6_src/src/eqlibu/src
2025-12-30T16:54:38.9922870Z copying aqequil/eq3_6_src/src/eqlibu/src/polfit.f -> aqequil-0.41.0/aqequil/eq3_6_src/src/eqlibu/src
2025-12-30T16:54:38.9924954Z copying aqequil/eq3_6_src/src/eqlibu/src/prcndi.f -> aqequil-0.41.0/aqequil/eq3_6_src/src/eqlibu/src
2025-12-30T16:54:38.9926931Z copying aqequil/eq3_6_src/src/eqlibu/src/qsortw.f -> aqequil-0.41.0/aqequil/eq3_6_src/src/eqlibu/src
2025-12-30T16:54:38.9929034Z copying aqequil/eq3_6_src/src/eqlibu/src/rdd1l.f -> aqequil-0.41.0/aqequil/eq3_6_src/src/eqlibu/src
2025-12-30T16:54:38.9931389Z copying aqequil/eq3_6_src/src/eqlibu/src/rdd1lh.f -> aqequil-0.41.0/aqequil/eq3_6_src/src/eqlibu/src
2025-12-30T16:54:38.9933725Z copying aqequil/eq3_6_src/src/eqlibu/src/rdd2l.f -> aqequil-0.41.0/aqequil/eq3_6_src/src/eqlibu/src
2025-12-30T16:54:38.9935907Z copying aqequil/eq3_6_src/src/eqlibu/src/rdd2lh.f -> aqequil-0.41.0/aqequil/eq3_6_src/src/eqlibu/src
2025-12-30T16:54:38.9937780Z copying aqequil/eq3_6_src/src/eqlibu/src/rddixc.f -> aqequil-0.41.0/aqequil/eq3_6_src/src/eqlibu/src
2025-12-30T16:54:38.9939761Z copying aqequil/eq3_6_src/src/eqlibu/src/realch.f -> aqequil-0.41.0/aqequil/eq3_6_src/src/eqlibu/src
2025-12-30T16:54:38.9941623Z copying aqequil/eq3_6_src/src/eqlibu/src/rijust.f -> aqequil-0.41.0/aqequil/eq3_6_src/src/eqlibu/src
2025-12-30T16:54:38.9943986Z copying aqequil/eq3_6_src/src/eqlibu/src/rscaly.f -> aqequil-0.41.0/aqequil/eq3_6_src/src/eqlibu/src
2025-12-30T16:54:38.9946112Z copying aqequil/eq3_6_src/src/eqlibu/src/runtim.f -> aqequil-0.41.0/aqequil/eq3_6_src/src/eqlibu/src
2025-12-30T16:54:38.9948394Z copying aqequil/eq3_6_src/src/eqlibu/src/scalx1.f -> aqequil-0.41.0/aqequil/eq3_6_src/src/eqlibu/src
2025-12-30T16:54:38.9950394Z copying aqequil/eq3_6_src/src/eqlibu/src/ssortw.f -> aqequil-0.41.0/aqequil/eq3_6_src/src/eqlibu/src
2025-12-30T16:54:38.9952631Z copying aqequil/eq3_6_src/src/eqlibu/src/stripl.f -> aqequil-0.41.0/aqequil/eq3_6_src/src/eqlibu/src
2025-12-30T16:54:38.9954561Z copying aqequil/eq3_6_src/src/eqlibu/src/texp.f -> aqequil-0.41.0/aqequil/eq3_6_src/src/eqlibu/src
2025-12-30T16:54:38.9956544Z copying aqequil/eq3_6_src/src/eqlibu/src/timdat.f -> aqequil-0.41.0/aqequil/eq3_6_src/src/eqlibu/src
2025-12-30T16:54:38.9958428Z copying aqequil/eq3_6_src/src/eqlibu/src/tleapy.f -> aqequil-0.41.0/aqequil/eq3_6_src/src/eqlibu/src
2025-12-30T16:54:38.9960567Z copying aqequil/eq3_6_src/src/eqlibu/src/tlg.f -> aqequil-0.41.0/aqequil/eq3_6_src/src/eqlibu/src
2025-12-30T16:54:38.9963242Z copying aqequil/eq3_6_src/src/eqlibu/src/undflw.f -> aqequil-0.41.0/aqequil/eq3_6_src/src/eqlibu/src
2025-12-30T16:54:38.9965296Z copying aqequil/eq3_6_src/src/eqlibu/src/upcase.f -> aqequil-0.41.0/aqequil/eq3_6_src/src/eqlibu/src
2025-12-30T16:54:38.9967253Z copying aqequil/eq3_6_src/src/eqpt/Makefile -> aqequil-0.41.0/aqequil/eq3_6_src/src/eqpt
2025-12-30T16:54:38.9969387Z copying aqequil/eq3_6_src/src/eqpt/obj/aaaeqt.o -> aqequil-0.41.0/aqequil/eq3_6_src/src/eqpt/obj
2025-12-30T16:54:38.9971480Z copying aqequil/eq3_6_src/src/eqpt/obj/adalph.o -> aqequil-0.41.0/aqequil/eq3_6_src/src/eqpt/obj
2025-12-30T16:54:38.9973576Z copying aqequil/eq3_6_src/src/eqpt/obj/artrip.o -> aqequil-0.41.0/aqequil/eq3_6_src/src/eqpt/obj
2025-12-30T16:54:38.9975962Z copying aqequil/eq3_6_src/src/eqpt/obj/bkdeqp.o -> aqequil-0.41.0/aqequil/eq3_6_src/src/eqpt/obj
2025-12-30T16:54:38.9977840Z copying aqequil/eq3_6_src/src/eqpt/obj/bldspc.o -> aqequil-0.41.0/aqequil/eq3_6_src/src/eqpt/obj
2025-12-30T16:54:38.9979941Z copying aqequil/eq3_6_src/src/eqpt/obj/coasst.o -> aqequil-0.41.0/aqequil/eq3_6_src/src/eqpt/obj
2025-12-30T16:54:38.9982234Z copying aqequil/eq3_6_src/src/eqpt/obj/cpcomb.o -> aqequil-0.41.0/aqequil/eq3_6_src/src/eqpt/obj
2025-12-30T16:54:38.9984434Z copying aqequil/eq3_6_src/src/eqpt/obj/elesck.o -> aqequil-0.41.0/aqequil/eq3_6_src/src/eqpt/obj
2025-12-30T16:54:38.9986536Z copying aqequil/eq3_6_src/src/eqpt/obj/eqpt.o -> aqequil-0.41.0/aqequil/eq3_6_src/src/eqpt/obj
2025-12-30T16:54:38.9989612Z copying aqequil/eq3_6_src/src/eqpt/obj/etoo2.o -> aqequil-0.41.0/aqequil/eq3_6_src/src/eqpt/obj
2025-12-30T16:54:38.9991756Z copying aqequil/eq3_6_src/src/eqpt/obj/g1dat.o -> aqequil-0.41.0/aqequil/eq3_6_src/src/eqpt/obj
2025-12-30T16:54:38.9993790Z copying aqequil/eq3_6_src/src/eqpt/obj/gakey.o -> aqequil-0.41.0/aqequil/eq3_6_src/src/eqpt/obj
2025-12-30T16:54:38.9995938Z copying aqequil/eq3_6_src/src/eqpt/obj/ggridp.o -> aqequil-0.41.0/aqequil/eq3_6_src/src/eqpt/obj
2025-12-30T16:54:38.9998120Z copying aqequil/eq3_6_src/src/eqpt/obj/gnenb.o -> aqequil-0.41.0/aqequil/eq3_6_src/src/eqpt/obj
2025-12-30T16:54:39.0000378Z copying aqequil/eq3_6_src/src/eqpt/obj/gspidx.o -> aqequil-0.41.0/aqequil/eq3_6_src/src/eqpt/obj
2025-12-30T16:54:39.0002755Z copying aqequil/eq3_6_src/src/eqpt/obj/hdrchk.o -> aqequil-0.41.0/aqequil/eq3_6_src/src/eqpt/obj
2025-12-30T16:54:39.0004602Z copying aqequil/eq3_6_src/src/eqpt/obj/intrp.o -> aqequil-0.41.0/aqequil/eq3_6_src/src/eqpt/obj
2025-12-30T16:54:39.0006816Z copying aqequil/eq3_6_src/src/eqpt/obj/ldbar2.o -> aqequil-0.41.0/aqequil/eq3_6_src/src/eqpt/obj
2025-12-30T16:54:39.0008972Z copying aqequil/eq3_6_src/src/eqpt/obj/ldbar3.o -> aqequil-0.41.0/aqequil/eq3_6_src/src/eqpt/obj
2025-12-30T16:54:39.0011253Z copying aqequil/eq3_6_src/src/eqpt/obj/ldbar4.o -> aqequil-0.41.0/aqequil/eq3_6_src/src/eqpt/obj
2025-12-30T16:54:39.0013477Z copying aqequil/eq3_6_src/src/eqpt/obj/naqsck.o -> aqequil-0.41.0/aqequil/eq3_6_src/src/eqpt/obj
2025-12-30T16:54:39.0015631Z copying aqequil/eq3_6_src/src/eqpt/obj/nelcck.o -> aqequil-0.41.0/aqequil/eq3_6_src/src/eqpt/obj
2025-12-30T16:54:39.0017300Z copying aqequil/eq3_6_src/src/eqpt/obj/neleck.o -> aqequil-0.41.0/aqequil/eq3_6_src/src/eqpt/obj
2025-12-30T16:54:39.0019447Z copying aqequil/eq3_6_src/src/eqpt/obj/ngasck.o -> aqequil-0.41.0/aqequil/eq3_6_src/src/eqpt/obj
2025-12-30T16:54:39.0021554Z copying aqequil/eq3_6_src/src/eqpt/obj/nminck.o -> aqequil-0.41.0/aqequil/eq3_6_src/src/eqpt/obj
2025-12-30T16:54:39.0023553Z copying aqequil/eq3_6_src/src/eqpt/obj/nrxnck.o -> aqequil-0.41.0/aqequil/eq3_6_src/src/eqpt/obj
2025-12-30T16:54:39.0025549Z copying aqequil/eq3_6_src/src/eqpt/obj/nssock.o -> aqequil-0.41.0/aqequil/eq3_6_src/src/eqpt/obj
2025-12-30T16:54:39.0027637Z copying aqequil/eq3_6_src/src/eqpt/obj/nxspck.o -> aqequil-0.41.0/aqequil/eq3_6_src/src/eqpt/obj
2025-12-30T16:54:39.0029827Z copying aqequil/eq3_6_src/src/eqpt/obj/pcraq.o -> aqequil-0.41.0/aqequil/eq3_6_src/src/eqpt/obj
2025-12-30T16:54:39.0032925Z copying aqequil/eq3_6_src/src/eqpt/obj/pcrsg.o -> aqequil-0.41.0/aqequil/eq3_6_src/src/eqpt/obj
2025-12-30T16:54:39.0035571Z copying aqequil/eq3_6_src/src/eqpt/obj/pcrss.o -> aqequil-0.41.0/aqequil/eq3_6_src/src/eqpt/obj
2025-12-30T16:54:39.0037834Z copying aqequil/eq3_6_src/src/eqpt/obj/prrecy.o -> aqequil-0.41.0/aqequil/eq3_6_src/src/eqpt/obj
2025-12-30T16:54:39.0039922Z copying aqequil/eq3_6_src/src/eqpt/obj/rdazp.o -> aqequil-0.41.0/aqequil/eq3_6_src/src/eqpt/obj
2025-12-30T16:54:39.0042233Z copying aqequil/eq3_6_src/src/eqpt/obj/rdgrid.o -> aqequil-0.41.0/aqequil/eq3_6_src/src/eqpt/obj
2025-12-30T16:54:39.0044546Z copying aqequil/eq3_6_src/src/eqpt/obj/rdpar.o -> aqequil-0.41.0/aqequil/eq3_6_src/src/eqpt/obj
2025-12-30T16:54:39.0047030Z copying aqequil/eq3_6_src/src/eqpt/obj/rdpca.o -> aqequil-0.41.0/aqequil/eq3_6_src/src/eqpt/obj
2025-12-30T16:54:39.0049104Z copying aqequil/eq3_6_src/src/eqpt/obj/rdpn2.o -> aqequil-0.41.0/aqequil/eq3_6_src/src/eqpt/obj
2025-12-30T16:54:39.0051332Z copying aqequil/eq3_6_src/src/eqpt/obj/rdpn2n.o -> aqequil-0.41.0/aqequil/eq3_6_src/src/eqpt/obj
2025-12-30T16:54:39.0053765Z copying aqequil/eq3_6_src/src/eqpt/obj/rdpni.o -> aqequil-0.41.0/aqequil/eq3_6_src/src/eqpt/obj
2025-12-30T16:54:39.0056109Z copying aqequil/eq3_6_src/src/eqpt/obj/rdpnn.o -> aqequil-0.41.0/aqequil/eq3_6_src/src/eqpt/obj
2025-12-30T16:54:39.0058401Z copying aqequil/eq3_6_src/src/eqpt/obj/rdppsi.o -> aqequil-0.41.0/aqequil/eq3_6_src/src/eqpt/obj
2025-12-30T16:54:39.0060801Z copying aqequil/eq3_6_src/src/eqpt/obj/rdpth.o -> aqequil-0.41.0/aqequil/eq3_6_src/src/eqpt/obj
2025-12-30T16:54:39.0063379Z copying aqequil/eq3_6_src/src/eqpt/obj/rdpz2.o -> aqequil-0.41.0/aqequil/eq3_6_src/src/eqpt/obj
2025-12-30T16:54:39.0065867Z copying aqequil/eq3_6_src/src/eqpt/obj/rdpz3.o -> aqequil-0.41.0/aqequil/eq3_6_src/src/eqpt/obj
2025-12-30T16:54:39.0068293Z copying aqequil/eq3_6_src/src/eqpt/obj/rdpzet.o -> aqequil-0.41.0/aqequil/eq3_6_src/src/eqpt/obj
2025-12-30T16:54:39.0070718Z copying aqequil/eq3_6_src/src/eqpt/obj/rdwele.o -> aqequil-0.41.0/aqequil/eq3_6_src/src/eqpt/obj
2025-12-30T16:54:39.0073372Z copying aqequil/eq3_6_src/src/eqpt/obj/rdwttl.o -> aqequil-0.41.0/aqequil/eq3_6_src/src/eqpt/obj
2025-12-30T16:54:39.0075889Z copying aqequil/eq3_6_src/src/eqpt/obj/rxnchk.o -> aqequil-0.41.0/aqequil/eq3_6_src/src/eqpt/obj
2025-12-30T16:54:39.0077972Z copying aqequil/eq3_6_src/src/eqpt/obj/rxnsck.o -> aqequil-0.41.0/aqequil/eq3_6_src/src/eqpt/obj
2025-12-30T16:54:39.0079770Z copying aqequil/eq3_6_src/src/eqpt/obj/srch22.o -> aqequil-0.41.0/aqequil/eq3_6_src/src/eqpt/obj
2025-12-30T16:54:39.0081791Z copying aqequil/eq3_6_src/src/eqpt/obj/srch33.o -> aqequil-0.41.0/aqequil/eq3_6_src/src/eqpt/obj
2025-12-30T16:54:39.0083823Z copying aqequil/eq3_6_src/src/eqpt/obj/tegrid.o -> aqequil-0.41.0/aqequil/eq3_6_src/src/eqpt/obj
2025-12-30T16:54:39.0085549Z copying aqequil/eq3_6_src/src/eqpt/obj/thetck.o -> aqequil-0.41.0/aqequil/eq3_6_src/src/eqpt/obj
2025-12-30T16:54:39.0087533Z copying aqequil/eq3_6_src/src/eqpt/obj/tpraa.o -> aqequil-0.41.0/aqequil/eq3_6_src/src/eqpt/obj
2025-12-30T16:54:39.0089375Z copying aqequil/eq3_6_src/src/eqpt/obj/tpraac.o -> aqequil-0.41.0/aqequil/eq3_6_src/src/eqpt/obj
2025-12-30T16:54:39.0091585Z copying aqequil/eq3_6_src/src/eqpt/obj/tpraz.o -> aqequil-0.41.0/aqequil/eq3_6_src/src/eqpt/obj
2025-12-30T16:54:39.0093498Z copying aqequil/eq3_6_src/src/eqpt/obj/tprca.o -> aqequil-0.41.0/aqequil/eq3_6_src/src/eqpt/obj
2025-12-30T16:54:39.0095309Z copying aqequil/eq3_6_src/src/eqpt/obj/tprcc.o -> aqequil-0.41.0/aqequil/eq3_6_src/src/eqpt/obj
2025-12-30T16:54:39.0097439Z copying aqequil/eq3_6_src/src/eqpt/obj/tprcca.o -> aqequil-0.41.0/aqequil/eq3_6_src/src/eqpt/obj
2025-12-30T16:54:39.0099375Z copying aqequil/eq3_6_src/src/eqpt/obj/tprn2.o -> aqequil-0.41.0/aqequil/eq3_6_src/src/eqpt/obj
2025-12-30T16:54:39.0101617Z copying aqequil/eq3_6_src/src/eqpt/obj/tprn2n.o -> aqequil-0.41.0/aqequil/eq3_6_src/src/eqpt/obj
2025-12-30T16:54:39.0103881Z copying aqequil/eq3_6_src/src/eqpt/obj/tprna.o -> aqequil-0.41.0/aqequil/eq3_6_src/src/eqpt/obj
2025-12-30T16:54:39.0106239Z copying aqequil/eq3_6_src/src/eqpt/obj/tprnc.o -> aqequil-0.41.0/aqequil/eq3_6_src/src/eqpt/obj
2025-12-30T16:54:39.0108556Z copying aqequil/eq3_6_src/src/eqpt/obj/tprnca.o -> aqequil-0.41.0/aqequil/eq3_6_src/src/eqpt/obj
2025-12-30T16:54:39.0110639Z copying aqequil/eq3_6_src/src/eqpt/obj/tprnn.o -> aqequil-0.41.0/aqequil/eq3_6_src/src/eqpt/obj
2025-12-30T16:54:39.0112934Z copying aqequil/eq3_6_src/src/eqpt/obj/tripck.o -> aqequil-0.41.0/aqequil/eq3_6_src/src/eqpt/obj
2025-12-30T16:54:39.0115045Z copying aqequil/eq3_6_src/src/eqpt/obj/vazpck.o -> aqequil-0.41.0/aqequil/eq3_6_src/src/eqpt/obj
2025-12-30T16:54:39.0116734Z copying aqequil/eq3_6_src/src/eqpt/obj/vxspck.o -> aqequil-0.41.0/aqequil/eq3_6_src/src/eqpt/obj
2025-12-30T16:54:39.0119122Z copying aqequil/eq3_6_src/src/eqpt/obj/wrazp.o -> aqequil-0.41.0/aqequil/eq3_6_src/src/eqpt/obj
2025-12-30T16:54:39.0121327Z copying aqequil/eq3_6_src/src/eqpt/obj/wrhdr.o -> aqequil-0.41.0/aqequil/eq3_6_src/src/eqpt/obj
2025-12-30T16:54:39.0123572Z copying aqequil/eq3_6_src/src/eqpt/obj/wrpar.o -> aqequil-0.41.0/aqequil/eq3_6_src/src/eqpt/obj
2025-12-30T16:54:39.0126205Z copying aqequil/eq3_6_src/src/eqpt/obj/wrpz23.o -> aqequil-0.41.0/aqequil/eq3_6_src/src/eqpt/obj
2025-12-30T16:54:39.0128974Z copying aqequil/eq3_6_src/src/eqpt/src/aaaeqt.f -> aqequil-0.41.0/aqequil/eq3_6_src/src/eqpt/src
2025-12-30T16:54:39.0131312Z copying aqequil/eq3_6_src/src/eqpt/src/adalph.f -> aqequil-0.41.0/aqequil/eq3_6_src/src/eqpt/src
2025-12-30T16:54:39.0133521Z copying aqequil/eq3_6_src/src/eqpt/src/artrip.f -> aqequil-0.41.0/aqequil/eq3_6_src/src/eqpt/src
2025-12-30T16:54:39.0135702Z copying aqequil/eq3_6_src/src/eqpt/src/bkdeqp.f -> aqequil-0.41.0/aqequil/eq3_6_src/src/eqpt/src
2025-12-30T16:54:39.0137878Z copying aqequil/eq3_6_src/src/eqpt/src/bldspc.f -> aqequil-0.41.0/aqequil/eq3_6_src/src/eqpt/src
2025-12-30T16:54:39.0140118Z copying aqequil/eq3_6_src/src/eqpt/src/coasst.f -> aqequil-0.41.0/aqequil/eq3_6_src/src/eqpt/src
2025-12-30T16:54:39.0142604Z copying aqequil/eq3_6_src/src/eqpt/src/cpcomb.f -> aqequil-0.41.0/aqequil/eq3_6_src/src/eqpt/src
2025-12-30T16:54:39.0144645Z copying aqequil/eq3_6_src/src/eqpt/src/elesck.f -> aqequil-0.41.0/aqequil/eq3_6_src/src/eqpt/src
2025-12-30T16:54:39.0146715Z copying aqequil/eq3_6_src/src/eqpt/src/eqpt.f -> aqequil-0.41.0/aqequil/eq3_6_src/src/eqpt/src
2025-12-30T16:54:39.0149238Z copying aqequil/eq3_6_src/src/eqpt/src/etoo2.f -> aqequil-0.41.0/aqequil/eq3_6_src/src/eqpt/src
2025-12-30T16:54:39.0151194Z copying aqequil/eq3_6_src/src/eqpt/src/g1dat.f -> aqequil-0.41.0/aqequil/eq3_6_src/src/eqpt/src
2025-12-30T16:54:39.0153313Z copying aqequil/eq3_6_src/src/eqpt/src/gakey.f -> aqequil-0.41.0/aqequil/eq3_6_src/src/eqpt/src
2025-12-30T16:54:39.0155479Z copying aqequil/eq3_6_src/src/eqpt/src/ggridp.f -> aqequil-0.41.0/aqequil/eq3_6_src/src/eqpt/src
2025-12-30T16:54:39.0157920Z copying aqequil/eq3_6_src/src/eqpt/src/gnenb.f -> aqequil-0.41.0/aqequil/eq3_6_src/src/eqpt/src
2025-12-30T16:54:39.0160466Z copying aqequil/eq3_6_src/src/eqpt/src/gspidx.f -> aqequil-0.41.0/aqequil/eq3_6_src/src/eqpt/src
2025-12-30T16:54:39.0162938Z copying aqequil/eq3_6_src/src/eqpt/src/hdrchk.f -> aqequil-0.41.0/aqequil/eq3_6_src/src/eqpt/src
2025-12-30T16:54:39.0164990Z copying aqequil/eq3_6_src/src/eqpt/src/intrp.f -> aqequil-0.41.0/aqequil/eq3_6_src/src/eqpt/src
2025-12-30T16:54:39.0166952Z copying aqequil/eq3_6_src/src/eqpt/src/ldbar2.f -> aqequil-0.41.0/aqequil/eq3_6_src/src/eqpt/src
2025-12-30T16:54:39.0168934Z copying aqequil/eq3_6_src/src/eqpt/src/ldbar3.f -> aqequil-0.41.0/aqequil/eq3_6_src/src/eqpt/src
2025-12-30T16:54:39.0170612Z copying aqequil/eq3_6_src/src/eqpt/src/ldbar4.f -> aqequil-0.41.0/aqequil/eq3_6_src/src/eqpt/src
2025-12-30T16:54:39.0172775Z copying aqequil/eq3_6_src/src/eqpt/src/naqsck.f -> aqequil-0.41.0/aqequil/eq3_6_src/src/eqpt/src
2025-12-30T16:54:39.0182068Z copying aqequil/eq3_6_src/src/eqpt/src/nelcck.f -> aqequil-0.41.0/aqequil/eq3_6_src/src/eqpt/src
2025-12-30T16:54:39.0183147Z copying aqequil/eq3_6_src/src/eqpt/src/neleck.f -> aqequil-0.41.0/aqequil/eq3_6_src/src/eqpt/src
2025-12-30T16:54:39.0183977Z copying aqequil/eq3_6_src/src/eqpt/src/ngasck.f -> aqequil-0.41.0/aqequil/eq3_6_src/src/eqpt/src
2025-12-30T16:54:39.0184694Z copying aqequil/eq3_6_src/src/eqpt/src/nminck.f -> aqequil-0.41.0/aqequil/eq3_6_src/src/eqpt/src
2025-12-30T16:54:39.0185735Z copying aqequil/eq3_6_src/src/eqpt/src/nrxnck.f -> aqequil-0.41.0/aqequil/eq3_6_src/src/eqpt/src
2025-12-30T16:54:39.0186323Z copying aqequil/eq3_6_src/src/eqpt/src/nssock.f -> aqequil-0.41.0/aqequil/eq3_6_src/src/eqpt/src
2025-12-30T16:54:39.0187268Z copying aqequil/eq3_6_src/src/eqpt/src/nxspck.f -> aqequil-0.41.0/aqequil/eq3_6_src/src/eqpt/src
2025-12-30T16:54:39.0189631Z copying aqequil/eq3_6_src/src/eqpt/src/pcraq.f -> aqequil-0.41.0/aqequil/eq3_6_src/src/eqpt/src
2025-12-30T16:54:39.0192183Z copying aqequil/eq3_6_src/src/eqpt/src/pcrsg.f -> aqequil-0.41.0/aqequil/eq3_6_src/src/eqpt/src
2025-12-30T16:54:39.0194877Z copying aqequil/eq3_6_src/src/eqpt/src/pcrss.f -> aqequil-0.41.0/aqequil/eq3_6_src/src/eqpt/src
2025-12-30T16:54:39.0197214Z copying aqequil/eq3_6_src/src/eqpt/src/prrecy.f -> aqequil-0.41.0/aqequil/eq3_6_src/src/eqpt/src
2025-12-30T16:54:39.0199394Z copying aqequil/eq3_6_src/src/eqpt/src/rdazp.f -> aqequil-0.41.0/aqequil/eq3_6_src/src/eqpt/src
2025-12-30T16:54:39.0201998Z copying aqequil/eq3_6_src/src/eqpt/src/rdgrid.f -> aqequil-0.41.0/aqequil/eq3_6_src/src/eqpt/src
2025-12-30T16:54:39.0204238Z copying aqequil/eq3_6_src/src/eqpt/src/rdpar.f -> aqequil-0.41.0/aqequil/eq3_6_src/src/eqpt/src
2025-12-30T16:54:39.0206872Z copying aqequil/eq3_6_src/src/eqpt/src/rdpca.f -> aqequil-0.41.0/aqequil/eq3_6_src/src/eqpt/src
2025-12-30T16:54:39.0209368Z copying aqequil/eq3_6_src/src/eqpt/src/rdpn2.f -> aqequil-0.41.0/aqequil/eq3_6_src/src/eqpt/src
2025-12-30T16:54:39.0211708Z copying aqequil/eq3_6_src/src/eqpt/src/rdpn2n.f -> aqequil-0.41.0/aqequil/eq3_6_src/src/eqpt/src
2025-12-30T16:54:39.0214422Z copying aqequil/eq3_6_src/src/eqpt/src/rdpni.f -> aqequil-0.41.0/aqequil/eq3_6_src/src/eqpt/src
2025-12-30T16:54:39.0216591Z copying aqequil/eq3_6_src/src/eqpt/src/rdpnn.f -> aqequil-0.41.0/aqequil/eq3_6_src/src/eqpt/src
2025-12-30T16:54:39.0218647Z copying aqequil/eq3_6_src/src/eqpt/src/rdppsi.f -> aqequil-0.41.0/aqequil/eq3_6_src/src/eqpt/src
2025-12-30T16:54:39.0220850Z copying aqequil/eq3_6_src/src/eqpt/src/rdpth.f -> aqequil-0.41.0/aqequil/eq3_6_src/src/eqpt/src
2025-12-30T16:54:39.0223372Z copying aqequil/eq3_6_src/src/eqpt/src/rdpz2.f -> aqequil-0.41.0/aqequil/eq3_6_src/src/eqpt/src
2025-12-30T16:54:39.0225755Z copying aqequil/eq3_6_src/src/eqpt/src/rdpz3.f -> aqequil-0.41.0/aqequil/eq3_6_src/src/eqpt/src
2025-12-30T16:54:39.0228025Z copying aqequil/eq3_6_src/src/eqpt/src/rdpzet.f -> aqequil-0.41.0/aqequil/eq3_6_src/src/eqpt/src
2025-12-30T16:54:39.0230316Z copying aqequil/eq3_6_src/src/eqpt/src/rdwele.f -> aqequil-0.41.0/aqequil/eq3_6_src/src/eqpt/src
2025-12-30T16:54:39.0232870Z copying aqequil/eq3_6_src/src/eqpt/src/rdwttl.f -> aqequil-0.41.0/aqequil/eq3_6_src/src/eqpt/src
2025-12-30T16:54:39.0235297Z copying aqequil/eq3_6_src/src/eqpt/src/rxnchk.f -> aqequil-0.41.0/aqequil/eq3_6_src/src/eqpt/src
2025-12-30T16:54:39.0237360Z copying aqequil/eq3_6_src/src/eqpt/src/rxnsck.f -> aqequil-0.41.0/aqequil/eq3_6_src/src/eqpt/src
2025-12-30T16:54:39.0239203Z copying aqequil/eq3_6_src/src/eqpt/src/srch22.f -> aqequil-0.41.0/aqequil/eq3_6_src/src/eqpt/src
2025-12-30T16:54:39.0241299Z copying aqequil/eq3_6_src/src/eqpt/src/srch33.f -> aqequil-0.41.0/aqequil/eq3_6_src/src/eqpt/src
2025-12-30T16:54:39.0243210Z copying aqequil/eq3_6_src/src/eqpt/src/tegrid.f -> aqequil-0.41.0/aqequil/eq3_6_src/src/eqpt/src
2025-12-30T16:54:39.0245173Z copying aqequil/eq3_6_src/src/eqpt/src/thetck.f -> aqequil-0.41.0/aqequil/eq3_6_src/src/eqpt/src
2025-12-30T16:54:39.0247018Z copying aqequil/eq3_6_src/src/eqpt/src/tpraa.f -> aqequil-0.41.0/aqequil/eq3_6_src/src/eqpt/src
2025-12-30T16:54:39.0249201Z copying aqequil/eq3_6_src/src/eqpt/src/tpraac.f -> aqequil-0.41.0/aqequil/eq3_6_src/src/eqpt/src
2025-12-30T16:54:39.0251544Z copying aqequil/eq3_6_src/src/eqpt/src/tpraz.f -> aqequil-0.41.0/aqequil/eq3_6_src/src/eqpt/src
2025-12-30T16:54:39.0253892Z copying aqequil/eq3_6_src/src/eqpt/src/tprca.f -> aqequil-0.41.0/aqequil/eq3_6_src/src/eqpt/src
2025-12-30T16:54:39.0255920Z copying aqequil/eq3_6_src/src/eqpt/src/tprcc.f -> aqequil-0.41.0/aqequil/eq3_6_src/src/eqpt/src
2025-12-30T16:54:39.0257916Z copying aqequil/eq3_6_src/src/eqpt/src/tprcca.f -> aqequil-0.41.0/aqequil/eq3_6_src/src/eqpt/src
2025-12-30T16:54:39.0259854Z copying aqequil/eq3_6_src/src/eqpt/src/tprn2.f -> aqequil-0.41.0/aqequil/eq3_6_src/src/eqpt/src
2025-12-30T16:54:39.0262251Z copying aqequil/eq3_6_src/src/eqpt/src/tprn2n.f -> aqequil-0.41.0/aqequil/eq3_6_src/src/eqpt/src
2025-12-30T16:54:39.0264716Z copying aqequil/eq3_6_src/src/eqpt/src/tprna.f -> aqequil-0.41.0/aqequil/eq3_6_src/src/eqpt/src
2025-12-30T16:54:39.0266706Z copying aqequil/eq3_6_src/src/eqpt/src/tprnc.f -> aqequil-0.41.0/aqequil/eq3_6_src/src/eqpt/src
2025-12-30T16:54:39.0268670Z copying aqequil/eq3_6_src/src/eqpt/src/tprnca.f -> aqequil-0.41.0/aqequil/eq3_6_src/src/eqpt/src
2025-12-30T16:54:39.0270746Z copying aqequil/eq3_6_src/src/eqpt/src/tprnn.f -> aqequil-0.41.0/aqequil/eq3_6_src/src/eqpt/src
2025-12-30T16:54:39.0272859Z copying aqequil/eq3_6_src/src/eqpt/src/tripck.f -> aqequil-0.41.0/aqequil/eq3_6_src/src/eqpt/src
2025-12-30T16:54:39.0274970Z copying aqequil/eq3_6_src/src/eqpt/src/vazpck.f -> aqequil-0.41.0/aqequil/eq3_6_src/src/eqpt/src
2025-12-30T16:54:39.0277110Z copying aqequil/eq3_6_src/src/eqpt/src/vxspck.f -> aqequil-0.41.0/aqequil/eq3_6_src/src/eqpt/src
2025-12-30T16:54:39.0279310Z copying aqequil/eq3_6_src/src/eqpt/src/wrazp.f -> aqequil-0.41.0/aqequil/eq3_6_src/src/eqpt/src
2025-12-30T16:54:39.0281570Z copying aqequil/eq3_6_src/src/eqpt/src/wrhdr.f -> aqequil-0.41.0/aqequil/eq3_6_src/src/eqpt/src
2025-12-30T16:54:39.0283987Z copying aqequil/eq3_6_src/src/eqpt/src/wrpar.f -> aqequil-0.41.0/aqequil/eq3_6_src/src/eqpt/src
2025-12-30T16:54:39.0286456Z copying aqequil/eq3_6_src/src/eqpt/src/wrpz23.f -> aqequil-0.41.0/aqequil/eq3_6_src/src/eqpt/src
2025-12-30T16:54:39.0289120Z copying aqequil/eq3_6_src/src/xcon3/Makefile -> aqequil-0.41.0/aqequil/eq3_6_src/src/xcon3
2025-12-30T16:54:39.0291223Z copying aqequil/eq3_6_src/src/xcon3/obj/aaaxc3.o -> aqequil-0.41.0/aqequil/eq3_6_src/src/xcon3/obj
2025-12-30T16:54:39.0293415Z copying aqequil/eq3_6_src/src/xcon3/obj/bkdxc3.o -> aqequil-0.41.0/aqequil/eq3_6_src/src/xcon3/obj
2025-12-30T16:54:39.0296039Z copying aqequil/eq3_6_src/src/xcon3/obj/rd3d7.o -> aqequil-0.41.0/aqequil/eq3_6_src/src/xcon3/obj
2025-12-30T16:54:39.0298314Z copying aqequil/eq3_6_src/src/xcon3/obj/rd3d8.o -> aqequil-0.41.0/aqequil/eq3_6_src/src/xcon3/obj
2025-12-30T16:54:39.0301819Z copying aqequil/eq3_6_src/src/xcon3/obj/rd3d8b.o -> aqequil-0.41.0/aqequil/eq3_6_src/src/xcon3/obj
2025-12-30T16:54:39.0304898Z copying aqequil/eq3_6_src/src/xcon3/obj/rd3w6.o -> aqequil-0.41.0/aqequil/eq3_6_src/src/xcon3/obj
2025-12-30T16:54:39.0306851Z copying aqequil/eq3_6_src/src/xcon3/obj/rd3w7.o -> aqequil-0.41.0/aqequil/eq3_6_src/src/xcon3/obj
2025-12-30T16:54:39.0308702Z copying aqequil/eq3_6_src/src/xcon3/obj/rd3w8.o -> aqequil-0.41.0/aqequil/eq3_6_src/src/xcon3/obj
2025-12-30T16:54:39.0310862Z copying aqequil/eq3_6_src/src/xcon3/obj/wr3d7.o -> aqequil-0.41.0/aqequil/eq3_6_src/src/xcon3/obj
2025-12-30T16:54:39.0313399Z copying aqequil/eq3_6_src/src/xcon3/obj/wr3d72.o -> aqequil-0.41.0/aqequil/eq3_6_src/src/xcon3/obj
2025-12-30T16:54:39.0315645Z copying aqequil/eq3_6_src/src/xcon3/obj/wr3d8.o -> aqequil-0.41.0/aqequil/eq3_6_src/src/xcon3/obj
2025-12-30T16:54:39.0318335Z copying aqequil/eq3_6_src/src/xcon3/obj/wr3w6.o -> aqequil-0.41.0/aqequil/eq3_6_src/src/xcon3/obj
2025-12-30T16:54:39.0320320Z copying aqequil/eq3_6_src/src/xcon3/obj/wr3w7.o -> aqequil-0.41.0/aqequil/eq3_6_src/src/xcon3/obj
2025-12-30T16:54:39.0322781Z copying aqequil/eq3_6_src/src/xcon3/obj/wr3w8.o -> aqequil-0.41.0/aqequil/eq3_6_src/src/xcon3/obj
2025-12-30T16:54:39.0324969Z copying aqequil/eq3_6_src/src/xcon3/obj/xcon3.o -> aqequil-0.41.0/aqequil/eq3_6_src/src/xcon3/obj
2025-12-30T16:54:39.0327655Z copying aqequil/eq3_6_src/src/xcon3/src/aaaxc3.f -> aqequil-0.41.0/aqequil/eq3_6_src/src/xcon3/src
2025-12-30T16:54:39.0329783Z copying aqequil/eq3_6_src/src/xcon3/src/bkdxc3.f -> aqequil-0.41.0/aqequil/eq3_6_src/src/xcon3/src
2025-12-30T16:54:39.0332077Z copying aqequil/eq3_6_src/src/xcon3/src/rd3d7.f -> aqequil-0.41.0/aqequil/eq3_6_src/src/xcon3/src
2025-12-30T16:54:39.0334604Z copying aqequil/eq3_6_src/src/xcon3/src/rd3d8.f -> aqequil-0.41.0/aqequil/eq3_6_src/src/xcon3/src
2025-12-30T16:54:39.0338055Z copying aqequil/eq3_6_src/src/xcon3/src/rd3d8b.f -> aqequil-0.41.0/aqequil/eq3_6_src/src/xcon3/src
2025-12-30T16:54:39.0341805Z copying aqequil/eq3_6_src/src/xcon3/src/rd3w6.f -> aqequil-0.41.0/aqequil/eq3_6_src/src/xcon3/src
2025-12-30T16:54:39.0343848Z copying aqequil/eq3_6_src/src/xcon3/src/rd3w7.f -> aqequil-0.41.0/aqequil/eq3_6_src/src/xcon3/src
2025-12-30T16:54:39.0346025Z copying aqequil/eq3_6_src/src/xcon3/src/rd3w8.f -> aqequil-0.41.0/aqequil/eq3_6_src/src/xcon3/src
2025-12-30T16:54:39.0348186Z copying aqequil/eq3_6_src/src/xcon3/src/wr3d7.f -> aqequil-0.41.0/aqequil/eq3_6_src/src/xcon3/src
2025-12-30T16:54:39.0349468Z copying aqequil/eq3_6_src/src/xcon3/src/wr3d72.f -> aqequil-0.41.0/aqequil/eq3_6_src/src/xcon3/src
2025-12-30T16:54:39.0350847Z copying aqequil/eq3_6_src/src/xcon3/src/wr3d8.f -> aqequil-0.41.0/aqequil/eq3_6_src/src/xcon3/src
2025-12-30T16:54:39.0352687Z copying aqequil/eq3_6_src/src/xcon3/src/wr3w6.f -> aqequil-0.41.0/aqequil/eq3_6_src/src/xcon3/src
2025-12-30T16:54:39.0354095Z copying aqequil/eq3_6_src/src/xcon3/src/wr3w7.f -> aqequil-0.41.0/aqequil/eq3_6_src/src/xcon3/src
2025-12-30T16:54:39.0355415Z copying aqequil/eq3_6_src/src/xcon3/src/wr3w8.f -> aqequil-0.41.0/aqequil/eq3_6_src/src/xcon3/src
2025-12-30T16:54:39.0356848Z copying aqequil/eq3_6_src/src/xcon3/src/xcon3.f -> aqequil-0.41.0/aqequil/eq3_6_src/src/xcon3/src
2025-12-30T16:54:39.0358505Z copying aqequil/eq3_6_src/src/xcon6/Makefile -> aqequil-0.41.0/aqequil/eq3_6_src/src/xcon6
2025-12-30T16:54:39.0359941Z copying aqequil/eq3_6_src/src/xcon6/obj/aaaxc6.o -> aqequil-0.41.0/aqequil/eq3_6_src/src/xcon6/obj
2025-12-30T16:54:39.0361180Z copying aqequil/eq3_6_src/src/xcon6/obj/bkdxc6.o -> aqequil-0.41.0/aqequil/eq3_6_src/src/xcon6/obj
2025-12-30T16:54:39.0381943Z copying aqequil/eq3_6_src/src/xcon6/obj/rd6d7.o -> aqequil-0.41.0/aqequil/eq3_6_src/src/xcon6/obj
2025-12-30T16:54:39.0383186Z copying aqequil/eq3_6_src/src/xcon6/obj/rd6d8.o -> aqequil-0.41.0/aqequil/eq3_6_src/src/xcon6/obj
2025-12-30T16:54:39.0383779Z copying aqequil/eq3_6_src/src/xcon6/obj/rd6d8b.o -> aqequil-0.41.0/aqequil/eq3_6_src/src/xcon6/obj
2025-12-30T16:54:39.0384365Z copying aqequil/eq3_6_src/src/xcon6/obj/rd6dvz.o -> aqequil-0.41.0/aqequil/eq3_6_src/src/xcon6/obj
2025-12-30T16:54:39.0385326Z copying aqequil/eq3_6_src/src/xcon6/obj/rd6w6.o -> aqequil-0.41.0/aqequil/eq3_6_src/src/xcon6/obj
2025-12-30T16:54:39.0385973Z copying aqequil/eq3_6_src/src/xcon6/obj/rd6w7.o -> aqequil-0.41.0/aqequil/eq3_6_src/src/xcon6/obj
2025-12-30T16:54:39.0386910Z copying aqequil/eq3_6_src/src/xcon6/obj/rd6w72.o -> aqequil-0.41.0/aqequil/eq3_6_src/src/xcon6/obj
2025-12-30T16:54:39.0387580Z copying aqequil/eq3_6_src/src/xcon6/obj/rd6w8.o -> aqequil-0.41.0/aqequil/eq3_6_src/src/xcon6/obj
2025-12-30T16:54:39.0388545Z copying aqequil/eq3_6_src/src/xcon6/obj/rd6wvz.o -> aqequil-0.41.0/aqequil/eq3_6_src/src/xcon6/obj
2025-12-30T16:54:39.0389233Z copying aqequil/eq3_6_src/src/xcon6/obj/wr6d7.o -> aqequil-0.41.0/aqequil/eq3_6_src/src/xcon6/obj
2025-12-30T16:54:39.0390184Z copying aqequil/eq3_6_src/src/xcon6/obj/wr6d72.o -> aqequil-0.41.0/aqequil/eq3_6_src/src/xcon6/obj
2025-12-30T16:54:39.0390827Z copying aqequil/eq3_6_src/src/xcon6/obj/wr6d8.o -> aqequil-0.41.0/aqequil/eq3_6_src/src/xcon6/obj
2025-12-30T16:54:39.0391974Z copying aqequil/eq3_6_src/src/xcon6/obj/wr6w6.o -> aqequil-0.41.0/aqequil/eq3_6_src/src/xcon6/obj
2025-12-30T16:54:39.0392730Z copying aqequil/eq3_6_src/src/xcon6/obj/wr6w7.o -> aqequil-0.41.0/aqequil/eq3_6_src/src/xcon6/obj
2025-12-30T16:54:39.0393309Z copying aqequil/eq3_6_src/src/xcon6/obj/wr6w72.o -> aqequil-0.41.0/aqequil/eq3_6_src/src/xcon6/obj
2025-12-30T16:54:39.0394093Z copying aqequil/eq3_6_src/src/xcon6/obj/wr6w8.o -> aqequil-0.41.0/aqequil/eq3_6_src/src/xcon6/obj
2025-12-30T16:54:39.0394964Z copying aqequil/eq3_6_src/src/xcon6/obj/xcon6.o -> aqequil-0.41.0/aqequil/eq3_6_src/src/xcon6/obj
2025-12-30T16:54:39.0395887Z copying aqequil/eq3_6_src/src/xcon6/src/aaaxc6.f -> aqequil-0.41.0/aqequil/eq3_6_src/src/xcon6/src
2025-12-30T16:54:39.0396638Z copying aqequil/eq3_6_src/src/xcon6/src/bkdxc6.f -> aqequil-0.41.0/aqequil/eq3_6_src/src/xcon6/src
2025-12-30T16:54:39.0397707Z copying aqequil/eq3_6_src/src/xcon6/src/rd6d7.f -> aqequil-0.41.0/aqequil/eq3_6_src/src/xcon6/src
2025-12-30T16:54:39.0399300Z copying aqequil/eq3_6_src/src/xcon6/src/rd6d8.f -> aqequil-0.41.0/aqequil/eq3_6_src/src/xcon6/src
2025-12-30T16:54:39.0402594Z copying aqequil/eq3_6_src/src/xcon6/src/rd6d8b.f -> aqequil-0.41.0/aqequil/eq3_6_src/src/xcon6/src
2025-12-30T16:54:39.0405728Z copying aqequil/eq3_6_src/src/xcon6/src/rd6dvz.f -> aqequil-0.41.0/aqequil/eq3_6_src/src/xcon6/src
2025-12-30T16:54:39.0407351Z copying aqequil/eq3_6_src/src/xcon6/src/rd6w6.f -> aqequil-0.41.0/aqequil/eq3_6_src/src/xcon6/src
2025-12-30T16:54:39.0409239Z copying aqequil/eq3_6_src/src/xcon6/src/rd6w7.f -> aqequil-0.41.0/aqequil/eq3_6_src/src/xcon6/src
2025-12-30T16:54:39.0411295Z copying aqequil/eq3_6_src/src/xcon6/src/rd6w72.f -> aqequil-0.41.0/aqequil/eq3_6_src/src/xcon6/src
2025-12-30T16:54:39.0413131Z copying aqequil/eq3_6_src/src/xcon6/src/rd6w8.f -> aqequil-0.41.0/aqequil/eq3_6_src/src/xcon6/src
2025-12-30T16:54:39.0415058Z copying aqequil/eq3_6_src/src/xcon6/src/rd6wvz.f -> aqequil-0.41.0/aqequil/eq3_6_src/src/xcon6/src
2025-12-30T16:54:39.0416721Z copying aqequil/eq3_6_src/src/xcon6/src/wr6d7.f -> aqequil-0.41.0/aqequil/eq3_6_src/src/xcon6/src
2025-12-30T16:54:39.0418607Z copying aqequil/eq3_6_src/src/xcon6/src/wr6d72.f -> aqequil-0.41.0/aqequil/eq3_6_src/src/xcon6/src
2025-12-30T16:54:39.0420479Z copying aqequil/eq3_6_src/src/xcon6/src/wr6d8.f -> aqequil-0.41.0/aqequil/eq3_6_src/src/xcon6/src
2025-12-30T16:54:39.0422728Z copying aqequil/eq3_6_src/src/xcon6/src/wr6w6.f -> aqequil-0.41.0/aqequil/eq3_6_src/src/xcon6/src
2025-12-30T16:54:39.0424482Z copying aqequil/eq3_6_src/src/xcon6/src/wr6w7.f -> aqequil-0.41.0/aqequil/eq3_6_src/src/xcon6/src
2025-12-30T16:54:39.0426372Z copying aqequil/eq3_6_src/src/xcon6/src/wr6w72.f -> aqequil-0.41.0/aqequil/eq3_6_src/src/xcon6/src
2025-12-30T16:54:39.0428067Z copying aqequil/eq3_6_src/src/xcon6/src/wr6w8.f -> aqequil-0.41.0/aqequil/eq3_6_src/src/xcon6/src
2025-12-30T16:54:39.0429920Z copying aqequil/eq3_6_src/src/xcon6/src/xcon6.f -> aqequil-0.41.0/aqequil/eq3_6_src/src/xcon6/src
2025-12-30T16:54:39.0432443Z copying aqequil/test_data/__init__.py -> aqequil-0.41.0/aqequil/test_data
2025-12-30T16:54:39.0434062Z copying aqequil/test_data/input_example_wrm.csv -> aqequil-0.41.0/aqequil/test_data
2025-12-30T16:54:39.0435700Z copying html/aqequil/AqSpeciation.html -> aqequil-0.41.0/html/aqequil
2025-12-30T16:54:39.0443317Z copying html/aqequil/MassTransfer.html -> aqequil-0.41.0/html/aqequil
2025-12-30T16:54:39.0447938Z copying html/aqequil/check_TP_grid.html -> aqequil-0.41.0/html/aqequil
2025-12-30T16:54:39.0449711Z copying html/aqequil/create_data0.html -> aqequil-0.41.0/html/aqequil
2025-12-30T16:54:39.0451827Z copying html/aqequil/dissrxn_balancer.html -> aqequil-0.41.0/html/aqequil
2025-12-30T16:54:39.0453515Z copying html/aqequil/dissrxn_generator.html -> aqequil-0.41.0/html/aqequil
2025-12-30T16:54:39.0455669Z copying html/aqequil/fill_data0_header.html -> aqequil-0.41.0/html/aqequil
2025-12-30T16:54:39.0457449Z copying html/aqequil/formula_parser.html -> aqequil-0.41.0/html/aqequil
2025-12-30T16:54:39.0459160Z copying html/aqequil/index.html -> aqequil-0.41.0/html/aqequil
2025-12-30T16:54:39.0460838Z copying html/aqequil/output_3o_mine.html -> aqequil-0.41.0/html/aqequil
2025-12-30T16:54:39.0463115Z copying html/aqequil/preprocess_for_EQ3.html -> aqequil-0.41.0/html/aqequil
2025-12-30T16:54:39.0465316Z copying html/aqequil/process_dissrxns.html -> aqequil-0.41.0/html/aqequil
2025-12-30T16:54:39.0467281Z copying html/aqequil/redox_suppression.html -> aqequil-0.41.0/html/aqequil
2025-12-30T16:54:39.0469185Z copying aqequil.egg-info/SOURCES.txt -> aqequil-0.41.0/aqequil.egg-info
2025-12-30T16:54:39.0476036Z Writing aqequil-0.41.0/setup.cfg
2025-12-30T16:54:39.0478283Z Creating tar archive
2025-12-30T16:54:41.6061752Z removing 'aqequil-0.41.0' (and everything under it)
2025-12-30T16:54:41.6750023Z Successfully built aqequil-0.41.0.tar.gz
2025-12-30T16:54:41.6937856Z ##[group]Run actions/upload-artifact@v4
2025-12-30T16:54:41.6938122Z with:
2025-12-30T16:54:41.6938280Z   name: sdist
2025-12-30T16:54:41.6938447Z   path: dist/*.tar.gz
2025-12-30T16:54:41.6938645Z   if-no-files-found: error
2025-12-30T16:54:41.6938845Z   compression-level: 6
2025-12-30T16:54:41.6939030Z   overwrite: false
2025-12-30T16:54:41.6939217Z   include-hidden-files: false
2025-12-30T16:54:41.6939415Z env:
2025-12-30T16:54:41.6939637Z   pythonLocation: /opt/hostedtoolcache/Python/3.11.14/x64
2025-12-30T16:54:41.6940039Z   PKG_CONFIG_PATH: /opt/hostedtoolcache/Python/3.11.14/x64/lib/pkgconfig
2025-12-30T16:54:41.6940429Z   Python_ROOT_DIR: /opt/hostedtoolcache/Python/3.11.14/x64
2025-12-30T16:54:41.6940788Z   Python2_ROOT_DIR: /opt/hostedtoolcache/Python/3.11.14/x64
2025-12-30T16:54:41.6941354Z   Python3_ROOT_DIR: /opt/hostedtoolcache/Python/3.11.14/x64
2025-12-30T16:54:41.6941714Z   LD_LIBRARY_PATH: /opt/hostedtoolcache/Python/3.11.14/x64/lib
2025-12-30T16:54:41.6942029Z ##[endgroup]
2025-12-30T16:54:41.9046809Z With the provided path, there will be 1 file uploaded
2025-12-30T16:54:41.9052598Z Artifact name is valid!
2025-12-30T16:54:41.9053733Z Root directory input is valid!
2025-12-30T16:54:42.1844692Z Beginning upload of artifact content to blob storage
2025-12-30T16:54:43.2029409Z Uploaded bytes 4598338
2025-12-30T16:54:43.2791437Z Finished uploading artifact content to blob storage!
2025-12-30T16:54:43.2794799Z SHA256 digest of uploaded artifact zip is e9a9a3e7b59801480e196fa656df6ab4a36cd4a0519b653d04ada2271f832f0e
2025-12-30T16:54:43.2796167Z Finalizing artifact upload
2025-12-30T16:54:43.4249903Z Artifact sdist.zip successfully finalized. Artifact ID 4992612361
2025-12-30T16:54:43.4251736Z Artifact sdist has been successfully uploaded! Final size is 4598338 bytes. Artifact ID is 4992612361
2025-12-30T16:54:43.4258754Z Artifact download URL: https://github.com/worm-portal/aqequil/actions/runs/20601542873/artifacts/4992612361
2025-12-30T16:54:43.4395167Z Post job cleanup.
2025-12-30T16:54:43.5993611Z Post job cleanup.
2025-12-30T16:54:43.6920398Z [command]/usr/bin/git version
2025-12-30T16:54:43.6956145Z git version 2.52.0
2025-12-30T16:54:43.6999511Z Temporarily overriding HOME='/home/runner/work/_temp/9dafc2e9-02b1-4ddb-b16d-70ba459f0e20' before making global git config changes
2025-12-30T16:54:43.7001234Z Adding repository directory to the temporary git global config as a safe directory
2025-12-30T16:54:43.7013059Z [command]/usr/bin/git config --global --add safe.directory /home/runner/work/aqequil/aqequil
2025-12-30T16:54:43.7047322Z [command]/usr/bin/git config --local --name-only --get-regexp core\.sshCommand
2025-12-30T16:54:43.7080071Z [command]/usr/bin/git submodule foreach --recursive sh -c "git config --local --name-only --get-regexp 'core\.sshCommand' && git config --local --unset-all 'core.sshCommand' || :"
2025-12-30T16:54:43.7309130Z [command]/usr/bin/git config --local --name-only --get-regexp http\.https\:\/\/github\.com\/\.extraheader
2025-12-30T16:54:43.7329931Z http.https://github.com/.extraheader
2025-12-30T16:54:43.7341923Z [command]/usr/bin/git config --local --unset-all http.https://github.com/.extraheader
2025-12-30T16:54:43.7372115Z [command]/usr/bin/git submodule foreach --recursive sh -c "git config --local --name-only --get-regexp 'http\.https\:\/\/github\.com\/\.extraheader' && git config --local --unset-all 'http.https://github.com/.extraheader' || :"
2025-12-30T16:54:43.7592175Z [command]/usr/bin/git config --local --name-only --get-regexp ^includeIf\.gitdir:
2025-12-30T16:54:43.7622105Z [command]/usr/bin/git submodule foreach --recursive git config --local --show-origin --name-only --get-regexp remote.origin.url
2025-12-30T16:54:43.7947380Z Cleaning up orphan processes
