2025-12-30T17:24:45.1993292Z Current runner version: '2.330.0'
2025-12-30T17:24:45.2020045Z ##[group]Runner Image Provisioner
2025-12-30T17:24:45.2020963Z Hosted Compute Agent
2025-12-30T17:24:45.2021529Z Version: 20251211.462
2025-12-30T17:24:45.2022090Z Commit: 6cbad8c2bb55d58165063d031ccabf57e2d2db61
2025-12-30T17:24:45.2023337Z Build Date: 2025-12-11T16:28:49Z
2025-12-30T17:24:45.2023993Z Worker ID: {3df35b9e-2015-4730-a4f2-a3b3229f33ed}
2025-12-30T17:24:45.2024703Z ##[endgroup]
2025-12-30T17:24:45.2025254Z ##[group]Operating System
2025-12-30T17:24:45.2025856Z Ubuntu
2025-12-30T17:24:45.2026296Z 24.04.3
2025-12-30T17:24:45.2026793Z LTS
2025-12-30T17:24:45.2027239Z ##[endgroup]
2025-12-30T17:24:45.2027806Z ##[group]Runner Image
2025-12-30T17:24:45.2028378Z Image: ubuntu-24.04
2025-12-30T17:24:45.2028866Z Version: 20251215.174.1
2025-12-30T17:24:45.2029863Z Included Software: https://github.com/actions/runner-images/blob/ubuntu24/20251215.174/images/ubuntu/Ubuntu2404-Readme.md
2025-12-30T17:24:45.2031459Z Image Release: https://github.com/actions/runner-images/releases/tag/ubuntu24%2F20251215.174
2025-12-30T17:24:45.2032445Z ##[endgroup]
2025-12-30T17:24:45.2035457Z ##[group]GITHUB_TOKEN Permissions
2025-12-30T17:24:45.2037828Z Actions: write
2025-12-30T17:24:45.2038377Z ArtifactMetadata: write
2025-12-30T17:24:45.2039050Z Attestations: write
2025-12-30T17:24:45.2039525Z Checks: write
2025-12-30T17:24:45.2040027Z Contents: write
2025-12-30T17:24:45.2040562Z Deployments: write
2025-12-30T17:24:45.2041103Z Discussions: write
2025-12-30T17:24:45.2041563Z Issues: write
2025-12-30T17:24:45.2042103Z Metadata: read
2025-12-30T17:24:45.2042569Z Models: read
2025-12-30T17:24:45.2043429Z Packages: write
2025-12-30T17:24:45.2044010Z Pages: write
2025-12-30T17:24:45.2044511Z PullRequests: write
2025-12-30T17:24:45.2045160Z RepositoryProjects: write
2025-12-30T17:24:45.2046246Z SecurityEvents: write
2025-12-30T17:24:45.2046827Z Statuses: write
2025-12-30T17:24:45.2047292Z ##[endgroup]
2025-12-30T17:24:45.2049506Z Secret source: Actions
2025-12-30T17:24:45.2050527Z Prepare workflow directory
2025-12-30T17:24:45.2388963Z Prepare all required actions
2025-12-30T17:24:45.2431996Z Getting action download info
2025-12-30T17:24:45.5867638Z Download action repository 'actions/checkout@v4' (SHA:34e114876b0b11c390a56381ad16ebd13914f8d5)
2025-12-30T17:24:45.6871091Z Download action repository 'actions/setup-python@v5' (SHA:a26af69be951a213d495a4c3e4e4022e16d87065)
2025-12-30T17:24:45.7691059Z Download action repository 'actions/download-artifact@v4' (SHA:d3f86a106a0bac45b974a628896c90dbdf5c8093)
2025-12-30T17:24:46.4474751Z Complete job name: Test wheels on ubuntu-latest with Python 3.13
2025-12-30T17:24:46.5127627Z ##[group]Run actions/checkout@v4
2025-12-30T17:24:46.5128488Z with:
2025-12-30T17:24:46.5128902Z   repository: worm-portal/aqequil
2025-12-30T17:24:46.5129571Z   token: ***
2025-12-30T17:24:46.5129966Z   ssh-strict: true
2025-12-30T17:24:46.5130358Z   ssh-user: git
2025-12-30T17:24:46.5130767Z   persist-credentials: true
2025-12-30T17:24:46.5131207Z   clean: true
2025-12-30T17:24:46.5131628Z   sparse-checkout-cone-mode: true
2025-12-30T17:24:46.5132101Z   fetch-depth: 1
2025-12-30T17:24:46.5132488Z   fetch-tags: false
2025-12-30T17:24:46.5133111Z   show-progress: true
2025-12-30T17:24:46.5133543Z   lfs: false
2025-12-30T17:24:46.5133908Z   submodules: false
2025-12-30T17:24:46.5134302Z   set-safe-directory: true
2025-12-30T17:24:46.5134999Z ##[endgroup]
2025-12-30T17:24:46.6268119Z Syncing repository: worm-portal/aqequil
2025-12-30T17:24:46.6270068Z ##[group]Getting Git version info
2025-12-30T17:24:46.6271174Z Working directory is '/home/runner/work/aqequil/aqequil'
2025-12-30T17:24:46.6273112Z [command]/usr/bin/git version
2025-12-30T17:24:46.6383916Z git version 2.52.0
2025-12-30T17:24:46.6411459Z ##[endgroup]
2025-12-30T17:24:46.6432944Z Temporarily overriding HOME='/home/runner/work/_temp/0e8a8092-90cb-4910-ba80-55421c7fc52e' before making global git config changes
2025-12-30T17:24:46.6438090Z Adding repository directory to the temporary git global config as a safe directory
2025-12-30T17:24:46.6439479Z [command]/usr/bin/git config --global --add safe.directory /home/runner/work/aqequil/aqequil
2025-12-30T17:24:46.6483992Z Deleting the contents of '/home/runner/work/aqequil/aqequil'
2025-12-30T17:24:46.6488221Z ##[group]Initializing the repository
2025-12-30T17:24:46.6493114Z [command]/usr/bin/git init /home/runner/work/aqequil/aqequil
2025-12-30T17:24:46.6642319Z hint: Using 'master' as the name for the initial branch. This default branch name
2025-12-30T17:24:46.6643643Z hint: will change to "main" in Git 3.0. To configure the initial branch name
2025-12-30T17:24:46.6644572Z hint: to use in all of your new repositories, which will suppress this warning,
2025-12-30T17:24:46.6645273Z hint: call:
2025-12-30T17:24:46.6645635Z hint:
2025-12-30T17:24:46.6646119Z hint: 	git config --global init.defaultBranch <name>
2025-12-30T17:24:46.6646683Z hint:
2025-12-30T17:24:46.6647228Z hint: Names commonly chosen instead of 'master' are 'main', 'trunk' and
2025-12-30T17:24:46.6648431Z hint: 'development'. The just-created branch can be renamed via this command:
2025-12-30T17:24:46.6649669Z hint:
2025-12-30T17:24:46.6650340Z hint: 	git branch -m <name>
2025-12-30T17:24:46.6651078Z hint:
2025-12-30T17:24:46.6652029Z hint: Disable this message with "git config set advice.defaultBranchName false"
2025-12-30T17:24:46.6653919Z Initialized empty Git repository in /home/runner/work/aqequil/aqequil/.git/
2025-12-30T17:24:46.6665717Z [command]/usr/bin/git remote add origin https://github.com/worm-portal/aqequil
2025-12-30T17:24:46.6704471Z ##[endgroup]
2025-12-30T17:24:46.6705239Z ##[group]Disabling automatic garbage collection
2025-12-30T17:24:46.6708669Z [command]/usr/bin/git config --local gc.auto 0
2025-12-30T17:24:46.6738766Z ##[endgroup]
2025-12-30T17:24:46.6739444Z ##[group]Setting up auth
2025-12-30T17:24:46.6746478Z [command]/usr/bin/git config --local --name-only --get-regexp core\.sshCommand
2025-12-30T17:24:46.6779583Z [command]/usr/bin/git submodule foreach --recursive sh -c "git config --local --name-only --get-regexp 'core\.sshCommand' && git config --local --unset-all 'core.sshCommand' || :"
2025-12-30T17:24:46.7194124Z [command]/usr/bin/git config --local --name-only --get-regexp http\.https\:\/\/github\.com\/\.extraheader
2025-12-30T17:24:46.7225597Z [command]/usr/bin/git submodule foreach --recursive sh -c "git config --local --name-only --get-regexp 'http\.https\:\/\/github\.com\/\.extraheader' && git config --local --unset-all 'http.https://github.com/.extraheader' || :"
2025-12-30T17:24:46.7451462Z [command]/usr/bin/git config --local --name-only --get-regexp ^includeIf\.gitdir:
2025-12-30T17:24:46.7485545Z [command]/usr/bin/git submodule foreach --recursive git config --local --show-origin --name-only --get-regexp remote.origin.url
2025-12-30T17:24:46.7712479Z [command]/usr/bin/git config --local http.https://github.com/.extraheader AUTHORIZATION: basic ***
2025-12-30T17:24:46.7748973Z ##[endgroup]
2025-12-30T17:24:46.7749741Z ##[group]Fetching the repository
2025-12-30T17:24:46.7758745Z [command]/usr/bin/git -c protocol.version=2 fetch --no-tags --prune --no-recurse-submodules --depth=1 origin +e6190a14876ae468a4b5041a8a90e6974fe01773:refs/remotes/origin/dev
2025-12-30T17:24:47.3657168Z From https://github.com/worm-portal/aqequil
2025-12-30T17:24:47.3658513Z  * [new ref]         e6190a14876ae468a4b5041a8a90e6974fe01773 -> origin/dev
2025-12-30T17:24:47.3692370Z ##[endgroup]
2025-12-30T17:24:47.3694756Z ##[group]Determining the checkout info
2025-12-30T17:24:47.3697035Z ##[endgroup]
2025-12-30T17:24:47.3700528Z [command]/usr/bin/git sparse-checkout disable
2025-12-30T17:24:47.3745941Z [command]/usr/bin/git config --local --unset-all extensions.worktreeConfig
2025-12-30T17:24:47.3773862Z ##[group]Checking out the ref
2025-12-30T17:24:47.3777201Z [command]/usr/bin/git checkout --progress --force -B dev refs/remotes/origin/dev
2025-12-30T17:24:47.4915104Z Switched to a new branch 'dev'
2025-12-30T17:24:47.4916806Z branch 'dev' set up to track 'origin/dev'.
2025-12-30T17:24:47.4929220Z ##[endgroup]
2025-12-30T17:24:47.4969430Z [command]/usr/bin/git log -1 --format=%H
2025-12-30T17:24:47.4992595Z e6190a14876ae468a4b5041a8a90e6974fe01773
2025-12-30T17:24:47.5322317Z ##[group]Run actions/setup-python@v5
2025-12-30T17:24:47.5323664Z with:
2025-12-30T17:24:47.5324475Z   python-version: 3.13
2025-12-30T17:24:47.5325446Z   check-latest: false
2025-12-30T17:24:47.5326678Z   token: ***
2025-12-30T17:24:47.5327540Z   update-environment: true
2025-12-30T17:24:47.5328616Z   allow-prereleases: false
2025-12-30T17:24:47.5329627Z   freethreaded: false
2025-12-30T17:24:47.5330548Z ##[endgroup]
2025-12-30T17:24:47.7164760Z ##[group]Installed versions
2025-12-30T17:24:47.7289448Z Successfully set up CPython (3.13.11)
2025-12-30T17:24:47.7291128Z ##[endgroup]
2025-12-30T17:24:47.7426158Z ##[group]Run actions/download-artifact@v4
2025-12-30T17:24:47.7426512Z with:
2025-12-30T17:24:47.7426755Z   name: wheels-ubuntu-latest
2025-12-30T17:24:47.7427065Z   path: wheelhouse
2025-12-30T17:24:47.7427351Z   merge-multiple: false
2025-12-30T17:24:47.7427613Z   repository: worm-portal/aqequil
2025-12-30T17:24:47.7427875Z   run-id: 20601542873
2025-12-30T17:24:47.7428091Z env:
2025-12-30T17:24:47.7428359Z   pythonLocation: /opt/hostedtoolcache/Python/3.13.11/x64
2025-12-30T17:24:47.7428839Z   PKG_CONFIG_PATH: /opt/hostedtoolcache/Python/3.13.11/x64/lib/pkgconfig
2025-12-30T17:24:47.7429289Z   Python_ROOT_DIR: /opt/hostedtoolcache/Python/3.13.11/x64
2025-12-30T17:24:47.7429688Z   Python2_ROOT_DIR: /opt/hostedtoolcache/Python/3.13.11/x64
2025-12-30T17:24:47.7430090Z   Python3_ROOT_DIR: /opt/hostedtoolcache/Python/3.13.11/x64
2025-12-30T17:24:47.7430493Z   LD_LIBRARY_PATH: /opt/hostedtoolcache/Python/3.13.11/x64/lib
2025-12-30T17:24:47.7430831Z ##[endgroup]
2025-12-30T17:24:47.9479648Z Downloading single artifact
2025-12-30T17:24:48.1133680Z Preparing to download the following artifacts:
2025-12-30T17:24:48.1135120Z - wheels-ubuntu-latest (ID: 4992673639, Size: 30611099, Expected Digest: sha256:72bf085b6193b52c880ef439167df3365d91c416b7dff74aad6d431148ca7172)
2025-12-30T17:24:48.2295803Z Redirecting to blob download url: https://productionresultssa19.blob.core.windows.net/actions-results/3359d908-0586-4c6c-8ddb-eda61a91ec84/workflow-job-run-ef63699e-9e74-5de7-b0e4-f945b8788f2e/artifacts/2d6b53937ef398bfc8399b6b7ef6373c2af7892c0717a43682f51187fe1997a9.zip
2025-12-30T17:24:48.2298337Z Starting download of artifact to: /home/runner/work/aqequil/aqequil/wheelhouse
2025-12-30T17:24:48.3964262Z (node:2137) [DEP0005] DeprecationWarning: Buffer() is deprecated due to security and usability issues. Please use the Buffer.alloc(), Buffer.allocUnsafe(), or Buffer.from() methods instead.
2025-12-30T17:24:48.3966393Z (Use `node --trace-deprecation ...` to show where the warning was created)
2025-12-30T17:24:49.2600872Z SHA256 digest of downloaded artifact is 72bf085b6193b52c880ef439167df3365d91c416b7dff74aad6d431148ca7172
2025-12-30T17:24:49.2603306Z Artifact download completed successfully.
2025-12-30T17:24:49.2604427Z Total of 1 artifact(s) downloaded
2025-12-30T17:24:49.2608643Z Download artifact has finished successfully
2025-12-30T17:24:49.2746616Z ##[group]Run PYVER=$(echo "3.13" | tr -d '.')
2025-12-30T17:24:49.2747089Z [36;1mPYVER=$(echo "3.13" | tr -d '.')[0m
2025-12-30T17:24:49.2747536Z [36;1mpython -m pip install wheelhouse/aqequil-*-cp${PYVER}-*.whl[0m
2025-12-30T17:24:49.2790336Z shell: /usr/bin/bash --noprofile --norc -e -o pipefail {0}
2025-12-30T17:24:49.2790718Z env:
2025-12-30T17:24:49.2791015Z   pythonLocation: /opt/hostedtoolcache/Python/3.13.11/x64
2025-12-30T17:24:49.2791490Z   PKG_CONFIG_PATH: /opt/hostedtoolcache/Python/3.13.11/x64/lib/pkgconfig
2025-12-30T17:24:49.2791954Z   Python_ROOT_DIR: /opt/hostedtoolcache/Python/3.13.11/x64
2025-12-30T17:24:49.2792362Z   Python2_ROOT_DIR: /opt/hostedtoolcache/Python/3.13.11/x64
2025-12-30T17:24:49.2792967Z   Python3_ROOT_DIR: /opt/hostedtoolcache/Python/3.13.11/x64
2025-12-30T17:24:49.2793395Z   LD_LIBRARY_PATH: /opt/hostedtoolcache/Python/3.13.11/x64/lib
2025-12-30T17:24:49.2794032Z ##[endgroup]
2025-12-30T17:24:50.1207068Z Processing ./wheelhouse/aqequil-0.41.0-cp313-cp313-manylinux_2_28_x86_64.whl
2025-12-30T17:24:50.3771091Z Collecting pandas (from aqequil==0.41.0)
2025-12-30T17:24:50.4645929Z   Downloading pandas-2.3.3-cp313-cp313-manylinux_2_24_x86_64.manylinux_2_28_x86_64.whl.metadata (91 kB)
2025-12-30T17:24:50.7282268Z Collecting numpy (from aqequil==0.41.0)
2025-12-30T17:24:50.7427176Z   Downloading numpy-2.4.0-cp313-cp313-manylinux_2_27_x86_64.manylinux_2_28_x86_64.whl.metadata (6.6 kB)
2025-12-30T17:24:50.8874906Z Collecting matplotlib (from aqequil==0.41.0)
2025-12-30T17:24:50.9024101Z   Downloading matplotlib-3.10.8-cp313-cp313-manylinux2014_x86_64.manylinux_2_17_x86_64.whl.metadata (52 kB)
2025-12-30T17:24:50.9674172Z Collecting plotly (from aqequil==0.41.0)
2025-12-30T17:24:50.9817506Z   Downloading plotly-6.5.0-py3-none-any.whl.metadata (8.5 kB)
2025-12-30T17:24:51.0425483Z Collecting ipython (from aqequil==0.41.0)
2025-12-30T17:24:51.0569165Z   Downloading ipython-9.8.0-py3-none-any.whl.metadata (4.5 kB)
2025-12-30T17:24:51.1066067Z Collecting chemparse (from aqequil==0.41.0)
2025-12-30T17:24:51.1223229Z   Downloading chemparse-0.3.2-py3-none-any.whl.metadata (1.7 kB)
2025-12-30T17:24:51.1474020Z Collecting dill (from aqequil==0.41.0)
2025-12-30T17:24:51.1613214Z   Downloading dill-0.4.0-py3-none-any.whl.metadata (10 kB)
2025-12-30T17:24:51.1885187Z Collecting periodictable (from aqequil==0.41.0)
2025-12-30T17:24:51.2037996Z   Downloading periodictable-2.0.2-py3-none-any.whl.metadata (5.4 kB)
2025-12-30T17:24:51.2382301Z Collecting natsort (from aqequil==0.41.0)
2025-12-30T17:24:51.2520102Z   Downloading natsort-8.4.0-py3-none-any.whl.metadata (21 kB)
2025-12-30T17:24:51.2763976Z Collecting roman (from aqequil==0.41.0)
2025-12-30T17:24:51.2909189Z   Downloading roman-5.2-py3-none-any.whl.metadata (4.3 kB)
2025-12-30T17:24:51.3326273Z Collecting ipywidgets (from aqequil==0.41.0)
2025-12-30T17:24:51.3461101Z   Downloading ipywidgets-8.1.8-py3-none-any.whl.metadata (2.4 kB)
2025-12-30T17:24:51.3946076Z Collecting wormutils (from aqequil==0.41.0)
2025-12-30T17:24:51.4103259Z   Downloading wormutils-0.2.0-py3-none-any.whl.metadata (723 bytes)
2025-12-30T17:24:51.4744772Z Collecting pychnosz (from aqequil==0.41.0)
2025-12-30T17:24:51.4897663Z   Downloading pychnosz-1.1.11-cp313-cp313-manylinux_2_28_x86_64.whl.metadata (8.2 kB)
2025-12-30T17:24:51.5248927Z Collecting decorator>=4.3.2 (from ipython->aqequil==0.41.0)
2025-12-30T17:24:51.5386760Z   Downloading decorator-5.2.1-py3-none-any.whl.metadata (3.9 kB)
2025-12-30T17:24:51.7548696Z Collecting ipython-pygments-lexers>=1.0.0 (from ipython->aqequil==0.41.0)
2025-12-30T17:24:51.7687292Z   Downloading ipython_pygments_lexers-1.1.1-py3-none-any.whl.metadata (1.1 kB)
2025-12-30T17:24:52.2770021Z Collecting jedi>=0.18.1 (from ipython->aqequil==0.41.0)
2025-12-30T17:24:52.2909638Z   Downloading jedi-0.19.2-py2.py3-none-any.whl.metadata (22 kB)
2025-12-30T17:24:52.9137731Z Collecting matplotlib-inline>=0.1.5 (from ipython->aqequil==0.41.0)
2025-12-30T17:24:52.9275131Z   Downloading matplotlib_inline-0.2.1-py3-none-any.whl.metadata (2.3 kB)
2025-12-30T17:24:53.0283609Z Collecting pexpect>4.3 (from ipython->aqequil==0.41.0)
2025-12-30T17:24:53.0423603Z   Downloading pexpect-4.9.0-py2.py3-none-any.whl.metadata (2.5 kB)
2025-12-30T17:24:53.0855391Z Collecting prompt_toolkit<3.1.0,>=3.0.41 (from ipython->aqequil==0.41.0)
2025-12-30T17:24:53.1002341Z   Downloading prompt_toolkit-3.0.52-py3-none-any.whl.metadata (6.4 kB)
2025-12-30T17:24:53.1330156Z Collecting pygments>=2.11.0 (from ipython->aqequil==0.41.0)
2025-12-30T17:24:53.1474889Z   Downloading pygments-2.19.2-py3-none-any.whl.metadata (2.5 kB)
2025-12-30T17:24:53.1728624Z Collecting stack_data>=0.6.0 (from ipython->aqequil==0.41.0)
2025-12-30T17:24:53.1863663Z   Downloading stack_data-0.6.3-py3-none-any.whl.metadata (18 kB)
2025-12-30T17:24:53.2170650Z Collecting traitlets>=5.13.0 (from ipython->aqequil==0.41.0)
2025-12-30T17:24:53.2309396Z   Downloading traitlets-5.14.3-py3-none-any.whl.metadata (10 kB)
2025-12-30T17:24:53.2581368Z Collecting wcwidth (from prompt_toolkit<3.1.0,>=3.0.41->ipython->aqequil==0.41.0)
2025-12-30T17:24:53.2718307Z   Downloading wcwidth-0.2.14-py2.py3-none-any.whl.metadata (15 kB)
2025-12-30T17:24:53.3020784Z Collecting parso<0.9.0,>=0.8.4 (from jedi>=0.18.1->ipython->aqequil==0.41.0)
2025-12-30T17:24:53.3160076Z   Downloading parso-0.8.5-py2.py3-none-any.whl.metadata (8.3 kB)
2025-12-30T17:24:53.3414034Z Collecting ptyprocess>=0.5 (from pexpect>4.3->ipython->aqequil==0.41.0)
2025-12-30T17:24:53.3550858Z   Downloading ptyprocess-0.7.0-py2.py3-none-any.whl.metadata (1.3 kB)
2025-12-30T17:24:53.3838531Z Collecting executing>=1.2.0 (from stack_data>=0.6.0->ipython->aqequil==0.41.0)
2025-12-30T17:24:53.3975378Z   Downloading executing-2.2.1-py2.py3-none-any.whl.metadata (8.9 kB)
2025-12-30T17:24:53.4294739Z Collecting asttokens>=2.1.0 (from stack_data>=0.6.0->ipython->aqequil==0.41.0)
2025-12-30T17:24:53.4436969Z   Downloading asttokens-3.0.1-py3-none-any.whl.metadata (4.9 kB)
2025-12-30T17:24:53.4680790Z Collecting pure-eval (from stack_data>=0.6.0->ipython->aqequil==0.41.0)
2025-12-30T17:24:53.4825251Z   Downloading pure_eval-0.2.3-py3-none-any.whl.metadata (6.3 kB)
2025-12-30T17:24:53.5086998Z Collecting comm>=0.1.3 (from ipywidgets->aqequil==0.41.0)
2025-12-30T17:24:53.5225402Z   Downloading comm-0.2.3-py3-none-any.whl.metadata (3.7 kB)
2025-12-30T17:24:53.5861381Z Collecting widgetsnbextension~=4.0.14 (from ipywidgets->aqequil==0.41.0)
2025-12-30T17:24:53.6002702Z   Downloading widgetsnbextension-4.0.15-py3-none-any.whl.metadata (1.6 kB)
2025-12-30T17:24:53.6333956Z Collecting jupyterlab_widgets~=3.0.15 (from ipywidgets->aqequil==0.41.0)
2025-12-30T17:24:53.6474032Z   Downloading jupyterlab_widgets-3.0.16-py3-none-any.whl.metadata (20 kB)
2025-12-30T17:24:53.7351443Z Collecting contourpy>=1.0.1 (from matplotlib->aqequil==0.41.0)
2025-12-30T17:24:53.7492515Z   Downloading contourpy-1.3.3-cp313-cp313-manylinux_2_27_x86_64.manylinux_2_28_x86_64.whl.metadata (5.5 kB)
2025-12-30T17:24:53.7734636Z Collecting cycler>=0.10 (from matplotlib->aqequil==0.41.0)
2025-12-30T17:24:53.7875028Z   Downloading cycler-0.12.1-py3-none-any.whl.metadata (3.8 kB)
2025-12-30T17:24:53.9563660Z Collecting fonttools>=4.22.0 (from matplotlib->aqequil==0.41.0)
2025-12-30T17:24:53.9722124Z   Downloading fonttools-4.61.1-cp313-cp313-manylinux1_x86_64.manylinux2014_x86_64.manylinux_2_17_x86_64.manylinux_2_5_x86_64.whl.metadata (114 kB)
2025-12-30T17:24:54.0644290Z Collecting kiwisolver>=1.3.1 (from matplotlib->aqequil==0.41.0)
2025-12-30T17:24:54.0786372Z   Downloading kiwisolver-1.4.9-cp313-cp313-manylinux2014_x86_64.manylinux_2_17_x86_64.whl.metadata (6.3 kB)
2025-12-30T17:24:54.1140523Z Collecting packaging>=20.0 (from matplotlib->aqequil==0.41.0)
2025-12-30T17:24:54.1280230Z   Downloading packaging-25.0-py3-none-any.whl.metadata (3.3 kB)
2025-12-30T17:24:54.3004180Z Collecting pillow>=8 (from matplotlib->aqequil==0.41.0)
2025-12-30T17:24:54.3143051Z   Downloading pillow-12.0.0-cp313-cp313-manylinux_2_27_x86_64.manylinux_2_28_x86_64.whl.metadata (8.8 kB)
2025-12-30T17:24:54.3550403Z Collecting pyparsing>=3 (from matplotlib->aqequil==0.41.0)
2025-12-30T17:24:54.3689168Z   Downloading pyparsing-3.3.1-py3-none-any.whl.metadata (5.6 kB)
2025-12-30T17:24:54.3948736Z Collecting python-dateutil>=2.7 (from matplotlib->aqequil==0.41.0)
2025-12-30T17:24:54.4087908Z   Downloading python_dateutil-2.9.0.post0-py2.py3-none-any.whl.metadata (8.4 kB)
2025-12-30T17:24:54.4508890Z Collecting six>=1.5 (from python-dateutil>=2.7->matplotlib->aqequil==0.41.0)
2025-12-30T17:24:54.4651258Z   Downloading six-1.17.0-py2.py3-none-any.whl.metadata (1.7 kB)
2025-12-30T17:24:54.5264766Z Collecting pytz>=2020.1 (from pandas->aqequil==0.41.0)
2025-12-30T17:24:54.5405655Z   Downloading pytz-2025.2-py2.py3-none-any.whl.metadata (22 kB)
2025-12-30T17:24:54.5681742Z Collecting tzdata>=2022.7 (from pandas->aqequil==0.41.0)
2025-12-30T17:24:54.5819636Z   Downloading tzdata-2025.3-py2.py3-none-any.whl.metadata (1.4 kB)
2025-12-30T17:24:54.6431983Z Collecting narwhals>=1.15.1 (from plotly->aqequil==0.41.0)
2025-12-30T17:24:54.6573796Z   Downloading narwhals-2.14.0-py3-none-any.whl.metadata (13 kB)
2025-12-30T17:24:54.8506257Z Collecting scipy>=1.7.0 (from pychnosz->aqequil==0.41.0)
2025-12-30T17:24:54.8666847Z   Downloading scipy-1.16.3-cp313-cp313-manylinux2014_x86_64.manylinux_2_17_x86_64.whl.metadata (62 kB)
2025-12-30T17:24:54.9402465Z Collecting requests (from wormutils->aqequil==0.41.0)
2025-12-30T17:24:54.9543081Z   Downloading requests-2.32.5-py3-none-any.whl.metadata (4.9 kB)
2025-12-30T17:24:54.9915034Z Collecting importlib_resources (from wormutils->aqequil==0.41.0)
2025-12-30T17:24:55.0053678Z   Downloading importlib_resources-6.5.2-py3-none-any.whl.metadata (3.9 kB)
2025-12-30T17:24:55.1083748Z Collecting charset_normalizer<4,>=2 (from requests->wormutils->aqequil==0.41.0)
2025-12-30T17:24:55.1227392Z   Downloading charset_normalizer-3.4.4-cp313-cp313-manylinux2014_x86_64.manylinux_2_17_x86_64.manylinux_2_28_x86_64.whl.metadata (37 kB)
2025-12-30T17:24:55.1547412Z Collecting idna<4,>=2.5 (from requests->wormutils->aqequil==0.41.0)
2025-12-30T17:24:55.1683884Z   Downloading idna-3.11-py3-none-any.whl.metadata (8.4 kB)
2025-12-30T17:24:55.2207789Z Collecting urllib3<3,>=1.21.1 (from requests->wormutils->aqequil==0.41.0)
2025-12-30T17:24:55.2348658Z   Downloading urllib3-2.6.2-py3-none-any.whl.metadata (6.6 kB)
2025-12-30T17:24:55.2705675Z Collecting certifi>=2017.4.17 (from requests->wormutils->aqequil==0.41.0)
2025-12-30T17:24:55.2849845Z   Downloading certifi-2025.11.12-py3-none-any.whl.metadata (2.5 kB)
2025-12-30T17:24:55.3108944Z Downloading chemparse-0.3.2-py3-none-any.whl (5.9 kB)
2025-12-30T17:24:55.3277779Z Downloading dill-0.4.0-py3-none-any.whl (119 kB)
2025-12-30T17:24:55.3467083Z Downloading ipython-9.8.0-py3-none-any.whl (621 kB)
2025-12-30T17:24:55.3697712Z    ━━━━━━━━━━━━━━━━━━━━━━━━━━━━━━━━━━━━━━━━ 621.4/621.4 kB 44.2 MB/s  0:00:00
2025-12-30T17:24:55.3838323Z Downloading prompt_toolkit-3.0.52-py3-none-any.whl (391 kB)
2025-12-30T17:24:55.4036369Z Downloading decorator-5.2.1-py3-none-any.whl (9.2 kB)
2025-12-30T17:24:55.4207942Z Downloading ipython_pygments_lexers-1.1.1-py3-none-any.whl (8.1 kB)
2025-12-30T17:24:55.4377260Z Downloading jedi-0.19.2-py2.py3-none-any.whl (1.6 MB)
2025-12-30T17:24:55.4595935Z    ━━━━━━━━━━━━━━━━━━━━━━━━━━━━━━━━━━━━━━━━ 1.6/1.6 MB 68.6 MB/s  0:00:00
2025-12-30T17:24:55.4735226Z Downloading parso-0.8.5-py2.py3-none-any.whl (106 kB)
2025-12-30T17:24:55.4904401Z Downloading matplotlib_inline-0.2.1-py3-none-any.whl (9.5 kB)
2025-12-30T17:24:55.5067303Z Downloading pexpect-4.9.0-py2.py3-none-any.whl (63 kB)
2025-12-30T17:24:55.5231349Z Downloading ptyprocess-0.7.0-py2.py3-none-any.whl (13 kB)
2025-12-30T17:24:55.5392544Z Downloading pygments-2.19.2-py3-none-any.whl (1.2 MB)
2025-12-30T17:24:55.5481916Z    ━━━━━━━━━━━━━━━━━━━━━━━━━━━━━━━━━━━━━━━━ 1.2/1.2 MB 153.9 MB/s  0:00:00
2025-12-30T17:24:55.5620531Z Downloading stack_data-0.6.3-py3-none-any.whl (24 kB)
2025-12-30T17:24:55.5786947Z Downloading asttokens-3.0.1-py3-none-any.whl (27 kB)
2025-12-30T17:24:55.5953722Z Downloading executing-2.2.1-py2.py3-none-any.whl (28 kB)
2025-12-30T17:24:55.6119195Z Downloading traitlets-5.14.3-py3-none-any.whl (85 kB)
2025-12-30T17:24:55.6286550Z Downloading ipywidgets-8.1.8-py3-none-any.whl (139 kB)
2025-12-30T17:24:55.6456537Z Downloading jupyterlab_widgets-3.0.16-py3-none-any.whl (914 kB)
2025-12-30T17:24:55.6539768Z    ━━━━━━━━━━━━━━━━━━━━━━━━━━━━━━━━━━━━━━━━ 914.9/914.9 kB 112.3 MB/s  0:00:00
2025-12-30T17:24:55.6678458Z Downloading widgetsnbextension-4.0.15-py3-none-any.whl (2.2 MB)
2025-12-30T17:24:55.6835540Z    ━━━━━━━━━━━━━━━━━━━━━━━━━━━━━━━━━━━━━━━━ 2.2/2.2 MB 147.1 MB/s  0:00:00
2025-12-30T17:24:55.6972434Z Downloading comm-0.2.3-py3-none-any.whl (7.3 kB)
2025-12-30T17:24:55.7173771Z Downloading matplotlib-3.10.8-cp313-cp313-manylinux2014_x86_64.manylinux_2_17_x86_64.whl (8.7 MB)
2025-12-30T17:24:55.7656707Z    ━━━━━━━━━━━━━━━━━━━━━━━━━━━━━━━━━━━━━━━━ 8.7/8.7 MB 187.5 MB/s  0:00:00
2025-12-30T17:24:55.7807431Z Downloading contourpy-1.3.3-cp313-cp313-manylinux_2_27_x86_64.manylinux_2_28_x86_64.whl (362 kB)
2025-12-30T17:24:55.7996934Z Downloading cycler-0.12.1-py3-none-any.whl (8.3 kB)
2025-12-30T17:24:55.8206380Z Downloading fonttools-4.61.1-cp313-cp313-manylinux1_x86_64.manylinux2014_x86_64.manylinux_2_17_x86_64.manylinux_2_5_x86_64.whl (4.9 MB)
2025-12-30T17:24:55.8546040Z    ━━━━━━━━━━━━━━━━━━━━━━━━━━━━━━━━━━━━━━━━ 4.9/4.9 MB 150.9 MB/s  0:00:00
2025-12-30T17:24:55.8707073Z Downloading kiwisolver-1.4.9-cp313-cp313-manylinux2014_x86_64.manylinux_2_17_x86_64.whl (1.5 MB)
2025-12-30T17:24:55.8928842Z    ━━━━━━━━━━━━━━━━━━━━━━━━━━━━━━━━━━━━━━━━ 1.5/1.5 MB 63.7 MB/s  0:00:00
2025-12-30T17:24:55.9071261Z Downloading numpy-2.4.0-cp313-cp313-manylinux_2_27_x86_64.manylinux_2_28_x86_64.whl (16.4 MB)
2025-12-30T17:24:55.9834145Z    ━━━━━━━━━━━━━━━━━━━━━━━━━━━━━━━━━━━━━━━━ 16.4/16.4 MB 219.8 MB/s  0:00:00
2025-12-30T17:24:55.9974320Z Downloading packaging-25.0-py3-none-any.whl (66 kB)
2025-12-30T17:24:56.0160829Z Downloading pillow-12.0.0-cp313-cp313-manylinux_2_27_x86_64.manylinux_2_28_x86_64.whl (7.0 MB)
2025-12-30T17:24:56.0547245Z    ━━━━━━━━━━━━━━━━━━━━━━━━━━━━━━━━━━━━━━━━ 7.0/7.0 MB 191.5 MB/s  0:00:00
2025-12-30T17:24:56.0687841Z Downloading pyparsing-3.3.1-py3-none-any.whl (121 kB)
2025-12-30T17:24:56.0858460Z Downloading python_dateutil-2.9.0.post0-py2.py3-none-any.whl (229 kB)
2025-12-30T17:24:56.1039843Z Downloading six-1.17.0-py2.py3-none-any.whl (11 kB)
2025-12-30T17:24:56.1205420Z Downloading natsort-8.4.0-py3-none-any.whl (38 kB)
2025-12-30T17:24:56.1408526Z Downloading pandas-2.3.3-cp313-cp313-manylinux_2_24_x86_64.manylinux_2_28_x86_64.whl (12.3 MB)
2025-12-30T17:24:56.2144345Z    ━━━━━━━━━━━━━━━━━━━━━━━━━━━━━━━━━━━━━━━━ 12.3/12.3 MB 173.0 MB/s  0:00:00
2025-12-30T17:24:56.2286267Z Downloading pytz-2025.2-py2.py3-none-any.whl (509 kB)
2025-12-30T17:24:56.2474855Z Downloading tzdata-2025.3-py2.py3-none-any.whl (348 kB)
2025-12-30T17:24:56.2686101Z Downloading periodictable-2.0.2-py3-none-any.whl (811 kB)
2025-12-30T17:24:56.2766973Z    ━━━━━━━━━━━━━━━━━━━━━━━━━━━━━━━━━━━━━━━━ 811.1/811.1 kB 105.3 MB/s  0:00:00
2025-12-30T17:24:56.2956408Z Downloading plotly-6.5.0-py3-none-any.whl (9.9 MB)
2025-12-30T17:24:56.3501070Z    ━━━━━━━━━━━━━━━━━━━━━━━━━━━━━━━━━━━━━━━━ 9.9/9.9 MB 188.4 MB/s  0:00:00
2025-12-30T17:24:56.3642064Z Downloading narwhals-2.14.0-py3-none-any.whl (430 kB)
2025-12-30T17:24:56.3830509Z Downloading pure_eval-0.2.3-py3-none-any.whl (11 kB)
2025-12-30T17:24:56.4003890Z Downloading pychnosz-1.1.11-cp313-cp313-manylinux_2_28_x86_64.whl (1.6 MB)
2025-12-30T17:24:56.4144532Z    ━━━━━━━━━━━━━━━━━━━━━━━━━━━━━━━━━━━━━━━━ 1.6/1.6 MB 127.5 MB/s  0:00:00
2025-12-30T17:24:56.4326088Z Downloading scipy-1.16.3-cp313-cp313-manylinux2014_x86_64.manylinux_2_17_x86_64.whl (35.7 MB)
2025-12-30T17:24:56.6367280Z    ━━━━━━━━━━━━━━━━━━━━━━━━━━━━━━━━━━━━━━━━ 35.7/35.7 MB 176.2 MB/s  0:00:00
2025-12-30T17:24:56.6512688Z Downloading roman-5.2-py3-none-any.whl (6.0 kB)
2025-12-30T17:24:56.6674588Z Downloading wcwidth-0.2.14-py2.py3-none-any.whl (37 kB)
2025-12-30T17:24:56.6861356Z Downloading wormutils-0.2.0-py3-none-any.whl (18 kB)
2025-12-30T17:24:56.7030870Z Downloading importlib_resources-6.5.2-py3-none-any.whl (37 kB)
2025-12-30T17:24:56.7198764Z Downloading requests-2.32.5-py3-none-any.whl (64 kB)
2025-12-30T17:24:56.7366547Z Downloading charset_normalizer-3.4.4-cp313-cp313-manylinux2014_x86_64.manylinux_2_17_x86_64.manylinux_2_28_x86_64.whl (153 kB)
2025-12-30T17:24:56.7538846Z Downloading idna-3.11-py3-none-any.whl (71 kB)
2025-12-30T17:24:56.7705109Z Downloading urllib3-2.6.2-py3-none-any.whl (131 kB)
2025-12-30T17:24:56.7875993Z Downloading certifi-2025.11.12-py3-none-any.whl (159 kB)
2025-12-30T17:24:57.1141150Z Installing collected packages: pytz, pure-eval, ptyprocess, widgetsnbextension, wcwidth, urllib3, tzdata, traitlets, six, roman, pyparsing, pygments, pillow, pexpect, parso, packaging, numpy, natsort, narwhals, kiwisolver, jupyterlab_widgets, importlib_resources, idna, fonttools, executing, dill, decorator, cycler, comm, chemparse, charset_normalizer, certifi, asttokens, stack_data, scipy, requests, python-dateutil, prompt_toolkit, plotly, periodictable, matplotlib-inline, jedi, ipython-pygments-lexers, contourpy, pandas, matplotlib, ipython, wormutils, pychnosz, ipywidgets, aqequil
2025-12-30T17:25:17.5572009Z 
2025-12-30T17:25:17.5636863Z Successfully installed aqequil-0.41.0 asttokens-3.0.1 certifi-2025.11.12 charset_normalizer-3.4.4 chemparse-0.3.2 comm-0.2.3 contourpy-1.3.3 cycler-0.12.1 decorator-5.2.1 dill-0.4.0 executing-2.2.1 fonttools-4.61.1 idna-3.11 importlib_resources-6.5.2 ipython-9.8.0 ipython-pygments-lexers-1.1.1 ipywidgets-8.1.8 jedi-0.19.2 jupyterlab_widgets-3.0.16 kiwisolver-1.4.9 matplotlib-3.10.8 matplotlib-inline-0.2.1 narwhals-2.14.0 natsort-8.4.0 numpy-2.4.0 packaging-25.0 pandas-2.3.3 parso-0.8.5 periodictable-2.0.2 pexpect-4.9.0 pillow-12.0.0 plotly-6.5.0 prompt_toolkit-3.0.52 ptyprocess-0.7.0 pure-eval-0.2.3 pychnosz-1.1.11 pygments-2.19.2 pyparsing-3.3.1 python-dateutil-2.9.0.post0 pytz-2025.2 requests-2.32.5 roman-5.2 scipy-1.16.3 six-1.17.0 stack_data-0.6.3 traitlets-5.14.3 tzdata-2025.3 urllib3-2.6.2 wcwidth-0.2.14 widgetsnbextension-4.0.15 wormutils-0.2.0
2025-12-30T17:25:18.0317280Z ##[group]Run python test_integration.py
2025-12-30T17:25:18.0317631Z [36;1mpython test_integration.py[0m
2025-12-30T17:25:18.0351294Z shell: /usr/bin/bash --noprofile --norc -e -o pipefail {0}
2025-12-30T17:25:18.0351623Z env:
2025-12-30T17:25:18.0351875Z   pythonLocation: /opt/hostedtoolcache/Python/3.13.11/x64
2025-12-30T17:25:18.0352293Z   PKG_CONFIG_PATH: /opt/hostedtoolcache/Python/3.13.11/x64/lib/pkgconfig
2025-12-30T17:25:18.0352921Z   Python_ROOT_DIR: /opt/hostedtoolcache/Python/3.13.11/x64
2025-12-30T17:25:18.0353308Z   Python2_ROOT_DIR: /opt/hostedtoolcache/Python/3.13.11/x64
2025-12-30T17:25:18.0353673Z   Python3_ROOT_DIR: /opt/hostedtoolcache/Python/3.13.11/x64
2025-12-30T17:25:18.0354034Z   LD_LIBRARY_PATH: /opt/hostedtoolcache/Python/3.13.11/x64/lib
2025-12-30T17:25:18.0354336Z ##[endgroup]
2025-12-30T17:25:21.6926750Z Traceback (most recent call last):
2025-12-30T17:25:21.6942583Z   File "/home/runner/work/aqequil/aqequil/aqequil/AqSpeciation.py", line 854, in runeqpt
2025-12-30T17:25:21.6943793Z     self.__run_eq_executable('eqpt', [data0_path], cwd=os.getcwd())
2025-12-30T17:25:21.6944452Z     ~~~~~~~~~~~~~~~~~~~~~~~~^^^^^^^^^^^^^^^^^^^^^^^^^^^^^^^^^^^^^^^
2025-12-30T17:25:21.6945255Z   File "/home/runner/work/aqequil/aqequil/aqequil/AqSpeciation.py", line 1114, in __run_eq_executable
2025-12-30T17:25:21.6945974Z     exe_path = os.path.join(self.eq36co, exe_name)
2025-12-30T17:25:21.6946488Z   File "<frozen posixpath>", line 77, in join
2025-12-30T17:25:21.6947182Z TypeError: expected str, bytes or os.PathLike object, not NoneType
2025-12-30T17:25:21.6947510Z 
2025-12-30T17:25:21.6947787Z During handling of the above exception, another exception occurred:
2025-12-30T17:25:21.6948222Z 
2025-12-30T17:25:21.6948325Z Traceback (most recent call last):
2025-12-30T17:25:21.6948953Z   File "/home/runner/work/aqequil/aqequil/test_integration.py", line 119, in test_runeqpt
2025-12-30T17:25:21.6949733Z     ae.runeqpt('wrm')
2025-12-30T17:25:21.6949943Z     ~~~~~~~~~~^^^^^^^
2025-12-30T17:25:21.6950382Z   File "/home/runner/work/aqequil/aqequil/aqequil/AqSpeciation.py", line 856, in runeqpt
2025-12-30T17:25:21.6950887Z     self.err_handler.raise_exception(
2025-12-30T17:25:21.6951159Z     ~~~~~~~~~~~~~~~~~~~~~~~~~~~~~~~~^
2025-12-30T17:25:21.6951485Z         "Error: EQPT failed to run on {}.".format("data0."+db))
2025-12-30T17:25:21.6951857Z         ^^^^^^^^^^^^^^^^^^^^^^^^^^^^^^^^^^^^^^^^^^^^^^^^^^^^^^^
2025-12-30T17:25:21.6952566Z   File "/opt/hostedtoolcache/Python/3.13.11/x64/lib/python3.13/site-packages/wormutils/Error_Handler.py", line 57, in raise_exception
2025-12-30T17:25:21.6953480Z     raise Exception(msg)
2025-12-30T17:25:21.6953741Z Exception: Error: EQPT failed to run on data0.wrm.
2025-12-30T17:25:21.6969367Z Traceback (most recent call last):
2025-12-30T17:25:21.6972414Z   File "/home/runner/work/aqequil/aqequil/aqequil/AqSpeciation.py", line 854, in runeqpt
2025-12-30T17:25:21.6973494Z     self.__run_eq_executable('eqpt', [data0_path], cwd=os.getcwd())
2025-12-30T17:25:21.6974143Z     ~~~~~~~~~~~~~~~~~~~~~~~~^^^^^^^^^^^^^^^^^^^^^^^^^^^^^^^^^^^^^^^
2025-12-30T17:25:21.6975066Z   File "/home/runner/work/aqequil/aqequil/aqequil/AqSpeciation.py", line 1114, in __run_eq_executable
2025-12-30T17:25:21.6975579Z     exe_path = os.path.join(self.eq36co, exe_name)
2025-12-30T17:25:21.6976153Z   File "<frozen posixpath>", line 77, in join
2025-12-30T17:25:21.6976776Z TypeError: expected str, bytes or os.PathLike object, not NoneType
2025-12-30T17:25:21.6977152Z 
2025-12-30T17:25:21.6977323Z During handling of the above exception, another exception occurred:
2025-12-30T17:25:21.6977577Z 
2025-12-30T17:25:21.6977718Z Traceback (most recent call last):
2025-12-30T17:25:21.6978615Z   File "/home/runner/work/aqequil/aqequil/test_integration.py", line 186, in test_speciation_simple
2025-12-30T17:25:21.6979491Z     ae_eqpt.runeqpt('wrm')
2025-12-30T17:25:21.6979877Z     ~~~~~~~~~~~~~~~^^^^^^^
2025-12-30T17:25:21.6980895Z   File "/home/runner/work/aqequil/aqequil/aqequil/AqSpeciation.py", line 856, in runeqpt
2025-12-30T17:25:21.6981699Z     self.err_handler.raise_exception(
2025-12-30T17:25:21.6982117Z     ~~~~~~~~~~~~~~~~~~~~~~~~~~~~~~~~^
2025-12-30T17:25:21.6982621Z         "Error: EQPT failed to run on {}.".format("data0."+db))
2025-12-30T17:25:21.6983445Z         ^^^^^^^^^^^^^^^^^^^^^^^^^^^^^^^^^^^^^^^^^^^^^^^^^^^^^^^
2025-12-30T17:25:21.6984424Z   File "/opt/hostedtoolcache/Python/3.13.11/x64/lib/python3.13/site-packages/wormutils/Error_Handler.py", line 57, in raise_exception
2025-12-30T17:25:21.6985012Z     raise Exception(msg)
2025-12-30T17:25:21.6985266Z Exception: Error: EQPT failed to run on data0.wrm.
2025-12-30T17:25:29.8586109Z Traceback (most recent call last):
2025-12-30T17:25:29.8589836Z   File "/home/runner/work/aqequil/aqequil/aqequil/AqSpeciation.py", line 854, in runeqpt
2025-12-30T17:25:29.8591151Z     self.__run_eq_executable('eqpt', [data0_path], cwd=os.getcwd())
2025-12-30T17:25:29.8591894Z     ~~~~~~~~~~~~~~~~~~~~~~~~^^^^^^^^^^^^^^^^^^^^^^^^^^^^^^^^^^^^^^^
2025-12-30T17:25:29.8593499Z   File "/home/runner/work/aqequil/aqequil/aqequil/AqSpeciation.py", line 1114, in __run_eq_executable
2025-12-30T17:25:29.8594694Z     exe_path = os.path.join(self.eq36co, exe_name)
2025-12-30T17:25:29.8595320Z   File "<frozen posixpath>", line 77, in join
2025-12-30T17:25:29.8595998Z TypeError: expected str, bytes or os.PathLike object, not NoneType
2025-12-30T17:25:29.8596426Z 
2025-12-30T17:25:29.8596726Z During handling of the above exception, another exception occurred:
2025-12-30T17:25:29.8597216Z 
2025-12-30T17:25:29.8597431Z Traceback (most recent call last):
2025-12-30T17:25:29.8598450Z   File "/home/runner/work/aqequil/aqequil/test_integration.py", line 253, in test_water_rock_reaction
2025-12-30T17:25:29.8599299Z     speciation = ae.speciate(
2025-12-30T17:25:29.8599594Z         input_filename=test_csv,
2025-12-30T17:25:29.8600307Z         exclude=["Year", "Area"]
2025-12-30T17:25:29.8600557Z     )
2025-12-30T17:25:29.8601303Z   File "/home/runner/work/aqequil/aqequil/aqequil/AqSpeciation.py", line 1926, in speciate
2025-12-30T17:25:29.8602247Z     self.runeqpt(data0_lettercode, dynamic_db=True)
2025-12-30T17:25:29.8602958Z     ~~~~~~~~~~~~^^^^^^^^^^^^^^^^^^^^^^^^^^^^^^^^^^^
2025-12-30T17:25:29.8603861Z   File "/home/runner/work/aqequil/aqequil/aqequil/AqSpeciation.py", line 856, in runeqpt
2025-12-30T17:25:29.8604838Z     self.err_handler.raise_exception(
2025-12-30T17:25:29.8605341Z     ~~~~~~~~~~~~~~~~~~~~~~~~~~~~~~~~^
2025-12-30T17:25:29.8605883Z         "Error: EQPT failed to run on {}.".format("data0."+db))
2025-12-30T17:25:29.8606478Z         ^^^^^^^^^^^^^^^^^^^^^^^^^^^^^^^^^^^^^^^^^^^^^^^^^^^^^^^
2025-12-30T17:25:29.8607395Z   File "/opt/hostedtoolcache/Python/3.13.11/x64/lib/python3.13/site-packages/wormutils/Error_Handler.py", line 57, in raise_exception
2025-12-30T17:25:29.8608005Z     raise Exception(msg)
2025-12-30T17:25:29.8608308Z Exception: Error: EQPT failed to run on data0.dyn.
2025-12-30T17:25:29.8608536Z 
2025-12-30T17:25:29.8608647Z ============================================================
2025-12-30T17:25:29.8608937Z AQEQUIL INTEGRATION TEST SUITE
2025-12-30T17:25:29.8609176Z ============================================================
2025-12-30T17:25:29.8609431Z Python: 3.13.11
2025-12-30T17:25:29.8609603Z Platform: linux
2025-12-30T17:25:29.8609785Z Architecture: x86_64
2025-12-30T17:25:29.8609994Z ============================================================
2025-12-30T17:25:29.8610255Z ============================================================
2025-12-30T17:25:29.8610534Z Test 1: Checking for bundled EQ3/6 executables
2025-12-30T17:25:29.8610811Z ============================================================
2025-12-30T17:25:29.8611093Z [FAIL] No bundled executables found!
2025-12-30T17:25:29.8611265Z 
2025-12-30T17:25:29.8611350Z ============================================================
2025-12-30T17:25:29.8611631Z Test 2: Testing aqequil import and basic usage
2025-12-30T17:25:29.8611904Z ============================================================
2025-12-30T17:25:29.8612378Z [OK] Successfully imported aqequil
2025-12-30T17:25:29.8612983Z [OK] Found test data at: /home/runner/work/aqequil/aqequil/aqequil/test_data/input_example_wrm.csv
2025-12-30T17:25:29.8613343Z 
2025-12-30T17:25:29.8613438Z ============================================================
2025-12-30T17:25:29.8613733Z Test 3: Testing runeqpt (data0 to data1 conversion)
2025-12-30T17:25:29.8614015Z ============================================================
2025-12-30T17:25:29.8614293Z [INFO] Working directory: /tmp/tmph7ims7fy
2025-12-30T17:25:29.8614567Z [OK] Copied data0.wrm to working directory
2025-12-30T17:25:29.8614814Z Running EQPT on data0.wrm...
2025-12-30T17:25:29.8615127Z [FAIL] Error during runeqpt: Error: EQPT failed to run on data0.wrm.
2025-12-30T17:25:29.8615383Z 
2025-12-30T17:25:29.8615477Z ============================================================
2025-12-30T17:25:29.8615761Z Test 4: Testing simple speciation (wrm database)
2025-12-30T17:25:29.8616057Z ============================================================
2025-12-30T17:25:29.8616514Z Running speciation on /home/runner/work/aqequil/aqequil/aqequil/test_data/input_example_wrm.csv...
2025-12-30T17:25:29.8616972Z [INFO] Working directory: /tmp/tmp_e649x5n
2025-12-30T17:25:29.8617232Z [OK] Copied data0.wrm to working directory
2025-12-30T17:25:29.8617493Z Running EQPT to create data1.wrm...
2025-12-30T17:25:29.8617847Z [FAIL] Error during simple speciation: Error: EQPT failed to run on data0.wrm.
2025-12-30T17:25:29.8618137Z 
2025-12-30T17:25:29.8618232Z ============================================================
2025-12-30T17:25:29.8618494Z Test 5: Testing water-rock reaction
2025-12-30T17:25:29.8618739Z ============================================================
2025-12-30T17:25:29.8619180Z Running speciation on /home/runner/work/aqequil/aqequil/aqequil/test_data/input_example_wrm.csv...
2025-12-30T17:25:29.8619775Z [INFO] Working directory: /tmp/tmpqbfjgm0j
2025-12-30T17:25:29.8620104Z Getting wrm_data_latest.csv ready. This will take a moment...
2025-12-30T17:25:29.8620609Z No 'charge_balance_on' column found in input file. Defaulting to no charge balancing for all samples.
2025-12-30T17:25:29.8621285Z Warning: a column for Pressure was not found in the sample input file. Defaulting to water saturation pressure...
2025-12-30T17:25:29.8621921Z [FAIL] Error during water-rock reaction: Error: EQPT failed to run on data0.dyn.
2025-12-30T17:25:29.8622287Z 
2025-12-30T17:25:29.8622377Z ============================================================
2025-12-30T17:25:29.8622626Z TEST SUMMARY
2025-12-30T17:25:29.8622943Z ============================================================
2025-12-30T17:25:29.8623203Z [FAIL] Bundled Executables
2025-12-30T17:25:29.8623422Z [PASS] Import and Basic Usage
2025-12-30T17:25:29.8623658Z [FAIL] EQPT Data0 to Data1 Conversion
2025-12-30T17:25:29.8623913Z [FAIL] Simple Speciation (wrm database)
2025-12-30T17:25:29.8624165Z [FAIL] Water-Rock Reaction
2025-12-30T17:25:29.8624392Z ============================================================
2025-12-30T17:25:29.8624570Z 
2025-12-30T17:25:29.8624652Z [FAIL] Some tests failed!
2025-12-30T17:25:30.1306361Z ##[error]Process completed with exit code 1.
2025-12-30T17:25:30.1411813Z Post job cleanup.
2025-12-30T17:25:30.2384048Z [command]/usr/bin/git version
2025-12-30T17:25:30.2420655Z git version 2.52.0
2025-12-30T17:25:30.2465084Z Temporarily overriding HOME='/home/runner/work/_temp/b10bdbbf-fbeb-4ab3-8f2c-b21879897e66' before making global git config changes
2025-12-30T17:25:30.2466324Z Adding repository directory to the temporary git global config as a safe directory
2025-12-30T17:25:30.2478477Z [command]/usr/bin/git config --global --add safe.directory /home/runner/work/aqequil/aqequil
2025-12-30T17:25:30.2516390Z [command]/usr/bin/git config --local --name-only --get-regexp core\.sshCommand
2025-12-30T17:25:30.2550496Z [command]/usr/bin/git submodule foreach --recursive sh -c "git config --local --name-only --get-regexp 'core\.sshCommand' && git config --local --unset-all 'core.sshCommand' || :"
2025-12-30T17:25:30.2789767Z [command]/usr/bin/git config --local --name-only --get-regexp http\.https\:\/\/github\.com\/\.extraheader
2025-12-30T17:25:30.2814068Z http.https://github.com/.extraheader
2025-12-30T17:25:30.2826956Z [command]/usr/bin/git config --local --unset-all http.https://github.com/.extraheader
2025-12-30T17:25:30.2859634Z [command]/usr/bin/git submodule foreach --recursive sh -c "git config --local --name-only --get-regexp 'http\.https\:\/\/github\.com\/\.extraheader' && git config --local --unset-all 'http.https://github.com/.extraheader' || :"
2025-12-30T17:25:30.3090403Z [command]/usr/bin/git config --local --name-only --get-regexp ^includeIf\.gitdir:
2025-12-30T17:25:30.3124807Z [command]/usr/bin/git submodule foreach --recursive git config --local --show-origin --name-only --get-regexp remote.origin.url
2025-12-30T17:25:30.3473889Z Cleaning up orphan processes
