2025-12-30T17:24:44.8565614Z Current runner version: '2.330.0'
2025-12-30T17:24:44.8599114Z ##[group]Runner Image Provisioner
2025-12-30T17:24:44.8600208Z Hosted Compute Agent
2025-12-30T17:24:44.8600991Z Version: 20251202.455
2025-12-30T17:24:44.8601762Z Commit: 6c10caca4910e198df60de23adf20ad317c474e3
2025-12-30T17:24:44.8602691Z Build Date: 2025-12-02T15:56:59Z
2025-12-30T17:24:44.8603517Z Worker ID: {9ad3fa75-43ec-4707-8f0b-c1752ba9367a}
2025-12-30T17:24:44.8604432Z ##[endgroup]
2025-12-30T17:24:44.8605020Z ##[group]Operating System
2025-12-30T17:24:44.8605811Z Microsoft Windows Server 2019
2025-12-30T17:24:44.8606550Z 10.0.17763
2025-12-30T17:24:44.8607088Z Datacenter
2025-12-30T17:24:44.8607625Z ##[endgroup]
2025-12-30T17:24:44.8608156Z ##[group]Runner Image
2025-12-30T17:24:44.8608780Z Image: windows-2019
2025-12-30T17:24:44.8609343Z Version: 20250623.2.0
2025-12-30T17:24:44.8611201Z Included Software: https://github.com/actions/runner-images/blob/win19/20250623.2/images/windows/Windows2019-Readme.md
2025-12-30T17:24:44.8613263Z Image Release: https://github.com/actions/runner-images/releases/tag/win19%2F20250623.2
2025-12-30T17:24:44.8614478Z ##[endgroup]
2025-12-30T17:24:44.8618292Z ##[group]GITHUB_TOKEN Permissions
2025-12-30T17:24:44.8620976Z Actions: write
2025-12-30T17:24:44.8621598Z ArtifactMetadata: write
2025-12-30T17:24:44.8622293Z Attestations: write
2025-12-30T17:24:44.8623004Z Checks: write
2025-12-30T17:24:44.8623622Z Contents: write
2025-12-30T17:24:44.8624277Z Deployments: write
2025-12-30T17:24:44.8624914Z Discussions: write
2025-12-30T17:24:44.8625536Z Issues: write
2025-12-30T17:24:44.8626081Z Metadata: read
2025-12-30T17:24:44.8626739Z Models: read
2025-12-30T17:24:44.8627319Z Packages: write
2025-12-30T17:24:44.8627927Z Pages: write
2025-12-30T17:24:44.8628549Z PullRequests: write
2025-12-30T17:24:44.8629336Z RepositoryProjects: write
2025-12-30T17:24:44.8630089Z SecurityEvents: write
2025-12-30T17:24:44.8631229Z Statuses: write
2025-12-30T17:24:44.8631894Z ##[endgroup]
2025-12-30T17:24:44.8634318Z Secret source: Actions
2025-12-30T17:24:44.8635247Z Prepare workflow directory
2025-12-30T17:24:44.8964371Z Prepare all required actions
2025-12-30T17:24:44.9001057Z Getting action download info
2025-12-30T17:24:45.2453123Z Download action repository 'actions/checkout@v4' (SHA:34e114876b0b11c390a56381ad16ebd13914f8d5)
2025-12-30T17:24:45.6806521Z Download action repository 'actions/setup-python@v5' (SHA:a26af69be951a213d495a4c3e4e4022e16d87065)
2025-12-30T17:24:46.1183585Z Download action repository 'actions/download-artifact@v4' (SHA:d3f86a106a0bac45b974a628896c90dbdf5c8093)
2025-12-30T17:24:46.7504811Z Complete job name: Test wheels on windows-2019 with Python 3.12
2025-12-30T17:24:46.9019945Z ##[group]Run actions/checkout@v4
2025-12-30T17:24:46.9021438Z with:
2025-12-30T17:24:46.9022157Z   repository: worm-portal/aqequil
2025-12-30T17:24:46.9023309Z   token: ***
2025-12-30T17:24:46.9023925Z   ssh-strict: true
2025-12-30T17:24:46.9024601Z   ssh-user: git
2025-12-30T17:24:46.9025303Z   persist-credentials: true
2025-12-30T17:24:46.9026081Z   clean: true
2025-12-30T17:24:46.9026784Z   sparse-checkout-cone-mode: true
2025-12-30T17:24:46.9027565Z   fetch-depth: 1
2025-12-30T17:24:46.9028237Z   fetch-tags: false
2025-12-30T17:24:46.9028889Z   show-progress: true
2025-12-30T17:24:46.9029569Z   lfs: false
2025-12-30T17:24:46.9030179Z   submodules: false
2025-12-30T17:24:46.9030902Z   set-safe-directory: true
2025-12-30T17:24:46.9031887Z ##[endgroup]
2025-12-30T17:24:47.0778085Z Syncing repository: worm-portal/aqequil
2025-12-30T17:24:47.0781390Z ##[group]Getting Git version info
2025-12-30T17:24:47.0782651Z Working directory is 'D:\a\aqequil\aqequil'
2025-12-30T17:24:47.1501015Z [command]"C:\Program Files\Git\bin\git.exe" version
2025-12-30T17:24:47.5414861Z git version 2.50.0.windows.1
2025-12-30T17:24:47.5466763Z ##[endgroup]
2025-12-30T17:24:47.5485213Z Temporarily overriding HOME='D:\a\_temp\c949208e-9ed3-4e78-8d41-a2d8200aa572' before making global git config changes
2025-12-30T17:24:47.5488279Z Adding repository directory to the temporary git global config as a safe directory
2025-12-30T17:24:47.5499277Z [command]"C:\Program Files\Git\bin\git.exe" config --global --add safe.directory D:\a\aqequil\aqequil
2025-12-30T17:24:47.6049063Z Deleting the contents of 'D:\a\aqequil\aqequil'
2025-12-30T17:24:47.6054702Z ##[group]Initializing the repository
2025-12-30T17:24:47.6067630Z [command]"C:\Program Files\Git\bin\git.exe" init D:\a\aqequil\aqequil
2025-12-30T17:24:47.6903329Z Initialized empty Git repository in D:/a/aqequil/aqequil/.git/
2025-12-30T17:24:47.6955698Z [command]"C:\Program Files\Git\bin\git.exe" remote add origin https://github.com/worm-portal/aqequil
2025-12-30T17:24:47.7520269Z ##[endgroup]
2025-12-30T17:24:47.7526087Z ##[group]Disabling automatic garbage collection
2025-12-30T17:24:47.7572094Z [command]"C:\Program Files\Git\bin\git.exe" config --local gc.auto 0
2025-12-30T17:24:47.7827974Z ##[endgroup]
2025-12-30T17:24:47.7829705Z ##[group]Setting up auth
2025-12-30T17:24:47.7846389Z [command]"C:\Program Files\Git\bin\git.exe" config --local --name-only --get-regexp core\.sshCommand
2025-12-30T17:24:47.8110520Z [command]"C:\Program Files\Git\bin\git.exe" submodule foreach --recursive "sh -c \"git config --local --name-only --get-regexp 'core\.sshCommand' && git config --local --unset-all 'core.sshCommand' || :\""
2025-12-30T17:24:49.2057121Z [command]"C:\Program Files\Git\bin\git.exe" config --local --name-only --get-regexp http\.https\:\/\/github\.com\/\.extraheader
2025-12-30T17:24:49.2326390Z [command]"C:\Program Files\Git\bin\git.exe" submodule foreach --recursive "sh -c \"git config --local --name-only --get-regexp 'http\.https\:\/\/github\.com\/\.extraheader' && git config --local --unset-all 'http.https://github.com/.extraheader' || :\""
2025-12-30T17:24:49.6597943Z [command]"C:\Program Files\Git\bin\git.exe" config --local --name-only --get-regexp ^includeIf\.gitdir:
2025-12-30T17:24:49.6860130Z [command]"C:\Program Files\Git\bin\git.exe" submodule foreach --recursive "git config --local --show-origin --name-only --get-regexp remote.origin.url"
2025-12-30T17:24:50.1089532Z [command]"C:\Program Files\Git\bin\git.exe" config --local http.https://github.com/.extraheader "AUTHORIZATION: basic ***"
2025-12-30T17:24:50.1360643Z ##[endgroup]
2025-12-30T17:24:50.1361032Z ##[group]Fetching the repository
2025-12-30T17:24:50.1376339Z [command]"C:\Program Files\Git\bin\git.exe" -c protocol.version=2 fetch --no-tags --prune --no-recurse-submodules --depth=1 origin +e6190a14876ae468a4b5041a8a90e6974fe01773:refs/remotes/origin/dev
2025-12-30T17:24:51.3302671Z From https://github.com/worm-portal/aqequil
2025-12-30T17:24:51.3305703Z  * [new ref]         e6190a14876ae468a4b5041a8a90e6974fe01773 -> origin/dev
2025-12-30T17:24:51.3601718Z ##[endgroup]
2025-12-30T17:24:51.3602082Z ##[group]Determining the checkout info
2025-12-30T17:24:51.3604568Z ##[endgroup]
2025-12-30T17:24:51.3625971Z [command]"C:\Program Files\Git\bin\git.exe" sparse-checkout disable
2025-12-30T17:24:51.4050375Z [command]"C:\Program Files\Git\bin\git.exe" config --local --unset-all extensions.worktreeConfig
2025-12-30T17:24:51.4316622Z ##[group]Checking out the ref
2025-12-30T17:24:51.4317526Z [command]"C:\Program Files\Git\bin\git.exe" checkout --progress --force -B dev refs/remotes/origin/dev
2025-12-30T17:24:51.7261919Z branch 'dev' set up to track 'origin/dev'.
2025-12-30T17:24:51.7264297Z Switched to a new branch 'dev'
2025-12-30T17:24:51.7311001Z ##[endgroup]
2025-12-30T17:24:51.7695918Z [command]"C:\Program Files\Git\bin\git.exe" log -1 --format=%H
2025-12-30T17:24:51.7909893Z e6190a14876ae468a4b5041a8a90e6974fe01773
2025-12-30T17:24:51.8303776Z ##[group]Run actions/setup-python@v5
2025-12-30T17:24:51.8304126Z with:
2025-12-30T17:24:51.8304298Z   python-version: 3.12
2025-12-30T17:24:51.8304517Z   check-latest: false
2025-12-30T17:24:51.8304867Z   token: ***
2025-12-30T17:24:51.8305032Z   update-environment: true
2025-12-30T17:24:51.8305251Z   allow-prereleases: false
2025-12-30T17:24:51.8306546Z   freethreaded: false
2025-12-30T17:24:51.8306762Z ##[endgroup]
2025-12-30T17:24:52.0522148Z ##[group]Installed versions
2025-12-30T17:24:52.0976525Z Successfully set up CPython (3.12.10)
2025-12-30T17:24:52.0977218Z ##[endgroup]
2025-12-30T17:24:52.1250310Z ##[group]Run actions/download-artifact@v4
2025-12-30T17:24:52.1250647Z with:
2025-12-30T17:24:52.1250815Z   name: wheels-windows-2019
2025-12-30T17:24:52.1251027Z   path: wheelhouse
2025-12-30T17:24:52.1251208Z   merge-multiple: false
2025-12-30T17:24:52.1251401Z   repository: worm-portal/aqequil
2025-12-30T17:24:52.1251611Z   run-id: 20601542873
2025-12-30T17:24:52.1251765Z env:
2025-12-30T17:24:52.1251994Z   pythonLocation: C:\hostedtoolcache\windows\Python\3.12.10\x64
2025-12-30T17:24:52.1252407Z   PKG_CONFIG_PATH: C:\hostedtoolcache\windows\Python\3.12.10\x64/lib/pkgconfig
2025-12-30T17:24:52.1252807Z   Python_ROOT_DIR: C:\hostedtoolcache\windows\Python\3.12.10\x64
2025-12-30T17:24:52.1253159Z   Python2_ROOT_DIR: C:\hostedtoolcache\windows\Python\3.12.10\x64
2025-12-30T17:24:52.1253531Z   Python3_ROOT_DIR: C:\hostedtoolcache\windows\Python\3.12.10\x64
2025-12-30T17:24:52.1253818Z ##[endgroup]
2025-12-30T17:24:52.3985775Z Downloading single artifact
2025-12-30T17:24:52.5836643Z Preparing to download the following artifacts:
2025-12-30T17:24:52.5837911Z - wheels-windows-2019 (ID: 4992713713, Size: 31866550, Expected Digest: sha256:b24ff6dd381c53a4cda38103f0a555101e8024b3eb18f9c84984fd08cf04991f)
2025-12-30T17:24:52.7143557Z Redirecting to blob download url: https://productionresultssa19.blob.core.windows.net/actions-results/3359d908-0586-4c6c-8ddb-eda61a91ec84/workflow-job-run-86d5df9e-f010-59b5-8584-eab48523c60a/artifacts/2d74564dac50ace46aa55f3b0736466cb259cb536408fda096bfbd335df3bf65.zip
2025-12-30T17:24:52.7146018Z Starting download of artifact to: D:\a\aqequil\aqequil\wheelhouse
2025-12-30T17:24:52.8773276Z (node:3756) [DEP0005] DeprecationWarning: Buffer() is deprecated due to security and usability issues. Please use the Buffer.alloc(), Buffer.allocUnsafe(), or Buffer.from() methods instead.
2025-12-30T17:24:52.8774746Z (Use `node --trace-deprecation ...` to show where the warning was created)
2025-12-30T17:24:53.4785028Z SHA256 digest of downloaded artifact is b24ff6dd381c53a4cda38103f0a555101e8024b3eb18f9c84984fd08cf04991f
2025-12-30T17:24:53.4786306Z Artifact download completed successfully.
2025-12-30T17:24:53.4786866Z Total of 1 artifact(s) downloaded
2025-12-30T17:24:53.4798613Z Download artifact has finished successfully
2025-12-30T17:24:53.5109066Z ##[group]Run PYVER=$(echo "3.12" | tr -d '.')
2025-12-30T17:24:53.5109507Z [36;1mPYVER=$(echo "3.12" | tr -d '.')[0m
2025-12-30T17:24:53.5109859Z [36;1mpython -m pip install wheelhouse/aqequil-*-cp${PYVER}-*.whl[0m
2025-12-30T17:24:53.5172002Z shell: C:\Program Files\Git\bin\bash.EXE --noprofile --norc -e -o pipefail {0}
2025-12-30T17:24:53.5172365Z env:
2025-12-30T17:24:53.5172618Z   pythonLocation: C:\hostedtoolcache\windows\Python\3.12.10\x64
2025-12-30T17:24:53.5173045Z   PKG_CONFIG_PATH: C:\hostedtoolcache\windows\Python\3.12.10\x64/lib/pkgconfig
2025-12-30T17:24:53.5173445Z   Python_ROOT_DIR: C:\hostedtoolcache\windows\Python\3.12.10\x64
2025-12-30T17:24:53.5173816Z   Python2_ROOT_DIR: C:\hostedtoolcache\windows\Python\3.12.10\x64
2025-12-30T17:24:53.5174188Z   Python3_ROOT_DIR: C:\hostedtoolcache\windows\Python\3.12.10\x64
2025-12-30T17:24:53.5174468Z ##[endgroup]
2025-12-30T17:24:58.2298040Z Processing d:\a\aqequil\aqequil\wheelhouse\aqequil-0.41.0-cp312-cp312-win_amd64.whl
2025-12-30T17:24:58.5017461Z Collecting pandas (from aqequil==0.41.0)
2025-12-30T17:24:58.5317542Z   Downloading pandas-2.3.3-cp312-cp312-win_amd64.whl.metadata (19 kB)
2025-12-30T17:24:58.7540251Z Collecting numpy (from aqequil==0.41.0)
2025-12-30T17:24:58.7586801Z   Downloading numpy-2.4.0-cp312-cp312-win_amd64.whl.metadata (6.6 kB)
2025-12-30T17:24:58.9111755Z Collecting matplotlib (from aqequil==0.41.0)
2025-12-30T17:24:58.9175390Z   Downloading matplotlib-3.10.8-cp312-cp312-win_amd64.whl.metadata (52 kB)
2025-12-30T17:24:59.0024456Z Collecting plotly (from aqequil==0.41.0)
2025-12-30T17:24:59.0065671Z   Downloading plotly-6.5.0-py3-none-any.whl.metadata (8.5 kB)
2025-12-30T17:24:59.0828215Z Collecting ipython (from aqequil==0.41.0)
2025-12-30T17:24:59.0871954Z   Downloading ipython-9.8.0-py3-none-any.whl.metadata (4.5 kB)
2025-12-30T17:24:59.1394400Z Collecting chemparse (from aqequil==0.41.0)
2025-12-30T17:24:59.1454096Z   Downloading chemparse-0.3.2-py3-none-any.whl.metadata (1.7 kB)
2025-12-30T17:24:59.1950681Z Collecting dill (from aqequil==0.41.0)
2025-12-30T17:24:59.2016848Z   Downloading dill-0.4.0-py3-none-any.whl.metadata (10 kB)
2025-12-30T17:24:59.2536871Z Collecting periodictable (from aqequil==0.41.0)
2025-12-30T17:24:59.2613280Z   Downloading periodictable-2.0.2-py3-none-any.whl.metadata (5.4 kB)
2025-12-30T17:24:59.3165929Z Collecting natsort (from aqequil==0.41.0)
2025-12-30T17:24:59.3209107Z   Downloading natsort-8.4.0-py3-none-any.whl.metadata (21 kB)
2025-12-30T17:24:59.3721054Z Collecting roman (from aqequil==0.41.0)
2025-12-30T17:24:59.3775627Z   Downloading roman-5.2-py3-none-any.whl.metadata (4.3 kB)
2025-12-30T17:24:59.4543247Z Collecting ipywidgets (from aqequil==0.41.0)
2025-12-30T17:24:59.4587822Z   Downloading ipywidgets-8.1.8-py3-none-any.whl.metadata (2.4 kB)
2025-12-30T17:24:59.5149873Z Collecting wormutils (from aqequil==0.41.0)
2025-12-30T17:24:59.5206903Z   Downloading wormutils-0.2.0-py3-none-any.whl.metadata (723 bytes)
2025-12-30T17:24:59.5844309Z Collecting pychnosz (from aqequil==0.41.0)
2025-12-30T17:24:59.6103181Z   Downloading pychnosz-1.1.11-cp312-cp312-win_amd64.whl.metadata (8.4 kB)
2025-12-30T17:24:59.6681047Z Collecting colorama>=0.4.4 (from ipython->aqequil==0.41.0)
2025-12-30T17:24:59.6732292Z   Downloading colorama-0.4.6-py2.py3-none-any.whl.metadata (17 kB)
2025-12-30T17:24:59.7302635Z Collecting decorator>=4.3.2 (from ipython->aqequil==0.41.0)
2025-12-30T17:24:59.7348101Z   Downloading decorator-5.2.1-py3-none-any.whl.metadata (3.9 kB)
2025-12-30T17:24:59.7826947Z Collecting ipython-pygments-lexers>=1.0.0 (from ipython->aqequil==0.41.0)
2025-12-30T17:24:59.7868418Z   Downloading ipython_pygments_lexers-1.1.1-py3-none-any.whl.metadata (1.1 kB)
2025-12-30T17:24:59.8394255Z Collecting jedi>=0.18.1 (from ipython->aqequil==0.41.0)
2025-12-30T17:24:59.8443416Z   Downloading jedi-0.19.2-py2.py3-none-any.whl.metadata (22 kB)
2025-12-30T17:24:59.9034523Z Collecting matplotlib-inline>=0.1.5 (from ipython->aqequil==0.41.0)
2025-12-30T17:24:59.9086770Z   Downloading matplotlib_inline-0.2.1-py3-none-any.whl.metadata (2.3 kB)
2025-12-30T17:24:59.9925480Z Collecting prompt_toolkit<3.1.0,>=3.0.41 (from ipython->aqequil==0.41.0)
2025-12-30T17:24:59.9978110Z   Downloading prompt_toolkit-3.0.52-py3-none-any.whl.metadata (6.4 kB)
2025-12-30T17:25:00.1005857Z Collecting pygments>=2.11.0 (from ipython->aqequil==0.41.0)
2025-12-30T17:25:00.1168011Z   Downloading pygments-2.19.2-py3-none-any.whl.metadata (2.5 kB)
2025-12-30T17:25:00.2982463Z Collecting stack_data>=0.6.0 (from ipython->aqequil==0.41.0)
2025-12-30T17:25:00.3027718Z   Downloading stack_data-0.6.3-py3-none-any.whl.metadata (18 kB)
2025-12-30T17:25:00.3705477Z Collecting traitlets>=5.13.0 (from ipython->aqequil==0.41.0)
2025-12-30T17:25:00.3796987Z   Downloading traitlets-5.14.3-py3-none-any.whl.metadata (10 kB)
2025-12-30T17:25:00.4610126Z Collecting wcwidth (from prompt_toolkit<3.1.0,>=3.0.41->ipython->aqequil==0.41.0)
2025-12-30T17:25:00.4680592Z   Downloading wcwidth-0.2.14-py2.py3-none-any.whl.metadata (15 kB)
2025-12-30T17:25:00.5426456Z Collecting parso<0.9.0,>=0.8.4 (from jedi>=0.18.1->ipython->aqequil==0.41.0)
2025-12-30T17:25:00.5470429Z   Downloading parso-0.8.5-py2.py3-none-any.whl.metadata (8.3 kB)
2025-12-30T17:25:00.6148894Z Collecting executing>=1.2.0 (from stack_data>=0.6.0->ipython->aqequil==0.41.0)
2025-12-30T17:25:00.6198328Z   Downloading executing-2.2.1-py2.py3-none-any.whl.metadata (8.9 kB)
2025-12-30T17:25:00.6744427Z Collecting asttokens>=2.1.0 (from stack_data>=0.6.0->ipython->aqequil==0.41.0)
2025-12-30T17:25:00.6791658Z   Downloading asttokens-3.0.1-py3-none-any.whl.metadata (4.9 kB)
2025-12-30T17:25:00.7259650Z Collecting pure-eval (from stack_data>=0.6.0->ipython->aqequil==0.41.0)
2025-12-30T17:25:00.7313962Z   Downloading pure_eval-0.2.3-py3-none-any.whl.metadata (6.3 kB)
2025-12-30T17:25:00.7928487Z Collecting comm>=0.1.3 (from ipywidgets->aqequil==0.41.0)
2025-12-30T17:25:00.7975199Z   Downloading comm-0.2.3-py3-none-any.whl.metadata (3.7 kB)
2025-12-30T17:25:00.8764685Z Collecting widgetsnbextension~=4.0.14 (from ipywidgets->aqequil==0.41.0)
2025-12-30T17:25:00.8807991Z   Downloading widgetsnbextension-4.0.15-py3-none-any.whl.metadata (1.6 kB)
2025-12-30T17:25:00.9399249Z Collecting jupyterlab_widgets~=3.0.15 (from ipywidgets->aqequil==0.41.0)
2025-12-30T17:25:00.9444320Z   Downloading jupyterlab_widgets-3.0.16-py3-none-any.whl.metadata (20 kB)
2025-12-30T17:25:01.0670032Z Collecting contourpy>=1.0.1 (from matplotlib->aqequil==0.41.0)
2025-12-30T17:25:01.0726122Z   Downloading contourpy-1.3.3-cp312-cp312-win_amd64.whl.metadata (5.5 kB)
2025-12-30T17:25:01.1268544Z Collecting cycler>=0.10 (from matplotlib->aqequil==0.41.0)
2025-12-30T17:25:01.1314585Z   Downloading cycler-0.12.1-py3-none-any.whl.metadata (3.8 kB)
2025-12-30T17:25:01.3067608Z Collecting fonttools>=4.22.0 (from matplotlib->aqequil==0.41.0)
2025-12-30T17:25:01.3121890Z   Downloading fonttools-4.61.1-cp312-cp312-win_amd64.whl.metadata (116 kB)
2025-12-30T17:25:01.4191760Z Collecting kiwisolver>=1.3.1 (from matplotlib->aqequil==0.41.0)
2025-12-30T17:25:01.4247041Z   Downloading kiwisolver-1.4.9-cp312-cp312-win_amd64.whl.metadata (6.4 kB)
2025-12-30T17:25:01.4858118Z Collecting packaging>=20.0 (from matplotlib->aqequil==0.41.0)
2025-12-30T17:25:01.4905716Z   Downloading packaging-25.0-py3-none-any.whl.metadata (3.3 kB)
2025-12-30T17:25:01.6773756Z Collecting pillow>=8 (from matplotlib->aqequil==0.41.0)
2025-12-30T17:25:01.6853189Z   Downloading pillow-12.0.0-cp312-cp312-win_amd64.whl.metadata (9.0 kB)
2025-12-30T17:25:01.7758492Z Collecting pyparsing>=3 (from matplotlib->aqequil==0.41.0)
2025-12-30T17:25:01.7810666Z   Downloading pyparsing-3.3.1-py3-none-any.whl.metadata (5.6 kB)
2025-12-30T17:25:01.8369752Z Collecting python-dateutil>=2.7 (from matplotlib->aqequil==0.41.0)
2025-12-30T17:25:01.8419096Z   Downloading python_dateutil-2.9.0.post0-py2.py3-none-any.whl.metadata (8.4 kB)
2025-12-30T17:25:01.9231891Z Collecting six>=1.5 (from python-dateutil>=2.7->matplotlib->aqequil==0.41.0)
2025-12-30T17:25:01.9291217Z   Downloading six-1.17.0-py2.py3-none-any.whl.metadata (1.7 kB)
2025-12-30T17:25:02.0206492Z Collecting pytz>=2020.1 (from pandas->aqequil==0.41.0)
2025-12-30T17:25:02.0252614Z   Downloading pytz-2025.2-py2.py3-none-any.whl.metadata (22 kB)
2025-12-30T17:25:02.0877315Z Collecting tzdata>=2022.7 (from pandas->aqequil==0.41.0)
2025-12-30T17:25:02.0923604Z   Downloading tzdata-2025.3-py2.py3-none-any.whl.metadata (1.4 kB)
2025-12-30T17:25:02.1778836Z Collecting narwhals>=1.15.1 (from plotly->aqequil==0.41.0)
2025-12-30T17:25:02.1821314Z   Downloading narwhals-2.14.0-py3-none-any.whl.metadata (13 kB)
2025-12-30T17:25:02.3872992Z Collecting scipy>=1.7.0 (from pychnosz->aqequil==0.41.0)
2025-12-30T17:25:02.3939396Z   Downloading scipy-1.16.3-cp312-cp312-win_amd64.whl.metadata (60 kB)
2025-12-30T17:25:02.4979984Z Collecting requests (from wormutils->aqequil==0.41.0)
2025-12-30T17:25:02.5026805Z   Downloading requests-2.32.5-py3-none-any.whl.metadata (4.9 kB)
2025-12-30T17:25:02.5614193Z Collecting importlib_resources (from wormutils->aqequil==0.41.0)
2025-12-30T17:25:02.5659936Z   Downloading importlib_resources-6.5.2-py3-none-any.whl.metadata (3.9 kB)
2025-12-30T17:25:02.6847395Z Collecting charset_normalizer<4,>=2 (from requests->wormutils->aqequil==0.41.0)
2025-12-30T17:25:02.6897325Z   Downloading charset_normalizer-3.4.4-cp312-cp312-win_amd64.whl.metadata (38 kB)
2025-12-30T17:25:02.7506854Z Collecting idna<4,>=2.5 (from requests->wormutils->aqequil==0.41.0)
2025-12-30T17:25:02.7552585Z   Downloading idna-3.11-py3-none-any.whl.metadata (8.4 kB)
2025-12-30T17:25:02.8219705Z Collecting urllib3<3,>=1.21.1 (from requests->wormutils->aqequil==0.41.0)
2025-12-30T17:25:02.8265292Z   Downloading urllib3-2.6.2-py3-none-any.whl.metadata (6.6 kB)
2025-12-30T17:25:02.8846038Z Collecting certifi>=2017.4.17 (from requests->wormutils->aqequil==0.41.0)
2025-12-30T17:25:02.8931605Z   Downloading certifi-2025.11.12-py3-none-any.whl.metadata (2.5 kB)
2025-12-30T17:25:02.9309766Z Downloading chemparse-0.3.2-py3-none-any.whl (5.9 kB)
2025-12-30T17:25:02.9563419Z Downloading dill-0.4.0-py3-none-any.whl (119 kB)
2025-12-30T17:25:02.9818212Z Downloading ipython-9.8.0-py3-none-any.whl (621 kB)
2025-12-30T17:25:03.0111221Z    --------------------------------------- 621.4/621.4 kB 11.6 MB/s eta 0:00:00
2025-12-30T17:25:03.0163957Z Downloading prompt_toolkit-3.0.52-py3-none-any.whl (391 kB)
2025-12-30T17:25:03.0464456Z Downloading colorama-0.4.6-py2.py3-none-any.whl (25 kB)
2025-12-30T17:25:03.0734769Z Downloading decorator-5.2.1-py3-none-any.whl (9.2 kB)
2025-12-30T17:25:03.0988749Z Downloading ipython_pygments_lexers-1.1.1-py3-none-any.whl (8.1 kB)
2025-12-30T17:25:03.1231703Z Downloading jedi-0.19.2-py2.py3-none-any.whl (1.6 MB)
2025-12-30T17:25:03.2042808Z    ---------------------------------------- 1.6/1.6 MB 16.8 MB/s eta 0:00:00
2025-12-30T17:25:03.2090691Z Downloading parso-0.8.5-py2.py3-none-any.whl (106 kB)
2025-12-30T17:25:03.2337232Z Downloading matplotlib_inline-0.2.1-py3-none-any.whl (9.5 kB)
2025-12-30T17:25:03.2560404Z Downloading pygments-2.19.2-py3-none-any.whl (1.2 MB)
2025-12-30T17:25:03.2899434Z    ---------------------------------------- 1.2/1.2 MB 30.1 MB/s eta 0:00:00
2025-12-30T17:25:03.2941799Z Downloading stack_data-0.6.3-py3-none-any.whl (24 kB)
2025-12-30T17:25:03.3184592Z Downloading asttokens-3.0.1-py3-none-any.whl (27 kB)
2025-12-30T17:25:03.3436200Z Downloading executing-2.2.1-py2.py3-none-any.whl (28 kB)
2025-12-30T17:25:03.3680914Z Downloading traitlets-5.14.3-py3-none-any.whl (85 kB)
2025-12-30T17:25:03.3959264Z Downloading ipywidgets-8.1.8-py3-none-any.whl (139 kB)
2025-12-30T17:25:03.4194200Z Downloading jupyterlab_widgets-3.0.16-py3-none-any.whl (914 kB)
2025-12-30T17:25:03.4492874Z    --------------------------------------- 914.9/914.9 kB 21.1 MB/s eta 0:00:00
2025-12-30T17:25:03.4550113Z Downloading widgetsnbextension-4.0.15-py3-none-any.whl (2.2 MB)
2025-12-30T17:25:03.4975907Z    ---------------------------------------- 2.2/2.2 MB 41.2 MB/s eta 0:00:00
2025-12-30T17:25:03.5016328Z Downloading comm-0.2.3-py3-none-any.whl (7.3 kB)
2025-12-30T17:25:03.5263052Z Downloading matplotlib-3.10.8-cp312-cp312-win_amd64.whl (8.1 MB)
2025-12-30T17:25:03.6051805Z    ---------------------------------------- 8.1/8.1 MB 101.0 MB/s eta 0:00:00
2025-12-30T17:25:03.6102719Z Downloading contourpy-1.3.3-cp312-cp312-win_amd64.whl (226 kB)
2025-12-30T17:25:03.6414180Z Downloading cycler-0.12.1-py3-none-any.whl (8.3 kB)
2025-12-30T17:25:03.6675690Z Downloading fonttools-4.61.1-cp312-cp312-win_amd64.whl (2.3 MB)
2025-12-30T17:25:03.7147427Z    ---------------------------------------- 2.3/2.3 MB 44.7 MB/s eta 0:00:00
2025-12-30T17:25:03.7194553Z Downloading kiwisolver-1.4.9-cp312-cp312-win_amd64.whl (73 kB)
2025-12-30T17:25:03.7520143Z Downloading numpy-2.4.0-cp312-cp312-win_amd64.whl (12.3 MB)
2025-12-30T17:25:03.8644372Z    ---------------------------------------- 12.3/12.3 MB 110.5 MB/s eta 0:00:00
2025-12-30T17:25:03.8690579Z Downloading packaging-25.0-py3-none-any.whl (66 kB)
2025-12-30T17:25:03.9035790Z Downloading pillow-12.0.0-cp312-cp312-win_amd64.whl (7.0 MB)
2025-12-30T17:25:03.9956648Z    ---------------------------------------- 7.0/7.0 MB 71.7 MB/s eta 0:00:00
2025-12-30T17:25:03.9998853Z Downloading pyparsing-3.3.1-py3-none-any.whl (121 kB)
2025-12-30T17:25:04.0304465Z Downloading python_dateutil-2.9.0.post0-py2.py3-none-any.whl (229 kB)
2025-12-30T17:25:04.0583017Z Downloading six-1.17.0-py2.py3-none-any.whl (11 kB)
2025-12-30T17:25:04.0880746Z Downloading natsort-8.4.0-py3-none-any.whl (38 kB)
2025-12-30T17:25:04.1284453Z Downloading pandas-2.3.3-cp312-cp312-win_amd64.whl (11.0 MB)
2025-12-30T17:25:04.2496226Z    ---------------------------------------- 11.0/11.0 MB 98.4 MB/s eta 0:00:00
2025-12-30T17:25:04.2546806Z Downloading pytz-2025.2-py2.py3-none-any.whl (509 kB)
2025-12-30T17:25:04.2948534Z Downloading tzdata-2025.3-py2.py3-none-any.whl (348 kB)
2025-12-30T17:25:04.3285168Z Downloading periodictable-2.0.2-py3-none-any.whl (811 kB)
2025-12-30T17:25:04.3670482Z    --------------------------------------- 811.1/811.1 kB 17.7 MB/s eta 0:00:00
2025-12-30T17:25:04.3730495Z Downloading plotly-6.5.0-py3-none-any.whl (9.9 MB)
2025-12-30T17:25:04.4780338Z    ---------------------------------------- 9.9/9.9 MB 103.6 MB/s eta 0:00:00
2025-12-30T17:25:04.4825650Z Downloading narwhals-2.14.0-py3-none-any.whl (430 kB)
2025-12-30T17:25:04.5550182Z Downloading pure_eval-0.2.3-py3-none-any.whl (11 kB)
2025-12-30T17:25:04.5853532Z Downloading pychnosz-1.1.11-cp312-cp312-win_amd64.whl (863 kB)
2025-12-30T17:25:04.6279654Z    --------------------------------------- 863.6/863.6 kB 12.8 MB/s eta 0:00:00
2025-12-30T17:25:04.6357037Z Downloading scipy-1.16.3-cp312-cp312-win_amd64.whl (38.6 MB)
2025-12-30T17:25:05.2529521Z    ---------------------------------------- 38.6/38.6 MB 62.8 MB/s eta 0:00:00
2025-12-30T17:25:05.2577669Z Downloading roman-5.2-py3-none-any.whl (6.0 kB)
2025-12-30T17:25:05.2878679Z Downloading wcwidth-0.2.14-py2.py3-none-any.whl (37 kB)
2025-12-30T17:25:05.3235682Z Downloading wormutils-0.2.0-py3-none-any.whl (18 kB)
2025-12-30T17:25:05.3627665Z Downloading importlib_resources-6.5.2-py3-none-any.whl (37 kB)
2025-12-30T17:25:05.3958364Z Downloading requests-2.32.5-py3-none-any.whl (64 kB)
2025-12-30T17:25:05.4363359Z Downloading charset_normalizer-3.4.4-cp312-cp312-win_amd64.whl (107 kB)
2025-12-30T17:25:05.4880599Z Downloading idna-3.11-py3-none-any.whl (71 kB)
2025-12-30T17:25:05.5245248Z Downloading urllib3-2.6.2-py3-none-any.whl (131 kB)
2025-12-30T17:25:05.5666331Z Downloading certifi-2025.11.12-py3-none-any.whl (159 kB)
2025-12-30T17:25:06.0025501Z Installing collected packages: pytz, pure-eval, widgetsnbextension, wcwidth, urllib3, tzdata, traitlets, six, roman, pyparsing, pygments, pillow, parso, packaging, numpy, natsort, narwhals, kiwisolver, jupyterlab_widgets, importlib_resources, idna, fonttools, executing, dill, decorator, cycler, comm, colorama, chemparse, charset_normalizer, certifi, asttokens, stack_data, scipy, requests, python-dateutil, prompt_toolkit, plotly, periodictable, matplotlib-inline, jedi, ipython-pygments-lexers, contourpy, pandas, matplotlib, ipython, wormutils, pychnosz, ipywidgets, aqequil
2025-12-30T17:25:59.0881387Z 
2025-12-30T17:25:59.0928088Z Successfully installed aqequil-0.41.0 asttokens-3.0.1 certifi-2025.11.12 charset_normalizer-3.4.4 chemparse-0.3.2 colorama-0.4.6 comm-0.2.3 contourpy-1.3.3 cycler-0.12.1 decorator-5.2.1 dill-0.4.0 executing-2.2.1 fonttools-4.61.1 idna-3.11 importlib_resources-6.5.2 ipython-9.8.0 ipython-pygments-lexers-1.1.1 ipywidgets-8.1.8 jedi-0.19.2 jupyterlab_widgets-3.0.16 kiwisolver-1.4.9 matplotlib-3.10.8 matplotlib-inline-0.2.1 narwhals-2.14.0 natsort-8.4.0 numpy-2.4.0 packaging-25.0 pandas-2.3.3 parso-0.8.5 periodictable-2.0.2 pillow-12.0.0 plotly-6.5.0 prompt_toolkit-3.0.52 pure-eval-0.2.3 pychnosz-1.1.11 pygments-2.19.2 pyparsing-3.3.1 python-dateutil-2.9.0.post0 pytz-2025.2 requests-2.32.5 roman-5.2 scipy-1.16.3 six-1.17.0 stack_data-0.6.3 traitlets-5.14.3 tzdata-2025.3 urllib3-2.6.2 wcwidth-0.2.14 widgetsnbextension-4.0.15 wormutils-0.2.0
2025-12-30T17:25:59.1722146Z 
2025-12-30T17:25:59.1723371Z [notice] A new release of pip is available: 25.1.1 -> 25.3
2025-12-30T17:25:59.1724479Z [notice] To update, run: python.exe -m pip install --upgrade pip
2025-12-30T17:25:59.5154413Z ##[group]Run python test_integration.py
2025-12-30T17:25:59.5154801Z [36;1mpython test_integration.py[0m
2025-12-30T17:25:59.5166749Z shell: C:\Program Files\Git\bin\bash.EXE --noprofile --norc -e -o pipefail {0}
2025-12-30T17:25:59.5167119Z env:
2025-12-30T17:25:59.5167389Z   pythonLocation: C:\hostedtoolcache\windows\Python\3.12.10\x64
2025-12-30T17:25:59.5167794Z   PKG_CONFIG_PATH: C:\hostedtoolcache\windows\Python\3.12.10\x64/lib/pkgconfig
2025-12-30T17:25:59.5168206Z   Python_ROOT_DIR: C:\hostedtoolcache\windows\Python\3.12.10\x64
2025-12-30T17:25:59.5168583Z   Python2_ROOT_DIR: C:\hostedtoolcache\windows\Python\3.12.10\x64
2025-12-30T17:25:59.5168962Z   Python3_ROOT_DIR: C:\hostedtoolcache\windows\Python\3.12.10\x64
2025-12-30T17:25:59.5169247Z ##[endgroup]
2025-12-30T17:26:06.0984631Z Traceback (most recent call last):
2025-12-30T17:26:06.1002315Z   File "D:\a\aqequil\aqequil\aqequil\AqSpeciation.py", line 854, in runeqpt
2025-12-30T17:26:06.1002931Z     self.__run_eq_executable('eqpt', [data0_path], cwd=os.getcwd())
2025-12-30T17:26:06.1003444Z   File "D:\a\aqequil\aqequil\aqequil\AqSpeciation.py", line 1104, in __run_eq_executable
2025-12-30T17:26:06.1003898Z     exe_path = os.path.join(self.eq36co, f"{exe_name}.exe")
2025-12-30T17:26:06.1004219Z                ^^^^^^^^^^^^^^^^^^^^^^^^^^^^^^^^^^^^^^^^^^^^
2025-12-30T17:26:06.1004512Z   File "<frozen ntpath>", line 108, in join
2025-12-30T17:26:06.1004854Z TypeError: expected str, bytes or os.PathLike object, not NoneType
2025-12-30T17:26:06.1005115Z 
2025-12-30T17:26:06.1005280Z During handling of the above exception, another exception occurred:
2025-12-30T17:26:06.1005528Z 
2025-12-30T17:26:06.1005628Z Traceback (most recent call last):
2025-12-30T17:26:06.1005965Z   File "D:\a\aqequil\aqequil\test_integration.py", line 119, in test_runeqpt
2025-12-30T17:26:06.1006296Z     ae.runeqpt('wrm')
2025-12-30T17:26:06.1006605Z   File "D:\a\aqequil\aqequil\aqequil\AqSpeciation.py", line 856, in runeqpt
2025-12-30T17:26:06.1006967Z     self.err_handler.raise_exception(
2025-12-30T17:26:06.1007491Z   File "C:\hostedtoolcache\windows\Python\3.12.10\x64\Lib\site-packages\wormutils\Error_Handler.py", line 57, in raise_exception
2025-12-30T17:26:06.1008005Z     raise Exception(msg)
2025-12-30T17:26:06.1008261Z Exception: Error: EQPT failed to run on data0.wrm.
2025-12-30T17:26:06.1038885Z Traceback (most recent call last):
2025-12-30T17:26:06.1040500Z   File "D:\a\aqequil\aqequil\aqequil\AqSpeciation.py", line 854, in runeqpt
2025-12-30T17:26:06.1041051Z     self.__run_eq_executable('eqpt', [data0_path], cwd=os.getcwd())
2025-12-30T17:26:06.1041779Z   File "D:\a\aqequil\aqequil\aqequil\AqSpeciation.py", line 1104, in __run_eq_executable
2025-12-30T17:26:06.1042483Z     exe_path = os.path.join(self.eq36co, f"{exe_name}.exe")
2025-12-30T17:26:06.1042811Z                ^^^^^^^^^^^^^^^^^^^^^^^^^^^^^^^^^^^^^^^^^^^^
2025-12-30T17:26:06.1043088Z   File "<frozen ntpath>", line 108, in join
2025-12-30T17:26:06.1043453Z TypeError: expected str, bytes or os.PathLike object, not NoneType
2025-12-30T17:26:06.1043702Z 
2025-12-30T17:26:06.1043893Z During handling of the above exception, another exception occurred:
2025-12-30T17:26:06.1044136Z 
2025-12-30T17:26:06.1044235Z Traceback (most recent call last):
2025-12-30T17:26:06.1044608Z   File "D:\a\aqequil\aqequil\test_integration.py", line 186, in test_speciation_simple
2025-12-30T17:26:06.1044983Z     ae_eqpt.runeqpt('wrm')
2025-12-30T17:26:06.1045317Z   File "D:\a\aqequil\aqequil\aqequil\AqSpeciation.py", line 856, in runeqpt
2025-12-30T17:26:06.1045662Z     self.err_handler.raise_exception(
2025-12-30T17:26:06.1046174Z   File "C:\hostedtoolcache\windows\Python\3.12.10\x64\Lib\site-packages\wormutils\Error_Handler.py", line 57, in raise_exception
2025-12-30T17:26:06.1046675Z     raise Exception(msg)
2025-12-30T17:26:06.1046931Z Exception: Error: EQPT failed to run on data0.wrm.
2025-12-30T17:26:12.7552683Z Traceback (most recent call last):
2025-12-30T17:26:12.7557160Z   File "D:\a\aqequil\aqequil\aqequil\AqSpeciation.py", line 854, in runeqpt
2025-12-30T17:26:12.7558131Z     self.__run_eq_executable('eqpt', [data0_path], cwd=os.getcwd())
2025-12-30T17:26:12.7560462Z   File "D:\a\aqequil\aqequil\aqequil\AqSpeciation.py", line 1104, in __run_eq_executable
2025-12-30T17:26:12.7561256Z     exe_path = os.path.join(self.eq36co, f"{exe_name}.exe")
2025-12-30T17:26:12.7561778Z                ^^^^^^^^^^^^^^^^^^^^^^^^^^^^^^^^^^^^^^^^^^^^
2025-12-30T17:26:12.7562254Z   File "<frozen ntpath>", line 108, in join
2025-12-30T17:26:12.7562850Z TypeError: expected str, bytes or os.PathLike object, not NoneType
2025-12-30T17:26:12.7563316Z 
2025-12-30T17:26:12.7563609Z During handling of the above exception, another exception occurred:
2025-12-30T17:26:12.7564059Z 
2025-12-30T17:26:12.7564200Z Traceback (most recent call last):
2025-12-30T17:26:12.7564837Z   File "D:\a\aqequil\aqequil\test_integration.py", line 253, in test_water_rock_reaction
2025-12-30T17:26:12.7565492Z     speciation = ae.speciate(
2025-12-30T17:26:12.7565800Z                  ^^^^^^^^^^^^
2025-12-30T17:26:12.7566566Z   File "D:\a\aqequil\aqequil\aqequil\AqSpeciation.py", line 1926, in speciate
2025-12-30T17:26:12.7567168Z     self.runeqpt(data0_lettercode, dynamic_db=True)
2025-12-30T17:26:12.7567773Z   File "D:\a\aqequil\aqequil\aqequil\AqSpeciation.py", line 856, in runeqpt
2025-12-30T17:26:12.7568303Z     self.err_handler.raise_exception(
2025-12-30T17:26:12.7569427Z   File "C:\hostedtoolcache\windows\Python\3.12.10\x64\Lib\site-packages\wormutils\Error_Handler.py", line 57, in raise_exception
2025-12-30T17:26:12.7570847Z     raise Exception(msg)
2025-12-30T17:26:12.7571396Z Exception: Error: EQPT failed to run on data0.dyn.
2025-12-30T17:26:12.7571964Z 
2025-12-30T17:26:12.7572202Z ============================================================
2025-12-30T17:26:12.7572878Z AQEQUIL INTEGRATION TEST SUITE
2025-12-30T17:26:12.7573526Z ============================================================
2025-12-30T17:26:12.7574211Z Python: 3.12.10
2025-12-30T17:26:12.7574658Z Platform: win32
2025-12-30T17:26:12.7575133Z Architecture: AMD64
2025-12-30T17:26:12.7575714Z ============================================================
2025-12-30T17:26:12.7576463Z ============================================================
2025-12-30T17:26:12.7577248Z Test 1: Checking for bundled EQ3/6 executables
2025-12-30T17:26:12.7577999Z ============================================================
2025-12-30T17:26:12.7578742Z [FAIL] No bundled executables found!
2025-12-30T17:26:12.7579206Z 
2025-12-30T17:26:12.7579440Z ============================================================
2025-12-30T17:26:12.7580204Z Test 2: Testing aqequil import and basic usage
2025-12-30T17:26:12.7580974Z ============================================================
2025-12-30T17:26:12.7581688Z [OK] Successfully imported aqequil
2025-12-30T17:26:12.7582726Z [OK] Found test data at: D:\a\aqequil\aqequil\aqequil\test_data\input_example_wrm.csv
2025-12-30T17:26:12.7583611Z 
2025-12-30T17:26:12.7583844Z ============================================================
2025-12-30T17:26:12.7584691Z Test 3: Testing runeqpt (data0 to data1 conversion)
2025-12-30T17:26:12.7585498Z ============================================================
2025-12-30T17:26:12.7586518Z [INFO] Working directory: C:\Users\RUNNER~1\AppData\Local\Temp\tmpfxfir9s6
2025-12-30T17:26:12.7587590Z [OK] Copied data0.wrm to working directory
2025-12-30T17:26:12.7588316Z Running EQPT on data0.wrm...
2025-12-30T17:26:12.7589179Z [FAIL] Error during runeqpt: Error: EQPT failed to run on data0.wrm.
2025-12-30T17:26:12.7590227Z [WARN] Known win32 issue with EQPT runtime detected
2025-12-30T17:26:12.7591206Z [INFO] Skipping runeqpt test due to platform-specific issues
2025-12-30T17:26:12.7591891Z 
2025-12-30T17:26:12.7592127Z ============================================================
2025-12-30T17:26:12.7593011Z Test 4: Testing simple speciation (wrm database)
2025-12-30T17:26:12.7594881Z ============================================================
2025-12-30T17:26:12.7596058Z Running speciation on D:\a\aqequil\aqequil\aqequil\test_data\input_example_wrm.csv...
2025-12-30T17:26:12.7598192Z [INFO] Working directory: C:\Users\RUNNER~1\AppData\Local\Temp\tmp__a3kek2
2025-12-30T17:26:12.7599842Z [OK] Copied data0.wrm to working directory
2025-12-30T17:26:12.7600581Z Running EQPT to create data1.wrm...
2025-12-30T17:26:12.7601816Z [FAIL] Error during simple speciation: Error: EQPT failed to run on data0.wrm.
2025-12-30T17:26:12.7602380Z [WARN] Known win32 issue - skipping test
2025-12-30T17:26:12.7602587Z 
2025-12-30T17:26:12.7602687Z ============================================================
2025-12-30T17:26:12.7602979Z Test 5: Testing water-rock reaction
2025-12-30T17:26:12.7603250Z ============================================================
2025-12-30T17:26:12.7603635Z Running speciation on D:\a\aqequil\aqequil\aqequil\test_data\input_example_wrm.csv...
2025-12-30T17:26:12.7604127Z [INFO] Working directory: C:\Users\RUNNER~1\AppData\Local\Temp\tmpc9xq7ze2
2025-12-30T17:26:12.7604555Z Getting wrm_data_latest.csv ready. This will take a moment...
2025-12-30T17:26:12.7605029Z No 'charge_balance_on' column found in input file. Defaulting to no charge balancing for all samples.
2025-12-30T17:26:12.7605652Z Warning: a column for Pressure was not found in the sample input file. Defaulting to water saturation pressure...
2025-12-30T17:26:12.7606220Z [FAIL] Error during water-rock reaction: Error: EQPT failed to run on data0.dyn.
2025-12-30T17:26:12.7606592Z [WARN] Known win32 issue - skipping test
2025-12-30T17:26:12.7606759Z 
2025-12-30T17:26:12.7606851Z ============================================================
2025-12-30T17:26:12.7607205Z TEST SUMMARY
2025-12-30T17:26:12.7607449Z ============================================================
2025-12-30T17:26:12.7607712Z [FAIL] Bundled Executables
2025-12-30T17:26:12.7607929Z [PASS] Import and Basic Usage
2025-12-30T17:26:12.7608184Z [PASS] EQPT Data0 to Data1 Conversion
2025-12-30T17:26:12.7608462Z [PASS] Simple Speciation (wrm database)
2025-12-30T17:26:12.7608720Z [PASS] Water-Rock Reaction
2025-12-30T17:26:12.7608957Z ============================================================
2025-12-30T17:26:12.7609148Z 
2025-12-30T17:26:12.7609233Z [FAIL] Some tests failed!
2025-12-30T17:26:13.0048079Z ##[error]Process completed with exit code 1.
2025-12-30T17:26:13.0217338Z Post job cleanup.
2025-12-30T17:26:13.2267112Z [command]"C:\Program Files\Git\bin\git.exe" version
2025-12-30T17:26:13.2489142Z git version 2.50.0.windows.1
2025-12-30T17:26:13.2563485Z Temporarily overriding HOME='D:\a\_temp\536286c0-9457-4fce-b892-561a5ea9479c' before making global git config changes
2025-12-30T17:26:13.2564140Z Adding repository directory to the temporary git global config as a safe directory
2025-12-30T17:26:13.2577641Z [command]"C:\Program Files\Git\bin\git.exe" config --global --add safe.directory D:\a\aqequil\aqequil
2025-12-30T17:26:13.2849916Z [command]"C:\Program Files\Git\bin\git.exe" config --local --name-only --get-regexp core\.sshCommand
2025-12-30T17:26:13.3115198Z [command]"C:\Program Files\Git\bin\git.exe" submodule foreach --recursive "sh -c \"git config --local --name-only --get-regexp 'core\.sshCommand' && git config --local --unset-all 'core.sshCommand' || :\""
2025-12-30T17:26:13.7401435Z [command]"C:\Program Files\Git\bin\git.exe" config --local --name-only --get-regexp http\.https\:\/\/github\.com\/\.extraheader
2025-12-30T17:26:13.7607232Z http.https://github.com/.extraheader
2025-12-30T17:26:13.7664428Z [command]"C:\Program Files\Git\bin\git.exe" config --local --unset-all http.https://github.com/.extraheader
2025-12-30T17:26:13.7921790Z [command]"C:\Program Files\Git\bin\git.exe" submodule foreach --recursive "sh -c \"git config --local --name-only --get-regexp 'http\.https\:\/\/github\.com\/\.extraheader' && git config --local --unset-all 'http.https://github.com/.extraheader' || :\""
2025-12-30T17:26:14.2358779Z [command]"C:\Program Files\Git\bin\git.exe" config --local --name-only --get-regexp ^includeIf\.gitdir:
2025-12-30T17:26:14.2625678Z [command]"C:\Program Files\Git\bin\git.exe" submodule foreach --recursive "git config --local --show-origin --name-only --get-regexp remote.origin.url"
2025-12-30T17:26:14.7387323Z Cleaning up orphan processes
