2025-12-30T17:24:45.6991667Z Current runner version: '2.330.0'
2025-12-30T17:24:45.7017293Z ##[group]Runner Image Provisioner
2025-12-30T17:24:45.7018091Z Hosted Compute Agent
2025-12-30T17:24:45.7018616Z Version: 20251211.462
2025-12-30T17:24:45.7019321Z Commit: 6cbad8c2bb55d58165063d031ccabf57e2d2db61
2025-12-30T17:24:45.7019973Z Build Date: 2025-12-11T16:28:49Z
2025-12-30T17:24:45.7020595Z Worker ID: {ac91625a-40f6-4520-8926-ceee7ebd864f}
2025-12-30T17:24:45.7021317Z ##[endgroup]
2025-12-30T17:24:45.7021830Z ##[group]Operating System
2025-12-30T17:24:45.7022373Z Ubuntu
2025-12-30T17:24:45.7022859Z 24.04.3
2025-12-30T17:24:45.7023298Z LTS
2025-12-30T17:24:45.7023706Z ##[endgroup]
2025-12-30T17:24:45.7024270Z ##[group]Runner Image
2025-12-30T17:24:45.7024904Z Image: ubuntu-24.04
2025-12-30T17:24:45.7025418Z Version: 20251215.174.1
2025-12-30T17:24:45.7026436Z Included Software: https://github.com/actions/runner-images/blob/ubuntu24/20251215.174/images/ubuntu/Ubuntu2404-Readme.md
2025-12-30T17:24:45.7028036Z Image Release: https://github.com/actions/runner-images/releases/tag/ubuntu24%2F20251215.174
2025-12-30T17:24:45.7029093Z ##[endgroup]
2025-12-30T17:24:45.7031690Z ##[group]GITHUB_TOKEN Permissions
2025-12-30T17:24:45.7033985Z Actions: write
2025-12-30T17:24:45.7034570Z ArtifactMetadata: write
2025-12-30T17:24:45.7035446Z Attestations: write
2025-12-30T17:24:45.7036041Z Checks: write
2025-12-30T17:24:45.7036509Z Contents: write
2025-12-30T17:24:45.7037003Z Deployments: write
2025-12-30T17:24:45.7037483Z Discussions: write
2025-12-30T17:24:45.7038038Z Issues: write
2025-12-30T17:24:45.7038508Z Metadata: read
2025-12-30T17:24:45.7038936Z Models: read
2025-12-30T17:24:45.7039484Z Packages: write
2025-12-30T17:24:45.7039936Z Pages: write
2025-12-30T17:24:45.7040422Z PullRequests: write
2025-12-30T17:24:45.7041485Z RepositoryProjects: write
2025-12-30T17:24:45.7042061Z SecurityEvents: write
2025-12-30T17:24:45.7042575Z Statuses: write
2025-12-30T17:24:45.7043121Z ##[endgroup]
2025-12-30T17:24:45.7045622Z Secret source: Actions
2025-12-30T17:24:45.7046617Z Prepare workflow directory
2025-12-30T17:24:45.7385614Z Prepare all required actions
2025-12-30T17:24:45.7424597Z Getting action download info
2025-12-30T17:24:46.0988980Z Download action repository 'actions/checkout@v4' (SHA:34e114876b0b11c390a56381ad16ebd13914f8d5)
2025-12-30T17:24:46.2369684Z Download action repository 'actions/setup-python@v5' (SHA:a26af69be951a213d495a4c3e4e4022e16d87065)
2025-12-30T17:24:46.3250769Z Download action repository 'actions/download-artifact@v4' (SHA:d3f86a106a0bac45b974a628896c90dbdf5c8093)
2025-12-30T17:24:46.8653061Z Complete job name: Test wheels on ubuntu-latest with Python 3.11
2025-12-30T17:24:46.9321754Z ##[group]Run actions/checkout@v4
2025-12-30T17:24:46.9322712Z with:
2025-12-30T17:24:46.9323143Z   repository: worm-portal/aqequil
2025-12-30T17:24:46.9323860Z   token: ***
2025-12-30T17:24:46.9324274Z   ssh-strict: true
2025-12-30T17:24:46.9324683Z   ssh-user: git
2025-12-30T17:24:46.9325276Z   persist-credentials: true
2025-12-30T17:24:46.9325748Z   clean: true
2025-12-30T17:24:46.9326450Z   sparse-checkout-cone-mode: true
2025-12-30T17:24:46.9327292Z   fetch-depth: 1
2025-12-30T17:24:46.9328010Z   fetch-tags: false
2025-12-30T17:24:46.9328783Z   show-progress: true
2025-12-30T17:24:46.9329594Z   lfs: false
2025-12-30T17:24:46.9330367Z   submodules: false
2025-12-30T17:24:46.9331218Z   set-safe-directory: true
2025-12-30T17:24:46.9332285Z ##[endgroup]
2025-12-30T17:24:47.0489963Z Syncing repository: worm-portal/aqequil
2025-12-30T17:24:47.0493454Z ##[group]Getting Git version info
2025-12-30T17:24:47.0495040Z Working directory is '/home/runner/work/aqequil/aqequil'
2025-12-30T17:24:47.0497112Z [command]/usr/bin/git version
2025-12-30T17:24:47.0574681Z git version 2.52.0
2025-12-30T17:24:47.0603037Z ##[endgroup]
2025-12-30T17:24:47.0619922Z Temporarily overriding HOME='/home/runner/work/_temp/e98126a2-d448-4ad3-869a-560359a76bf8' before making global git config changes
2025-12-30T17:24:47.0622585Z Adding repository directory to the temporary git global config as a safe directory
2025-12-30T17:24:47.0627083Z [command]/usr/bin/git config --global --add safe.directory /home/runner/work/aqequil/aqequil
2025-12-30T17:24:47.0671338Z Deleting the contents of '/home/runner/work/aqequil/aqequil'
2025-12-30T17:24:47.0675652Z ##[group]Initializing the repository
2025-12-30T17:24:47.0680517Z [command]/usr/bin/git init /home/runner/work/aqequil/aqequil
2025-12-30T17:24:47.0801354Z hint: Using 'master' as the name for the initial branch. This default branch name
2025-12-30T17:24:47.0802540Z hint: will change to "main" in Git 3.0. To configure the initial branch name
2025-12-30T17:24:47.0804394Z hint: to use in all of your new repositories, which will suppress this warning,
2025-12-30T17:24:47.0805637Z hint: call:
2025-12-30T17:24:47.0806379Z hint:
2025-12-30T17:24:47.0807378Z hint: 	git config --global init.defaultBranch <name>
2025-12-30T17:24:47.0808769Z hint:
2025-12-30T17:24:47.0809895Z hint: Names commonly chosen instead of 'master' are 'main', 'trunk' and
2025-12-30T17:24:47.0811716Z hint: 'development'. The just-created branch can be renamed via this command:
2025-12-30T17:24:47.0813172Z hint:
2025-12-30T17:24:47.0813903Z hint: 	git branch -m <name>
2025-12-30T17:24:47.0814722Z hint:
2025-12-30T17:24:47.0816065Z hint: Disable this message with "git config set advice.defaultBranchName false"
2025-12-30T17:24:47.0818030Z Initialized empty Git repository in /home/runner/work/aqequil/aqequil/.git/
2025-12-30T17:24:47.0821373Z [command]/usr/bin/git remote add origin https://github.com/worm-portal/aqequil
2025-12-30T17:24:47.0859725Z ##[endgroup]
2025-12-30T17:24:47.0861086Z ##[group]Disabling automatic garbage collection
2025-12-30T17:24:47.0865079Z [command]/usr/bin/git config --local gc.auto 0
2025-12-30T17:24:47.0896764Z ##[endgroup]
2025-12-30T17:24:47.0898124Z ##[group]Setting up auth
2025-12-30T17:24:47.0905087Z [command]/usr/bin/git config --local --name-only --get-regexp core\.sshCommand
2025-12-30T17:24:47.0939004Z [command]/usr/bin/git submodule foreach --recursive sh -c "git config --local --name-only --get-regexp 'core\.sshCommand' && git config --local --unset-all 'core.sshCommand' || :"
2025-12-30T17:24:47.1333111Z [command]/usr/bin/git config --local --name-only --get-regexp http\.https\:\/\/github\.com\/\.extraheader
2025-12-30T17:24:47.1366749Z [command]/usr/bin/git submodule foreach --recursive sh -c "git config --local --name-only --get-regexp 'http\.https\:\/\/github\.com\/\.extraheader' && git config --local --unset-all 'http.https://github.com/.extraheader' || :"
2025-12-30T17:24:47.1597935Z [command]/usr/bin/git config --local --name-only --get-regexp ^includeIf\.gitdir:
2025-12-30T17:24:47.1634289Z [command]/usr/bin/git submodule foreach --recursive git config --local --show-origin --name-only --get-regexp remote.origin.url
2025-12-30T17:24:47.1869563Z [command]/usr/bin/git config --local http.https://github.com/.extraheader AUTHORIZATION: basic ***
2025-12-30T17:24:47.1906658Z ##[endgroup]
2025-12-30T17:24:47.1907496Z ##[group]Fetching the repository
2025-12-30T17:24:47.1915801Z [command]/usr/bin/git -c protocol.version=2 fetch --no-tags --prune --no-recurse-submodules --depth=1 origin +e6190a14876ae468a4b5041a8a90e6974fe01773:refs/remotes/origin/dev
2025-12-30T17:24:47.7435764Z From https://github.com/worm-portal/aqequil
2025-12-30T17:24:47.7437160Z  * [new ref]         e6190a14876ae468a4b5041a8a90e6974fe01773 -> origin/dev
2025-12-30T17:24:47.7476392Z ##[endgroup]
2025-12-30T17:24:47.7477731Z ##[group]Determining the checkout info
2025-12-30T17:24:47.7479182Z ##[endgroup]
2025-12-30T17:24:47.7484517Z [command]/usr/bin/git sparse-checkout disable
2025-12-30T17:24:47.7532800Z [command]/usr/bin/git config --local --unset-all extensions.worktreeConfig
2025-12-30T17:24:47.7564975Z ##[group]Checking out the ref
2025-12-30T17:24:47.7569114Z [command]/usr/bin/git checkout --progress --force -B dev refs/remotes/origin/dev
2025-12-30T17:24:47.8721424Z Switched to a new branch 'dev'
2025-12-30T17:24:47.8722880Z branch 'dev' set up to track 'origin/dev'.
2025-12-30T17:24:47.8733750Z ##[endgroup]
2025-12-30T17:24:47.8776799Z [command]/usr/bin/git log -1 --format=%H
2025-12-30T17:24:47.8802283Z e6190a14876ae468a4b5041a8a90e6974fe01773
2025-12-30T17:24:47.9076981Z ##[group]Run actions/setup-python@v5
2025-12-30T17:24:47.9077612Z with:
2025-12-30T17:24:47.9078054Z   python-version: 3.11
2025-12-30T17:24:47.9078544Z   check-latest: false
2025-12-30T17:24:47.9079230Z   token: ***
2025-12-30T17:24:47.9079740Z   update-environment: true
2025-12-30T17:24:47.9080324Z   allow-prereleases: false
2025-12-30T17:24:47.9080884Z   freethreaded: false
2025-12-30T17:24:47.9081411Z ##[endgroup]
2025-12-30T17:24:48.0868387Z ##[group]Installed versions
2025-12-30T17:24:48.0999399Z Successfully set up CPython (3.11.14)
2025-12-30T17:24:48.1001232Z ##[endgroup]
2025-12-30T17:24:48.1168877Z ##[group]Run actions/download-artifact@v4
2025-12-30T17:24:48.1169548Z with:
2025-12-30T17:24:48.1169970Z   name: wheels-ubuntu-latest
2025-12-30T17:24:48.1170482Z   path: wheelhouse
2025-12-30T17:24:48.1170966Z   merge-multiple: false
2025-12-30T17:24:48.1171452Z   repository: worm-portal/aqequil
2025-12-30T17:24:48.1171984Z   run-id: 20601542873
2025-12-30T17:24:48.1172419Z env:
2025-12-30T17:24:48.1172954Z   pythonLocation: /opt/hostedtoolcache/Python/3.11.14/x64
2025-12-30T17:24:48.1173825Z   PKG_CONFIG_PATH: /opt/hostedtoolcache/Python/3.11.14/x64/lib/pkgconfig
2025-12-30T17:24:48.1174687Z   Python_ROOT_DIR: /opt/hostedtoolcache/Python/3.11.14/x64
2025-12-30T17:24:48.1175799Z   Python2_ROOT_DIR: /opt/hostedtoolcache/Python/3.11.14/x64
2025-12-30T17:24:48.1176585Z   Python3_ROOT_DIR: /opt/hostedtoolcache/Python/3.11.14/x64
2025-12-30T17:24:48.1177359Z   LD_LIBRARY_PATH: /opt/hostedtoolcache/Python/3.11.14/x64/lib
2025-12-30T17:24:48.1178017Z ##[endgroup]
2025-12-30T17:24:48.3315302Z Downloading single artifact
2025-12-30T17:24:48.4776266Z Preparing to download the following artifacts:
2025-12-30T17:24:48.4779628Z - wheels-ubuntu-latest (ID: 4992673639, Size: 30611099, Expected Digest: sha256:72bf085b6193b52c880ef439167df3365d91c416b7dff74aad6d431148ca7172)
2025-12-30T17:24:48.5668513Z Redirecting to blob download url: https://productionresultssa19.blob.core.windows.net/actions-results/3359d908-0586-4c6c-8ddb-eda61a91ec84/workflow-job-run-ef63699e-9e74-5de7-b0e4-f945b8788f2e/artifacts/2d6b53937ef398bfc8399b6b7ef6373c2af7892c0717a43682f51187fe1997a9.zip
2025-12-30T17:24:48.5673294Z Starting download of artifact to: /home/runner/work/aqequil/aqequil/wheelhouse
2025-12-30T17:24:48.7403226Z (node:2121) [DEP0005] DeprecationWarning: Buffer() is deprecated due to security and usability issues. Please use the Buffer.alloc(), Buffer.allocUnsafe(), or Buffer.from() methods instead.
2025-12-30T17:24:48.7409594Z (Use `node --trace-deprecation ...` to show where the warning was created)
2025-12-30T17:24:49.3952603Z SHA256 digest of downloaded artifact is 72bf085b6193b52c880ef439167df3365d91c416b7dff74aad6d431148ca7172
2025-12-30T17:24:49.3957670Z Artifact download completed successfully.
2025-12-30T17:24:49.3959966Z Total of 1 artifact(s) downloaded
2025-12-30T17:24:49.3962058Z Download artifact has finished successfully
2025-12-30T17:24:49.4163163Z ##[group]Run PYVER=$(echo "3.11" | tr -d '.')
2025-12-30T17:24:49.4164562Z [36;1mPYVER=$(echo "3.11" | tr -d '.')[0m
2025-12-30T17:24:49.4166512Z [36;1mpython -m pip install wheelhouse/aqequil-*-cp${PYVER}-*.whl[0m
2025-12-30T17:24:49.4215021Z shell: /usr/bin/bash --noprofile --norc -e -o pipefail {0}
2025-12-30T17:24:49.4216442Z env:
2025-12-30T17:24:49.4217518Z   pythonLocation: /opt/hostedtoolcache/Python/3.11.14/x64
2025-12-30T17:24:49.4219335Z   PKG_CONFIG_PATH: /opt/hostedtoolcache/Python/3.11.14/x64/lib/pkgconfig
2025-12-30T17:24:49.4221135Z   Python_ROOT_DIR: /opt/hostedtoolcache/Python/3.11.14/x64
2025-12-30T17:24:49.4222821Z   Python2_ROOT_DIR: /opt/hostedtoolcache/Python/3.11.14/x64
2025-12-30T17:24:49.4224528Z   Python3_ROOT_DIR: /opt/hostedtoolcache/Python/3.11.14/x64
2025-12-30T17:24:49.4226342Z   LD_LIBRARY_PATH: /opt/hostedtoolcache/Python/3.11.14/x64/lib
2025-12-30T17:24:49.4228041Z ##[endgroup]
2025-12-30T17:24:50.8787030Z Processing ./wheelhouse/aqequil-0.41.0-cp311-cp311-manylinux_2_28_x86_64.whl
2025-12-30T17:24:51.3389800Z Collecting pandas (from aqequil==0.41.0)
2025-12-30T17:24:51.3953619Z   Downloading pandas-2.3.3-cp311-cp311-manylinux_2_24_x86_64.manylinux_2_28_x86_64.whl.metadata (91 kB)
2025-12-30T17:24:51.9320354Z Collecting numpy (from aqequil==0.41.0)
2025-12-30T17:24:51.9360807Z   Downloading numpy-2.4.0-cp311-cp311-manylinux_2_27_x86_64.manylinux_2_28_x86_64.whl.metadata (6.6 kB)
2025-12-30T17:24:52.0693956Z Collecting matplotlib (from aqequil==0.41.0)
2025-12-30T17:24:52.0736241Z   Downloading matplotlib-3.10.8-cp311-cp311-manylinux2014_x86_64.manylinux_2_17_x86_64.whl.metadata (52 kB)
2025-12-30T17:24:52.1222669Z Collecting plotly (from aqequil==0.41.0)
2025-12-30T17:24:52.1269103Z   Downloading plotly-6.5.0-py3-none-any.whl.metadata (8.5 kB)
2025-12-30T17:24:52.2072182Z Collecting ipython (from aqequil==0.41.0)
2025-12-30T17:24:52.2116958Z   Downloading ipython-9.8.0-py3-none-any.whl.metadata (4.5 kB)
2025-12-30T17:24:52.2302731Z Collecting chemparse (from aqequil==0.41.0)
2025-12-30T17:24:52.2366008Z   Downloading chemparse-0.3.2-py3-none-any.whl.metadata (1.7 kB)
2025-12-30T17:24:52.2516824Z Collecting dill (from aqequil==0.41.0)
2025-12-30T17:24:52.2554554Z   Downloading dill-0.4.0-py3-none-any.whl.metadata (10 kB)
2025-12-30T17:24:52.2688610Z Collecting periodictable (from aqequil==0.41.0)
2025-12-30T17:24:52.2738445Z   Downloading periodictable-2.0.2-py3-none-any.whl.metadata (5.4 kB)
2025-12-30T17:24:52.2959514Z Collecting natsort (from aqequil==0.41.0)
2025-12-30T17:24:52.3000525Z   Downloading natsort-8.4.0-py3-none-any.whl.metadata (21 kB)
2025-12-30T17:24:52.3140199Z Collecting roman (from aqequil==0.41.0)
2025-12-30T17:24:52.3195324Z   Downloading roman-5.2-py3-none-any.whl.metadata (4.3 kB)
2025-12-30T17:24:52.3502555Z Collecting ipywidgets (from aqequil==0.41.0)
2025-12-30T17:24:52.3539875Z   Downloading ipywidgets-8.1.8-py3-none-any.whl.metadata (2.4 kB)
2025-12-30T17:24:52.3671114Z Collecting wormutils (from aqequil==0.41.0)
2025-12-30T17:24:52.3720030Z   Downloading wormutils-0.2.0-py3-none-any.whl.metadata (723 bytes)
2025-12-30T17:24:52.3996364Z Collecting pychnosz (from aqequil==0.41.0)
2025-12-30T17:24:52.4050489Z   Downloading pychnosz-1.1.11-cp311-cp311-manylinux_2_28_x86_64.whl.metadata (8.2 kB)
2025-12-30T17:24:52.4234665Z Collecting decorator>=4.3.2 (from ipython->aqequil==0.41.0)
2025-12-30T17:24:52.4272703Z   Downloading decorator-5.2.1-py3-none-any.whl.metadata (3.9 kB)
2025-12-30T17:24:52.4380318Z Collecting ipython-pygments-lexers>=1.0.0 (from ipython->aqequil==0.41.0)
2025-12-30T17:24:52.4420202Z   Downloading ipython_pygments_lexers-1.1.1-py3-none-any.whl.metadata (1.1 kB)
2025-12-30T17:24:52.4557551Z Collecting jedi>=0.18.1 (from ipython->aqequil==0.41.0)
2025-12-30T17:24:52.4596459Z   Downloading jedi-0.19.2-py2.py3-none-any.whl.metadata (22 kB)
2025-12-30T17:24:52.4762818Z Collecting matplotlib-inline>=0.1.5 (from ipython->aqequil==0.41.0)
2025-12-30T17:24:52.4805922Z   Downloading matplotlib_inline-0.2.1-py3-none-any.whl.metadata (2.3 kB)
2025-12-30T17:24:52.4926832Z Collecting pexpect>4.3 (from ipython->aqequil==0.41.0)
2025-12-30T17:24:52.4962581Z   Downloading pexpect-4.9.0-py2.py3-none-any.whl.metadata (2.5 kB)
2025-12-30T17:24:52.5285620Z Collecting prompt_toolkit<3.1.0,>=3.0.41 (from ipython->aqequil==0.41.0)
2025-12-30T17:24:52.5329706Z   Downloading prompt_toolkit-3.0.52-py3-none-any.whl.metadata (6.4 kB)
2025-12-30T17:24:52.5532327Z Collecting pygments>=2.11.0 (from ipython->aqequil==0.41.0)
2025-12-30T17:24:52.5571620Z   Downloading pygments-2.19.2-py3-none-any.whl.metadata (2.5 kB)
2025-12-30T17:24:52.5703248Z Collecting stack_data>=0.6.0 (from ipython->aqequil==0.41.0)
2025-12-30T17:24:52.5742896Z   Downloading stack_data-0.6.3-py3-none-any.whl.metadata (18 kB)
2025-12-30T17:24:52.5929524Z Collecting traitlets>=5.13.0 (from ipython->aqequil==0.41.0)
2025-12-30T17:24:52.5969798Z   Downloading traitlets-5.14.3-py3-none-any.whl.metadata (10 kB)
2025-12-30T17:24:52.6168458Z Collecting typing_extensions>=4.6 (from ipython->aqequil==0.41.0)
2025-12-30T17:24:52.6207709Z   Downloading typing_extensions-4.15.0-py3-none-any.whl.metadata (3.3 kB)
2025-12-30T17:24:52.6348983Z Collecting wcwidth (from prompt_toolkit<3.1.0,>=3.0.41->ipython->aqequil==0.41.0)
2025-12-30T17:24:52.6387113Z   Downloading wcwidth-0.2.14-py2.py3-none-any.whl.metadata (15 kB)
2025-12-30T17:24:52.6556552Z Collecting parso<0.9.0,>=0.8.4 (from jedi>=0.18.1->ipython->aqequil==0.41.0)
2025-12-30T17:24:52.6595226Z   Downloading parso-0.8.5-py2.py3-none-any.whl.metadata (8.3 kB)
2025-12-30T17:24:52.6736533Z Collecting ptyprocess>=0.5 (from pexpect>4.3->ipython->aqequil==0.41.0)
2025-12-30T17:24:52.6771921Z   Downloading ptyprocess-0.7.0-py2.py3-none-any.whl.metadata (1.3 kB)
2025-12-30T17:24:52.6979910Z Collecting executing>=1.2.0 (from stack_data>=0.6.0->ipython->aqequil==0.41.0)
2025-12-30T17:24:52.7029053Z   Downloading executing-2.2.1-py2.py3-none-any.whl.metadata (8.9 kB)
2025-12-30T17:24:52.7202286Z Collecting asttokens>=2.1.0 (from stack_data>=0.6.0->ipython->aqequil==0.41.0)
2025-12-30T17:24:52.7239597Z   Downloading asttokens-3.0.1-py3-none-any.whl.metadata (4.9 kB)
2025-12-30T17:24:52.7352637Z Collecting pure-eval (from stack_data>=0.6.0->ipython->aqequil==0.41.0)
2025-12-30T17:24:52.7387534Z   Downloading pure_eval-0.2.3-py3-none-any.whl.metadata (6.3 kB)
2025-12-30T17:24:52.7532600Z Collecting comm>=0.1.3 (from ipywidgets->aqequil==0.41.0)
2025-12-30T17:24:52.7570958Z   Downloading comm-0.2.3-py3-none-any.whl.metadata (3.7 kB)
2025-12-30T17:24:52.8045594Z Collecting widgetsnbextension~=4.0.14 (from ipywidgets->aqequil==0.41.0)
2025-12-30T17:24:52.8084519Z   Downloading widgetsnbextension-4.0.15-py3-none-any.whl.metadata (1.6 kB)
2025-12-30T17:24:52.8282187Z Collecting jupyterlab_widgets~=3.0.15 (from ipywidgets->aqequil==0.41.0)
2025-12-30T17:24:52.8323001Z   Downloading jupyterlab_widgets-3.0.16-py3-none-any.whl.metadata (20 kB)
2025-12-30T17:24:52.9078345Z Collecting contourpy>=1.0.1 (from matplotlib->aqequil==0.41.0)
2025-12-30T17:24:52.9119139Z   Downloading contourpy-1.3.3-cp311-cp311-manylinux_2_27_x86_64.manylinux_2_28_x86_64.whl.metadata (5.5 kB)
2025-12-30T17:24:52.9254306Z Collecting cycler>=0.10 (from matplotlib->aqequil==0.41.0)
2025-12-30T17:24:52.9291740Z   Downloading cycler-0.12.1-py3-none-any.whl.metadata (3.8 kB)
2025-12-30T17:24:53.0834071Z Collecting fonttools>=4.22.0 (from matplotlib->aqequil==0.41.0)
2025-12-30T17:24:53.0874053Z   Downloading fonttools-4.61.1-cp311-cp311-manylinux2014_x86_64.manylinux_2_17_x86_64.whl.metadata (114 kB)
2025-12-30T17:24:53.1960219Z Collecting kiwisolver>=1.3.1 (from matplotlib->aqequil==0.41.0)
2025-12-30T17:24:53.2001688Z   Downloading kiwisolver-1.4.9-cp311-cp311-manylinux2014_x86_64.manylinux_2_17_x86_64.whl.metadata (6.3 kB)
2025-12-30T17:24:53.2263858Z Collecting packaging>=20.0 (from matplotlib->aqequil==0.41.0)
2025-12-30T17:24:53.2301954Z   Downloading packaging-25.0-py3-none-any.whl.metadata (3.3 kB)
2025-12-30T17:24:53.3904093Z Collecting pillow>=8 (from matplotlib->aqequil==0.41.0)
2025-12-30T17:24:53.3948505Z   Downloading pillow-12.0.0-cp311-cp311-manylinux_2_27_x86_64.manylinux_2_28_x86_64.whl.metadata (8.8 kB)
2025-12-30T17:24:53.4244157Z Collecting pyparsing>=3 (from matplotlib->aqequil==0.41.0)
2025-12-30T17:24:53.4283243Z   Downloading pyparsing-3.3.1-py3-none-any.whl.metadata (5.6 kB)
2025-12-30T17:24:53.4431544Z Collecting python-dateutil>=2.7 (from matplotlib->aqequil==0.41.0)
2025-12-30T17:24:53.4471636Z   Downloading python_dateutil-2.9.0.post0-py2.py3-none-any.whl.metadata (8.4 kB)
2025-12-30T17:24:53.4779376Z Collecting six>=1.5 (from python-dateutil>=2.7->matplotlib->aqequil==0.41.0)
2025-12-30T17:24:53.4816302Z   Downloading six-1.17.0-py2.py3-none-any.whl.metadata (1.7 kB)
2025-12-30T17:24:53.5303756Z Collecting pytz>=2020.1 (from pandas->aqequil==0.41.0)
2025-12-30T17:24:53.5345265Z   Downloading pytz-2025.2-py2.py3-none-any.whl.metadata (22 kB)
2025-12-30T17:24:53.5509987Z Collecting tzdata>=2022.7 (from pandas->aqequil==0.41.0)
2025-12-30T17:24:53.5545595Z   Downloading tzdata-2025.3-py2.py3-none-any.whl.metadata (1.4 kB)
2025-12-30T17:24:53.6042800Z Collecting narwhals>=1.15.1 (from plotly->aqequil==0.41.0)
2025-12-30T17:24:53.6081278Z   Downloading narwhals-2.14.0-py3-none-any.whl.metadata (13 kB)
2025-12-30T17:24:53.7486295Z Collecting scipy>=1.7.0 (from pychnosz->aqequil==0.41.0)
2025-12-30T17:24:53.7526963Z   Downloading scipy-1.16.3-cp311-cp311-manylinux2014_x86_64.manylinux_2_17_x86_64.whl.metadata (62 kB)
2025-12-30T17:24:53.8135632Z Collecting requests (from wormutils->aqequil==0.41.0)
2025-12-30T17:24:53.8175154Z   Downloading requests-2.32.5-py3-none-any.whl.metadata (4.9 kB)
2025-12-30T17:24:53.8413736Z Collecting importlib_resources (from wormutils->aqequil==0.41.0)
2025-12-30T17:24:53.8451843Z   Downloading importlib_resources-6.5.2-py3-none-any.whl.metadata (3.9 kB)
2025-12-30T17:24:53.9815715Z Collecting charset_normalizer<4,>=2 (from requests->wormutils->aqequil==0.41.0)
2025-12-30T17:24:53.9886004Z   Downloading charset_normalizer-3.4.4-cp311-cp311-manylinux2014_x86_64.manylinux_2_17_x86_64.manylinux_2_28_x86_64.whl.metadata (37 kB)
2025-12-30T17:24:54.0061632Z Collecting idna<4,>=2.5 (from requests->wormutils->aqequil==0.41.0)
2025-12-30T17:24:54.0101935Z   Downloading idna-3.11-py3-none-any.whl.metadata (8.4 kB)
2025-12-30T17:24:54.0399719Z Collecting urllib3<3,>=1.21.1 (from requests->wormutils->aqequil==0.41.0)
2025-12-30T17:24:54.0440079Z   Downloading urllib3-2.6.2-py3-none-any.whl.metadata (6.6 kB)
2025-12-30T17:24:54.0673189Z Collecting certifi>=2017.4.17 (from requests->wormutils->aqequil==0.41.0)
2025-12-30T17:24:54.0711521Z   Downloading certifi-2025.11.12-py3-none-any.whl.metadata (2.5 kB)
2025-12-30T17:24:54.0864095Z Downloading chemparse-0.3.2-py3-none-any.whl (5.9 kB)
2025-12-30T17:24:54.0927951Z Downloading dill-0.4.0-py3-none-any.whl (119 kB)
2025-12-30T17:24:54.0989630Z Downloading ipython-9.8.0-py3-none-any.whl (621 kB)
2025-12-30T17:24:54.1075679Z    ━━━━━━━━━━━━━━━━━━━━━━━━━━━━━━━━━━━━━━━━ 621.4/621.4 kB 94.5 MB/s  0:00:00
2025-12-30T17:24:54.1119885Z Downloading prompt_toolkit-3.0.52-py3-none-any.whl (391 kB)
2025-12-30T17:24:54.1221307Z Downloading decorator-5.2.1-py3-none-any.whl (9.2 kB)
2025-12-30T17:24:54.1279215Z Downloading ipython_pygments_lexers-1.1.1-py3-none-any.whl (8.1 kB)
2025-12-30T17:24:54.1343167Z Downloading jedi-0.19.2-py2.py3-none-any.whl (1.6 MB)
2025-12-30T17:24:54.1445254Z    ━━━━━━━━━━━━━━━━━━━━━━━━━━━━━━━━━━━━━━━━ 1.6/1.6 MB 184.0 MB/s  0:00:00
2025-12-30T17:24:54.1488330Z Downloading parso-0.8.5-py2.py3-none-any.whl (106 kB)
2025-12-30T17:24:54.1552691Z Downloading matplotlib_inline-0.2.1-py3-none-any.whl (9.5 kB)
2025-12-30T17:24:54.1609220Z Downloading pexpect-4.9.0-py2.py3-none-any.whl (63 kB)
2025-12-30T17:24:54.1665340Z Downloading ptyprocess-0.7.0-py2.py3-none-any.whl (13 kB)
2025-12-30T17:24:54.1731399Z Downloading pygments-2.19.2-py3-none-any.whl (1.2 MB)
2025-12-30T17:24:54.1814685Z    ━━━━━━━━━━━━━━━━━━━━━━━━━━━━━━━━━━━━━━━━ 1.2/1.2 MB 170.7 MB/s  0:00:00
2025-12-30T17:24:54.1853015Z Downloading stack_data-0.6.3-py3-none-any.whl (24 kB)
2025-12-30T17:24:54.1907395Z Downloading asttokens-3.0.1-py3-none-any.whl (27 kB)
2025-12-30T17:24:54.1964078Z Downloading executing-2.2.1-py2.py3-none-any.whl (28 kB)
2025-12-30T17:24:54.2022597Z Downloading traitlets-5.14.3-py3-none-any.whl (85 kB)
2025-12-30T17:24:54.2085712Z Downloading typing_extensions-4.15.0-py3-none-any.whl (44 kB)
2025-12-30T17:24:54.2148619Z Downloading ipywidgets-8.1.8-py3-none-any.whl (139 kB)
2025-12-30T17:24:54.2212418Z Downloading jupyterlab_widgets-3.0.16-py3-none-any.whl (914 kB)
2025-12-30T17:24:54.2306078Z    ━━━━━━━━━━━━━━━━━━━━━━━━━━━━━━━━━━━━━━━━ 914.9/914.9 kB 100.6 MB/s  0:00:00
2025-12-30T17:24:54.2347849Z Downloading widgetsnbextension-4.0.15-py3-none-any.whl (2.2 MB)
2025-12-30T17:24:54.2512396Z    ━━━━━━━━━━━━━━━━━━━━━━━━━━━━━━━━━━━━━━━━ 2.2/2.2 MB 146.6 MB/s  0:00:00
2025-12-30T17:24:54.2553576Z Downloading comm-0.2.3-py3-none-any.whl (7.3 kB)
2025-12-30T17:24:54.2618289Z Downloading matplotlib-3.10.8-cp311-cp311-manylinux2014_x86_64.manylinux_2_17_x86_64.whl (8.7 MB)
2025-12-30T17:24:54.3063434Z    ━━━━━━━━━━━━━━━━━━━━━━━━━━━━━━━━━━━━━━━━ 8.7/8.7 MB 204.6 MB/s  0:00:00
2025-12-30T17:24:54.3107389Z Downloading contourpy-1.3.3-cp311-cp311-manylinux_2_27_x86_64.manylinux_2_28_x86_64.whl (355 kB)
2025-12-30T17:24:54.3193113Z Downloading cycler-0.12.1-py3-none-any.whl (8.3 kB)
2025-12-30T17:24:54.3261984Z Downloading fonttools-4.61.1-cp311-cp311-manylinux2014_x86_64.manylinux_2_17_x86_64.whl (5.0 MB)
2025-12-30T17:24:54.3523965Z    ━━━━━━━━━━━━━━━━━━━━━━━━━━━━━━━━━━━━━━━━ 5.0/5.0 MB 207.9 MB/s  0:00:00
2025-12-30T17:24:54.3565250Z Downloading kiwisolver-1.4.9-cp311-cp311-manylinux2014_x86_64.manylinux_2_17_x86_64.whl (1.4 MB)
2025-12-30T17:24:54.3672585Z    ━━━━━━━━━━━━━━━━━━━━━━━━━━━━━━━━━━━━━━━━ 1.4/1.4 MB 154.9 MB/s  0:00:00
2025-12-30T17:24:54.3712923Z Downloading numpy-2.4.0-cp311-cp311-manylinux_2_27_x86_64.manylinux_2_28_x86_64.whl (16.6 MB)
2025-12-30T17:24:54.4461830Z    ━━━━━━━━━━━━━━━━━━━━━━━━━━━━━━━━━━━━━━━━ 16.6/16.6 MB 229.8 MB/s  0:00:00
2025-12-30T17:24:54.4499513Z Downloading packaging-25.0-py3-none-any.whl (66 kB)
2025-12-30T17:24:54.4565446Z Downloading pillow-12.0.0-cp311-cp311-manylinux_2_27_x86_64.manylinux_2_28_x86_64.whl (7.0 MB)
2025-12-30T17:24:54.4892669Z    ━━━━━━━━━━━━━━━━━━━━━━━━━━━━━━━━━━━━━━━━ 7.0/7.0 MB 230.5 MB/s  0:00:00
2025-12-30T17:24:54.4930009Z Downloading pyparsing-3.3.1-py3-none-any.whl (121 kB)
2025-12-30T17:24:54.4991429Z Downloading python_dateutil-2.9.0.post0-py2.py3-none-any.whl (229 kB)
2025-12-30T17:24:54.5059317Z Downloading six-1.17.0-py2.py3-none-any.whl (11 kB)
2025-12-30T17:24:54.5117240Z Downloading natsort-8.4.0-py3-none-any.whl (38 kB)
2025-12-30T17:24:54.5182519Z Downloading pandas-2.3.3-cp311-cp311-manylinux_2_24_x86_64.manylinux_2_28_x86_64.whl (12.8 MB)
2025-12-30T17:24:54.5787757Z    ━━━━━━━━━━━━━━━━━━━━━━━━━━━━━━━━━━━━━━━━ 12.8/12.8 MB 219.6 MB/s  0:00:00
2025-12-30T17:24:54.5831667Z Downloading pytz-2025.2-py2.py3-none-any.whl (509 kB)
2025-12-30T17:24:54.5938429Z Downloading tzdata-2025.3-py2.py3-none-any.whl (348 kB)
2025-12-30T17:24:54.6027825Z Downloading periodictable-2.0.2-py3-none-any.whl (811 kB)
2025-12-30T17:24:54.6101278Z    ━━━━━━━━━━━━━━━━━━━━━━━━━━━━━━━━━━━━━━━━ 811.1/811.1 kB 115.8 MB/s  0:00:00
2025-12-30T17:24:54.6143778Z Downloading plotly-6.5.0-py3-none-any.whl (9.9 MB)
2025-12-30T17:24:54.6639733Z    ━━━━━━━━━━━━━━━━━━━━━━━━━━━━━━━━━━━━━━━━ 9.9/9.9 MB 209.0 MB/s  0:00:00
2025-12-30T17:24:54.6680541Z Downloading narwhals-2.14.0-py3-none-any.whl (430 kB)
2025-12-30T17:24:54.6769275Z Downloading pure_eval-0.2.3-py3-none-any.whl (11 kB)
2025-12-30T17:24:54.6884138Z Downloading pychnosz-1.1.11-cp311-cp311-manylinux_2_28_x86_64.whl (1.6 MB)
2025-12-30T17:24:54.7010511Z    ━━━━━━━━━━━━━━━━━━━━━━━━━━━━━━━━━━━━━━━━ 1.6/1.6 MB 146.1 MB/s  0:00:00
2025-12-30T17:24:54.7054544Z Downloading scipy-1.16.3-cp311-cp311-manylinux2014_x86_64.manylinux_2_17_x86_64.whl (35.9 MB)
2025-12-30T17:24:54.8788802Z    ━━━━━━━━━━━━━━━━━━━━━━━━━━━━━━━━━━━━━━━━ 35.9/35.9 MB 208.7 MB/s  0:00:00
2025-12-30T17:24:54.8840330Z Downloading roman-5.2-py3-none-any.whl (6.0 kB)
2025-12-30T17:24:54.8899071Z Downloading wcwidth-0.2.14-py2.py3-none-any.whl (37 kB)
2025-12-30T17:24:54.8975310Z Downloading wormutils-0.2.0-py3-none-any.whl (18 kB)
2025-12-30T17:24:54.9035721Z Downloading importlib_resources-6.5.2-py3-none-any.whl (37 kB)
2025-12-30T17:24:54.9092693Z Downloading requests-2.32.5-py3-none-any.whl (64 kB)
2025-12-30T17:24:54.9153333Z Downloading charset_normalizer-3.4.4-cp311-cp311-manylinux2014_x86_64.manylinux_2_17_x86_64.manylinux_2_28_x86_64.whl (151 kB)
2025-12-30T17:24:54.9215657Z Downloading idna-3.11-py3-none-any.whl (71 kB)
2025-12-30T17:24:54.9271552Z Downloading urllib3-2.6.2-py3-none-any.whl (131 kB)
2025-12-30T17:24:54.9330060Z Downloading certifi-2025.11.12-py3-none-any.whl (159 kB)
2025-12-30T17:24:55.2300615Z Installing collected packages: pytz, pure-eval, ptyprocess, widgetsnbextension, wcwidth, urllib3, tzdata, typing_extensions, traitlets, six, roman, pyparsing, pygments, pillow, pexpect, parso, packaging, numpy, natsort, narwhals, kiwisolver, jupyterlab_widgets, importlib_resources, idna, fonttools, executing, dill, decorator, cycler, comm, chemparse, charset_normalizer, certifi, asttokens, stack_data, scipy, requests, python-dateutil, prompt_toolkit, plotly, periodictable, matplotlib-inline, jedi, ipython-pygments-lexers, contourpy, pandas, matplotlib, ipython, wormutils, pychnosz, ipywidgets, aqequil
2025-12-30T17:25:13.7612951Z 
2025-12-30T17:25:13.7644006Z Successfully installed aqequil-0.41.0 asttokens-3.0.1 certifi-2025.11.12 charset_normalizer-3.4.4 chemparse-0.3.2 comm-0.2.3 contourpy-1.3.3 cycler-0.12.1 decorator-5.2.1 dill-0.4.0 executing-2.2.1 fonttools-4.61.1 idna-3.11 importlib_resources-6.5.2 ipython-9.8.0 ipython-pygments-lexers-1.1.1 ipywidgets-8.1.8 jedi-0.19.2 jupyterlab_widgets-3.0.16 kiwisolver-1.4.9 matplotlib-3.10.8 matplotlib-inline-0.2.1 narwhals-2.14.0 natsort-8.4.0 numpy-2.4.0 packaging-25.0 pandas-2.3.3 parso-0.8.5 periodictable-2.0.2 pexpect-4.9.0 pillow-12.0.0 plotly-6.5.0 prompt_toolkit-3.0.52 ptyprocess-0.7.0 pure-eval-0.2.3 pychnosz-1.1.11 pygments-2.19.2 pyparsing-3.3.1 python-dateutil-2.9.0.post0 pytz-2025.2 requests-2.32.5 roman-5.2 scipy-1.16.3 six-1.17.0 stack_data-0.6.3 traitlets-5.14.3 typing_extensions-4.15.0 tzdata-2025.3 urllib3-2.6.2 wcwidth-0.2.14 widgetsnbextension-4.0.15 wormutils-0.2.0
2025-12-30T17:25:14.1706322Z ##[group]Run python test_integration.py
2025-12-30T17:25:14.1706673Z [36;1mpython test_integration.py[0m
2025-12-30T17:25:14.1739705Z shell: /usr/bin/bash --noprofile --norc -e -o pipefail {0}
2025-12-30T17:25:14.1740038Z env:
2025-12-30T17:25:14.1740282Z   pythonLocation: /opt/hostedtoolcache/Python/3.11.14/x64
2025-12-30T17:25:14.1740706Z   PKG_CONFIG_PATH: /opt/hostedtoolcache/Python/3.11.14/x64/lib/pkgconfig
2025-12-30T17:25:14.1741115Z   Python_ROOT_DIR: /opt/hostedtoolcache/Python/3.11.14/x64
2025-12-30T17:25:14.1741476Z   Python2_ROOT_DIR: /opt/hostedtoolcache/Python/3.11.14/x64
2025-12-30T17:25:14.1741849Z   Python3_ROOT_DIR: /opt/hostedtoolcache/Python/3.11.14/x64
2025-12-30T17:25:14.1742211Z   LD_LIBRARY_PATH: /opt/hostedtoolcache/Python/3.11.14/x64/lib
2025-12-30T17:25:14.1742507Z ##[endgroup]
2025-12-30T17:25:16.9971417Z Traceback (most recent call last):
2025-12-30T17:25:16.9980265Z   File "/home/runner/work/aqequil/aqequil/aqequil/AqSpeciation.py", line 854, in runeqpt
2025-12-30T17:25:16.9980968Z     self.__run_eq_executable('eqpt', [data0_path], cwd=os.getcwd())
2025-12-30T17:25:16.9981627Z   File "/home/runner/work/aqequil/aqequil/aqequil/AqSpeciation.py", line 1114, in __run_eq_executable
2025-12-30T17:25:16.9982171Z     exe_path = os.path.join(self.eq36co, exe_name)
2025-12-30T17:25:16.9982472Z                ^^^^^^^^^^^^^^^^^^^^^^^^^^^^^^^^^^^
2025-12-30T17:25:16.9982795Z   File "<frozen posixpath>", line 76, in join
2025-12-30T17:25:16.9983177Z TypeError: expected str, bytes or os.PathLike object, not NoneType
2025-12-30T17:25:16.9983711Z 
2025-12-30T17:25:16.9983900Z During handling of the above exception, another exception occurred:
2025-12-30T17:25:16.9984245Z 
2025-12-30T17:25:16.9984338Z Traceback (most recent call last):
2025-12-30T17:25:16.9985085Z   File "/home/runner/work/aqequil/aqequil/test_integration.py", line 119, in test_runeqpt
2025-12-30T17:25:16.9985546Z     ae.runeqpt('wrm')
2025-12-30T17:25:16.9985956Z   File "/home/runner/work/aqequil/aqequil/aqequil/AqSpeciation.py", line 856, in runeqpt
2025-12-30T17:25:16.9986413Z     self.err_handler.raise_exception(
2025-12-30T17:25:16.9987046Z   File "/opt/hostedtoolcache/Python/3.11.14/x64/lib/python3.11/site-packages/wormutils/Error_Handler.py", line 57, in raise_exception
2025-12-30T17:25:16.9987663Z     raise Exception(msg)
2025-12-30T17:25:16.9987919Z Exception: Error: EQPT failed to run on data0.wrm.
2025-12-30T17:25:16.9996078Z Traceback (most recent call last):
2025-12-30T17:25:16.9997562Z   File "/home/runner/work/aqequil/aqequil/aqequil/AqSpeciation.py", line 854, in runeqpt
2025-12-30T17:25:16.9998450Z     self.__run_eq_executable('eqpt', [data0_path], cwd=os.getcwd())
2025-12-30T17:25:16.9999402Z   File "/home/runner/work/aqequil/aqequil/aqequil/AqSpeciation.py", line 1114, in __run_eq_executable
2025-12-30T17:25:17.0000315Z     exe_path = os.path.join(self.eq36co, exe_name)
2025-12-30T17:25:17.0000808Z                ^^^^^^^^^^^^^^^^^^^^^^^^^^^^^^^^^^^
2025-12-30T17:25:17.0001349Z   File "<frozen posixpath>", line 76, in join
2025-12-30T17:25:17.0001956Z TypeError: expected str, bytes or os.PathLike object, not NoneType
2025-12-30T17:25:17.0002402Z 
2025-12-30T17:25:17.0002692Z During handling of the above exception, another exception occurred:
2025-12-30T17:25:17.0003146Z 
2025-12-30T17:25:17.0003294Z Traceback (most recent call last):
2025-12-30T17:25:17.0003897Z   File "/home/runner/work/aqequil/aqequil/test_integration.py", line 186, in test_speciation_simple
2025-12-30T17:25:17.0004356Z     ae_eqpt.runeqpt('wrm')
2025-12-30T17:25:17.0005056Z   File "/home/runner/work/aqequil/aqequil/aqequil/AqSpeciation.py", line 856, in runeqpt
2025-12-30T17:25:17.0005538Z     self.err_handler.raise_exception(
2025-12-30T17:25:17.0006133Z   File "/opt/hostedtoolcache/Python/3.11.14/x64/lib/python3.11/site-packages/wormutils/Error_Handler.py", line 57, in raise_exception
2025-12-30T17:25:17.0006705Z     raise Exception(msg)
2025-12-30T17:25:17.0006955Z Exception: Error: EQPT failed to run on data0.wrm.
2025-12-30T17:25:24.7149384Z Traceback (most recent call last):
2025-12-30T17:25:24.7150522Z   File "/home/runner/work/aqequil/aqequil/aqequil/AqSpeciation.py", line 854, in runeqpt
2025-12-30T17:25:24.7151588Z     self.__run_eq_executable('eqpt', [data0_path], cwd=os.getcwd())
2025-12-30T17:25:24.7155049Z   File "/home/runner/work/aqequil/aqequil/aqequil/AqSpeciation.py", line 1114, in __run_eq_executable
2025-12-30T17:25:24.7155870Z     exe_path = os.path.join(self.eq36co, exe_name)
2025-12-30T17:25:24.7156338Z                ^^^^^^^^^^^^^^^^^^^^^^^^^^^^^^^^^^^
2025-12-30T17:25:24.7156860Z   File "<frozen posixpath>", line 76, in join
2025-12-30T17:25:24.7157465Z TypeError: expected str, bytes or os.PathLike object, not NoneType
2025-12-30T17:25:24.7157907Z 
2025-12-30T17:25:24.7158174Z During handling of the above exception, another exception occurred:
2025-12-30T17:25:24.7158607Z 
2025-12-30T17:25:24.7158777Z Traceback (most recent call last):
2025-12-30T17:25:24.7159949Z   File "/home/runner/work/aqequil/aqequil/test_integration.py", line 253, in test_water_rock_reaction
2025-12-30T17:25:24.7160859Z     speciation = ae.speciate(
2025-12-30T17:25:24.7161266Z                  ^^^^^^^^^^^^
2025-12-30T17:25:24.7162048Z   File "/home/runner/work/aqequil/aqequil/aqequil/AqSpeciation.py", line 1926, in speciate
2025-12-30T17:25:24.7162912Z     self.runeqpt(data0_lettercode, dynamic_db=True)
2025-12-30T17:25:24.7163781Z   File "/home/runner/work/aqequil/aqequil/aqequil/AqSpeciation.py", line 856, in runeqpt
2025-12-30T17:25:24.7164556Z     self.err_handler.raise_exception(
2025-12-30T17:25:24.7166270Z   File "/opt/hostedtoolcache/Python/3.11.14/x64/lib/python3.11/site-packages/wormutils/Error_Handler.py", line 57, in raise_exception
2025-12-30T17:25:24.7167412Z     raise Exception(msg)
2025-12-30T17:25:24.7167885Z Exception: Error: EQPT failed to run on data0.dyn.
2025-12-30T17:25:24.7168245Z 
2025-12-30T17:25:24.7168433Z ============================================================
2025-12-30T17:25:24.7168967Z AQEQUIL INTEGRATION TEST SUITE
2025-12-30T17:25:24.7169419Z ============================================================
2025-12-30T17:25:24.7169899Z Python: 3.11.14
2025-12-30T17:25:24.7170226Z Platform: linux
2025-12-30T17:25:24.7170553Z Architecture: x86_64
2025-12-30T17:25:24.7170942Z ============================================================
2025-12-30T17:25:24.7171453Z ============================================================
2025-12-30T17:25:24.7171969Z Test 1: Checking for bundled EQ3/6 executables
2025-12-30T17:25:24.7172471Z ============================================================
2025-12-30T17:25:24.7172974Z [FAIL] No bundled executables found!
2025-12-30T17:25:24.7173282Z 
2025-12-30T17:25:24.7173441Z ============================================================
2025-12-30T17:25:24.7173950Z Test 2: Testing aqequil import and basic usage
2025-12-30T17:25:24.7174479Z ============================================================
2025-12-30T17:25:24.7175170Z [OK] Successfully imported aqequil
2025-12-30T17:25:24.7175931Z [OK] Found test data at: /home/runner/work/aqequil/aqequil/aqequil/test_data/input_example_wrm.csv
2025-12-30T17:25:24.7176322Z 
2025-12-30T17:25:24.7176427Z ============================================================
2025-12-30T17:25:24.7176738Z Test 3: Testing runeqpt (data0 to data1 conversion)
2025-12-30T17:25:24.7177026Z ============================================================
2025-12-30T17:25:24.7177313Z [INFO] Working directory: /tmp/tmp5jme9c3q
2025-12-30T17:25:24.7177590Z [OK] Copied data0.wrm to working directory
2025-12-30T17:25:24.7177840Z Running EQPT on data0.wrm...
2025-12-30T17:25:24.7178148Z [FAIL] Error during runeqpt: Error: EQPT failed to run on data0.wrm.
2025-12-30T17:25:24.7178402Z 
2025-12-30T17:25:24.7178493Z ============================================================
2025-12-30T17:25:24.7178780Z Test 4: Testing simple speciation (wrm database)
2025-12-30T17:25:24.7179060Z ============================================================
2025-12-30T17:25:24.7179707Z Running speciation on /home/runner/work/aqequil/aqequil/aqequil/test_data/input_example_wrm.csv...
2025-12-30T17:25:24.7180182Z [INFO] Working directory: /tmp/tmp0bvqtgig
2025-12-30T17:25:24.7180448Z [OK] Copied data0.wrm to working directory
2025-12-30T17:25:24.7180709Z Running EQPT to create data1.wrm...
2025-12-30T17:25:24.7181058Z [FAIL] Error during simple speciation: Error: EQPT failed to run on data0.wrm.
2025-12-30T17:25:24.7181350Z 
2025-12-30T17:25:24.7181447Z ============================================================
2025-12-30T17:25:24.7181706Z Test 5: Testing water-rock reaction
2025-12-30T17:25:24.7181957Z ============================================================
2025-12-30T17:25:24.7182402Z Running speciation on /home/runner/work/aqequil/aqequil/aqequil/test_data/input_example_wrm.csv...
2025-12-30T17:25:24.7182852Z [INFO] Working directory: /tmp/tmp3cc7kzhl
2025-12-30T17:25:24.7183173Z Getting wrm_data_latest.csv ready. This will take a moment...
2025-12-30T17:25:24.7183681Z No 'charge_balance_on' column found in input file. Defaulting to no charge balancing for all samples.
2025-12-30T17:25:24.7184349Z Warning: a column for Pressure was not found in the sample input file. Defaulting to water saturation pressure...
2025-12-30T17:25:24.7185231Z [FAIL] Error during water-rock reaction: Error: EQPT failed to run on data0.dyn.
2025-12-30T17:25:24.7185534Z 
2025-12-30T17:25:24.7185626Z ============================================================
2025-12-30T17:25:24.7185875Z TEST SUMMARY
2025-12-30T17:25:24.7186058Z ============================================================
2025-12-30T17:25:24.7186462Z [FAIL] Bundled Executables
2025-12-30T17:25:24.7186686Z [PASS] Import and Basic Usage
2025-12-30T17:25:24.7186917Z [FAIL] EQPT Data0 to Data1 Conversion
2025-12-30T17:25:24.7187167Z [FAIL] Simple Speciation (wrm database)
2025-12-30T17:25:24.7187419Z [FAIL] Water-Rock Reaction
2025-12-30T17:25:24.7187637Z ============================================================
2025-12-30T17:25:24.7187812Z 
2025-12-30T17:25:24.7187899Z [FAIL] Some tests failed!
2025-12-30T17:25:24.9800629Z ##[error]Process completed with exit code 1.
2025-12-30T17:25:24.9908981Z Post job cleanup.
2025-12-30T17:25:25.0874076Z [command]/usr/bin/git version
2025-12-30T17:25:25.0911378Z git version 2.52.0
2025-12-30T17:25:25.0957366Z Temporarily overriding HOME='/home/runner/work/_temp/1dcd6361-9189-499f-840f-3b69b0b01858' before making global git config changes
2025-12-30T17:25:25.0958753Z Adding repository directory to the temporary git global config as a safe directory
2025-12-30T17:25:25.0971522Z [command]/usr/bin/git config --global --add safe.directory /home/runner/work/aqequil/aqequil
2025-12-30T17:25:25.1009295Z [command]/usr/bin/git config --local --name-only --get-regexp core\.sshCommand
2025-12-30T17:25:25.1042963Z [command]/usr/bin/git submodule foreach --recursive sh -c "git config --local --name-only --get-regexp 'core\.sshCommand' && git config --local --unset-all 'core.sshCommand' || :"
2025-12-30T17:25:25.1288445Z [command]/usr/bin/git config --local --name-only --get-regexp http\.https\:\/\/github\.com\/\.extraheader
2025-12-30T17:25:25.1312356Z http.https://github.com/.extraheader
2025-12-30T17:25:25.1326385Z [command]/usr/bin/git config --local --unset-all http.https://github.com/.extraheader
2025-12-30T17:25:25.1359351Z [command]/usr/bin/git submodule foreach --recursive sh -c "git config --local --name-only --get-regexp 'http\.https\:\/\/github\.com\/\.extraheader' && git config --local --unset-all 'http.https://github.com/.extraheader' || :"
2025-12-30T17:25:25.1593438Z [command]/usr/bin/git config --local --name-only --get-regexp ^includeIf\.gitdir:
2025-12-30T17:25:25.1626120Z [command]/usr/bin/git submodule foreach --recursive git config --local --show-origin --name-only --get-regexp remote.origin.url
2025-12-30T17:25:25.2005859Z Cleaning up orphan processes
