2025-12-30T17:24:45.6345920Z Current runner version: '2.330.0'
2025-12-30T17:24:45.6413850Z ##[group]Runner Image Provisioner
2025-12-30T17:24:45.6415490Z Hosted Compute Agent
2025-12-30T17:24:45.6416370Z Version: 20251211.462
2025-12-30T17:24:45.6417310Z Commit: 6cbad8c2bb55d58165063d031ccabf57e2d2db61
2025-12-30T17:24:45.6418530Z Build Date: 2025-12-11T16:28:49Z
2025-12-30T17:24:45.6419560Z Worker ID: {10740478-fc54-4f91-852b-0515e896efb5}
2025-12-30T17:24:45.6421500Z ##[endgroup]
2025-12-30T17:24:45.6422480Z ##[group]Operating System
2025-12-30T17:24:45.6423400Z macOS
2025-12-30T17:24:45.6424140Z 15.7.2
2025-12-30T17:24:45.6424830Z 24G325
2025-12-30T17:24:45.6425550Z ##[endgroup]
2025-12-30T17:24:45.6426340Z ##[group]Runner Image
2025-12-30T17:24:45.6428590Z Image: macos-15-arm64
2025-12-30T17:24:45.6429430Z Version: 20251215.0075.1
2025-12-30T17:24:45.6432720Z Included Software: https://github.com/actions/runner-images/blob/macos-15-arm64/20251215.0075/images/macos/macos-15-arm64-Readme.md
2025-12-30T17:24:45.6435920Z Image Release: https://github.com/actions/runner-images/releases/tag/macos-15-arm64%2F20251215.0075
2025-12-30T17:24:45.6438280Z ##[endgroup]
2025-12-30T17:24:45.6440300Z ##[group]GITHUB_TOKEN Permissions
2025-12-30T17:24:45.6442280Z Actions: write
2025-12-30T17:24:45.6442590Z ArtifactMetadata: write
2025-12-30T17:24:45.6442910Z Attestations: write
2025-12-30T17:24:45.6443210Z Checks: write
2025-12-30T17:24:45.6443500Z Contents: write
2025-12-30T17:24:45.6443800Z Deployments: write
2025-12-30T17:24:45.6444100Z Discussions: write
2025-12-30T17:24:45.6444400Z Issues: write
2025-12-30T17:24:45.6444680Z Metadata: read
2025-12-30T17:24:45.6445020Z Models: read
2025-12-30T17:24:45.6445310Z Packages: write
2025-12-30T17:24:45.6445600Z Pages: write
2025-12-30T17:24:45.6445900Z PullRequests: write
2025-12-30T17:24:45.6446620Z RepositoryProjects: write
2025-12-30T17:24:45.6446970Z SecurityEvents: write
2025-12-30T17:24:45.6447280Z Statuses: write
2025-12-30T17:24:45.6447620Z ##[endgroup]
2025-12-30T17:24:45.6450770Z Secret source: Actions
2025-12-30T17:24:45.6451320Z Prepare workflow directory
2025-12-30T17:24:45.6891710Z Prepare all required actions
2025-12-30T17:24:45.6926360Z Getting action download info
2025-12-30T17:24:46.1310360Z Download action repository 'actions/checkout@v4' (SHA:34e114876b0b11c390a56381ad16ebd13914f8d5)
2025-12-30T17:24:46.5651590Z Download action repository 'actions/setup-python@v5' (SHA:a26af69be951a213d495a4c3e4e4022e16d87065)
2025-12-30T17:24:46.7552120Z Download action repository 'actions/download-artifact@v4' (SHA:d3f86a106a0bac45b974a628896c90dbdf5c8093)
2025-12-30T17:24:48.1807090Z Complete job name: Test wheels on macos-latest with Python 3.10
2025-12-30T17:24:48.2553010Z ##[group]Run actions/checkout@v4
2025-12-30T17:24:48.2554130Z with:
2025-12-30T17:24:48.2554640Z   repository: worm-portal/aqequil
2025-12-30T17:24:48.2555980Z   token: ***
2025-12-30T17:24:48.2556460Z   ssh-strict: true
2025-12-30T17:24:48.2556950Z   ssh-user: git
2025-12-30T17:24:48.2557480Z   persist-credentials: true
2025-12-30T17:24:48.2558090Z   clean: true
2025-12-30T17:24:48.2558610Z   sparse-checkout-cone-mode: true
2025-12-30T17:24:48.2559230Z   fetch-depth: 1
2025-12-30T17:24:48.2559720Z   fetch-tags: false
2025-12-30T17:24:48.2560240Z   show-progress: true
2025-12-30T17:24:48.2560780Z   lfs: false
2025-12-30T17:24:48.2561270Z   submodules: false
2025-12-30T17:24:48.2561830Z   set-safe-directory: true
2025-12-30T17:24:48.2562670Z ##[endgroup]
2025-12-30T17:24:49.1389280Z Syncing repository: worm-portal/aqequil
2025-12-30T17:24:49.1391350Z ##[group]Getting Git version info
2025-12-30T17:24:49.1392950Z Working directory is '/Users/runner/work/aqequil/aqequil'
2025-12-30T17:24:49.1780960Z [command]/opt/homebrew/bin/git version
2025-12-30T17:24:49.2633380Z git version 2.50.1
2025-12-30T17:24:49.2702850Z ##[endgroup]
2025-12-30T17:24:49.2720030Z Copying '/Users/runner/.gitconfig' to '/Users/runner/work/_temp/688048a8-9703-42d9-ada7-9030c65d48ed/.gitconfig'
2025-12-30T17:24:49.2758160Z Temporarily overriding HOME='/Users/runner/work/_temp/688048a8-9703-42d9-ada7-9030c65d48ed' before making global git config changes
2025-12-30T17:24:49.2762010Z Adding repository directory to the temporary git global config as a safe directory
2025-12-30T17:24:49.2772280Z [command]/opt/homebrew/bin/git config --global --add safe.directory /Users/runner/work/aqequil/aqequil
2025-12-30T17:24:49.3004140Z Deleting the contents of '/Users/runner/work/aqequil/aqequil'
2025-12-30T17:24:49.3006610Z ##[group]Initializing the repository
2025-12-30T17:24:49.3007810Z [command]/opt/homebrew/bin/git init /Users/runner/work/aqequil/aqequil
2025-12-30T17:24:49.3438240Z hint: Using 'master' as the name for the initial branch. This default branch name
2025-12-30T17:24:49.3478770Z hint: is subject to change. To configure the initial branch name to use in all
2025-12-30T17:24:49.3579310Z hint: of your new repositories, which will suppress this warning, call:
2025-12-30T17:24:49.3596850Z hint:
2025-12-30T17:24:49.3598040Z hint: 	git config --global init.defaultBranch <name>
2025-12-30T17:24:49.3599420Z hint:
2025-12-30T17:24:49.3600100Z hint: Names commonly chosen instead of 'master' are 'main', 'trunk' and
2025-12-30T17:24:49.3604190Z hint: 'development'. The just-created branch can be renamed via this command:
2025-12-30T17:24:49.3606870Z hint:
2025-12-30T17:24:49.3608140Z hint: 	git branch -m <name>
2025-12-30T17:24:49.3609640Z hint:
2025-12-30T17:24:49.3611560Z hint: Disable this message with "git config set advice.defaultBranchName false"
2025-12-30T17:24:49.3614880Z Initialized empty Git repository in /Users/runner/work/aqequil/aqequil/.git/
2025-12-30T17:24:49.3620570Z [command]/opt/homebrew/bin/git remote add origin https://github.com/worm-portal/aqequil
2025-12-30T17:24:49.3720870Z ##[endgroup]
2025-12-30T17:24:49.3722650Z ##[group]Disabling automatic garbage collection
2025-12-30T17:24:49.3723730Z [command]/opt/homebrew/bin/git config --local gc.auto 0
2025-12-30T17:24:49.3929960Z ##[endgroup]
2025-12-30T17:24:49.3931200Z ##[group]Setting up auth
2025-12-30T17:24:49.3932330Z [command]/opt/homebrew/bin/git config --local --name-only --get-regexp core\.sshCommand
2025-12-30T17:24:49.3968990Z [command]/opt/homebrew/bin/git submodule foreach --recursive sh -c "git config --local --name-only --get-regexp 'core\.sshCommand' && git config --local --unset-all 'core.sshCommand' || :"
2025-12-30T17:24:49.6303190Z [command]/opt/homebrew/bin/git config --local --name-only --get-regexp http\.https\:\/\/github\.com\/\.extraheader
2025-12-30T17:24:49.6398540Z [command]/opt/homebrew/bin/git submodule foreach --recursive sh -c "git config --local --name-only --get-regexp 'http\.https\:\/\/github\.com\/\.extraheader' && git config --local --unset-all 'http.https://github.com/.extraheader' || :"
2025-12-30T17:24:49.8265670Z [command]/opt/homebrew/bin/git config --local --name-only --get-regexp ^includeIf\.gitdir:
2025-12-30T17:24:49.8334340Z [command]/opt/homebrew/bin/git submodule foreach --recursive git config --local --show-origin --name-only --get-regexp remote.origin.url
2025-12-30T17:24:49.9974850Z [command]/opt/homebrew/bin/git config --local http.https://github.com/.extraheader AUTHORIZATION: basic ***
2025-12-30T17:24:50.0269830Z ##[endgroup]
2025-12-30T17:24:50.0272050Z ##[group]Fetching the repository
2025-12-30T17:24:50.0279040Z [command]/opt/homebrew/bin/git -c protocol.version=2 fetch --no-tags --prune --no-recurse-submodules --depth=1 origin +e6190a14876ae468a4b5041a8a90e6974fe01773:refs/remotes/origin/dev
2025-12-30T17:24:51.1469950Z From https://github.com/worm-portal/aqequil
2025-12-30T17:24:51.1526710Z  * [new ref]         e6190a14876ae468a4b5041a8a90e6974fe01773 -> origin/dev
2025-12-30T17:24:51.1617860Z ##[endgroup]
2025-12-30T17:24:51.1618640Z ##[group]Determining the checkout info
2025-12-30T17:24:51.1619330Z ##[endgroup]
2025-12-30T17:24:51.1619780Z [command]/opt/homebrew/bin/git sparse-checkout disable
2025-12-30T17:24:51.1875730Z [command]/opt/homebrew/bin/git config --local --unset-all extensions.worktreeConfig
2025-12-30T17:24:51.1960170Z ##[group]Checking out the ref
2025-12-30T17:24:51.2022280Z [command]/opt/homebrew/bin/git checkout --progress --force -B dev refs/remotes/origin/dev
2025-12-30T17:24:51.4755270Z Switched to a new branch 'dev'
2025-12-30T17:24:51.4777590Z branch 'dev' set up to track 'origin/dev'.
2025-12-30T17:24:51.4782110Z ##[endgroup]
2025-12-30T17:24:51.5019330Z [command]/opt/homebrew/bin/git log -1 --format=%H
2025-12-30T17:24:51.5185490Z e6190a14876ae468a4b5041a8a90e6974fe01773
2025-12-30T17:24:51.5613560Z ##[group]Run actions/setup-python@v5
2025-12-30T17:24:51.5613920Z with:
2025-12-30T17:24:51.5614190Z   python-version: 3.10
2025-12-30T17:24:51.5614440Z   check-latest: false
2025-12-30T17:24:51.5614800Z   token: ***
2025-12-30T17:24:51.5615090Z   update-environment: true
2025-12-30T17:24:51.5615350Z   allow-prereleases: false
2025-12-30T17:24:51.5615670Z   freethreaded: false
2025-12-30T17:24:51.5615920Z ##[endgroup]
2025-12-30T17:24:51.8919760Z ##[group]Installed versions
2025-12-30T17:24:51.8987730Z Version 3.10 was not found in the local cache
2025-12-30T17:24:53.1034410Z Version 3.10 is available for downloading
2025-12-30T17:24:53.1035020Z Download from "https://github.com/actions/python-versions/releases/download/3.10.11-11114431484/python-3.10.11-darwin-arm64.tar.gz"
2025-12-30T17:24:53.9878650Z Extract downloaded archive
2025-12-30T17:24:54.0189090Z [command]/usr/bin/tar xz -C /Users/runner/work/_temp/d2729c68-8483-4dc9-a14f-06d14c87a630 -f /Users/runner/work/_temp/7e311eee-3b0d-4186-984f-3616770f7496
2025-12-30T17:24:54.1228650Z Execute installation script
2025-12-30T17:24:54.1708460Z Check if Python hostedtoolcache folder exist...
2025-12-30T17:24:54.1808800Z Install Python binaries from prebuilt package
2025-12-30T17:25:16.9743740Z installer: Package name is Python
2025-12-30T17:25:16.9869070Z installer: Upgrading at base path /
2025-12-30T17:25:16.9977190Z installer: The upgrade was successful.
2025-12-30T17:25:17.0086770Z Create hostedtoolcach symlinks (Required for the backward compatibility)
2025-12-30T17:25:17.0190920Z Create Python 3.10.11 folder
2025-12-30T17:25:17.0304570Z Create additional symlinks (Required for the UsePythonVersion Azure Pipelines task and the setup-python GitHub Action)
2025-12-30T17:25:17.0527220Z Upgrading pip...
2025-12-30T17:25:18.8200860Z Looking in links: /var/folders/bp/kmfmhnl95kx1c8x321z7twbw0000gn/T/tmploitgr9y
2025-12-30T17:25:18.8213350Z Requirement already satisfied: setuptools in /Library/Frameworks/Python.framework/Versions/3.10/lib/python3.10/site-packages (65.5.0)
2025-12-30T17:25:18.8214400Z Requirement already satisfied: pip in /Library/Frameworks/Python.framework/Versions/3.10/lib/python3.10/site-packages (23.0.1)
2025-12-30T17:25:19.4182580Z Collecting pip
2025-12-30T17:25:19.4797520Z Downloading pip-25.3-py3-none-any.whl (1.8 MB)
2025-12-30T17:25:19.5554710Z ━━━━━━━━━━━━━━━━━━━━━━━━━━━━━━━━━━━━━━━━ 1.8/1.8 MB 24.0 MB/s eta 0:00:00
2025-12-30T17:25:19.5863360Z Installing collected packages: pip
2025-12-30T17:25:19.5871690Z Attempting uninstall: pip
2025-12-30T17:25:19.5872350Z Found existing installation: pip 23.0.1
2025-12-30T17:25:19.7007830Z Uninstalling pip-23.0.1:
2025-12-30T17:25:19.9210540Z Successfully uninstalled pip-23.0.1
2025-12-30T17:25:20.6943280Z Successfully installed pip-25.3
2025-12-30T17:25:20.7765150Z Install OpenSSL certificates
2025-12-30T17:25:21.3864360Z Collecting certifi
2025-12-30T17:25:21.4022650Z Using cached certifi-2025.11.12-py3-none-any.whl.metadata (2.5 kB)
2025-12-30T17:25:21.4124560Z Using cached certifi-2025.11.12-py3-none-any.whl (159 kB)
2025-12-30T17:25:21.4230940Z Installing collected packages: certifi
2025-12-30T17:25:21.4660820Z Successfully installed certifi-2025.11.12
2025-12-30T17:25:21.6024090Z -- pip install --upgrade certifi
2025-12-30T17:25:21.6065270Z  -- removing any existing file or link
2025-12-30T17:25:21.6065710Z  -- creating symlink to certifi certificate bundle
2025-12-30T17:25:21.6066120Z  -- setting permissions
2025-12-30T17:25:21.6066400Z  -- update complete
2025-12-30T17:25:21.6066810Z Create complete file
2025-12-30T17:25:21.6368580Z Successfully set up CPython (3.10.11)
2025-12-30T17:25:21.6388660Z ##[endgroup]
2025-12-30T17:25:21.6950030Z ##[group]Run actions/download-artifact@v4
2025-12-30T17:25:21.6950390Z with:
2025-12-30T17:25:21.6950600Z   name: wheels-macos-latest
2025-12-30T17:25:21.6951080Z   path: wheelhouse
2025-12-30T17:25:21.6953290Z   merge-multiple: false
2025-12-30T17:25:21.6954260Z   repository: worm-portal/aqequil
2025-12-30T17:25:21.6956170Z   run-id: 20601542873
2025-12-30T17:25:21.6957100Z env:
2025-12-30T17:25:21.6959080Z   pythonLocation: /Users/runner/hostedtoolcache/Python/3.10.11/arm64
2025-12-30T17:25:21.6959630Z   PKG_CONFIG_PATH: /Users/runner/hostedtoolcache/Python/3.10.11/arm64/lib/pkgconfig
2025-12-30T17:25:21.6971280Z   Python_ROOT_DIR: /Users/runner/hostedtoolcache/Python/3.10.11/arm64
2025-12-30T17:25:21.6973090Z   Python2_ROOT_DIR: /Users/runner/hostedtoolcache/Python/3.10.11/arm64
2025-12-30T17:25:21.6975070Z   Python3_ROOT_DIR: /Users/runner/hostedtoolcache/Python/3.10.11/arm64
2025-12-30T17:25:21.6976100Z ##[endgroup]
2025-12-30T17:25:22.0103250Z Downloading single artifact
2025-12-30T17:25:22.2218630Z Preparing to download the following artifacts:
2025-12-30T17:25:22.2219280Z - wheels-macos-latest (ID: 4992705722, Size: 30983820, Expected Digest: sha256:b92d9f14eefa557fd743c8b0126078f58eb51c970eb7f7b4c069e486416b03a2)
2025-12-30T17:25:22.3542390Z Redirecting to blob download url: https://productionresultssa19.blob.core.windows.net/actions-results/3359d908-0586-4c6c-8ddb-eda61a91ec84/workflow-job-run-02713282-5c53-55d8-b4c3-d8b9c393b72a/artifacts/955ef54be1c50fb13a2980f81c148b7bb4d63dbb4dfacd45c21fd4e1b6813100.zip
2025-12-30T17:25:22.3543430Z Starting download of artifact to: /Users/runner/work/aqequil/aqequil/wheelhouse
2025-12-30T17:25:22.5760010Z (node:3746) [DEP0005] DeprecationWarning: Buffer() is deprecated due to security and usability issues. Please use the Buffer.alloc(), Buffer.allocUnsafe(), or Buffer.from() methods instead.
2025-12-30T17:25:22.5861990Z (Use `node --trace-deprecation ...` to show where the warning was created)
2025-12-30T17:25:23.9997200Z SHA256 digest of downloaded artifact is b92d9f14eefa557fd743c8b0126078f58eb51c970eb7f7b4c069e486416b03a2
2025-12-30T17:25:23.9998400Z Artifact download completed successfully.
2025-12-30T17:25:24.0010510Z Total of 1 artifact(s) downloaded
2025-12-30T17:25:24.0015730Z Download artifact has finished successfully
2025-12-30T17:25:24.0193490Z ##[group]Run PYVER=$(echo "3.10" | tr -d '.')
2025-12-30T17:25:24.0193900Z [36;1mPYVER=$(echo "3.10" | tr -d '.')[0m
2025-12-30T17:25:24.0194400Z [36;1mpython -m pip install wheelhouse/aqequil-*-cp${PYVER}-*.whl[0m
2025-12-30T17:25:24.0428180Z shell: /bin/bash --noprofile --norc -e -o pipefail {0}
2025-12-30T17:25:24.0428510Z env:
2025-12-30T17:25:24.0428820Z   pythonLocation: /Users/runner/hostedtoolcache/Python/3.10.11/arm64
2025-12-30T17:25:24.0429370Z   PKG_CONFIG_PATH: /Users/runner/hostedtoolcache/Python/3.10.11/arm64/lib/pkgconfig
2025-12-30T17:25:24.0429840Z   Python_ROOT_DIR: /Users/runner/hostedtoolcache/Python/3.10.11/arm64
2025-12-30T17:25:24.0430350Z   Python2_ROOT_DIR: /Users/runner/hostedtoolcache/Python/3.10.11/arm64
2025-12-30T17:25:24.0430760Z   Python3_ROOT_DIR: /Users/runner/hostedtoolcache/Python/3.10.11/arm64
2025-12-30T17:25:24.0431120Z ##[endgroup]
2025-12-30T17:25:24.4682500Z Processing ./wheelhouse/aqequil-0.41.0-cp310-cp310-macosx_15_0_arm64.whl
2025-12-30T17:25:24.6687790Z Collecting pandas (from aqequil==0.41.0)
2025-12-30T17:25:24.7249740Z   Downloading pandas-2.3.3-cp310-cp310-macosx_11_0_arm64.whl.metadata (91 kB)
2025-12-30T17:25:24.9890520Z Collecting numpy (from aqequil==0.41.0)
2025-12-30T17:25:25.0075340Z   Downloading numpy-2.2.6-cp310-cp310-macosx_14_0_arm64.whl.metadata (62 kB)
2025-12-30T17:25:25.1528830Z Collecting matplotlib (from aqequil==0.41.0)
2025-12-30T17:25:25.1735850Z   Downloading matplotlib-3.10.8-cp310-cp310-macosx_11_0_arm64.whl.metadata (52 kB)
2025-12-30T17:25:25.2466890Z Collecting plotly (from aqequil==0.41.0)
2025-12-30T17:25:25.2634910Z   Downloading plotly-6.5.0-py3-none-any.whl.metadata (8.5 kB)
2025-12-30T17:25:25.3215370Z Collecting ipython (from aqequil==0.41.0)
2025-12-30T17:25:25.3410520Z   Downloading ipython-8.37.0-py3-none-any.whl.metadata (5.1 kB)
2025-12-30T17:25:25.3741030Z Collecting chemparse (from aqequil==0.41.0)
2025-12-30T17:25:25.3982170Z   Downloading chemparse-0.3.2-py3-none-any.whl.metadata (1.7 kB)
2025-12-30T17:25:25.4203490Z Collecting dill (from aqequil==0.41.0)
2025-12-30T17:25:25.4361060Z   Downloading dill-0.4.0-py3-none-any.whl.metadata (10 kB)
2025-12-30T17:25:25.4658420Z Collecting periodictable (from aqequil==0.41.0)
2025-12-30T17:25:25.4821220Z   Downloading periodictable-2.0.2-py3-none-any.whl.metadata (5.4 kB)
2025-12-30T17:25:25.5162480Z Collecting natsort (from aqequil==0.41.0)
2025-12-30T17:25:25.5315380Z   Downloading natsort-8.4.0-py3-none-any.whl.metadata (21 kB)
2025-12-30T17:25:25.5699000Z Collecting roman (from aqequil==0.41.0)
2025-12-30T17:25:25.5874020Z   Downloading roman-5.2-py3-none-any.whl.metadata (4.3 kB)
2025-12-30T17:25:25.6266070Z Collecting ipywidgets (from aqequil==0.41.0)
2025-12-30T17:25:25.6419070Z   Downloading ipywidgets-8.1.8-py3-none-any.whl.metadata (2.4 kB)
2025-12-30T17:25:25.6664380Z Collecting wormutils (from aqequil==0.41.0)
2025-12-30T17:25:25.6832030Z   Downloading wormutils-0.2.0-py3-none-any.whl.metadata (723 bytes)
2025-12-30T17:25:25.7180900Z Collecting pychnosz (from aqequil==0.41.0)
2025-12-30T17:25:25.7350240Z   Downloading pychnosz-1.1.11-cp310-cp310-macosx_15_0_arm64.whl.metadata (8.2 kB)
2025-12-30T17:25:25.7616790Z Collecting decorator (from ipython->aqequil==0.41.0)
2025-12-30T17:25:25.7793140Z   Downloading decorator-5.2.1-py3-none-any.whl.metadata (3.9 kB)
2025-12-30T17:25:25.8112260Z Collecting exceptiongroup (from ipython->aqequil==0.41.0)
2025-12-30T17:25:25.8297140Z   Downloading exceptiongroup-1.3.1-py3-none-any.whl.metadata (6.7 kB)
2025-12-30T17:25:25.8664420Z Collecting jedi>=0.16 (from ipython->aqequil==0.41.0)
2025-12-30T17:25:25.8844810Z   Downloading jedi-0.19.2-py2.py3-none-any.whl.metadata (22 kB)
2025-12-30T17:25:25.9214720Z Collecting matplotlib-inline (from ipython->aqequil==0.41.0)
2025-12-30T17:25:25.9407770Z   Downloading matplotlib_inline-0.2.1-py3-none-any.whl.metadata (2.3 kB)
2025-12-30T17:25:25.9659180Z Collecting pexpect>4.3 (from ipython->aqequil==0.41.0)
2025-12-30T17:25:25.9817020Z   Downloading pexpect-4.9.0-py2.py3-none-any.whl.metadata (2.5 kB)
2025-12-30T17:25:26.0299340Z Collecting prompt_toolkit<3.1.0,>=3.0.41 (from ipython->aqequil==0.41.0)
2025-12-30T17:25:26.0483770Z   Downloading prompt_toolkit-3.0.52-py3-none-any.whl.metadata (6.4 kB)
2025-12-30T17:25:26.0836810Z Collecting pygments>=2.4.0 (from ipython->aqequil==0.41.0)
2025-12-30T17:25:26.1011460Z   Downloading pygments-2.19.2-py3-none-any.whl.metadata (2.5 kB)
2025-12-30T17:25:26.1214040Z Collecting stack_data (from ipython->aqequil==0.41.0)
2025-12-30T17:25:26.1363710Z   Downloading stack_data-0.6.3-py3-none-any.whl.metadata (18 kB)
2025-12-30T17:25:26.1592270Z Collecting traitlets>=5.13.0 (from ipython->aqequil==0.41.0)
2025-12-30T17:25:26.1751690Z   Downloading traitlets-5.14.3-py3-none-any.whl.metadata (10 kB)
2025-12-30T17:25:26.2026760Z Collecting typing_extensions>=4.6 (from ipython->aqequil==0.41.0)
2025-12-30T17:25:26.2179480Z   Downloading typing_extensions-4.15.0-py3-none-any.whl.metadata (3.3 kB)
2025-12-30T17:25:26.2377640Z Collecting wcwidth (from prompt_toolkit<3.1.0,>=3.0.41->ipython->aqequil==0.41.0)
2025-12-30T17:25:26.2535550Z   Downloading wcwidth-0.2.14-py2.py3-none-any.whl.metadata (15 kB)
2025-12-30T17:25:26.2835100Z Collecting parso<0.9.0,>=0.8.4 (from jedi>=0.16->ipython->aqequil==0.41.0)
2025-12-30T17:25:26.2983120Z   Downloading parso-0.8.5-py2.py3-none-any.whl.metadata (8.3 kB)
2025-12-30T17:25:26.3183930Z Collecting ptyprocess>=0.5 (from pexpect>4.3->ipython->aqequil==0.41.0)
2025-12-30T17:25:26.3331150Z   Downloading ptyprocess-0.7.0-py2.py3-none-any.whl.metadata (1.3 kB)
2025-12-30T17:25:26.3533610Z Collecting comm>=0.1.3 (from ipywidgets->aqequil==0.41.0)
2025-12-30T17:25:26.3683840Z   Downloading comm-0.2.3-py3-none-any.whl.metadata (3.7 kB)
2025-12-30T17:25:26.4247090Z Collecting widgetsnbextension~=4.0.14 (from ipywidgets->aqequil==0.41.0)
2025-12-30T17:25:26.4422970Z   Downloading widgetsnbextension-4.0.15-py3-none-any.whl.metadata (1.6 kB)
2025-12-30T17:25:26.4671700Z Collecting jupyterlab_widgets~=3.0.15 (from ipywidgets->aqequil==0.41.0)
2025-12-30T17:25:26.4821980Z   Downloading jupyterlab_widgets-3.0.16-py3-none-any.whl.metadata (20 kB)
2025-12-30T17:25:26.5425590Z Collecting contourpy>=1.0.1 (from matplotlib->aqequil==0.41.0)
2025-12-30T17:25:26.5609560Z   Downloading contourpy-1.3.2-cp310-cp310-macosx_11_0_arm64.whl.metadata (5.5 kB)
2025-12-30T17:25:26.5852600Z Collecting cycler>=0.10 (from matplotlib->aqequil==0.41.0)
2025-12-30T17:25:26.6011770Z   Downloading cycler-0.12.1-py3-none-any.whl.metadata (3.8 kB)
2025-12-30T17:25:26.7866190Z Collecting fonttools>=4.22.0 (from matplotlib->aqequil==0.41.0)
2025-12-30T17:25:26.8050180Z   Downloading fonttools-4.61.1-cp310-cp310-macosx_10_9_universal2.whl.metadata (114 kB)
2025-12-30T17:25:26.8885630Z Collecting kiwisolver>=1.3.1 (from matplotlib->aqequil==0.41.0)
2025-12-30T17:25:26.9061390Z   Downloading kiwisolver-1.4.9-cp310-cp310-macosx_11_0_arm64.whl.metadata (6.3 kB)
2025-12-30T17:25:26.9583130Z Collecting packaging>=20.0 (from matplotlib->aqequil==0.41.0)
2025-12-30T17:25:26.9746800Z   Downloading packaging-25.0-py3-none-any.whl.metadata (3.3 kB)
2025-12-30T17:25:27.1211500Z Collecting pillow>=8 (from matplotlib->aqequil==0.41.0)
2025-12-30T17:25:27.1379620Z   Downloading pillow-12.0.0-cp310-cp310-macosx_11_0_arm64.whl.metadata (8.8 kB)
2025-12-30T17:25:27.1675890Z Collecting pyparsing>=3 (from matplotlib->aqequil==0.41.0)
2025-12-30T17:25:27.1822570Z   Downloading pyparsing-3.3.1-py3-none-any.whl.metadata (5.6 kB)
2025-12-30T17:25:27.2016460Z Collecting python-dateutil>=2.7 (from matplotlib->aqequil==0.41.0)
2025-12-30T17:25:27.2164400Z   Downloading python_dateutil-2.9.0.post0-py2.py3-none-any.whl.metadata (8.4 kB)
2025-12-30T17:25:27.2513310Z Collecting six>=1.5 (from python-dateutil>=2.7->matplotlib->aqequil==0.41.0)
2025-12-30T17:25:27.2690640Z   Downloading six-1.17.0-py2.py3-none-any.whl.metadata (1.7 kB)
2025-12-30T17:25:27.3232950Z Collecting pytz>=2020.1 (from pandas->aqequil==0.41.0)
2025-12-30T17:25:27.3423450Z   Downloading pytz-2025.2-py2.py3-none-any.whl.metadata (22 kB)
2025-12-30T17:25:27.3704920Z Collecting tzdata>=2022.7 (from pandas->aqequil==0.41.0)
2025-12-30T17:25:27.3860790Z   Downloading tzdata-2025.3-py2.py3-none-any.whl.metadata (1.4 kB)
2025-12-30T17:25:27.4341710Z Collecting narwhals>=1.15.1 (from plotly->aqequil==0.41.0)
2025-12-30T17:25:27.4506910Z   Downloading narwhals-2.14.0-py3-none-any.whl.metadata (13 kB)
2025-12-30T17:25:27.5977750Z Collecting scipy>=1.7.0 (from pychnosz->aqequil==0.41.0)
2025-12-30T17:25:27.6150700Z   Downloading scipy-1.15.3-cp310-cp310-macosx_14_0_arm64.whl.metadata (61 kB)
2025-12-30T17:25:27.6603530Z Collecting executing>=1.2.0 (from stack_data->ipython->aqequil==0.41.0)
2025-12-30T17:25:27.6747350Z   Downloading executing-2.2.1-py2.py3-none-any.whl.metadata (8.9 kB)
2025-12-30T17:25:27.6961300Z Collecting asttokens>=2.1.0 (from stack_data->ipython->aqequil==0.41.0)
2025-12-30T17:25:27.7107240Z   Downloading asttokens-3.0.1-py3-none-any.whl.metadata (4.9 kB)
2025-12-30T17:25:27.7316660Z Collecting pure-eval (from stack_data->ipython->aqequil==0.41.0)
2025-12-30T17:25:27.7473020Z   Downloading pure_eval-0.2.3-py3-none-any.whl.metadata (6.3 kB)
2025-12-30T17:25:27.7879510Z Collecting requests (from wormutils->aqequil==0.41.0)
2025-12-30T17:25:27.8036670Z   Downloading requests-2.32.5-py3-none-any.whl.metadata (4.9 kB)
2025-12-30T17:25:27.8321340Z Collecting importlib_resources (from wormutils->aqequil==0.41.0)
2025-12-30T17:25:27.8478810Z   Downloading importlib_resources-6.5.2-py3-none-any.whl.metadata (3.9 kB)
2025-12-30T17:25:27.9154550Z Collecting charset_normalizer<4,>=2 (from requests->wormutils->aqequil==0.41.0)
2025-12-30T17:25:27.9317010Z   Downloading charset_normalizer-3.4.4-cp310-cp310-macosx_10_9_universal2.whl.metadata (37 kB)
2025-12-30T17:25:27.9521550Z Collecting idna<4,>=2.5 (from requests->wormutils->aqequil==0.41.0)
2025-12-30T17:25:27.9668120Z   Downloading idna-3.11-py3-none-any.whl.metadata (8.4 kB)
2025-12-30T17:25:27.9960430Z Collecting urllib3<3,>=1.21.1 (from requests->wormutils->aqequil==0.41.0)
2025-12-30T17:25:28.0141620Z   Downloading urllib3-2.6.2-py3-none-any.whl.metadata (6.6 kB)
2025-12-30T17:25:28.0189140Z Requirement already satisfied: certifi>=2017.4.17 in /Library/Frameworks/Python.framework/Versions/3.10/lib/python3.10/site-packages (from requests->wormutils->aqequil==0.41.0) (2025.11.12)
2025-12-30T17:25:28.0386810Z Downloading chemparse-0.3.2-py3-none-any.whl (5.9 kB)
2025-12-30T17:25:28.0561480Z Downloading dill-0.4.0-py3-none-any.whl (119 kB)
2025-12-30T17:25:28.0769480Z Downloading ipython-8.37.0-py3-none-any.whl (831 kB)
2025-12-30T17:25:28.1054650Z    ━━━━━━━━━━━━━━━━━━━━━━━━━━━━━━━━━━━━━━━━ 831.9/831.9 kB 38.5 MB/s  0:00:00
2025-12-30T17:25:28.1205900Z Downloading prompt_toolkit-3.0.52-py3-none-any.whl (391 kB)
2025-12-30T17:25:28.1447650Z Downloading jedi-0.19.2-py2.py3-none-any.whl (1.6 MB)
2025-12-30T17:25:28.1664710Z    ━━━━━━━━━━━━━━━━━━━━━━━━━━━━━━━━━━━━━━━━ 1.6/1.6 MB 67.9 MB/s  0:00:00
2025-12-30T17:25:28.1892370Z Downloading parso-0.8.5-py2.py3-none-any.whl (106 kB)
2025-12-30T17:25:28.2110670Z Downloading pexpect-4.9.0-py2.py3-none-any.whl (63 kB)
2025-12-30T17:25:28.2360520Z Downloading ptyprocess-0.7.0-py2.py3-none-any.whl (13 kB)
2025-12-30T17:25:28.2572430Z Downloading pygments-2.19.2-py3-none-any.whl (1.2 MB)
2025-12-30T17:25:28.2711220Z    ━━━━━━━━━━━━━━━━━━━━━━━━━━━━━━━━━━━━━━━━ 1.2/1.2 MB 90.3 MB/s  0:00:00
2025-12-30T17:25:28.2891810Z Downloading traitlets-5.14.3-py3-none-any.whl (85 kB)
2025-12-30T17:25:28.3135090Z Downloading typing_extensions-4.15.0-py3-none-any.whl (44 kB)
2025-12-30T17:25:28.3380910Z Downloading decorator-5.2.1-py3-none-any.whl (9.2 kB)
2025-12-30T17:25:28.3575290Z Downloading exceptiongroup-1.3.1-py3-none-any.whl (16 kB)
2025-12-30T17:25:28.3767710Z Downloading ipywidgets-8.1.8-py3-none-any.whl (139 kB)
2025-12-30T17:25:28.3937490Z Downloading jupyterlab_widgets-3.0.16-py3-none-any.whl (914 kB)
2025-12-30T17:25:28.4007690Z    ━━━━━━━━━━━━━━━━━━━━━━━━━━━━━━━━━━━━━━━━ 914.9/914.9 kB 129.4 MB/s  0:00:00
2025-12-30T17:25:28.4189090Z Downloading widgetsnbextension-4.0.15-py3-none-any.whl (2.2 MB)
2025-12-30T17:25:28.4325110Z    ━━━━━━━━━━━━━━━━━━━━━━━━━━━━━━━━━━━━━━━━ 2.2/2.2 MB 192.7 MB/s  0:00:00
2025-12-30T17:25:28.4479580Z Downloading comm-0.2.3-py3-none-any.whl (7.3 kB)
2025-12-30T17:25:28.4667070Z Downloading matplotlib-3.10.8-cp310-cp310-macosx_11_0_arm64.whl (8.1 MB)
2025-12-30T17:25:28.5099260Z    ━━━━━━━━━━━━━━━━━━━━━━━━━━━━━━━━━━━━━━━━ 8.1/8.1 MB 204.2 MB/s  0:00:00
2025-12-30T17:25:28.5273830Z Downloading contourpy-1.3.2-cp310-cp310-macosx_11_0_arm64.whl (253 kB)
2025-12-30T17:25:28.5462210Z Downloading cycler-0.12.1-py3-none-any.whl (8.3 kB)
2025-12-30T17:25:28.5707350Z Downloading fonttools-4.61.1-cp310-cp310-macosx_10_9_universal2.whl (2.9 MB)
2025-12-30T17:25:28.5937760Z    ━━━━━━━━━━━━━━━━━━━━━━━━━━━━━━━━━━━━━━━━ 2.9/2.9 MB 121.1 MB/s  0:00:00
2025-12-30T17:25:28.6106120Z Downloading kiwisolver-1.4.9-cp310-cp310-macosx_11_0_arm64.whl (65 kB)
2025-12-30T17:25:28.6496690Z Downloading numpy-2.2.6-cp310-cp310-macosx_14_0_arm64.whl (5.3 MB)
2025-12-30T17:25:28.6838820Z    ━━━━━━━━━━━━━━━━━━━━━━━━━━━━━━━━━━━━━━━━ 5.3/5.3 MB 161.6 MB/s  0:00:00
2025-12-30T17:25:28.6993810Z Downloading packaging-25.0-py3-none-any.whl (66 kB)
2025-12-30T17:25:28.7226570Z Downloading pillow-12.0.0-cp310-cp310-macosx_11_0_arm64.whl (4.7 MB)
2025-12-30T17:25:28.7604120Z    ━━━━━━━━━━━━━━━━━━━━━━━━━━━━━━━━━━━━━━━━ 4.7/4.7 MB 121.5 MB/s  0:00:00
2025-12-30T17:25:28.7755630Z Downloading pyparsing-3.3.1-py3-none-any.whl (121 kB)
2025-12-30T17:25:28.7933180Z Downloading python_dateutil-2.9.0.post0-py2.py3-none-any.whl (229 kB)
2025-12-30T17:25:28.8119450Z Downloading six-1.17.0-py2.py3-none-any.whl (11 kB)
2025-12-30T17:25:28.8297420Z Downloading matplotlib_inline-0.2.1-py3-none-any.whl (9.5 kB)
2025-12-30T17:25:28.8467320Z Downloading natsort-8.4.0-py3-none-any.whl (38 kB)
2025-12-30T17:25:28.8643740Z Downloading pandas-2.3.3-cp310-cp310-macosx_11_0_arm64.whl (10.8 MB)
2025-12-30T17:25:28.9197260Z    ━━━━━━━━━━━━━━━━━━━━━━━━━━━━━━━━━━━━━━━━ 10.8/10.8 MB 199.8 MB/s  0:00:00
2025-12-30T17:25:28.9355760Z Downloading pytz-2025.2-py2.py3-none-any.whl (509 kB)
2025-12-30T17:25:28.9567180Z Downloading tzdata-2025.3-py2.py3-none-any.whl (348 kB)
2025-12-30T17:25:28.9794750Z Downloading periodictable-2.0.2-py3-none-any.whl (811 kB)
2025-12-30T17:25:28.9887070Z    ━━━━━━━━━━━━━━━━━━━━━━━━━━━━━━━━━━━━━━━━ 811.1/811.1 kB 76.6 MB/s  0:00:00
2025-12-30T17:25:29.0033220Z Downloading plotly-6.5.0-py3-none-any.whl (9.9 MB)
2025-12-30T17:25:29.0668680Z    ━━━━━━━━━━━━━━━━━━━━━━━━━━━━━━━━━━━━━━━━ 9.9/9.9 MB 166.4 MB/s  0:00:00
2025-12-30T17:25:29.0851240Z Downloading narwhals-2.14.0-py3-none-any.whl (430 kB)
2025-12-30T17:25:29.1061210Z Downloading pychnosz-1.1.11-cp310-cp310-macosx_15_0_arm64.whl (1.3 MB)
2025-12-30T17:25:29.1206900Z    ━━━━━━━━━━━━━━━━━━━━━━━━━━━━━━━━━━━━━━━━ 1.3/1.3 MB 125.4 MB/s  0:00:00
2025-12-30T17:25:29.1373190Z Downloading scipy-1.15.3-cp310-cp310-macosx_14_0_arm64.whl (22.4 MB)
2025-12-30T17:25:29.2939160Z    ━━━━━━━━━━━━━━━━━━━━━━━━━━━━━━━━━━━━━━━━ 22.4/22.4 MB 148.1 MB/s  0:00:00
2025-12-30T17:25:29.3301150Z Downloading roman-5.2-py3-none-any.whl (6.0 kB)
2025-12-30T17:25:29.3636420Z Downloading stack_data-0.6.3-py3-none-any.whl (24 kB)
2025-12-30T17:25:29.3893200Z Downloading asttokens-3.0.1-py3-none-any.whl (27 kB)
2025-12-30T17:25:29.4260020Z Downloading executing-2.2.1-py2.py3-none-any.whl (28 kB)
2025-12-30T17:25:29.4506890Z Downloading pure_eval-0.2.3-py3-none-any.whl (11 kB)
2025-12-30T17:25:29.4732370Z Downloading wcwidth-0.2.14-py2.py3-none-any.whl (37 kB)
2025-12-30T17:25:29.4982190Z Downloading wormutils-0.2.0-py3-none-any.whl (18 kB)
2025-12-30T17:25:29.5212720Z Downloading importlib_resources-6.5.2-py3-none-any.whl (37 kB)
2025-12-30T17:25:29.5410790Z Downloading requests-2.32.5-py3-none-any.whl (64 kB)
2025-12-30T17:25:29.5641050Z Downloading charset_normalizer-3.4.4-cp310-cp310-macosx_10_9_universal2.whl (209 kB)
2025-12-30T17:25:29.5855960Z Downloading idna-3.11-py3-none-any.whl (71 kB)
2025-12-30T17:25:29.6066110Z Downloading urllib3-2.6.2-py3-none-any.whl (131 kB)
2025-12-30T17:25:29.9483500Z Installing collected packages: pytz, pure-eval, ptyprocess, widgetsnbextension, wcwidth, urllib3, tzdata, typing_extensions, traitlets, six, roman, pyparsing, pygments, pillow, pexpect, parso, packaging, numpy, natsort, narwhals, kiwisolver, jupyterlab_widgets, importlib_resources, idna, fonttools, executing, dill, decorator, cycler, comm, chemparse, charset_normalizer, asttokens, stack_data, scipy, requests, python-dateutil, prompt_toolkit, plotly, periodictable, matplotlib-inline, jedi, exceptiongroup, contourpy, pandas, matplotlib, ipython, wormutils, pychnosz, ipywidgets, aqequil
2025-12-30T17:25:48.3479400Z 
2025-12-30T17:25:48.3565410Z Successfully installed aqequil-0.41.0 asttokens-3.0.1 charset_normalizer-3.4.4 chemparse-0.3.2 comm-0.2.3 contourpy-1.3.2 cycler-0.12.1 decorator-5.2.1 dill-0.4.0 exceptiongroup-1.3.1 executing-2.2.1 fonttools-4.61.1 idna-3.11 importlib_resources-6.5.2 ipython-8.37.0 ipywidgets-8.1.8 jedi-0.19.2 jupyterlab_widgets-3.0.16 kiwisolver-1.4.9 matplotlib-3.10.8 matplotlib-inline-0.2.1 narwhals-2.14.0 natsort-8.4.0 numpy-2.2.6 packaging-25.0 pandas-2.3.3 parso-0.8.5 periodictable-2.0.2 pexpect-4.9.0 pillow-12.0.0 plotly-6.5.0 prompt_toolkit-3.0.52 ptyprocess-0.7.0 pure-eval-0.2.3 pychnosz-1.1.11 pygments-2.19.2 pyparsing-3.3.1 python-dateutil-2.9.0.post0 pytz-2025.2 requests-2.32.5 roman-5.2 scipy-1.15.3 six-1.17.0 stack_data-0.6.3 traitlets-5.14.3 typing_extensions-4.15.0 tzdata-2025.3 urllib3-2.6.2 wcwidth-0.2.14 widgetsnbextension-4.0.15 wormutils-0.2.0
2025-12-30T17:25:48.9316820Z ##[group]Run echo "Checking architecture of bundled executables..."
2025-12-30T17:25:48.9317460Z [36;1mecho "Checking architecture of bundled executables..."[0m
2025-12-30T17:25:48.9318590Z [36;1mpython -c "import aqequil; from aqequil.AqSpeciation import _get_bundled_exe_path; import os; bin_path = _get_bundled_exe_path(); print(f'Binary path: {bin_path}'); import subprocess; result = subprocess.run(['file', os.path.join(bin_path, 'eqpt')], capture_output=True, text=True); print(result.stdout)"[0m
2025-12-30T17:25:48.9414170Z shell: /bin/bash --noprofile --norc -e -o pipefail {0}
2025-12-30T17:25:48.9414530Z env:
2025-12-30T17:25:48.9414970Z   pythonLocation: /Users/runner/hostedtoolcache/Python/3.10.11/arm64
2025-12-30T17:25:48.9415570Z   PKG_CONFIG_PATH: /Users/runner/hostedtoolcache/Python/3.10.11/arm64/lib/pkgconfig
2025-12-30T17:25:48.9416040Z   Python_ROOT_DIR: /Users/runner/hostedtoolcache/Python/3.10.11/arm64
2025-12-30T17:25:48.9416680Z   Python2_ROOT_DIR: /Users/runner/hostedtoolcache/Python/3.10.11/arm64
2025-12-30T17:25:48.9417120Z   Python3_ROOT_DIR: /Users/runner/hostedtoolcache/Python/3.10.11/arm64
2025-12-30T17:25:48.9417490Z ##[endgroup]
2025-12-30T17:25:49.0940530Z Checking architecture of bundled executables...
2025-12-30T17:25:57.5026350Z Matplotlib is building the font cache; this may take a moment.
2025-12-30T17:26:07.2149300Z Traceback (most recent call last):
2025-12-30T17:26:07.2174000Z   File "<string>", line 1, in <module>
2025-12-30T17:26:07.2175150Z   File "/Library/Frameworks/Python.framework/Versions/3.10/lib/python3.10/posixpath.py", line 76, in join
2025-12-30T17:26:07.2175670Z     a = os.fspath(a)
2025-12-30T17:26:07.2176110Z TypeError: expected str, bytes or os.PathLike object, not NoneType
2025-12-30T17:26:07.2176570Z Binary path: None
2025-12-30T17:26:07.6121120Z ##[error]Process completed with exit code 1.
2025-12-30T17:26:07.6366760Z ##[group]Run python test_integration.py
2025-12-30T17:26:07.6368020Z [36;1mpython test_integration.py[0m
2025-12-30T17:26:07.6498140Z shell: /bin/bash --noprofile --norc -e -o pipefail {0}
2025-12-30T17:26:07.6498490Z env:
2025-12-30T17:26:07.6499020Z   pythonLocation: /Users/runner/hostedtoolcache/Python/3.10.11/arm64
2025-12-30T17:26:07.6499490Z   PKG_CONFIG_PATH: /Users/runner/hostedtoolcache/Python/3.10.11/arm64/lib/pkgconfig
2025-12-30T17:26:07.6499990Z   Python_ROOT_DIR: /Users/runner/hostedtoolcache/Python/3.10.11/arm64
2025-12-30T17:26:07.6500500Z   Python2_ROOT_DIR: /Users/runner/hostedtoolcache/Python/3.10.11/arm64
2025-12-30T17:26:07.6500900Z   Python3_ROOT_DIR: /Users/runner/hostedtoolcache/Python/3.10.11/arm64
2025-12-30T17:26:07.6501240Z ##[endgroup]
2025-12-30T17:26:09.7726620Z Traceback (most recent call last):
2025-12-30T17:26:09.7742470Z   File "/Users/runner/work/aqequil/aqequil/aqequil/AqSpeciation.py", line 854, in runeqpt
2025-12-30T17:26:09.7745290Z     self.__run_eq_executable('eqpt', [data0_path], cwd=os.getcwd())
2025-12-30T17:26:09.7748110Z   File "/Users/runner/work/aqequil/aqequil/aqequil/AqSpeciation.py", line 1114, in __run_eq_executable
2025-12-30T17:26:09.7753330Z     exe_path = os.path.join(self.eq36co, exe_name)
2025-12-30T17:26:09.7857900Z   File "/Library/Frameworks/Python.framework/Versions/3.10/lib/python3.10/posixpath.py", line 76, in join
2025-12-30T17:26:09.7906790Z     a = os.fspath(a)
2025-12-30T17:26:09.8008260Z TypeError: expected str, bytes or os.PathLike object, not NoneType
2025-12-30T17:26:09.8111930Z 
2025-12-30T17:26:09.8214540Z During handling of the above exception, another exception occurred:
2025-12-30T17:26:09.8316540Z 
2025-12-30T17:26:09.8401340Z Traceback (most recent call last):
2025-12-30T17:26:09.8411950Z   File "/Users/runner/work/aqequil/aqequil/test_integration.py", line 119, in test_runeqpt
2025-12-30T17:26:09.8413270Z     ae.runeqpt('wrm')
2025-12-30T17:26:09.8414530Z   File "/Users/runner/work/aqequil/aqequil/aqequil/AqSpeciation.py", line 856, in runeqpt
2025-12-30T17:26:09.8415380Z     self.err_handler.raise_exception(
2025-12-30T17:26:09.8416110Z   File "/Library/Frameworks/Python.framework/Versions/3.10/lib/python3.10/site-packages/wormutils/Error_Handler.py", line 57, in raise_exception
2025-12-30T17:26:09.8416700Z     raise Exception(msg)
2025-12-30T17:26:09.8417050Z Exception: Error: EQPT failed to run on data0.wrm.
2025-12-30T17:26:09.8417410Z Traceback (most recent call last):
2025-12-30T17:26:09.8421850Z   File "/Users/runner/work/aqequil/aqequil/aqequil/AqSpeciation.py", line 854, in runeqpt
2025-12-30T17:26:09.8422640Z     self.__run_eq_executable('eqpt', [data0_path], cwd=os.getcwd())
2025-12-30T17:26:09.8423170Z   File "/Users/runner/work/aqequil/aqequil/aqequil/AqSpeciation.py", line 1114, in __run_eq_executable
2025-12-30T17:26:09.8423640Z     exe_path = os.path.join(self.eq36co, exe_name)
2025-12-30T17:26:09.8424210Z   File "/Library/Frameworks/Python.framework/Versions/3.10/lib/python3.10/posixpath.py", line 76, in join
2025-12-30T17:26:09.8424710Z     a = os.fspath(a)
2025-12-30T17:26:09.8425390Z TypeError: expected str, bytes or os.PathLike object, not NoneType
2025-12-30T17:26:09.8425620Z 
2025-12-30T17:26:09.8425840Z During handling of the above exception, another exception occurred:
2025-12-30T17:26:09.8426150Z 
2025-12-30T17:26:09.8426210Z Traceback (most recent call last):
2025-12-30T17:26:09.8431160Z   File "/Users/runner/work/aqequil/aqequil/test_integration.py", line 186, in test_speciation_simple
2025-12-30T17:26:09.8431690Z     ae_eqpt.runeqpt('wrm')
2025-12-30T17:26:09.8432240Z   File "/Users/runner/work/aqequil/aqequil/aqequil/AqSpeciation.py", line 856, in runeqpt
2025-12-30T17:26:09.8438190Z     self.err_handler.raise_exception(
2025-12-30T17:26:09.8448480Z   File "/Library/Frameworks/Python.framework/Versions/3.10/lib/python3.10/site-packages/wormutils/Error_Handler.py", line 57, in raise_exception
2025-12-30T17:26:09.8449180Z     raise Exception(msg)
2025-12-30T17:26:09.8450310Z Exception: Error: EQPT failed to run on data0.wrm.
2025-12-30T17:26:16.3038600Z Traceback (most recent call last):
2025-12-30T17:26:16.3167010Z   File "/Users/runner/work/aqequil/aqequil/aqequil/AqSpeciation.py", line 854, in runeqpt
2025-12-30T17:26:16.3167880Z 
2025-12-30T17:26:16.3178810Z     self.__run_eq_executable('eqpt', [data0_path], cwd=os.getcwd())
2025-12-30T17:26:16.3179320Z ============================================================
2025-12-30T17:26:16.3241060Z   File "/Users/runner/work/aqequil/aqequil/aqequil/AqSpeciation.py", line 1114, in __run_eq_executable
2025-12-30T17:26:16.3241830Z AQEQUIL INTEGRATION TEST SUITE
2025-12-30T17:26:16.3343060Z     exe_path = os.path.join(self.eq36co, exe_name)
2025-12-30T17:26:16.3343460Z ============================================================
2025-12-30T17:26:16.3474140Z   File "/Library/Frameworks/Python.framework/Versions/3.10/lib/python3.10/posixpath.py", line 76, in join
2025-12-30T17:26:16.3475390Z Python: 3.10.11
2025-12-30T17:26:16.3549220Z     a = os.fspath(a)
2025-12-30T17:26:16.3549660Z Platform: darwin
2025-12-30T17:26:16.3550330Z TypeError: expected str, bytes or os.PathLike object, not NoneType
2025-12-30T17:26:16.3550680Z Architecture: arm64
2025-12-30T17:26:16.3550950Z 
2025-12-30T17:26:16.3552300Z ============================================================
2025-12-30T17:26:16.3552820Z During handling of the above exception, another exception occurred:
2025-12-30T17:26:16.3553180Z ============================================================
2025-12-30T17:26:16.3555900Z 
2025-12-30T17:26:16.3556100Z Test 1: Checking for bundled EQ3/6 executables
2025-12-30T17:26:16.3556470Z Traceback (most recent call last):
2025-12-30T17:26:16.3557020Z ============================================================
2025-12-30T17:26:16.3686710Z   File "/Users/runner/work/aqequil/aqequil/test_integration.py", line 253, in test_water_rock_reaction
2025-12-30T17:26:16.3687630Z [FAIL] No bundled executables found!
2025-12-30T17:26:16.3819840Z     speciation = ae.speciate(
2025-12-30T17:26:16.3820030Z 
2025-12-30T17:26:16.3914230Z   File "/Users/runner/work/aqequil/aqequil/aqequil/AqSpeciation.py", line 1926, in speciate
2025-12-30T17:26:16.3914820Z ============================================================
2025-12-30T17:26:16.4021000Z     self.runeqpt(data0_lettercode, dynamic_db=True)
2025-12-30T17:26:16.4021380Z Test 2: Testing aqequil import and basic usage
2025-12-30T17:26:16.4127390Z   File "/Users/runner/work/aqequil/aqequil/aqequil/AqSpeciation.py", line 856, in runeqpt
2025-12-30T17:26:16.4128040Z ============================================================
2025-12-30T17:26:16.4230620Z     self.err_handler.raise_exception(
2025-12-30T17:26:16.4231500Z [OK] Successfully imported aqequil
2025-12-30T17:26:16.4335720Z   File "/Library/Frameworks/Python.framework/Versions/3.10/lib/python3.10/site-packages/wormutils/Error_Handler.py", line 57, in raise_exception
2025-12-30T17:26:16.4340330Z [OK] Found test data at: /Users/runner/work/aqequil/aqequil/aqequil/test_data/input_example_wrm.csv
2025-12-30T17:26:16.4469710Z     raise Exception(msg)
2025-12-30T17:26:16.4470040Z 
2025-12-30T17:26:16.4544610Z Exception: Error: EQPT failed to run on data0.dyn.
2025-12-30T17:26:16.4545050Z ============================================================
2025-12-30T17:26:16.4648480Z Test 3: Testing runeqpt (data0 to data1 conversion)
2025-12-30T17:26:16.4750260Z ============================================================
2025-12-30T17:26:16.4851810Z [INFO] Working directory: /var/folders/bp/kmfmhnl95kx1c8x321z7twbw0000gn/T/tmp4mj7oicq
2025-12-30T17:26:16.4953230Z [OK] Copied data0.wrm to working directory
2025-12-30T17:26:16.5009950Z Running EQPT on data0.wrm...
2025-12-30T17:26:16.5010760Z [FAIL] Error during runeqpt: Error: EQPT failed to run on data0.wrm.
2025-12-30T17:26:16.5011130Z 
2025-12-30T17:26:16.5011340Z ============================================================
2025-12-30T17:26:16.5011750Z Test 4: Testing simple speciation (wrm database)
2025-12-30T17:26:16.5012750Z ============================================================
2025-12-30T17:26:16.5013370Z Running speciation on /Users/runner/work/aqequil/aqequil/aqequil/test_data/input_example_wrm.csv...
2025-12-30T17:26:16.5013990Z [INFO] Working directory: /var/folders/bp/kmfmhnl95kx1c8x321z7twbw0000gn/T/tmpk4jx_p_k
2025-12-30T17:26:16.5014520Z [OK] Copied data0.wrm to working directory
2025-12-30T17:26:16.5014840Z Running EQPT to create data1.wrm...
2025-12-30T17:26:16.5015250Z [FAIL] Error during simple speciation: Error: EQPT failed to run on data0.wrm.
2025-12-30T17:26:16.5015600Z 
2025-12-30T17:26:16.5015810Z ============================================================
2025-12-30T17:26:16.5016150Z Test 5: Testing water-rock reaction
2025-12-30T17:26:16.5016540Z ============================================================
2025-12-30T17:26:16.5017020Z Running speciation on /Users/runner/work/aqequil/aqequil/aqequil/test_data/input_example_wrm.csv...
2025-12-30T17:26:16.5017620Z [INFO] Working directory: /var/folders/bp/kmfmhnl95kx1c8x321z7twbw0000gn/T/tmp16evagtu
2025-12-30T17:26:16.5018160Z Getting wrm_data_latest.csv ready. This will take a moment...
2025-12-30T17:26:16.5018700Z No 'charge_balance_on' column found in input file. Defaulting to no charge balancing for all samples.
2025-12-30T17:26:16.5019800Z Warning: a column for Pressure was not found in the sample input file. Defaulting to water saturation pressure...
2025-12-30T17:26:16.5020470Z [FAIL] Error during water-rock reaction: Error: EQPT failed to run on data0.dyn.
2025-12-30T17:26:16.5020850Z 
2025-12-30T17:26:16.5020980Z ============================================================
2025-12-30T17:26:16.5021360Z TEST SUMMARY
2025-12-30T17:26:16.5021610Z ============================================================
2025-12-30T17:26:16.5021940Z [FAIL] Bundled Executables
2025-12-30T17:26:16.5022290Z [PASS] Import and Basic Usage
2025-12-30T17:26:16.5022900Z [FAIL] EQPT Data0 to Data1 Conversion
2025-12-30T17:26:16.5023960Z [FAIL] Simple Speciation (wrm database)
2025-12-30T17:26:16.5024590Z [FAIL] Water-Rock Reaction
2025-12-30T17:26:16.5024890Z ============================================================
2025-12-30T17:26:16.5025220Z 
2025-12-30T17:26:16.5025420Z [FAIL] Some tests failed!
2025-12-30T17:26:16.5786340Z ##[error]Process completed with exit code 1.
2025-12-30T17:26:16.6099050Z Post job cleanup.
2025-12-30T17:26:17.1409290Z [command]/opt/homebrew/bin/git version
2025-12-30T17:26:17.1809580Z git version 2.50.1
2025-12-30T17:26:17.1893690Z Copying '/Users/runner/.gitconfig' to '/Users/runner/work/_temp/f0ff337a-3171-4ace-a05a-a679c6a065db/.gitconfig'
2025-12-30T17:26:17.1894590Z Temporarily overriding HOME='/Users/runner/work/_temp/f0ff337a-3171-4ace-a05a-a679c6a065db' before making global git config changes
2025-12-30T17:26:17.1895300Z Adding repository directory to the temporary git global config as a safe directory
2025-12-30T17:26:17.1895890Z [command]/opt/homebrew/bin/git config --global --add safe.directory /Users/runner/work/aqequil/aqequil
2025-12-30T17:26:17.2023130Z [command]/opt/homebrew/bin/git config --local --name-only --get-regexp core\.sshCommand
2025-12-30T17:26:17.2120290Z [command]/opt/homebrew/bin/git submodule foreach --recursive sh -c "git config --local --name-only --get-regexp 'core\.sshCommand' && git config --local --unset-all 'core.sshCommand' || :"
2025-12-30T17:26:17.4037640Z [command]/opt/homebrew/bin/git config --local --name-only --get-regexp http\.https\:\/\/github\.com\/\.extraheader
2025-12-30T17:26:17.4094520Z http.https://github.com/.extraheader
2025-12-30T17:26:17.4108410Z [command]/opt/homebrew/bin/git config --local --unset-all http.https://github.com/.extraheader
2025-12-30T17:26:17.4181930Z [command]/opt/homebrew/bin/git submodule foreach --recursive sh -c "git config --local --name-only --get-regexp 'http\.https\:\/\/github\.com\/\.extraheader' && git config --local --unset-all 'http.https://github.com/.extraheader' || :"
2025-12-30T17:26:17.5205260Z [command]/opt/homebrew/bin/git config --local --name-only --get-regexp ^includeIf\.gitdir:
2025-12-30T17:26:17.5308510Z [command]/opt/homebrew/bin/git submodule foreach --recursive git config --local --show-origin --name-only --get-regexp remote.origin.url
2025-12-30T17:26:17.6806860Z Cleaning up orphan processes
