2025-12-30T17:24:45.4812954Z Current runner version: '2.330.0'
2025-12-30T17:24:45.4835799Z ##[group]Runner Image Provisioner
2025-12-30T17:24:45.4836533Z Hosted Compute Agent
2025-12-30T17:24:45.4836995Z Version: 20251202.455
2025-12-30T17:24:45.4837514Z Commit: 6c10caca4910e198df60de23adf20ad317c474e3
2025-12-30T17:24:45.4838123Z Build Date: 2025-12-02T15:56:59Z
2025-12-30T17:24:45.4838671Z Worker ID: {9749e664-4e69-4108-b61f-3af77aee8846}
2025-12-30T17:24:45.4839251Z ##[endgroup]
2025-12-30T17:24:45.4839651Z ##[group]Operating System
2025-12-30T17:24:45.4840172Z Microsoft Windows Server 2019
2025-12-30T17:24:45.4840639Z 10.0.17763
2025-12-30T17:24:45.4841026Z Datacenter
2025-12-30T17:24:45.4841410Z ##[endgroup]
2025-12-30T17:24:45.4841813Z ##[group]Runner Image
2025-12-30T17:24:45.4842246Z Image: windows-2019
2025-12-30T17:24:45.4842666Z Version: 20250623.2.0
2025-12-30T17:24:45.4843829Z Included Software: https://github.com/actions/runner-images/blob/win19/20250623.2/images/windows/Windows2019-Readme.md
2025-12-30T17:24:45.4845168Z Image Release: https://github.com/actions/runner-images/releases/tag/win19%2F20250623.2
2025-12-30T17:24:45.4845925Z ##[endgroup]
2025-12-30T17:24:45.4848408Z ##[group]GITHUB_TOKEN Permissions
2025-12-30T17:24:45.4850294Z Actions: write
2025-12-30T17:24:45.4850776Z ArtifactMetadata: write
2025-12-30T17:24:45.4851276Z Attestations: write
2025-12-30T17:24:45.4851680Z Checks: write
2025-12-30T17:24:45.4852094Z Contents: write
2025-12-30T17:24:45.4852499Z Deployments: write
2025-12-30T17:24:45.4852925Z Discussions: write
2025-12-30T17:24:45.4853318Z Issues: write
2025-12-30T17:24:45.4853722Z Metadata: read
2025-12-30T17:24:45.4854110Z Models: read
2025-12-30T17:24:45.4854511Z Packages: write
2025-12-30T17:24:45.4854921Z Pages: write
2025-12-30T17:24:45.4855312Z PullRequests: write
2025-12-30T17:24:45.4855821Z RepositoryProjects: write
2025-12-30T17:24:45.4856527Z SecurityEvents: write
2025-12-30T17:24:45.4857021Z Statuses: write
2025-12-30T17:24:45.4857433Z ##[endgroup]
2025-12-30T17:24:45.4859476Z Secret source: Actions
2025-12-30T17:24:45.4860165Z Prepare workflow directory
2025-12-30T17:24:45.5189423Z Prepare all required actions
2025-12-30T17:24:45.5240441Z Getting action download info
2025-12-30T17:24:45.8114749Z Download action repository 'actions/checkout@v4' (SHA:34e114876b0b11c390a56381ad16ebd13914f8d5)
2025-12-30T17:24:46.2568724Z Download action repository 'actions/setup-python@v5' (SHA:a26af69be951a213d495a4c3e4e4022e16d87065)
2025-12-30T17:24:46.7286707Z Download action repository 'actions/download-artifact@v4' (SHA:d3f86a106a0bac45b974a628896c90dbdf5c8093)
2025-12-30T17:24:47.3854170Z Complete job name: Test wheels on windows-2019 with Python 3.10
2025-12-30T17:24:47.5656917Z ##[group]Run actions/checkout@v4
2025-12-30T17:24:47.5658542Z with:
2025-12-30T17:24:47.5659368Z   repository: worm-portal/aqequil
2025-12-30T17:24:47.5660850Z   token: ***
2025-12-30T17:24:47.5661650Z   ssh-strict: true
2025-12-30T17:24:47.5662472Z   ssh-user: git
2025-12-30T17:24:47.5663341Z   persist-credentials: true
2025-12-30T17:24:47.5664306Z   clean: true
2025-12-30T17:24:47.5665123Z   sparse-checkout-cone-mode: true
2025-12-30T17:24:47.5665958Z   fetch-depth: 1
2025-12-30T17:24:47.5666611Z   fetch-tags: false
2025-12-30T17:24:47.5667291Z   show-progress: true
2025-12-30T17:24:47.5667998Z   lfs: false
2025-12-30T17:24:47.5668636Z   submodules: false
2025-12-30T17:24:47.5669331Z   set-safe-directory: true
2025-12-30T17:24:47.5670298Z ##[endgroup]
2025-12-30T17:24:47.7281061Z Syncing repository: worm-portal/aqequil
2025-12-30T17:24:47.7283538Z ##[group]Getting Git version info
2025-12-30T17:24:47.7284521Z Working directory is 'D:\a\aqequil\aqequil'
2025-12-30T17:24:47.8305798Z [command]"C:\Program Files\Git\bin\git.exe" version
2025-12-30T17:24:48.2431896Z git version 2.50.0.windows.1
2025-12-30T17:24:48.2483780Z ##[endgroup]
2025-12-30T17:24:48.2502517Z Temporarily overriding HOME='D:\a\_temp\34021b2e-e789-40d1-a6b9-91282d7f0cc5' before making global git config changes
2025-12-30T17:24:48.2505944Z Adding repository directory to the temporary git global config as a safe directory
2025-12-30T17:24:48.2517665Z [command]"C:\Program Files\Git\bin\git.exe" config --global --add safe.directory D:\a\aqequil\aqequil
2025-12-30T17:24:48.3208552Z Deleting the contents of 'D:\a\aqequil\aqequil'
2025-12-30T17:24:48.3214551Z ##[group]Initializing the repository
2025-12-30T17:24:48.3228108Z [command]"C:\Program Files\Git\bin\git.exe" init D:\a\aqequil\aqequil
2025-12-30T17:24:48.4089985Z Initialized empty Git repository in D:/a/aqequil/aqequil/.git/
2025-12-30T17:24:48.4139133Z [command]"C:\Program Files\Git\bin\git.exe" remote add origin https://github.com/worm-portal/aqequil
2025-12-30T17:24:48.4688706Z ##[endgroup]
2025-12-30T17:24:48.4689268Z ##[group]Disabling automatic garbage collection
2025-12-30T17:24:48.4702150Z [command]"C:\Program Files\Git\bin\git.exe" config --local gc.auto 0
2025-12-30T17:24:48.4958070Z ##[endgroup]
2025-12-30T17:24:48.4958575Z ##[group]Setting up auth
2025-12-30T17:24:48.4976064Z [command]"C:\Program Files\Git\bin\git.exe" config --local --name-only --get-regexp core\.sshCommand
2025-12-30T17:24:48.5242359Z [command]"C:\Program Files\Git\bin\git.exe" submodule foreach --recursive "sh -c \"git config --local --name-only --get-regexp 'core\.sshCommand' && git config --local --unset-all 'core.sshCommand' || :\""
2025-12-30T17:24:49.9367098Z [command]"C:\Program Files\Git\bin\git.exe" config --local --name-only --get-regexp http\.https\:\/\/github\.com\/\.extraheader
2025-12-30T17:24:49.9634632Z [command]"C:\Program Files\Git\bin\git.exe" submodule foreach --recursive "sh -c \"git config --local --name-only --get-regexp 'http\.https\:\/\/github\.com\/\.extraheader' && git config --local --unset-all 'http.https://github.com/.extraheader' || :\""
2025-12-30T17:24:50.3704993Z [command]"C:\Program Files\Git\bin\git.exe" config --local --name-only --get-regexp ^includeIf\.gitdir:
2025-12-30T17:24:50.3972789Z [command]"C:\Program Files\Git\bin\git.exe" submodule foreach --recursive "git config --local --show-origin --name-only --get-regexp remote.origin.url"
2025-12-30T17:24:50.8338644Z [command]"C:\Program Files\Git\bin\git.exe" config --local http.https://github.com/.extraheader "AUTHORIZATION: basic ***"
2025-12-30T17:24:50.8601859Z ##[endgroup]
2025-12-30T17:24:50.8602366Z ##[group]Fetching the repository
2025-12-30T17:24:50.8618959Z [command]"C:\Program Files\Git\bin\git.exe" -c protocol.version=2 fetch --no-tags --prune --no-recurse-submodules --depth=1 origin +e6190a14876ae468a4b5041a8a90e6974fe01773:refs/remotes/origin/dev
2025-12-30T17:24:52.1363248Z From https://github.com/worm-portal/aqequil
2025-12-30T17:24:52.1366485Z  * [new ref]         e6190a14876ae468a4b5041a8a90e6974fe01773 -> origin/dev
2025-12-30T17:24:52.1670271Z ##[endgroup]
2025-12-30T17:24:52.1671054Z ##[group]Determining the checkout info
2025-12-30T17:24:52.1674020Z ##[endgroup]
2025-12-30T17:24:52.1693351Z [command]"C:\Program Files\Git\bin\git.exe" sparse-checkout disable
2025-12-30T17:24:52.2129879Z [command]"C:\Program Files\Git\bin\git.exe" config --local --unset-all extensions.worktreeConfig
2025-12-30T17:24:52.2413250Z ##[group]Checking out the ref
2025-12-30T17:24:52.2427184Z [command]"C:\Program Files\Git\bin\git.exe" checkout --progress --force -B dev refs/remotes/origin/dev
2025-12-30T17:24:52.5780588Z branch 'dev' set up to track 'origin/dev'.
2025-12-30T17:24:52.5782463Z Switched to a new branch 'dev'
2025-12-30T17:24:52.5835586Z ##[endgroup]
2025-12-30T17:24:52.6248315Z [command]"C:\Program Files\Git\bin\git.exe" log -1 --format=%H
2025-12-30T17:24:52.6458589Z e6190a14876ae468a4b5041a8a90e6974fe01773
2025-12-30T17:24:52.6818453Z ##[group]Run actions/setup-python@v5
2025-12-30T17:24:52.6818774Z with:
2025-12-30T17:24:52.6818944Z   python-version: 3.10
2025-12-30T17:24:52.6819162Z   check-latest: false
2025-12-30T17:24:52.6819464Z   token: ***
2025-12-30T17:24:52.6819632Z   update-environment: true
2025-12-30T17:24:52.6819830Z   allow-prereleases: false
2025-12-30T17:24:52.6820777Z   freethreaded: false
2025-12-30T17:24:52.6820985Z ##[endgroup]
2025-12-30T17:24:52.9152062Z ##[group]Installed versions
2025-12-30T17:24:52.9421126Z Successfully set up CPython (3.10.11)
2025-12-30T17:24:52.9421861Z ##[endgroup]
2025-12-30T17:24:52.9675754Z ##[group]Run actions/download-artifact@v4
2025-12-30T17:24:52.9676156Z with:
2025-12-30T17:24:52.9676358Z   name: wheels-windows-2019
2025-12-30T17:24:52.9676646Z   path: wheelhouse
2025-12-30T17:24:52.9676890Z   merge-multiple: false
2025-12-30T17:24:52.9677127Z   repository: worm-portal/aqequil
2025-12-30T17:24:52.9677399Z   run-id: 20601542873
2025-12-30T17:24:52.9677592Z env:
2025-12-30T17:24:52.9677867Z   pythonLocation: C:\hostedtoolcache\windows\Python\3.10.11\x64
2025-12-30T17:24:52.9678333Z   PKG_CONFIG_PATH: C:\hostedtoolcache\windows\Python\3.10.11\x64/lib/pkgconfig
2025-12-30T17:24:52.9678815Z   Python_ROOT_DIR: C:\hostedtoolcache\windows\Python\3.10.11\x64
2025-12-30T17:24:52.9679237Z   Python2_ROOT_DIR: C:\hostedtoolcache\windows\Python\3.10.11\x64
2025-12-30T17:24:52.9679652Z   Python3_ROOT_DIR: C:\hostedtoolcache\windows\Python\3.10.11\x64
2025-12-30T17:24:52.9679996Z ##[endgroup]
2025-12-30T17:24:53.2375101Z Downloading single artifact
2025-12-30T17:24:53.4165399Z Preparing to download the following artifacts:
2025-12-30T17:24:53.4166784Z - wheels-windows-2019 (ID: 4992713713, Size: 31866550, Expected Digest: sha256:b24ff6dd381c53a4cda38103f0a555101e8024b3eb18f9c84984fd08cf04991f)
2025-12-30T17:24:53.5025098Z Redirecting to blob download url: https://productionresultssa19.blob.core.windows.net/actions-results/3359d908-0586-4c6c-8ddb-eda61a91ec84/workflow-job-run-86d5df9e-f010-59b5-8584-eab48523c60a/artifacts/2d74564dac50ace46aa55f3b0736466cb259cb536408fda096bfbd335df3bf65.zip
2025-12-30T17:24:53.5027390Z Starting download of artifact to: D:\a\aqequil\aqequil\wheelhouse
2025-12-30T17:24:53.6736438Z (node:6080) [DEP0005] DeprecationWarning: Buffer() is deprecated due to security and usability issues. Please use the Buffer.alloc(), Buffer.allocUnsafe(), or Buffer.from() methods instead.
2025-12-30T17:24:53.6738019Z (Use `node --trace-deprecation ...` to show where the warning was created)
2025-12-30T17:24:54.3232441Z SHA256 digest of downloaded artifact is b24ff6dd381c53a4cda38103f0a555101e8024b3eb18f9c84984fd08cf04991f
2025-12-30T17:24:54.3233346Z Artifact download completed successfully.
2025-12-30T17:24:54.3233691Z Total of 1 artifact(s) downloaded
2025-12-30T17:24:54.3243643Z Download artifact has finished successfully
2025-12-30T17:24:54.3502679Z ##[group]Run PYVER=$(echo "3.10" | tr -d '.')
2025-12-30T17:24:54.3503083Z [36;1mPYVER=$(echo "3.10" | tr -d '.')[0m
2025-12-30T17:24:54.3503437Z [36;1mpython -m pip install wheelhouse/aqequil-*-cp${PYVER}-*.whl[0m
2025-12-30T17:24:54.3564746Z shell: C:\Program Files\Git\bin\bash.EXE --noprofile --norc -e -o pipefail {0}
2025-12-30T17:24:54.3565124Z env:
2025-12-30T17:24:54.3565374Z   pythonLocation: C:\hostedtoolcache\windows\Python\3.10.11\x64
2025-12-30T17:24:54.3565823Z   PKG_CONFIG_PATH: C:\hostedtoolcache\windows\Python\3.10.11\x64/lib/pkgconfig
2025-12-30T17:24:54.3566245Z   Python_ROOT_DIR: C:\hostedtoolcache\windows\Python\3.10.11\x64
2025-12-30T17:24:54.3566617Z   Python2_ROOT_DIR: C:\hostedtoolcache\windows\Python\3.10.11\x64
2025-12-30T17:24:54.3566986Z   Python3_ROOT_DIR: C:\hostedtoolcache\windows\Python\3.10.11\x64
2025-12-30T17:24:54.3567263Z ##[endgroup]
2025-12-30T17:24:58.4890653Z Processing d:\a\aqequil\aqequil\wheelhouse\aqequil-0.41.0-cp310-cp310-win_amd64.whl
2025-12-30T17:24:58.7744057Z Collecting pandas (from aqequil==0.41.0)
2025-12-30T17:24:58.8033724Z   Downloading pandas-2.3.3-cp310-cp310-win_amd64.whl.metadata (19 kB)
2025-12-30T17:24:59.0941372Z Collecting numpy (from aqequil==0.41.0)
2025-12-30T17:24:59.0992809Z   Downloading numpy-2.2.6-cp310-cp310-win_amd64.whl.metadata (60 kB)
2025-12-30T17:24:59.3096292Z Collecting matplotlib (from aqequil==0.41.0)
2025-12-30T17:24:59.3157763Z   Downloading matplotlib-3.10.8-cp310-cp310-win_amd64.whl.metadata (52 kB)
2025-12-30T17:24:59.3999060Z Collecting plotly (from aqequil==0.41.0)
2025-12-30T17:24:59.4046454Z   Downloading plotly-6.5.0-py3-none-any.whl.metadata (8.5 kB)
2025-12-30T17:24:59.5004197Z Collecting ipython (from aqequil==0.41.0)
2025-12-30T17:24:59.5057970Z   Downloading ipython-8.37.0-py3-none-any.whl.metadata (5.1 kB)
2025-12-30T17:24:59.5740540Z Collecting chemparse (from aqequil==0.41.0)
2025-12-30T17:24:59.5797656Z   Downloading chemparse-0.3.2-py3-none-any.whl.metadata (1.7 kB)
2025-12-30T17:24:59.7376049Z Collecting dill (from aqequil==0.41.0)
2025-12-30T17:24:59.7422503Z   Downloading dill-0.4.0-py3-none-any.whl.metadata (10 kB)
2025-12-30T17:24:59.7971028Z Collecting periodictable (from aqequil==0.41.0)
2025-12-30T17:24:59.8014887Z   Downloading periodictable-2.0.2-py3-none-any.whl.metadata (5.4 kB)
2025-12-30T17:24:59.8645176Z Collecting natsort (from aqequil==0.41.0)
2025-12-30T17:24:59.8689374Z   Downloading natsort-8.4.0-py3-none-any.whl.metadata (21 kB)
2025-12-30T17:24:59.9228530Z Collecting roman (from aqequil==0.41.0)
2025-12-30T17:24:59.9277233Z   Downloading roman-5.2-py3-none-any.whl.metadata (4.3 kB)
2025-12-30T17:25:00.0092714Z Collecting ipywidgets (from aqequil==0.41.0)
2025-12-30T17:25:00.0150000Z   Downloading ipywidgets-8.1.8-py3-none-any.whl.metadata (2.4 kB)
2025-12-30T17:25:00.2158117Z Collecting wormutils (from aqequil==0.41.0)
2025-12-30T17:25:00.2206907Z   Downloading wormutils-0.2.0-py3-none-any.whl.metadata (723 bytes)
2025-12-30T17:25:00.3198821Z Collecting pychnosz (from aqequil==0.41.0)
2025-12-30T17:25:00.3301626Z   Downloading pychnosz-1.1.11-cp310-cp310-win_amd64.whl.metadata (8.4 kB)
2025-12-30T17:25:00.3969092Z Collecting colorama (from ipython->aqequil==0.41.0)
2025-12-30T17:25:00.4016492Z   Downloading colorama-0.4.6-py2.py3-none-any.whl.metadata (17 kB)
2025-12-30T17:25:00.4724354Z Collecting decorator (from ipython->aqequil==0.41.0)
2025-12-30T17:25:00.4773723Z   Downloading decorator-5.2.1-py3-none-any.whl.metadata (3.9 kB)
2025-12-30T17:25:00.5394490Z Collecting exceptiongroup (from ipython->aqequil==0.41.0)
2025-12-30T17:25:00.5444265Z   Downloading exceptiongroup-1.3.1-py3-none-any.whl.metadata (6.7 kB)
2025-12-30T17:25:00.6033025Z Collecting jedi>=0.16 (from ipython->aqequil==0.41.0)
2025-12-30T17:25:00.6092451Z   Downloading jedi-0.19.2-py2.py3-none-any.whl.metadata (22 kB)
2025-12-30T17:25:00.6834234Z Collecting matplotlib-inline (from ipython->aqequil==0.41.0)
2025-12-30T17:25:00.6884656Z   Downloading matplotlib_inline-0.2.1-py3-none-any.whl.metadata (2.3 kB)
2025-12-30T17:25:00.7681484Z Collecting prompt_toolkit<3.1.0,>=3.0.41 (from ipython->aqequil==0.41.0)
2025-12-30T17:25:00.7733850Z   Downloading prompt_toolkit-3.0.52-py3-none-any.whl.metadata (6.4 kB)
2025-12-30T17:25:00.8410323Z Collecting pygments>=2.4.0 (from ipython->aqequil==0.41.0)
2025-12-30T17:25:00.8462037Z   Downloading pygments-2.19.2-py3-none-any.whl.metadata (2.5 kB)
2025-12-30T17:25:00.9127358Z Collecting stack_data (from ipython->aqequil==0.41.0)
2025-12-30T17:25:00.9176166Z   Downloading stack_data-0.6.3-py3-none-any.whl.metadata (18 kB)
2025-12-30T17:25:01.0102906Z Collecting traitlets>=5.13.0 (from ipython->aqequil==0.41.0)
2025-12-30T17:25:01.0158380Z   Downloading traitlets-5.14.3-py3-none-any.whl.metadata (10 kB)
2025-12-30T17:25:01.0887428Z Collecting typing_extensions>=4.6 (from ipython->aqequil==0.41.0)
2025-12-30T17:25:01.0941065Z   Downloading typing_extensions-4.15.0-py3-none-any.whl.metadata (3.3 kB)
2025-12-30T17:25:01.1746269Z Collecting wcwidth (from prompt_toolkit<3.1.0,>=3.0.41->ipython->aqequil==0.41.0)
2025-12-30T17:25:01.1796416Z   Downloading wcwidth-0.2.14-py2.py3-none-any.whl.metadata (15 kB)
2025-12-30T17:25:01.2496549Z Collecting parso<0.9.0,>=0.8.4 (from jedi>=0.16->ipython->aqequil==0.41.0)
2025-12-30T17:25:01.2543623Z   Downloading parso-0.8.5-py2.py3-none-any.whl.metadata (8.3 kB)
2025-12-30T17:25:01.3306190Z Collecting comm>=0.1.3 (from ipywidgets->aqequil==0.41.0)
2025-12-30T17:25:01.3400384Z   Downloading comm-0.2.3-py3-none-any.whl.metadata (3.7 kB)
2025-12-30T17:25:01.4629912Z Collecting widgetsnbextension~=4.0.14 (from ipywidgets->aqequil==0.41.0)
2025-12-30T17:25:01.4681925Z   Downloading widgetsnbextension-4.0.15-py3-none-any.whl.metadata (1.6 kB)
2025-12-30T17:25:01.5468937Z Collecting jupyterlab_widgets~=3.0.15 (from ipywidgets->aqequil==0.41.0)
2025-12-30T17:25:01.5517094Z   Downloading jupyterlab_widgets-3.0.16-py3-none-any.whl.metadata (20 kB)
2025-12-30T17:25:01.6809639Z Collecting contourpy>=1.0.1 (from matplotlib->aqequil==0.41.0)
2025-12-30T17:25:01.6866458Z   Downloading contourpy-1.3.2-cp310-cp310-win_amd64.whl.metadata (5.5 kB)
2025-12-30T17:25:01.7550196Z Collecting cycler>=0.10 (from matplotlib->aqequil==0.41.0)
2025-12-30T17:25:01.7598691Z   Downloading cycler-0.12.1-py3-none-any.whl.metadata (3.8 kB)
2025-12-30T17:25:02.0151756Z Collecting fonttools>=4.22.0 (from matplotlib->aqequil==0.41.0)
2025-12-30T17:25:02.0246805Z   Downloading fonttools-4.61.1-cp310-cp310-win_amd64.whl.metadata (116 kB)
2025-12-30T17:25:02.1546452Z Collecting kiwisolver>=1.3.1 (from matplotlib->aqequil==0.41.0)
2025-12-30T17:25:02.1647868Z   Downloading kiwisolver-1.4.9-cp310-cp310-win_amd64.whl.metadata (6.4 kB)
2025-12-30T17:25:02.2543655Z Collecting packaging>=20.0 (from matplotlib->aqequil==0.41.0)
2025-12-30T17:25:02.2594082Z   Downloading packaging-25.0-py3-none-any.whl.metadata (3.3 kB)
2025-12-30T17:25:02.5241349Z Collecting pillow>=8 (from matplotlib->aqequil==0.41.0)
2025-12-30T17:25:02.5305121Z   Downloading pillow-12.0.0-cp310-cp310-win_amd64.whl.metadata (9.0 kB)
2025-12-30T17:25:02.6148920Z Collecting pyparsing>=3 (from matplotlib->aqequil==0.41.0)
2025-12-30T17:25:02.6198867Z   Downloading pyparsing-3.3.1-py3-none-any.whl.metadata (5.6 kB)
2025-12-30T17:25:02.6831970Z Collecting python-dateutil>=2.7 (from matplotlib->aqequil==0.41.0)
2025-12-30T17:25:02.6878405Z   Downloading python_dateutil-2.9.0.post0-py2.py3-none-any.whl.metadata (8.4 kB)
2025-12-30T17:25:02.7563756Z Collecting six>=1.5 (from python-dateutil>=2.7->matplotlib->aqequil==0.41.0)
2025-12-30T17:25:02.7613739Z   Downloading six-1.17.0-py2.py3-none-any.whl.metadata (1.7 kB)
2025-12-30T17:25:02.8681635Z Collecting pytz>=2020.1 (from pandas->aqequil==0.41.0)
2025-12-30T17:25:02.8734481Z   Downloading pytz-2025.2-py2.py3-none-any.whl.metadata (22 kB)
2025-12-30T17:25:02.9361159Z Collecting tzdata>=2022.7 (from pandas->aqequil==0.41.0)
2025-12-30T17:25:02.9408870Z   Downloading tzdata-2025.3-py2.py3-none-any.whl.metadata (1.4 kB)
2025-12-30T17:25:03.0372260Z Collecting narwhals>=1.15.1 (from plotly->aqequil==0.41.0)
2025-12-30T17:25:03.0434640Z   Downloading narwhals-2.14.0-py3-none-any.whl.metadata (13 kB)
2025-12-30T17:25:03.2972797Z Collecting scipy>=1.7.0 (from pychnosz->aqequil==0.41.0)
2025-12-30T17:25:03.3037610Z   Downloading scipy-1.15.3-cp310-cp310-win_amd64.whl.metadata (60 kB)
2025-12-30T17:25:03.4121891Z Collecting executing>=1.2.0 (from stack_data->ipython->aqequil==0.41.0)
2025-12-30T17:25:03.4168492Z   Downloading executing-2.2.1-py2.py3-none-any.whl.metadata (8.9 kB)
2025-12-30T17:25:03.4816981Z Collecting asttokens>=2.1.0 (from stack_data->ipython->aqequil==0.41.0)
2025-12-30T17:25:03.4868060Z   Downloading asttokens-3.0.1-py3-none-any.whl.metadata (4.9 kB)
2025-12-30T17:25:03.5421368Z Collecting pure-eval (from stack_data->ipython->aqequil==0.41.0)
2025-12-30T17:25:03.5513913Z   Downloading pure_eval-0.2.3-py3-none-any.whl.metadata (6.3 kB)
2025-12-30T17:25:03.6301481Z Collecting requests (from wormutils->aqequil==0.41.0)
2025-12-30T17:25:03.6353374Z   Downloading requests-2.32.5-py3-none-any.whl.metadata (4.9 kB)
2025-12-30T17:25:03.7973605Z Collecting importlib_resources (from wormutils->aqequil==0.41.0)
2025-12-30T17:25:03.8029373Z   Downloading importlib_resources-6.5.2-py3-none-any.whl.metadata (3.9 kB)
2025-12-30T17:25:03.9480399Z Collecting charset_normalizer<4,>=2 (from requests->wormutils->aqequil==0.41.0)
2025-12-30T17:25:03.9559034Z   Downloading charset_normalizer-3.4.4-cp310-cp310-win_amd64.whl.metadata (38 kB)
2025-12-30T17:25:04.0175010Z Collecting idna<4,>=2.5 (from requests->wormutils->aqequil==0.41.0)
2025-12-30T17:25:04.0225050Z   Downloading idna-3.11-py3-none-any.whl.metadata (8.4 kB)
2025-12-30T17:25:04.1005068Z Collecting urllib3<3,>=1.21.1 (from requests->wormutils->aqequil==0.41.0)
2025-12-30T17:25:04.1059591Z   Downloading urllib3-2.6.2-py3-none-any.whl.metadata (6.6 kB)
2025-12-30T17:25:04.1702460Z Collecting certifi>=2017.4.17 (from requests->wormutils->aqequil==0.41.0)
2025-12-30T17:25:04.1749644Z   Downloading certifi-2025.11.12-py3-none-any.whl.metadata (2.5 kB)
2025-12-30T17:25:04.2181817Z Downloading chemparse-0.3.2-py3-none-any.whl (5.9 kB)
2025-12-30T17:25:04.2522156Z Downloading dill-0.4.0-py3-none-any.whl (119 kB)
2025-12-30T17:25:04.2839847Z Downloading ipython-8.37.0-py3-none-any.whl (831 kB)
2025-12-30T17:25:04.3161328Z    --------------------------------------- 831.9/831.9 kB 18.4 MB/s eta 0:00:00
2025-12-30T17:25:04.3211080Z Downloading prompt_toolkit-3.0.52-py3-none-any.whl (391 kB)
2025-12-30T17:25:04.3544454Z Downloading jedi-0.19.2-py2.py3-none-any.whl (1.6 MB)
2025-12-30T17:25:04.3991511Z    ---------------------------------------- 1.6/1.6 MB 42.3 MB/s eta 0:00:00
2025-12-30T17:25:04.4039811Z Downloading parso-0.8.5-py2.py3-none-any.whl (106 kB)
2025-12-30T17:25:04.4328827Z Downloading pygments-2.19.2-py3-none-any.whl (1.2 MB)
2025-12-30T17:25:04.4716773Z    ---------------------------------------- 1.2/1.2 MB 31.1 MB/s eta 0:00:00
2025-12-30T17:25:04.4766033Z Downloading traitlets-5.14.3-py3-none-any.whl (85 kB)
2025-12-30T17:25:04.5080618Z Downloading typing_extensions-4.15.0-py3-none-any.whl (44 kB)
2025-12-30T17:25:04.5357242Z Downloading colorama-0.4.6-py2.py3-none-any.whl (25 kB)
2025-12-30T17:25:04.5664310Z Downloading decorator-5.2.1-py3-none-any.whl (9.2 kB)
2025-12-30T17:25:04.5981063Z Downloading exceptiongroup-1.3.1-py3-none-any.whl (16 kB)
2025-12-30T17:25:04.6311878Z Downloading ipywidgets-8.1.8-py3-none-any.whl (139 kB)
2025-12-30T17:25:04.6617645Z Downloading jupyterlab_widgets-3.0.16-py3-none-any.whl (914 kB)
2025-12-30T17:25:04.6982536Z    --------------------------------------- 914.9/914.9 kB 21.1 MB/s eta 0:00:00
2025-12-30T17:25:04.7036792Z Downloading widgetsnbextension-4.0.15-py3-none-any.whl (2.2 MB)
2025-12-30T17:25:04.7536767Z    ---------------------------------------- 2.2/2.2 MB 41.2 MB/s eta 0:00:00
2025-12-30T17:25:04.7616921Z Downloading comm-0.2.3-py3-none-any.whl (7.3 kB)
2025-12-30T17:25:04.7984064Z Downloading matplotlib-3.10.8-cp310-cp310-win_amd64.whl (8.1 MB)
2025-12-30T17:25:04.8847866Z    ---------------------------------------- 8.1/8.1 MB 99.6 MB/s eta 0:00:00
2025-12-30T17:25:04.8917947Z Downloading contourpy-1.3.2-cp310-cp310-win_amd64.whl (221 kB)
2025-12-30T17:25:04.9254263Z Downloading cycler-0.12.1-py3-none-any.whl (8.3 kB)
2025-12-30T17:25:04.9584564Z Downloading fonttools-4.61.1-cp310-cp310-win_amd64.whl (1.6 MB)
2025-12-30T17:25:05.0018193Z    ---------------------------------------- 1.6/1.6 MB 27.4 MB/s eta 0:00:00
2025-12-30T17:25:05.0122072Z Downloading kiwisolver-1.4.9-cp310-cp310-win_amd64.whl (73 kB)
2025-12-30T17:25:05.0490502Z Downloading numpy-2.2.6-cp310-cp310-win_amd64.whl (12.9 MB)
2025-12-30T17:25:05.1819100Z    ---------------------------------------- 12.9/12.9 MB 101.1 MB/s eta 0:00:00
2025-12-30T17:25:05.1870135Z Downloading packaging-25.0-py3-none-any.whl (66 kB)
2025-12-30T17:25:05.2186657Z Downloading pillow-12.0.0-cp310-cp310-win_amd64.whl (7.0 MB)
2025-12-30T17:25:05.3032740Z    ---------------------------------------- 7.0/7.0 MB 86.4 MB/s eta 0:00:00
2025-12-30T17:25:05.3081383Z Downloading pyparsing-3.3.1-py3-none-any.whl (121 kB)
2025-12-30T17:25:05.3367821Z Downloading python_dateutil-2.9.0.post0-py2.py3-none-any.whl (229 kB)
2025-12-30T17:25:05.3762629Z Downloading six-1.17.0-py2.py3-none-any.whl (11 kB)
2025-12-30T17:25:05.4030051Z Downloading matplotlib_inline-0.2.1-py3-none-any.whl (9.5 kB)
2025-12-30T17:25:05.4307912Z Downloading natsort-8.4.0-py3-none-any.whl (38 kB)
2025-12-30T17:25:05.4592146Z Downloading pandas-2.3.3-cp310-cp310-win_amd64.whl (11.3 MB)
2025-12-30T17:25:05.5736898Z    ---------------------------------------- 11.3/11.3 MB 101.7 MB/s eta 0:00:00
2025-12-30T17:25:05.5791743Z Downloading pytz-2025.2-py2.py3-none-any.whl (509 kB)
2025-12-30T17:25:05.6089818Z Downloading tzdata-2025.3-py2.py3-none-any.whl (348 kB)
2025-12-30T17:25:05.6447486Z Downloading periodictable-2.0.2-py3-none-any.whl (811 kB)
2025-12-30T17:25:05.6761205Z    --------------------------------------- 811.1/811.1 kB 17.7 MB/s eta 0:00:00
2025-12-30T17:25:05.6811248Z Downloading plotly-6.5.0-py3-none-any.whl (9.9 MB)
2025-12-30T17:25:05.7815562Z    ---------------------------------------- 9.9/9.9 MB 102.5 MB/s eta 0:00:00
2025-12-30T17:25:05.7863773Z Downloading narwhals-2.14.0-py3-none-any.whl (430 kB)
2025-12-30T17:25:05.8249278Z Downloading pychnosz-1.1.11-cp310-cp310-win_amd64.whl (863 kB)
2025-12-30T17:25:05.8637403Z    --------------------------------------- 863.6/863.6 kB 12.8 MB/s eta 0:00:00
2025-12-30T17:25:05.8724107Z Downloading scipy-1.15.3-cp310-cp310-win_amd64.whl (41.3 MB)
2025-12-30T17:25:06.6822402Z    ---------------------------------------- 41.3/41.3 MB 50.5 MB/s eta 0:00:00
2025-12-30T17:25:06.6871956Z Downloading roman-5.2-py3-none-any.whl (6.0 kB)
2025-12-30T17:25:06.7194806Z Downloading stack_data-0.6.3-py3-none-any.whl (24 kB)
2025-12-30T17:25:06.7549344Z Downloading asttokens-3.0.1-py3-none-any.whl (27 kB)
2025-12-30T17:25:06.7933817Z Downloading executing-2.2.1-py2.py3-none-any.whl (28 kB)
2025-12-30T17:25:06.8289070Z Downloading pure_eval-0.2.3-py3-none-any.whl (11 kB)
2025-12-30T17:25:06.8650692Z Downloading wcwidth-0.2.14-py2.py3-none-any.whl (37 kB)
2025-12-30T17:25:06.9172036Z Downloading wormutils-0.2.0-py3-none-any.whl (18 kB)
2025-12-30T17:25:06.9481558Z Downloading importlib_resources-6.5.2-py3-none-any.whl (37 kB)
2025-12-30T17:25:06.9827176Z Downloading requests-2.32.5-py3-none-any.whl (64 kB)
2025-12-30T17:25:07.0210296Z Downloading charset_normalizer-3.4.4-cp310-cp310-win_amd64.whl (107 kB)
2025-12-30T17:25:07.0598803Z Downloading idna-3.11-py3-none-any.whl (71 kB)
2025-12-30T17:25:07.0881080Z Downloading urllib3-2.6.2-py3-none-any.whl (131 kB)
2025-12-30T17:25:07.1235094Z Downloading certifi-2025.11.12-py3-none-any.whl (159 kB)
2025-12-30T17:25:07.6042272Z Installing collected packages: pytz, pure-eval, widgetsnbextension, wcwidth, urllib3, tzdata, typing_extensions, traitlets, six, roman, pyparsing, pygments, pillow, parso, packaging, numpy, natsort, narwhals, kiwisolver, jupyterlab_widgets, importlib_resources, idna, fonttools, executing, dill, decorator, cycler, comm, colorama, chemparse, charset_normalizer, certifi, asttokens, stack_data, scipy, requests, python-dateutil, prompt_toolkit, plotly, periodictable, matplotlib-inline, jedi, exceptiongroup, contourpy, pandas, matplotlib, ipython, wormutils, pychnosz, ipywidgets, aqequil
2025-12-30T17:26:02.9582192Z 
2025-12-30T17:26:02.9748544Z Successfully installed aqequil-0.41.0 asttokens-3.0.1 certifi-2025.11.12 charset_normalizer-3.4.4 chemparse-0.3.2 colorama-0.4.6 comm-0.2.3 contourpy-1.3.2 cycler-0.12.1 decorator-5.2.1 dill-0.4.0 exceptiongroup-1.3.1 executing-2.2.1 fonttools-4.61.1 idna-3.11 importlib_resources-6.5.2 ipython-8.37.0 ipywidgets-8.1.8 jedi-0.19.2 jupyterlab_widgets-3.0.16 kiwisolver-1.4.9 matplotlib-3.10.8 matplotlib-inline-0.2.1 narwhals-2.14.0 natsort-8.4.0 numpy-2.2.6 packaging-25.0 pandas-2.3.3 parso-0.8.5 periodictable-2.0.2 pillow-12.0.0 plotly-6.5.0 prompt_toolkit-3.0.52 pure-eval-0.2.3 pychnosz-1.1.11 pygments-2.19.2 pyparsing-3.3.1 python-dateutil-2.9.0.post0 pytz-2025.2 requests-2.32.5 roman-5.2 scipy-1.15.3 six-1.17.0 stack_data-0.6.3 traitlets-5.14.3 typing_extensions-4.15.0 tzdata-2025.3 urllib3-2.6.2 wcwidth-0.2.14 widgetsnbextension-4.0.15 wormutils-0.2.0
2025-12-30T17:26:03.0496804Z 
2025-12-30T17:26:03.0498589Z [notice] A new release of pip is available: 25.1.1 -> 25.3
2025-12-30T17:26:03.0499669Z [notice] To update, run: python.exe -m pip install --upgrade pip
2025-12-30T17:26:03.3381222Z ##[group]Run python test_integration.py
2025-12-30T17:26:03.3381584Z [36;1mpython test_integration.py[0m
2025-12-30T17:26:03.3393099Z shell: C:\Program Files\Git\bin\bash.EXE --noprofile --norc -e -o pipefail {0}
2025-12-30T17:26:03.3393462Z env:
2025-12-30T17:26:03.3393709Z   pythonLocation: C:\hostedtoolcache\windows\Python\3.10.11\x64
2025-12-30T17:26:03.3394127Z   PKG_CONFIG_PATH: C:\hostedtoolcache\windows\Python\3.10.11\x64/lib/pkgconfig
2025-12-30T17:26:03.3394556Z   Python_ROOT_DIR: C:\hostedtoolcache\windows\Python\3.10.11\x64
2025-12-30T17:26:03.3394949Z   Python2_ROOT_DIR: C:\hostedtoolcache\windows\Python\3.10.11\x64
2025-12-30T17:26:03.3395325Z   Python3_ROOT_DIR: C:\hostedtoolcache\windows\Python\3.10.11\x64
2025-12-30T17:26:03.3395608Z ##[endgroup]
2025-12-30T17:26:09.8815446Z Traceback (most recent call last):
2025-12-30T17:26:09.8825105Z   File "D:\a\aqequil\aqequil\aqequil\AqSpeciation.py", line 854, in runeqpt
2025-12-30T17:26:09.8826103Z     self.__run_eq_executable('eqpt', [data0_path], cwd=os.getcwd())
2025-12-30T17:26:09.8827145Z   File "D:\a\aqequil\aqequil\aqequil\AqSpeciation.py", line 1104, in __run_eq_executable
2025-12-30T17:26:09.8827962Z     exe_path = os.path.join(self.eq36co, f"{exe_name}.exe")
2025-12-30T17:26:09.8828771Z   File "C:\hostedtoolcache\windows\Python\3.10.11\x64\lib\ntpath.py", line 104, in join
2025-12-30T17:26:09.8829505Z     path = os.fspath(path)
2025-12-30T17:26:09.8830026Z TypeError: expected str, bytes or os.PathLike object, not NoneType
2025-12-30T17:26:09.8830517Z 
2025-12-30T17:26:09.8830822Z During handling of the above exception, another exception occurred:
2025-12-30T17:26:09.8831309Z 
2025-12-30T17:26:09.8831453Z Traceback (most recent call last):
2025-12-30T17:26:09.8832118Z   File "D:\a\aqequil\aqequil\test_integration.py", line 119, in test_runeqpt
2025-12-30T17:26:09.8832753Z     ae.runeqpt('wrm')
2025-12-30T17:26:09.8833347Z   File "D:\a\aqequil\aqequil\aqequil\AqSpeciation.py", line 856, in runeqpt
2025-12-30T17:26:09.8833999Z     self.err_handler.raise_exception(
2025-12-30T17:26:09.8835023Z   File "C:\hostedtoolcache\windows\Python\3.10.11\x64\lib\site-packages\wormutils\Error_Handler.py", line 57, in raise_exception
2025-12-30T17:26:09.8836045Z     raise Exception(msg)
2025-12-30T17:26:09.8836456Z Exception: Error: EQPT failed to run on data0.wrm.
2025-12-30T17:26:09.8855493Z Traceback (most recent call last):
2025-12-30T17:26:09.8856483Z   File "D:\a\aqequil\aqequil\aqequil\AqSpeciation.py", line 854, in runeqpt
2025-12-30T17:26:09.8857274Z     self.__run_eq_executable('eqpt', [data0_path], cwd=os.getcwd())
2025-12-30T17:26:09.8857865Z   File "D:\a\aqequil\aqequil\aqequil\AqSpeciation.py", line 1104, in __run_eq_executable
2025-12-30T17:26:09.8858345Z     exe_path = os.path.join(self.eq36co, f"{exe_name}.exe")
2025-12-30T17:26:09.8858826Z   File "C:\hostedtoolcache\windows\Python\3.10.11\x64\lib\ntpath.py", line 104, in join
2025-12-30T17:26:09.8859257Z     path = os.fspath(path)
2025-12-30T17:26:09.8859566Z TypeError: expected str, bytes or os.PathLike object, not NoneType
2025-12-30T17:26:09.8859846Z 
2025-12-30T17:26:09.8860019Z During handling of the above exception, another exception occurred:
2025-12-30T17:26:09.8860300Z 
2025-12-30T17:26:09.8860384Z Traceback (most recent call last):
2025-12-30T17:26:09.8860789Z   File "D:\a\aqequil\aqequil\test_integration.py", line 186, in test_speciation_simple
2025-12-30T17:26:09.8861188Z     ae_eqpt.runeqpt('wrm')
2025-12-30T17:26:09.8861538Z   File "D:\a\aqequil\aqequil\aqequil\AqSpeciation.py", line 856, in runeqpt
2025-12-30T17:26:09.8861905Z     self.err_handler.raise_exception(
2025-12-30T17:26:09.8862482Z   File "C:\hostedtoolcache\windows\Python\3.10.11\x64\lib\site-packages\wormutils\Error_Handler.py", line 57, in raise_exception
2025-12-30T17:26:09.8863052Z     raise Exception(msg)
2025-12-30T17:26:09.8863291Z Exception: Error: EQPT failed to run on data0.wrm.
2025-12-30T17:26:18.0567961Z Traceback (most recent call last):
2025-12-30T17:26:18.0568829Z   File "D:\a\aqequil\aqequil\aqequil\AqSpeciation.py", line 854, in runeqpt
2025-12-30T17:26:18.0569697Z     self.__run_eq_executable('eqpt', [data0_path], cwd=os.getcwd())
2025-12-30T17:26:18.0570976Z   File "D:\a\aqequil\aqequil\aqequil\AqSpeciation.py", line 1104, in __run_eq_executable
2025-12-30T17:26:18.0571924Z     exe_path = os.path.join(self.eq36co, f"{exe_name}.exe")
2025-12-30T17:26:18.0572947Z   File "C:\hostedtoolcache\windows\Python\3.10.11\x64\lib\ntpath.py", line 104, in join
2025-12-30T17:26:18.0573694Z     path = os.fspath(path)
2025-12-30T17:26:18.0574214Z TypeError: expected str, bytes or os.PathLike object, not NoneType
2025-12-30T17:26:18.0574664Z 
2025-12-30T17:26:18.0574968Z During handling of the above exception, another exception occurred:
2025-12-30T17:26:18.0575405Z 
2025-12-30T17:26:18.0575538Z Traceback (most recent call last):
2025-12-30T17:26:18.0576261Z   File "D:\a\aqequil\aqequil\test_integration.py", line 253, in test_water_rock_reaction
2025-12-30T17:26:18.0576976Z     speciation = ae.speciate(
2025-12-30T17:26:18.0577519Z   File "D:\a\aqequil\aqequil\aqequil\AqSpeciation.py", line 1926, in speciate
2025-12-30T17:26:18.0578099Z     self.runeqpt(data0_lettercode, dynamic_db=True)
2025-12-30T17:26:18.0578732Z   File "D:\a\aqequil\aqequil\aqequil\AqSpeciation.py", line 856, in runeqpt
2025-12-30T17:26:18.0579275Z     self.err_handler.raise_exception(
2025-12-30T17:26:18.0580151Z   File "C:\hostedtoolcache\windows\Python\3.10.11\x64\lib\site-packages\wormutils\Error_Handler.py", line 57, in raise_exception
2025-12-30T17:26:18.0581001Z     raise Exception(msg)
2025-12-30T17:26:18.0581381Z Exception: Error: EQPT failed to run on data0.dyn.
2025-12-30T17:26:18.0581742Z 
2025-12-30T17:26:18.0581891Z ============================================================
2025-12-30T17:26:18.0582300Z AQEQUIL INTEGRATION TEST SUITE
2025-12-30T17:26:18.0582663Z ============================================================
2025-12-30T17:26:18.0583022Z Python: 3.10.11
2025-12-30T17:26:18.0583264Z Platform: win32
2025-12-30T17:26:18.0583513Z Architecture: AMD64
2025-12-30T17:26:18.0583798Z ============================================================
2025-12-30T17:26:18.0584203Z ============================================================
2025-12-30T17:26:18.0584625Z Test 1: Checking for bundled EQ3/6 executables
2025-12-30T17:26:18.0585024Z ============================================================
2025-12-30T17:26:18.0585433Z [FAIL] No bundled executables found!
2025-12-30T17:26:18.0585683Z 
2025-12-30T17:26:18.0585808Z ============================================================
2025-12-30T17:26:18.0586207Z Test 2: Testing aqequil import and basic usage
2025-12-30T17:26:18.0586620Z ============================================================
2025-12-30T17:26:18.0587004Z [OK] Successfully imported aqequil
2025-12-30T17:26:18.0587538Z [OK] Found test data at: D:\a\aqequil\aqequil\aqequil\test_data\input_example_wrm.csv
2025-12-30T17:26:18.0588013Z 
2025-12-30T17:26:18.0588140Z ============================================================
2025-12-30T17:26:18.0588575Z Test 3: Testing runeqpt (data0 to data1 conversion)
2025-12-30T17:26:18.0589007Z ============================================================
2025-12-30T17:26:18.0589554Z [INFO] Working directory: C:\Users\RUNNER~1\AppData\Local\Temp\tmp04l7furl
2025-12-30T17:26:18.0590098Z [OK] Copied data0.wrm to working directory
2025-12-30T17:26:18.0590517Z Running EQPT on data0.wrm...
2025-12-30T17:26:18.0590959Z [FAIL] Error during runeqpt: Error: EQPT failed to run on data0.wrm.
2025-12-30T17:26:18.0591499Z [WARN] Known win32 issue with EQPT runtime detected
2025-12-30T17:26:18.0591999Z [INFO] Skipping runeqpt test due to platform-specific issues
2025-12-30T17:26:18.0592367Z 
2025-12-30T17:26:18.0592479Z ============================================================
2025-12-30T17:26:18.0593766Z Test 4: Testing simple speciation (wrm database)
2025-12-30T17:26:18.0594680Z ============================================================
2025-12-30T17:26:18.0595303Z Running speciation on D:\a\aqequil\aqequil\aqequil\test_data\input_example_wrm.csv...
2025-12-30T17:26:18.0596072Z [INFO] Working directory: C:\Users\RUNNER~1\AppData\Local\Temp\tmpl062td0c
2025-12-30T17:26:18.0596628Z [OK] Copied data0.wrm to working directory
2025-12-30T17:26:18.0597004Z Running EQPT to create data1.wrm...
2025-12-30T17:26:18.0597533Z [FAIL] Error during simple speciation: Error: EQPT failed to run on data0.wrm.
2025-12-30T17:26:18.0598120Z [WARN] Known win32 issue - skipping test
2025-12-30T17:26:18.0598395Z 
2025-12-30T17:26:18.0598525Z ============================================================
2025-12-30T17:26:18.0598924Z Test 5: Testing water-rock reaction
2025-12-30T17:26:18.0599316Z ============================================================
2025-12-30T17:26:18.0599928Z Running speciation on D:\a\aqequil\aqequil\aqequil\test_data\input_example_wrm.csv...
2025-12-30T17:26:18.0600712Z [INFO] Working directory: C:\Users\RUNNER~1\AppData\Local\Temp\tmpyqxr3ufk
2025-12-30T17:26:18.0601354Z Getting wrm_data_latest.csv ready. This will take a moment...
2025-12-30T17:26:18.0602125Z No 'charge_balance_on' column found in input file. Defaulting to no charge balancing for all samples.
2025-12-30T17:26:18.0603214Z Warning: a column for Pressure was not found in the sample input file. Defaulting to water saturation pressure...
2025-12-30T17:26:18.0604131Z [FAIL] Error during water-rock reaction: Error: EQPT failed to run on data0.dyn.
2025-12-30T17:26:18.0604723Z [WARN] Known win32 issue - skipping test
2025-12-30T17:26:18.0604990Z 
2025-12-30T17:26:18.0605119Z ============================================================
2025-12-30T17:26:18.0605472Z TEST SUMMARY
2025-12-30T17:26:18.0605789Z ============================================================
2025-12-30T17:26:18.0606294Z [FAIL] Bundled Executables
2025-12-30T17:26:18.0606613Z [PASS] Import and Basic Usage
2025-12-30T17:26:18.0606948Z [PASS] EQPT Data0 to Data1 Conversion
2025-12-30T17:26:18.0607311Z [PASS] Simple Speciation (wrm database)
2025-12-30T17:26:18.0607670Z [PASS] Water-Rock Reaction
2025-12-30T17:26:18.0607981Z ============================================================
2025-12-30T17:26:18.0608257Z 
2025-12-30T17:26:18.0608357Z [FAIL] Some tests failed!
2025-12-30T17:26:18.2336914Z ##[error]Process completed with exit code 1.
2025-12-30T17:26:18.2536851Z Post job cleanup.
2025-12-30T17:26:18.4671435Z [command]"C:\Program Files\Git\bin\git.exe" version
2025-12-30T17:26:18.4909550Z git version 2.50.0.windows.1
2025-12-30T17:26:18.4979457Z Temporarily overriding HOME='D:\a\_temp\3aa37d47-c78a-4b49-b002-e74e87666fbc' before making global git config changes
2025-12-30T17:26:18.4980536Z Adding repository directory to the temporary git global config as a safe directory
2025-12-30T17:26:18.4994662Z [command]"C:\Program Files\Git\bin\git.exe" config --global --add safe.directory D:\a\aqequil\aqequil
2025-12-30T17:26:18.5246692Z [command]"C:\Program Files\Git\bin\git.exe" config --local --name-only --get-regexp core\.sshCommand
2025-12-30T17:26:18.5491871Z [command]"C:\Program Files\Git\bin\git.exe" submodule foreach --recursive "sh -c \"git config --local --name-only --get-regexp 'core\.sshCommand' && git config --local --unset-all 'core.sshCommand' || :\""
2025-12-30T17:26:18.9685243Z [command]"C:\Program Files\Git\bin\git.exe" config --local --name-only --get-regexp http\.https\:\/\/github\.com\/\.extraheader
2025-12-30T17:26:18.9885896Z http.https://github.com/.extraheader
2025-12-30T17:26:18.9932726Z [command]"C:\Program Files\Git\bin\git.exe" config --local --unset-all http.https://github.com/.extraheader
2025-12-30T17:26:19.0176936Z [command]"C:\Program Files\Git\bin\git.exe" submodule foreach --recursive "sh -c \"git config --local --name-only --get-regexp 'http\.https\:\/\/github\.com\/\.extraheader' && git config --local --unset-all 'http.https://github.com/.extraheader' || :\""
2025-12-30T17:26:19.4599418Z [command]"C:\Program Files\Git\bin\git.exe" config --local --name-only --get-regexp ^includeIf\.gitdir:
2025-12-30T17:26:19.4843764Z [command]"C:\Program Files\Git\bin\git.exe" submodule foreach --recursive "git config --local --show-origin --name-only --get-regexp remote.origin.url"
2025-12-30T17:26:19.9011714Z Cleaning up orphan processes
