2025-12-30T17:25:43.5165350Z Current runner version: '2.330.0'
2025-12-30T17:25:43.5195290Z ##[group]Runner Image Provisioner
2025-12-30T17:25:43.5196340Z Hosted Compute Agent
2025-12-30T17:25:43.5197030Z Version: 20251211.462
2025-12-30T17:25:43.5197950Z Commit: 6cbad8c2bb55d58165063d031ccabf57e2d2db61
2025-12-30T17:25:43.5198910Z Build Date: 2025-12-11T16:28:49Z
2025-12-30T17:25:43.5199760Z Worker ID: {a1243f9f-483d-4734-8265-286293564533}
2025-12-30T17:25:43.5200650Z ##[endgroup]
2025-12-30T17:25:43.5201290Z ##[group]Operating System
2025-12-30T17:25:43.5202040Z macOS
2025-12-30T17:25:43.5202620Z 15.7.3
2025-12-30T17:25:43.5203170Z 24G419
2025-12-30T17:25:43.5203740Z ##[endgroup]
2025-12-30T17:25:43.5204360Z ##[group]Runner Image
2025-12-30T17:25:43.5205030Z Image: macos-15
2025-12-30T17:25:43.5205660Z Version: 20251216.0081.1
2025-12-30T17:25:43.5207180Z Included Software: https://github.com/actions/runner-images/blob/macos-15/20251216.0081/images/macos/macos-15-Readme.md
2025-12-30T17:25:43.5209570Z Image Release: https://github.com/actions/runner-images/releases/tag/macos-15%2F20251216.0081
2025-12-30T17:25:43.5210970Z ##[endgroup]
2025-12-30T17:25:43.5215470Z ##[group]GITHUB_TOKEN Permissions
2025-12-30T17:25:43.5217960Z Actions: write
2025-12-30T17:25:43.5218640Z ArtifactMetadata: write
2025-12-30T17:25:43.5219330Z Attestations: write
2025-12-30T17:25:43.5219980Z Checks: write
2025-12-30T17:25:43.5220590Z Contents: write
2025-12-30T17:25:43.5221220Z Deployments: write
2025-12-30T17:25:43.5221870Z Discussions: write
2025-12-30T17:25:43.5222500Z Issues: write
2025-12-30T17:25:43.5223110Z Metadata: read
2025-12-30T17:25:43.5223730Z Models: read
2025-12-30T17:25:43.5224340Z Packages: write
2025-12-30T17:25:43.5224970Z Pages: write
2025-12-30T17:25:43.5225590Z PullRequests: write
2025-12-30T17:25:43.5226400Z RepositoryProjects: write
2025-12-30T17:25:43.5227150Z SecurityEvents: write
2025-12-30T17:25:43.5227830Z Statuses: write
2025-12-30T17:25:43.5228460Z ##[endgroup]
2025-12-30T17:25:43.5231610Z Secret source: Actions
2025-12-30T17:25:43.5232490Z Prepare workflow directory
2025-12-30T17:25:43.5711910Z Prepare all required actions
2025-12-30T17:25:43.5768290Z Getting action download info
2025-12-30T17:25:44.1138150Z Download action repository 'actions/checkout@v4' (SHA:34e114876b0b11c390a56381ad16ebd13914f8d5)
2025-12-30T17:25:44.5042770Z Download action repository 'actions/setup-python@v5' (SHA:a26af69be951a213d495a4c3e4e4022e16d87065)
2025-12-30T17:25:44.6506010Z Download action repository 'actions/download-artifact@v4' (SHA:d3f86a106a0bac45b974a628896c90dbdf5c8093)
2025-12-30T17:25:45.7286410Z Complete job name: Test wheels on macos-15-intel with Python 3.13
2025-12-30T17:25:45.8377830Z ##[group]Run actions/checkout@v4
2025-12-30T17:25:45.8379670Z with:
2025-12-30T17:25:45.8380520Z   repository: worm-portal/aqequil
2025-12-30T17:25:45.8382220Z   token: ***
2025-12-30T17:25:45.8383030Z   ssh-strict: true
2025-12-30T17:25:45.8383900Z   ssh-user: git
2025-12-30T17:25:45.8384800Z   persist-credentials: true
2025-12-30T17:25:45.8385880Z   clean: true
2025-12-30T17:25:45.8386930Z   sparse-checkout-cone-mode: true
2025-12-30T17:25:45.8388160Z   fetch-depth: 1
2025-12-30T17:25:45.8389040Z   fetch-tags: false
2025-12-30T17:25:45.8389970Z   show-progress: true
2025-12-30T17:25:45.8390900Z   lfs: false
2025-12-30T17:25:45.8391690Z   submodules: false
2025-12-30T17:25:45.8392630Z   set-safe-directory: true
2025-12-30T17:25:45.8394160Z ##[endgroup]
2025-12-30T17:25:46.2392870Z Syncing repository: worm-portal/aqequil
2025-12-30T17:25:46.2396910Z ##[group]Getting Git version info
2025-12-30T17:25:46.2399340Z Working directory is '/Users/runner/work/aqequil/aqequil'
2025-12-30T17:25:46.2416560Z [command]/usr/local/bin/git version
2025-12-30T17:25:46.2866280Z git version 2.50.1
2025-12-30T17:25:46.2903920Z ##[endgroup]
2025-12-30T17:25:46.2923410Z Copying '/Users/runner/.gitconfig' to '/Users/runner/work/_temp/3bb92456-410f-4d64-b7d4-b882f34438fa/.gitconfig'
2025-12-30T17:25:46.2951290Z Temporarily overriding HOME='/Users/runner/work/_temp/3bb92456-410f-4d64-b7d4-b882f34438fa' before making global git config changes
2025-12-30T17:25:46.2957690Z Adding repository directory to the temporary git global config as a safe directory
2025-12-30T17:25:46.2962180Z [command]/usr/local/bin/git config --global --add safe.directory /Users/runner/work/aqequil/aqequil
2025-12-30T17:25:46.3429450Z Deleting the contents of '/Users/runner/work/aqequil/aqequil'
2025-12-30T17:25:46.3436150Z ##[group]Initializing the repository
2025-12-30T17:25:46.3443610Z [command]/usr/local/bin/git init /Users/runner/work/aqequil/aqequil
2025-12-30T17:25:46.3826730Z hint: Using 'master' as the name for the initial branch. This default branch name
2025-12-30T17:25:46.3840010Z hint: is subject to change. To configure the initial branch name to use in all
2025-12-30T17:25:46.3844620Z hint: of your new repositories, which will suppress this warning, call:
2025-12-30T17:25:46.3847090Z hint:
2025-12-30T17:25:46.3849730Z hint: 	git config --global init.defaultBranch <name>
2025-12-30T17:25:46.3852530Z hint:
2025-12-30T17:25:46.3855700Z hint: Names commonly chosen instead of 'master' are 'main', 'trunk' and
2025-12-30T17:25:46.3861930Z hint: 'development'. The just-created branch can be renamed via this command:
2025-12-30T17:25:46.3865340Z hint:
2025-12-30T17:25:46.3867080Z hint: 	git branch -m <name>
2025-12-30T17:25:46.3869140Z hint:
2025-12-30T17:25:46.3872020Z hint: Disable this message with "git config set advice.defaultBranchName false"
2025-12-30T17:25:46.3876790Z Initialized empty Git repository in /Users/runner/work/aqequil/aqequil/.git/
2025-12-30T17:25:46.3890180Z [command]/usr/local/bin/git remote add origin https://github.com/worm-portal/aqequil
2025-12-30T17:25:46.3990660Z ##[endgroup]
2025-12-30T17:25:46.3997450Z ##[group]Disabling automatic garbage collection
2025-12-30T17:25:46.4242770Z [command]/usr/local/bin/git config --local gc.auto 0
2025-12-30T17:25:46.4262100Z ##[endgroup]
2025-12-30T17:25:46.4268910Z ##[group]Setting up auth
2025-12-30T17:25:46.4273570Z [command]/usr/local/bin/git config --local --name-only --get-regexp core\.sshCommand
2025-12-30T17:25:46.4284080Z [command]/usr/local/bin/git submodule foreach --recursive sh -c "git config --local --name-only --get-regexp 'core\.sshCommand' && git config --local --unset-all 'core.sshCommand' || :"
2025-12-30T17:25:46.6260710Z [command]/usr/local/bin/git config --local --name-only --get-regexp http\.https\:\/\/github\.com\/\.extraheader
2025-12-30T17:25:46.6368900Z [command]/usr/local/bin/git submodule foreach --recursive sh -c "git config --local --name-only --get-regexp 'http\.https\:\/\/github\.com\/\.extraheader' && git config --local --unset-all 'http.https://github.com/.extraheader' || :"
2025-12-30T17:25:46.8814050Z [command]/usr/local/bin/git config --local --name-only --get-regexp ^includeIf\.gitdir:
2025-12-30T17:25:46.8854250Z [command]/usr/local/bin/git submodule foreach --recursive git config --local --show-origin --name-only --get-regexp remote.origin.url
2025-12-30T17:25:46.9853990Z [command]/usr/local/bin/git config --local http.https://github.com/.extraheader AUTHORIZATION: basic ***
2025-12-30T17:25:47.0412910Z ##[endgroup]
2025-12-30T17:25:47.0414590Z ##[group]Fetching the repository
2025-12-30T17:25:47.0428150Z [command]/usr/local/bin/git -c protocol.version=2 fetch --no-tags --prune --no-recurse-submodules --depth=1 origin +e6190a14876ae468a4b5041a8a90e6974fe01773:refs/remotes/origin/dev
2025-12-30T17:25:47.9407610Z From https://github.com/worm-portal/aqequil
2025-12-30T17:25:47.9420050Z  * [new ref]         e6190a14876ae468a4b5041a8a90e6974fe01773 -> origin/dev
2025-12-30T17:25:47.9562210Z ##[endgroup]
2025-12-30T17:25:47.9566210Z ##[group]Determining the checkout info
2025-12-30T17:25:47.9569360Z ##[endgroup]
2025-12-30T17:25:47.9570870Z [command]/usr/local/bin/git sparse-checkout disable
2025-12-30T17:25:47.9715420Z [command]/usr/local/bin/git config --local --unset-all extensions.worktreeConfig
2025-12-30T17:25:47.9841970Z ##[group]Checking out the ref
2025-12-30T17:25:47.9848640Z [command]/usr/local/bin/git checkout --progress --force -B dev refs/remotes/origin/dev
2025-12-30T17:25:48.5909750Z Switched to a new branch 'dev'
2025-12-30T17:25:48.5921490Z branch 'dev' set up to track 'origin/dev'.
2025-12-30T17:25:48.6017080Z ##[endgroup]
2025-12-30T17:25:48.6189110Z [command]/usr/local/bin/git log -1 --format=%H
2025-12-30T17:25:48.6310290Z e6190a14876ae468a4b5041a8a90e6974fe01773
2025-12-30T17:25:48.6834670Z ##[group]Run actions/setup-python@v5
2025-12-30T17:25:48.6836710Z with:
2025-12-30T17:25:48.6838010Z   python-version: 3.13
2025-12-30T17:25:48.6839660Z   check-latest: false
2025-12-30T17:25:48.6841750Z   token: ***
2025-12-30T17:25:48.6843140Z   update-environment: true
2025-12-30T17:25:48.6844890Z   allow-prereleases: false
2025-12-30T17:25:48.6846600Z   freethreaded: false
2025-12-30T17:25:48.6848120Z ##[endgroup]
2025-12-30T17:25:48.9609040Z ##[group]Installed versions
2025-12-30T17:25:48.9742920Z Successfully set up CPython (3.13.11)
2025-12-30T17:25:48.9746580Z ##[endgroup]
2025-12-30T17:25:49.0056350Z ##[group]Run actions/download-artifact@v4
2025-12-30T17:25:49.0058620Z with:
2025-12-30T17:25:49.0060410Z   name: wheels-macos-15-intel
2025-12-30T17:25:49.0062300Z   path: wheelhouse
2025-12-30T17:25:49.0063840Z   merge-multiple: false
2025-12-30T17:25:49.0065530Z   repository: worm-portal/aqequil
2025-12-30T17:25:49.0067440Z   run-id: 20601542873
2025-12-30T17:25:49.0068890Z env:
2025-12-30T17:25:49.0071010Z   pythonLocation: /Users/runner/hostedtoolcache/Python/3.13.11/x64
2025-12-30T17:25:49.0074980Z   PKG_CONFIG_PATH: /Users/runner/hostedtoolcache/Python/3.13.11/x64/lib/pkgconfig
2025-12-30T17:25:49.0080910Z   Python_ROOT_DIR: /Users/runner/hostedtoolcache/Python/3.13.11/x64
2025-12-30T17:25:49.0084970Z   Python2_ROOT_DIR: /Users/runner/hostedtoolcache/Python/3.13.11/x64
2025-12-30T17:25:49.0088560Z   Python3_ROOT_DIR: /Users/runner/hostedtoolcache/Python/3.13.11/x64
2025-12-30T17:25:49.0091390Z ##[endgroup]
2025-12-30T17:25:49.6381450Z Downloading single artifact
2025-12-30T17:25:50.0116180Z Preparing to download the following artifacts:
2025-12-30T17:25:50.0123120Z - wheels-macos-15-intel (ID: 4992802643, Size: 32151403, Expected Digest: sha256:87d5cb52b3e2ce5237d38046f28542092d009029ccc1e1a74a9c47868d6d41c4)
2025-12-30T17:25:50.2189580Z Redirecting to blob download url: https://productionresultssa19.blob.core.windows.net/actions-results/3359d908-0586-4c6c-8ddb-eda61a91ec84/workflow-job-run-a239d5fa-5836-5ee1-9985-73418e8ae9f1/artifacts/4eca8f0ccca97b165c4a1ab157d96140287a95618c1d8fd484d0f307b4615528.zip
2025-12-30T17:25:50.2196440Z Starting download of artifact to: /Users/runner/work/aqequil/aqequil/wheelhouse
2025-12-30T17:25:50.5700410Z (node:38481) [DEP0005] DeprecationWarning: Buffer() is deprecated due to security and usability issues. Please use the Buffer.alloc(), Buffer.allocUnsafe(), or Buffer.from() methods instead.
2025-12-30T17:25:50.5809060Z (Use `node --trace-deprecation ...` to show where the warning was created)
2025-12-30T17:25:53.5107210Z SHA256 digest of downloaded artifact is 87d5cb52b3e2ce5237d38046f28542092d009029ccc1e1a74a9c47868d6d41c4
2025-12-30T17:25:53.5108630Z Artifact download completed successfully.
2025-12-30T17:25:53.5110120Z Total of 1 artifact(s) downloaded
2025-12-30T17:25:53.5116890Z Download artifact has finished successfully
2025-12-30T17:25:53.5350390Z ##[group]Run PYVER=$(echo "3.13" | tr -d '.')
2025-12-30T17:25:53.5351190Z [36;1mPYVER=$(echo "3.13" | tr -d '.')[0m
2025-12-30T17:25:53.5351970Z [36;1mpython -m pip install wheelhouse/aqequil-*-cp${PYVER}-*.whl[0m
2025-12-30T17:25:53.5473690Z shell: /bin/bash --noprofile --norc -e -o pipefail {0}
2025-12-30T17:25:53.5474430Z env:
2025-12-30T17:25:53.5475020Z   pythonLocation: /Users/runner/hostedtoolcache/Python/3.13.11/x64
2025-12-30T17:25:53.5476080Z   PKG_CONFIG_PATH: /Users/runner/hostedtoolcache/Python/3.13.11/x64/lib/pkgconfig
2025-12-30T17:25:53.5477200Z   Python_ROOT_DIR: /Users/runner/hostedtoolcache/Python/3.13.11/x64
2025-12-30T17:25:53.5478190Z   Python2_ROOT_DIR: /Users/runner/hostedtoolcache/Python/3.13.11/x64
2025-12-30T17:25:53.5480520Z   Python3_ROOT_DIR: /Users/runner/hostedtoolcache/Python/3.13.11/x64
2025-12-30T17:25:53.5481320Z ##[endgroup]
2025-12-30T17:25:55.4699060Z Processing ./wheelhouse/aqequil-0.41.0-cp313-cp313-macosx_15_0_x86_64.whl
2025-12-30T17:25:55.9983480Z Collecting pandas (from aqequil==0.41.0)
2025-12-30T17:25:56.0804460Z   Downloading pandas-2.3.3-cp313-cp313-macosx_10_13_x86_64.whl.metadata (91 kB)
2025-12-30T17:25:56.5424740Z Collecting numpy (from aqequil==0.41.0)
2025-12-30T17:25:56.5481740Z   Downloading numpy-2.4.0-cp313-cp313-macosx_14_0_x86_64.whl.metadata (6.6 kB)
2025-12-30T17:25:56.7959140Z Collecting matplotlib (from aqequil==0.41.0)
2025-12-30T17:25:56.8018020Z   Downloading matplotlib-3.10.8-cp313-cp313-macosx_10_13_x86_64.whl.metadata (52 kB)
2025-12-30T17:25:56.8922150Z Collecting plotly (from aqequil==0.41.0)
2025-12-30T17:25:56.8970590Z   Downloading plotly-6.5.0-py3-none-any.whl.metadata (8.5 kB)
2025-12-30T17:25:56.9855230Z Collecting ipython (from aqequil==0.41.0)
2025-12-30T17:25:56.9913860Z   Downloading ipython-9.8.0-py3-none-any.whl.metadata (4.5 kB)
2025-12-30T17:25:57.0887090Z Collecting chemparse (from aqequil==0.41.0)
2025-12-30T17:25:57.0949030Z   Downloading chemparse-0.3.2-py3-none-any.whl.metadata (1.7 kB)
2025-12-30T17:25:57.1248490Z Collecting dill (from aqequil==0.41.0)
2025-12-30T17:25:57.1298820Z   Downloading dill-0.4.0-py3-none-any.whl.metadata (10 kB)
2025-12-30T17:25:57.2250070Z Collecting periodictable (from aqequil==0.41.0)
2025-12-30T17:25:57.2309360Z   Downloading periodictable-2.0.2-py3-none-any.whl.metadata (5.4 kB)
2025-12-30T17:25:57.2722320Z Collecting natsort (from aqequil==0.41.0)
2025-12-30T17:25:57.2774770Z   Downloading natsort-8.4.0-py3-none-any.whl.metadata (21 kB)
2025-12-30T17:25:57.3064050Z Collecting roman (from aqequil==0.41.0)
2025-12-30T17:25:57.3127550Z   Downloading roman-5.2-py3-none-any.whl.metadata (4.3 kB)
2025-12-30T17:25:57.3675410Z Collecting ipywidgets (from aqequil==0.41.0)
2025-12-30T17:25:57.3725230Z   Downloading ipywidgets-8.1.8-py3-none-any.whl.metadata (2.4 kB)
2025-12-30T17:25:57.4666710Z Collecting wormutils (from aqequil==0.41.0)
2025-12-30T17:25:57.4726840Z   Downloading wormutils-0.2.0-py3-none-any.whl.metadata (723 bytes)
2025-12-30T17:25:57.5233170Z Collecting pychnosz (from aqequil==0.41.0)
2025-12-30T17:25:57.5320700Z   Downloading pychnosz-1.1.11-cp313-cp313-macosx_15_0_x86_64.whl.metadata (8.2 kB)
2025-12-30T17:25:57.5693730Z Collecting decorator>=4.3.2 (from ipython->aqequil==0.41.0)
2025-12-30T17:25:57.5734370Z   Downloading decorator-5.2.1-py3-none-any.whl.metadata (3.9 kB)
2025-12-30T17:25:57.6015620Z Collecting ipython-pygments-lexers>=1.0.0 (from ipython->aqequil==0.41.0)
2025-12-30T17:25:57.6067770Z   Downloading ipython_pygments_lexers-1.1.1-py3-none-any.whl.metadata (1.1 kB)
2025-12-30T17:25:57.6351520Z Collecting jedi>=0.18.1 (from ipython->aqequil==0.41.0)
2025-12-30T17:25:57.6401160Z   Downloading jedi-0.19.2-py2.py3-none-any.whl.metadata (22 kB)
2025-12-30T17:25:57.6708570Z Collecting matplotlib-inline>=0.1.5 (from ipython->aqequil==0.41.0)
2025-12-30T17:25:57.6752280Z   Downloading matplotlib_inline-0.2.1-py3-none-any.whl.metadata (2.3 kB)
2025-12-30T17:25:57.6991810Z Collecting pexpect>4.3 (from ipython->aqequil==0.41.0)
2025-12-30T17:25:57.7039840Z   Downloading pexpect-4.9.0-py2.py3-none-any.whl.metadata (2.5 kB)
2025-12-30T17:25:57.7553950Z Collecting prompt_toolkit<3.1.0,>=3.0.41 (from ipython->aqequil==0.41.0)
2025-12-30T17:25:57.7601020Z   Downloading prompt_toolkit-3.0.52-py3-none-any.whl.metadata (6.4 kB)
2025-12-30T17:25:57.7980170Z Collecting pygments>=2.11.0 (from ipython->aqequil==0.41.0)
2025-12-30T17:25:57.8027700Z   Downloading pygments-2.19.2-py3-none-any.whl.metadata (2.5 kB)
2025-12-30T17:25:57.8286750Z Collecting stack_data>=0.6.0 (from ipython->aqequil==0.41.0)
2025-12-30T17:25:57.8332220Z   Downloading stack_data-0.6.3-py3-none-any.whl.metadata (18 kB)
2025-12-30T17:25:57.8704340Z Collecting traitlets>=5.13.0 (from ipython->aqequil==0.41.0)
2025-12-30T17:25:57.8760480Z   Downloading traitlets-5.14.3-py3-none-any.whl.metadata (10 kB)
2025-12-30T17:25:57.9071910Z Collecting wcwidth (from prompt_toolkit<3.1.0,>=3.0.41->ipython->aqequil==0.41.0)
2025-12-30T17:25:57.9118420Z   Downloading wcwidth-0.2.14-py2.py3-none-any.whl.metadata (15 kB)
2025-12-30T17:25:57.9434720Z Collecting parso<0.9.0,>=0.8.4 (from jedi>=0.18.1->ipython->aqequil==0.41.0)
2025-12-30T17:25:57.9482100Z   Downloading parso-0.8.5-py2.py3-none-any.whl.metadata (8.3 kB)
2025-12-30T17:25:57.9775750Z Collecting ptyprocess>=0.5 (from pexpect>4.3->ipython->aqequil==0.41.0)
2025-12-30T17:25:57.9821850Z   Downloading ptyprocess-0.7.0-py2.py3-none-any.whl.metadata (1.3 kB)
2025-12-30T17:25:58.0127010Z Collecting executing>=1.2.0 (from stack_data>=0.6.0->ipython->aqequil==0.41.0)
2025-12-30T17:25:58.0173930Z   Downloading executing-2.2.1-py2.py3-none-any.whl.metadata (8.9 kB)
2025-12-30T17:25:58.0538870Z Collecting asttokens>=2.1.0 (from stack_data>=0.6.0->ipython->aqequil==0.41.0)
2025-12-30T17:25:58.0584630Z   Downloading asttokens-3.0.1-py3-none-any.whl.metadata (4.9 kB)
2025-12-30T17:25:58.0834060Z Collecting pure-eval (from stack_data>=0.6.0->ipython->aqequil==0.41.0)
2025-12-30T17:25:58.0879070Z   Downloading pure_eval-0.2.3-py3-none-any.whl.metadata (6.3 kB)
2025-12-30T17:25:58.1163300Z Collecting comm>=0.1.3 (from ipywidgets->aqequil==0.41.0)
2025-12-30T17:25:58.1208240Z   Downloading comm-0.2.3-py3-none-any.whl.metadata (3.7 kB)
2025-12-30T17:25:58.2023470Z Collecting widgetsnbextension~=4.0.14 (from ipywidgets->aqequil==0.41.0)
2025-12-30T17:25:58.2070710Z   Downloading widgetsnbextension-4.0.15-py3-none-any.whl.metadata (1.6 kB)
2025-12-30T17:25:58.2452530Z Collecting jupyterlab_widgets~=3.0.15 (from ipywidgets->aqequil==0.41.0)
2025-12-30T17:25:58.2536730Z   Downloading jupyterlab_widgets-3.0.16-py3-none-any.whl.metadata (20 kB)
2025-12-30T17:25:58.4062420Z Collecting contourpy>=1.0.1 (from matplotlib->aqequil==0.41.0)
2025-12-30T17:25:58.4402990Z   Downloading contourpy-1.3.3-cp313-cp313-macosx_10_13_x86_64.whl.metadata (5.5 kB)
2025-12-30T17:25:58.4404180Z Collecting cycler>=0.10 (from matplotlib->aqequil==0.41.0)
2025-12-30T17:25:58.4405110Z   Downloading cycler-0.12.1-py3-none-any.whl.metadata (3.8 kB)
2025-12-30T17:25:58.6942860Z Collecting fonttools>=4.22.0 (from matplotlib->aqequil==0.41.0)
2025-12-30T17:25:58.7001660Z   Downloading fonttools-4.61.1-cp313-cp313-macosx_10_13_x86_64.whl.metadata (114 kB)
2025-12-30T17:25:58.8225790Z Collecting kiwisolver>=1.3.1 (from matplotlib->aqequil==0.41.0)
2025-12-30T17:25:58.8301020Z   Downloading kiwisolver-1.4.9-cp313-cp313-macosx_10_13_x86_64.whl.metadata (6.3 kB)
2025-12-30T17:25:58.8752050Z Collecting packaging>=20.0 (from matplotlib->aqequil==0.41.0)
2025-12-30T17:25:58.8798380Z   Downloading packaging-25.0-py3-none-any.whl.metadata (3.3 kB)
2025-12-30T17:25:59.1165480Z Collecting pillow>=8 (from matplotlib->aqequil==0.41.0)
2025-12-30T17:25:59.1227280Z   Downloading pillow-12.0.0-cp313-cp313-macosx_10_13_x86_64.whl.metadata (8.8 kB)
2025-12-30T17:25:59.1784740Z Collecting pyparsing>=3 (from matplotlib->aqequil==0.41.0)
2025-12-30T17:25:59.1835230Z   Downloading pyparsing-3.3.1-py3-none-any.whl.metadata (5.6 kB)
2025-12-30T17:25:59.2137390Z Collecting python-dateutil>=2.7 (from matplotlib->aqequil==0.41.0)
2025-12-30T17:25:59.2185440Z   Downloading python_dateutil-2.9.0.post0-py2.py3-none-any.whl.metadata (8.4 kB)
2025-12-30T17:25:59.2902350Z Collecting six>=1.5 (from python-dateutil>=2.7->matplotlib->aqequil==0.41.0)
2025-12-30T17:25:59.3325450Z   Downloading six-1.17.0-py2.py3-none-any.whl.metadata (1.7 kB)
2025-12-30T17:25:59.3953100Z Collecting pytz>=2020.1 (from pandas->aqequil==0.41.0)
2025-12-30T17:25:59.4002580Z   Downloading pytz-2025.2-py2.py3-none-any.whl.metadata (22 kB)
2025-12-30T17:25:59.4385670Z Collecting tzdata>=2022.7 (from pandas->aqequil==0.41.0)
2025-12-30T17:25:59.4432720Z   Downloading tzdata-2025.3-py2.py3-none-any.whl.metadata (1.4 kB)
2025-12-30T17:25:59.5630130Z Collecting narwhals>=1.15.1 (from plotly->aqequil==0.41.0)
2025-12-30T17:25:59.5676370Z   Downloading narwhals-2.14.0-py3-none-any.whl.metadata (13 kB)
2025-12-30T17:25:59.7941360Z Collecting scipy>=1.7.0 (from pychnosz->aqequil==0.41.0)
2025-12-30T17:25:59.8004470Z   Downloading scipy-1.16.3-cp313-cp313-macosx_14_0_x86_64.whl.metadata (62 kB)
2025-12-30T17:25:59.9160640Z Collecting requests (from wormutils->aqequil==0.41.0)
2025-12-30T17:25:59.9205550Z   Downloading requests-2.32.5-py3-none-any.whl.metadata (4.9 kB)
2025-12-30T17:25:59.9649330Z Collecting importlib_resources (from wormutils->aqequil==0.41.0)
2025-12-30T17:25:59.9701490Z   Downloading importlib_resources-6.5.2-py3-none-any.whl.metadata (3.9 kB)
2025-12-30T17:26:00.1611130Z Collecting charset_normalizer<4,>=2 (from requests->wormutils->aqequil==0.41.0)
2025-12-30T17:26:00.2622130Z   Downloading charset_normalizer-3.4.4-cp313-cp313-macosx_10_13_universal2.whl.metadata (37 kB)
2025-12-30T17:26:00.4563100Z Collecting idna<4,>=2.5 (from requests->wormutils->aqequil==0.41.0)
2025-12-30T17:26:00.4657560Z   Downloading idna-3.11-py3-none-any.whl.metadata (8.4 kB)
2025-12-30T17:26:00.4757020Z Collecting urllib3<3,>=1.21.1 (from requests->wormutils->aqequil==0.41.0)
2025-12-30T17:26:00.4818690Z   Downloading urllib3-2.6.2-py3-none-any.whl.metadata (6.6 kB)
2025-12-30T17:26:00.4935990Z Requirement already satisfied: certifi>=2017.4.17 in /Library/Frameworks/Python.framework/Versions/3.13/lib/python3.13/site-packages (from requests->wormutils->aqequil==0.41.0) (2025.11.12)
2025-12-30T17:26:00.5426900Z Downloading chemparse-0.3.2-py3-none-any.whl (5.9 kB)
2025-12-30T17:26:00.5710120Z Downloading dill-0.4.0-py3-none-any.whl (119 kB)
2025-12-30T17:26:00.5712180Z Downloading ipython-9.8.0-py3-none-any.whl (621 kB)
2025-12-30T17:26:00.6146770Z    ━━━━━━━━━━━━━━━━━━━━━━━━━━━━━━━━━━━━━━━━ 621.4/621.4 kB 13.4 MB/s  0:00:00
2025-12-30T17:26:00.6183810Z Downloading prompt_toolkit-3.0.52-py3-none-any.whl (391 kB)
2025-12-30T17:26:00.6606920Z Downloading decorator-5.2.1-py3-none-any.whl (9.2 kB)
2025-12-30T17:26:00.6802020Z Downloading ipython_pygments_lexers-1.1.1-py3-none-any.whl (8.1 kB)
2025-12-30T17:26:00.7106280Z Downloading jedi-0.19.2-py2.py3-none-any.whl (1.6 MB)
2025-12-30T17:26:00.7548700Z    ━━━━━━━━━━━━━━━━━━━━━━━━━━━━━━━━━━━━━━━━ 1.6/1.6 MB 33.3 MB/s  0:00:00
2025-12-30T17:26:00.7607430Z Downloading parso-0.8.5-py2.py3-none-any.whl (106 kB)
2025-12-30T17:26:00.7905180Z Downloading matplotlib_inline-0.2.1-py3-none-any.whl (9.5 kB)
2025-12-30T17:26:00.8161890Z Downloading pexpect-4.9.0-py2.py3-none-any.whl (63 kB)
2025-12-30T17:26:00.8467390Z Downloading ptyprocess-0.7.0-py2.py3-none-any.whl (13 kB)
2025-12-30T17:26:00.8522880Z Downloading pygments-2.19.2-py3-none-any.whl (1.2 MB)
2025-12-30T17:26:00.8694830Z    ━━━━━━━━━━━━━━━━━━━━━━━━━━━━━━━━━━━━━━━━ 1.2/1.2 MB 48.0 MB/s  0:00:00
2025-12-30T17:26:00.8771470Z Downloading stack_data-0.6.3-py3-none-any.whl (24 kB)
2025-12-30T17:26:00.9824160Z Downloading asttokens-3.0.1-py3-none-any.whl (27 kB)
2025-12-30T17:26:01.0138620Z Downloading executing-2.2.1-py2.py3-none-any.whl (28 kB)
2025-12-30T17:26:01.0434640Z Downloading traitlets-5.14.3-py3-none-any.whl (85 kB)
2025-12-30T17:26:01.0581540Z Downloading ipywidgets-8.1.8-py3-none-any.whl (139 kB)
2025-12-30T17:26:01.0652170Z Downloading jupyterlab_widgets-3.0.16-py3-none-any.whl (914 kB)
2025-12-30T17:26:01.0695740Z    ━━━━━━━━━━━━━━━━━━━━━━━━━━━━━━━━━━━━━━━━ 914.9/914.9 kB 28.2 MB/s  0:00:00
2025-12-30T17:26:01.0784700Z Downloading widgetsnbextension-4.0.15-py3-none-any.whl (2.2 MB)
2025-12-30T17:26:01.1251740Z    ━━━━━━━━━━━━━━━━━━━━━━━━━━━━━━━━━━━━━━━━ 2.2/2.2 MB 31.2 MB/s  0:00:00
2025-12-30T17:26:01.2383710Z Downloading comm-0.2.3-py3-none-any.whl (7.3 kB)
2025-12-30T17:26:01.3380040Z Downloading matplotlib-3.10.8-cp313-cp313-macosx_10_13_x86_64.whl (8.3 MB)
2025-12-30T17:26:01.3496340Z    ━━━━━━━━━━━━━━━━━━━━━━━━━━━━━━━━━━━━━━━━ 8.3/8.3 MB 49.3 MB/s  0:00:00
2025-12-30T17:26:01.3542050Z Downloading contourpy-1.3.3-cp313-cp313-macosx_10_13_x86_64.whl (293 kB)
2025-12-30T17:26:01.4005910Z Downloading cycler-0.12.1-py3-none-any.whl (8.3 kB)
2025-12-30T17:26:01.4366460Z Downloading fonttools-4.61.1-cp313-cp313-macosx_10_13_x86_64.whl (2.4 MB)
2025-12-30T17:26:01.5523390Z    ━━━━━━━━━━━━━━━━━━━━━━━━━━━━━━━━━━━━━━━━ 2.4/2.4 MB 17.2 MB/s  0:00:00
2025-12-30T17:26:01.5608010Z Downloading kiwisolver-1.4.9-cp313-cp313-macosx_10_13_x86_64.whl (66 kB)
2025-12-30T17:26:01.5911910Z Downloading numpy-2.4.0-cp313-cp313-macosx_14_0_x86_64.whl (6.5 MB)
2025-12-30T17:26:01.8475640Z    ━━━━━━━━━━━━━━━━━━━━━━━━━━━━━━━━━━━━━━━━ 6.5/6.5 MB 25.8 MB/s  0:00:00
2025-12-30T17:26:01.8592050Z Downloading packaging-25.0-py3-none-any.whl (66 kB)
2025-12-30T17:26:01.9261750Z Downloading pillow-12.0.0-cp313-cp313-macosx_10_13_x86_64.whl (5.2 MB)
2025-12-30T17:26:02.0588360Z    ━━━━━━━━━━━━━━━━━━━━━━━━━━━━━━━━━━━━━━━━ 5.2/5.2 MB 33.5 MB/s  0:00:00
2025-12-30T17:26:02.0663000Z Downloading pyparsing-3.3.1-py3-none-any.whl (121 kB)
2025-12-30T17:26:02.0927540Z Downloading python_dateutil-2.9.0.post0-py2.py3-none-any.whl (229 kB)
2025-12-30T17:26:02.1154400Z Downloading six-1.17.0-py2.py3-none-any.whl (11 kB)
2025-12-30T17:26:02.1332090Z Downloading natsort-8.4.0-py3-none-any.whl (38 kB)
2025-12-30T17:26:02.1555930Z Downloading pandas-2.3.3-cp313-cp313-macosx_10_13_x86_64.whl (11.5 MB)
2025-12-30T17:26:02.4887220Z    ━━━━━━━━━━━━━━━━━━━━━━━━━━━━━━━━━━━━━━━━ 11.5/11.5 MB 34.6 MB/s  0:00:00
2025-12-30T17:26:02.4980820Z Downloading pytz-2025.2-py2.py3-none-any.whl (509 kB)
2025-12-30T17:26:02.5568510Z Downloading tzdata-2025.3-py2.py3-none-any.whl (348 kB)
2025-12-30T17:26:02.5848900Z Downloading periodictable-2.0.2-py3-none-any.whl (811 kB)
2025-12-30T17:26:02.6210920Z    ━━━━━━━━━━━━━━━━━━━━━━━━━━━━━━━━━━━━━━━━ 811.1/811.1 kB 19.5 MB/s  0:00:00
2025-12-30T17:26:02.6264330Z Downloading plotly-6.5.0-py3-none-any.whl (9.9 MB)
2025-12-30T17:26:02.8996000Z    ━━━━━━━━━━━━━━━━━━━━━━━━━━━━━━━━━━━━━━━━ 9.9/9.9 MB 36.4 MB/s  0:00:00
2025-12-30T17:26:02.9070770Z Downloading narwhals-2.14.0-py3-none-any.whl (430 kB)
2025-12-30T17:26:02.9529730Z Downloading pure_eval-0.2.3-py3-none-any.whl (11 kB)
2025-12-30T17:26:02.9693120Z Downloading pychnosz-1.1.11-cp313-cp313-macosx_15_0_x86_64.whl (2.1 MB)
2025-12-30T17:26:03.0398650Z    ━━━━━━━━━━━━━━━━━━━━━━━━━━━━━━━━━━━━━━━━ 2.1/2.1 MB 32.2 MB/s  0:00:00
2025-12-30T17:26:03.1084350Z Downloading scipy-1.16.3-cp313-cp313-macosx_14_0_x86_64.whl (23.5 MB)
2025-12-30T17:26:03.7546940Z    ━━━━━━━━━━━━━━━━━━━━━━━━━━━━━━━━━━━━━━━━ 23.5/23.5 MB 33.2 MB/s  0:00:00
2025-12-30T17:26:03.7675190Z Downloading roman-5.2-py3-none-any.whl (6.0 kB)
2025-12-30T17:26:03.8187840Z Downloading wcwidth-0.2.14-py2.py3-none-any.whl (37 kB)
2025-12-30T17:26:03.8319020Z Downloading wormutils-0.2.0-py3-none-any.whl (18 kB)
2025-12-30T17:26:03.8446660Z Downloading importlib_resources-6.5.2-py3-none-any.whl (37 kB)
2025-12-30T17:26:03.8569480Z Downloading requests-2.32.5-py3-none-any.whl (64 kB)
2025-12-30T17:26:03.8752010Z Downloading charset_normalizer-3.4.4-cp313-cp313-macosx_10_13_universal2.whl (208 kB)
2025-12-30T17:26:03.8994340Z Downloading idna-3.11-py3-none-any.whl (71 kB)
2025-12-30T17:26:03.9174560Z Downloading urllib3-2.6.2-py3-none-any.whl (131 kB)
2025-12-30T17:26:04.5414880Z Installing collected packages: pytz, pure-eval, ptyprocess, widgetsnbextension, wcwidth, urllib3, tzdata, traitlets, six, roman, pyparsing, pygments, pillow, pexpect, parso, packaging, numpy, natsort, narwhals, kiwisolver, jupyterlab_widgets, importlib_resources, idna, fonttools, executing, dill, decorator, cycler, comm, chemparse, charset_normalizer, asttokens, stack_data, scipy, requests, python-dateutil, prompt_toolkit, plotly, periodictable, matplotlib-inline, jedi, ipython-pygments-lexers, contourpy, pandas, matplotlib, ipython, wormutils, pychnosz, ipywidgets, aqequil
2025-12-30T17:26:35.4407700Z 
2025-12-30T17:26:35.4503740Z Successfully installed aqequil-0.41.0 asttokens-3.0.1 charset_normalizer-3.4.4 chemparse-0.3.2 comm-0.2.3 contourpy-1.3.3 cycler-0.12.1 decorator-5.2.1 dill-0.4.0 executing-2.2.1 fonttools-4.61.1 idna-3.11 importlib_resources-6.5.2 ipython-9.8.0 ipython-pygments-lexers-1.1.1 ipywidgets-8.1.8 jedi-0.19.2 jupyterlab_widgets-3.0.16 kiwisolver-1.4.9 matplotlib-3.10.8 matplotlib-inline-0.2.1 narwhals-2.14.0 natsort-8.4.0 numpy-2.4.0 packaging-25.0 pandas-2.3.3 parso-0.8.5 periodictable-2.0.2 pexpect-4.9.0 pillow-12.0.0 plotly-6.5.0 prompt_toolkit-3.0.52 ptyprocess-0.7.0 pure-eval-0.2.3 pychnosz-1.1.11 pygments-2.19.2 pyparsing-3.3.1 python-dateutil-2.9.0.post0 pytz-2025.2 requests-2.32.5 roman-5.2 scipy-1.16.3 six-1.17.0 stack_data-0.6.3 traitlets-5.14.3 tzdata-2025.3 urllib3-2.6.2 wcwidth-0.2.14 widgetsnbextension-4.0.15 wormutils-0.2.0
2025-12-30T17:26:36.0296010Z ##[group]Run echo "Checking architecture of bundled executables..."
2025-12-30T17:26:36.0297280Z [36;1mecho "Checking architecture of bundled executables..."[0m
2025-12-30T17:26:36.0300260Z [36;1mpython -c "import aqequil; from aqequil.AqSpeciation import _get_bundled_exe_path; import os; bin_path = _get_bundled_exe_path(); print(f'Binary path: {bin_path}'); import subprocess; result = subprocess.run(['file', os.path.join(bin_path, 'eqpt')], capture_output=True, text=True); print(result.stdout)"[0m
2025-12-30T17:26:36.0382620Z shell: /bin/bash --noprofile --norc -e -o pipefail {0}
2025-12-30T17:26:36.0383370Z env:
2025-12-30T17:26:36.0383960Z   pythonLocation: /Users/runner/hostedtoolcache/Python/3.13.11/x64
2025-12-30T17:26:36.0385030Z   PKG_CONFIG_PATH: /Users/runner/hostedtoolcache/Python/3.13.11/x64/lib/pkgconfig
2025-12-30T17:26:36.0386060Z   Python_ROOT_DIR: /Users/runner/hostedtoolcache/Python/3.13.11/x64
2025-12-30T17:26:36.0387050Z   Python2_ROOT_DIR: /Users/runner/hostedtoolcache/Python/3.13.11/x64
2025-12-30T17:26:36.0387970Z   Python3_ROOT_DIR: /Users/runner/hostedtoolcache/Python/3.13.11/x64
2025-12-30T17:26:36.0388680Z ##[endgroup]
2025-12-30T17:26:36.0633510Z Checking architecture of bundled executables...
2025-12-30T17:26:43.6387420Z Matplotlib is building the font cache; this may take a moment.
2025-12-30T17:27:02.5670940Z Traceback (most recent call last):
2025-12-30T17:27:02.5671910Z Binary path: None
2025-12-30T17:27:02.5950660Z   File "<string>", line 1, in <module>
2025-12-30T17:27:02.5960850Z     import aqequil; from aqequil.AqSpeciation import _get_bundled_exe_path; import os; bin_path = _get_bundled_exe_path(); print(f'Binary path: {bin_path}'); import subprocess; result = subprocess.run(['file', os.path.join(bin_path, 'eqpt')], capture_output=True, text=True); print(result.stdout)
2025-12-30T17:27:02.6260170Z                                                                                                                                                                                                                   ~~~~~~~~~~~~^^^^^^^^^^^^^^^^^^
2025-12-30T17:27:02.6425000Z   File "<frozen posixpath>", line 77, in join
2025-12-30T17:27:02.6631030Z TypeError: expected str, bytes or os.PathLike object, not NoneType
2025-12-30T17:27:03.0704590Z ##[error]Process completed with exit code 1.
2025-12-30T17:27:03.0793090Z ##[group]Run python test_integration.py
2025-12-30T17:27:03.0793840Z [36;1mpython test_integration.py[0m
2025-12-30T17:27:03.0868200Z shell: /bin/bash --noprofile --norc -e -o pipefail {0}
2025-12-30T17:27:03.0868940Z env:
2025-12-30T17:27:03.0869590Z   pythonLocation: /Users/runner/hostedtoolcache/Python/3.13.11/x64
2025-12-30T17:27:03.0870670Z   PKG_CONFIG_PATH: /Users/runner/hostedtoolcache/Python/3.13.11/x64/lib/pkgconfig
2025-12-30T17:27:03.0871790Z   Python_ROOT_DIR: /Users/runner/hostedtoolcache/Python/3.13.11/x64
2025-12-30T17:27:03.0872800Z   Python2_ROOT_DIR: /Users/runner/hostedtoolcache/Python/3.13.11/x64
2025-12-30T17:27:03.0873760Z   Python3_ROOT_DIR: /Users/runner/hostedtoolcache/Python/3.13.11/x64
2025-12-30T17:27:03.0874560Z ##[endgroup]
2025-12-30T17:27:05.4874130Z Traceback (most recent call last):
2025-12-30T17:27:05.4904510Z   File "/Users/runner/work/aqequil/aqequil/aqequil/AqSpeciation.py", line 854, in runeqpt
2025-12-30T17:27:05.4913070Z     self.__run_eq_executable('eqpt', [data0_path], cwd=os.getcwd())
2025-12-30T17:27:05.4926200Z     ~~~~~~~~~~~~~~~~~~~~~~~~^^^^^^^^^^^^^^^^^^^^^^^^^^^^^^^^^^^^^^^
2025-12-30T17:27:05.4931500Z   File "/Users/runner/work/aqequil/aqequil/aqequil/AqSpeciation.py", line 1114, in __run_eq_executable
2025-12-30T17:27:05.4935680Z     exe_path = os.path.join(self.eq36co, exe_name)
2025-12-30T17:27:05.4941190Z   File "<frozen posixpath>", line 77, in join
2025-12-30T17:27:05.4943350Z TypeError: expected str, bytes or os.PathLike object, not NoneType
2025-12-30T17:27:05.4950380Z 
2025-12-30T17:27:05.4960030Z During handling of the above exception, another exception occurred:
2025-12-30T17:27:05.4961690Z 
2025-12-30T17:27:05.4964300Z Traceback (most recent call last):
2025-12-30T17:27:05.4967920Z   File "/Users/runner/work/aqequil/aqequil/test_integration.py", line 119, in test_runeqpt
2025-12-30T17:27:05.4973450Z     ae.runeqpt('wrm')
2025-12-30T17:27:05.4975600Z     ~~~~~~~~~~^^^^^^^
2025-12-30T17:27:05.4979660Z   File "/Users/runner/work/aqequil/aqequil/aqequil/AqSpeciation.py", line 856, in runeqpt
2025-12-30T17:27:05.4981610Z     self.err_handler.raise_exception(
2025-12-30T17:27:05.4986330Z     ~~~~~~~~~~~~~~~~~~~~~~~~~~~~~~~~^
2025-12-30T17:27:05.5007000Z         "Error: EQPT failed to run on {}.".format("data0."+db))
2025-12-30T17:27:05.5019370Z         ^^^^^^^^^^^^^^^^^^^^^^^^^^^^^^^^^^^^^^^^^^^^^^^^^^^^^^^
2025-12-30T17:27:05.5030320Z   File "/Library/Frameworks/Python.framework/Versions/3.13/lib/python3.13/site-packages/wormutils/Error_Handler.py", line 57, in raise_exception
2025-12-30T17:27:05.5035810Z     raise Exception(msg)
2025-12-30T17:27:05.5042170Z Exception: Error: EQPT failed to run on data0.wrm.
2025-12-30T17:27:05.5044540Z Traceback (most recent call last):
2025-12-30T17:27:05.5047670Z   File "/Users/runner/work/aqequil/aqequil/aqequil/AqSpeciation.py", line 854, in runeqpt
2025-12-30T17:27:05.5049990Z     self.__run_eq_executable('eqpt', [data0_path], cwd=os.getcwd())
2025-12-30T17:27:05.5052480Z     ~~~~~~~~~~~~~~~~~~~~~~~~^^^^^^^^^^^^^^^^^^^^^^^^^^^^^^^^^^^^^^^
2025-12-30T17:27:05.5054780Z   File "/Users/runner/work/aqequil/aqequil/aqequil/AqSpeciation.py", line 1114, in __run_eq_executable
2025-12-30T17:27:05.5056020Z     exe_path = os.path.join(self.eq36co, exe_name)
2025-12-30T17:27:05.5056810Z   File "<frozen posixpath>", line 77, in join
2025-12-30T17:27:05.5057660Z TypeError: expected str, bytes or os.PathLike object, not NoneType
2025-12-30T17:27:05.5058300Z 
2025-12-30T17:27:05.5058700Z During handling of the above exception, another exception occurred:
2025-12-30T17:27:05.5059310Z 
2025-12-30T17:27:05.5059550Z Traceback (most recent call last):
2025-12-30T17:27:05.5060660Z   File "/Users/runner/work/aqequil/aqequil/test_integration.py", line 186, in test_speciation_simple
2025-12-30T17:27:05.5061980Z     ae_eqpt.runeqpt('wrm')
2025-12-30T17:27:05.5062500Z     ~~~~~~~~~~~~~~~^^^^^^^
2025-12-30T17:27:05.5063920Z   File "/Users/runner/work/aqequil/aqequil/aqequil/AqSpeciation.py", line 856, in runeqpt
2025-12-30T17:27:05.5065740Z     self.err_handler.raise_exception(
2025-12-30T17:27:05.5066380Z     ~~~~~~~~~~~~~~~~~~~~~~~~~~~~~~~~^
2025-12-30T17:27:05.5067490Z         "Error: EQPT failed to run on {}.".format("data0."+db))
2025-12-30T17:27:05.5068250Z         ^^^^^^^^^^^^^^^^^^^^^^^^^^^^^^^^^^^^^^^^^^^^^^^^^^^^^^^
2025-12-30T17:27:05.5069830Z   File "/Library/Frameworks/Python.framework/Versions/3.13/lib/python3.13/site-packages/wormutils/Error_Handler.py", line 57, in raise_exception
2025-12-30T17:27:05.5071350Z     raise Exception(msg)
2025-12-30T17:27:05.5071960Z Exception: Error: EQPT failed to run on data0.wrm.
2025-12-30T17:27:18.9111190Z Traceback (most recent call last):
2025-12-30T17:27:18.9122440Z   File "/Users/runner/work/aqequil/aqequil/aqequil/AqSpeciation.py", line 854, in runeqpt
2025-12-30T17:27:18.9130450Z     self.__run_eq_executable('eqpt', [data0_path], cwd=os.getcwd())
2025-12-30T17:27:18.9143560Z     ~~~~~~~~~~~~~~~~~~~~~~~~^^^^^^^^^^^^^^^^^^^^^^^^^^^^^^^^^^^^^^^
2025-12-30T17:27:18.9191800Z 
2025-12-30T17:27:18.9204090Z   File "/Users/runner/work/aqequil/aqequil/aqequil/AqSpeciation.py", line 1114, in __run_eq_executable
2025-12-30T17:27:18.9206320Z ============================================================
2025-12-30T17:27:18.9208240Z     exe_path = os.path.join(self.eq36co, exe_name)
2025-12-30T17:27:18.9212560Z AQEQUIL INTEGRATION TEST SUITE
2025-12-30T17:27:18.9214070Z   File "<frozen posixpath>", line 77, in join
2025-12-30T17:27:18.9215930Z ============================================================
2025-12-30T17:27:18.9216830Z TypeError: expected str, bytes or os.PathLike object, not NoneType
2025-12-30T17:27:18.9217490Z 
2025-12-30T17:27:18.9217890Z During handling of the above exception, another exception occurred:
2025-12-30T17:27:18.9218510Z 
2025-12-30T17:27:18.9218760Z Traceback (most recent call last):
2025-12-30T17:27:18.9220310Z   File "/Users/runner/work/aqequil/aqequil/test_integration.py", line 253, in test_water_rock_reaction
2025-12-30T17:27:18.9221430Z     speciation = ae.speciate(
2025-12-30T17:27:18.9221990Z         input_filename=test_csv,
2025-12-30T17:27:18.9222550Z         exclude=["Year", "Area"]
2025-12-30T17:27:18.9223030Z     )
2025-12-30T17:27:18.9223890Z   File "/Users/runner/work/aqequil/aqequil/aqequil/AqSpeciation.py", line 1926, in speciate
2025-12-30T17:27:18.9225000Z     self.runeqpt(data0_lettercode, dynamic_db=True)
2025-12-30T17:27:18.9225720Z     ~~~~~~~~~~~~^^^^^^^^^^^^^^^^^^^^^^^^^^^^^^^^^^^
2025-12-30T17:27:18.9226720Z   File "/Users/runner/work/aqequil/aqequil/aqequil/AqSpeciation.py", line 856, in runeqpt
2025-12-30T17:27:18.9227740Z     self.err_handler.raise_exception(
2025-12-30T17:27:18.9228440Z     ~~~~~~~~~~~~~~~~~~~~~~~~~~~~~~~~^
2025-12-30T17:27:18.9229090Z         "Error: EQPT failed to run on {}.".format("data0."+db))
2025-12-30T17:27:18.9229860Z         ^^^^^^^^^^^^^^^^^^^^^^^^^^^^^^^^^^^^^^^^^^^^^^^^^^^^^^^
2025-12-30T17:27:18.9231550Z   File "/Library/Frameworks/Python.framework/Versions/3.13/lib/python3.13/site-packages/wormutils/Error_Handler.py", line 57, in raise_exception
2025-12-30T17:27:18.9233240Z     raise Exception(msg)
2025-12-30T17:27:18.9233820Z Exception: Error: EQPT failed to run on data0.dyn.
2025-12-30T17:27:18.9234510Z Python: 3.13.11
2025-12-30T17:27:18.9234970Z Platform: darwin
2025-12-30T17:27:18.9235430Z Architecture: x86_64
2025-12-30T17:27:18.9235900Z ============================================================
2025-12-30T17:27:18.9236560Z ============================================================
2025-12-30T17:27:18.9237250Z Test 1: Checking for bundled EQ3/6 executables
2025-12-30T17:27:18.9237930Z ============================================================
2025-12-30T17:27:18.9238910Z [FAIL] No bundled executables found!
2025-12-30T17:27:18.9239350Z 
2025-12-30T17:27:18.9239560Z ============================================================
2025-12-30T17:27:18.9240250Z Test 2: Testing aqequil import and basic usage
2025-12-30T17:27:18.9240880Z ============================================================
2025-12-30T17:27:18.9242280Z [OK] Successfully imported aqequil
2025-12-30T17:27:18.9243340Z [OK] Found test data at: /Users/runner/work/aqequil/aqequil/aqequil/test_data/input_example_wrm.csv
2025-12-30T17:27:18.9244610Z 
2025-12-30T17:27:18.9244850Z ============================================================
2025-12-30T17:27:18.9245530Z Test 3: Testing runeqpt (data0 to data1 conversion)
2025-12-30T17:27:18.9246230Z ============================================================
2025-12-30T17:27:18.9247190Z [INFO] Working directory: /var/folders/6k/3_2ylbdd4rl8w3kbs55s3kk80000gn/T/tmpcjr8pcwd
2025-12-30T17:27:18.9248160Z [OK] Copied data0.wrm to working directory
2025-12-30T17:27:18.9248800Z Running EQPT on data0.wrm...
2025-12-30T17:27:18.9249530Z [FAIL] Error during runeqpt: Error: EQPT failed to run on data0.wrm.
2025-12-30T17:27:18.9250140Z 
2025-12-30T17:27:18.9250360Z ============================================================
2025-12-30T17:27:18.9251040Z Test 4: Testing simple speciation (wrm database)
2025-12-30T17:27:18.9251730Z ============================================================
2025-12-30T17:27:18.9252820Z Running speciation on /Users/runner/work/aqequil/aqequil/aqequil/test_data/input_example_wrm.csv...
2025-12-30T17:27:18.9254200Z [INFO] Working directory: /var/folders/6k/3_2ylbdd4rl8w3kbs55s3kk80000gn/T/tmpnhlxfgo1
2025-12-30T17:27:18.9255200Z [OK] Copied data0.wrm to working directory
2025-12-30T17:27:18.9255840Z Running EQPT to create data1.wrm...
2025-12-30T17:27:18.9256710Z [FAIL] Error during simple speciation: Error: EQPT failed to run on data0.wrm.
2025-12-30T17:27:18.9257410Z 
2025-12-30T17:27:18.9257620Z ============================================================
2025-12-30T17:27:18.9258260Z Test 5: Testing water-rock reaction
2025-12-30T17:27:18.9258890Z ============================================================
2025-12-30T17:27:18.9260180Z Running speciation on /Users/runner/work/aqequil/aqequil/aqequil/test_data/input_example_wrm.csv...
2025-12-30T17:27:18.9261630Z [INFO] Working directory: /var/folders/6k/3_2ylbdd4rl8w3kbs55s3kk80000gn/T/tmpxaouj793
2025-12-30T17:27:18.9262760Z Getting wrm_data_latest.csv ready. This will take a moment...
2025-12-30T17:27:18.9263970Z No 'charge_balance_on' column found in input file. Defaulting to no charge balancing for all samples.
2025-12-30T17:27:18.9265540Z Warning: a column for Pressure was not found in the sample input file. Defaulting to water saturation pressure...
2025-12-30T17:27:18.9267250Z [FAIL] Error during water-rock reaction: Error: EQPT failed to run on data0.dyn.
2025-12-30T17:27:18.9268080Z 
2025-12-30T17:27:18.9268290Z ============================================================
2025-12-30T17:27:18.9268920Z TEST SUMMARY
2025-12-30T17:27:18.9269360Z ============================================================
2025-12-30T17:27:18.9269980Z [FAIL] Bundled Executables
2025-12-30T17:27:18.9270540Z [PASS] Import and Basic Usage
2025-12-30T17:27:18.9271110Z [FAIL] EQPT Data0 to Data1 Conversion
2025-12-30T17:27:18.9271730Z [FAIL] Simple Speciation (wrm database)
2025-12-30T17:27:18.9272350Z [FAIL] Water-Rock Reaction
2025-12-30T17:27:18.9272910Z ============================================================
2025-12-30T17:27:18.9273340Z 
2025-12-30T17:27:18.9273520Z [FAIL] Some tests failed!
2025-12-30T17:27:19.2153230Z ##[error]Process completed with exit code 1.
2025-12-30T17:27:19.2336410Z Post job cleanup.
2025-12-30T17:27:19.3967030Z [command]/usr/local/bin/git version
2025-12-30T17:27:19.4076760Z git version 2.50.1
2025-12-30T17:27:19.4124670Z Copying '/Users/runner/.gitconfig' to '/Users/runner/work/_temp/f247bc02-885d-4bfe-b6d1-ae6a51c81220/.gitconfig'
2025-12-30T17:27:19.4143250Z Temporarily overriding HOME='/Users/runner/work/_temp/f247bc02-885d-4bfe-b6d1-ae6a51c81220' before making global git config changes
2025-12-30T17:27:19.4144960Z Adding repository directory to the temporary git global config as a safe directory
2025-12-30T17:27:19.4159420Z [command]/usr/local/bin/git config --global --add safe.directory /Users/runner/work/aqequil/aqequil
2025-12-30T17:27:19.4280580Z [command]/usr/local/bin/git config --local --name-only --get-regexp core\.sshCommand
2025-12-30T17:27:19.4392960Z [command]/usr/local/bin/git submodule foreach --recursive sh -c "git config --local --name-only --get-regexp 'core\.sshCommand' && git config --local --unset-all 'core.sshCommand' || :"
2025-12-30T17:27:19.6413260Z [command]/usr/local/bin/git config --local --name-only --get-regexp http\.https\:\/\/github\.com\/\.extraheader
2025-12-30T17:27:19.6506050Z http.https://github.com/.extraheader
2025-12-30T17:27:19.6530080Z [command]/usr/local/bin/git config --local --unset-all http.https://github.com/.extraheader
2025-12-30T17:27:19.6636380Z [command]/usr/local/bin/git submodule foreach --recursive sh -c "git config --local --name-only --get-regexp 'http\.https\:\/\/github\.com\/\.extraheader' && git config --local --unset-all 'http.https://github.com/.extraheader' || :"
2025-12-30T17:27:19.8056600Z [command]/usr/local/bin/git config --local --name-only --get-regexp ^includeIf\.gitdir:
2025-12-30T17:27:19.8167200Z [command]/usr/local/bin/git submodule foreach --recursive git config --local --show-origin --name-only --get-regexp remote.origin.url
2025-12-30T17:27:19.9713650Z Cleaning up orphan processes
