2025-12-30T17:24:44.3119659Z Current runner version: '2.330.0'
2025-12-30T17:24:44.3142330Z ##[group]Runner Image Provisioner
2025-12-30T17:24:44.3143294Z Hosted Compute Agent
2025-12-30T17:24:44.3144096Z Version: 20251211.462
2025-12-30T17:24:44.3144870Z Commit: 6cbad8c2bb55d58165063d031ccabf57e2d2db61
2025-12-30T17:24:44.3145550Z Build Date: 2025-12-11T16:28:49Z
2025-12-30T17:24:44.3146198Z Worker ID: {0edafaf4-6b1a-41a5-b133-3718f2173ccb}
2025-12-30T17:24:44.3146901Z ##[endgroup]
2025-12-30T17:24:44.3147447Z ##[group]Operating System
2025-12-30T17:24:44.3147972Z Ubuntu
2025-12-30T17:24:44.3148477Z 24.04.3
2025-12-30T17:24:44.3148944Z LTS
2025-12-30T17:24:44.3149360Z ##[endgroup]
2025-12-30T17:24:44.3149911Z ##[group]Runner Image
2025-12-30T17:24:44.3150416Z Image: ubuntu-24.04
2025-12-30T17:24:44.3150912Z Version: 20251215.174.1
2025-12-30T17:24:44.3151855Z Included Software: https://github.com/actions/runner-images/blob/ubuntu24/20251215.174/images/ubuntu/Ubuntu2404-Readme.md
2025-12-30T17:24:44.3153453Z Image Release: https://github.com/actions/runner-images/releases/tag/ubuntu24%2F20251215.174
2025-12-30T17:24:44.3154622Z ##[endgroup]
2025-12-30T17:24:44.3157164Z ##[group]GITHUB_TOKEN Permissions
2025-12-30T17:24:44.3159391Z Actions: write
2025-12-30T17:24:44.3159973Z ArtifactMetadata: write
2025-12-30T17:24:44.3160494Z Attestations: write
2025-12-30T17:24:44.3161031Z Checks: write
2025-12-30T17:24:44.3161486Z Contents: write
2025-12-30T17:24:44.3161979Z Deployments: write
2025-12-30T17:24:44.3162470Z Discussions: write
2025-12-30T17:24:44.3163029Z Issues: write
2025-12-30T17:24:44.3163465Z Metadata: read
2025-12-30T17:24:44.3164400Z Models: read
2025-12-30T17:24:44.3164994Z Packages: write
2025-12-30T17:24:44.3165462Z Pages: write
2025-12-30T17:24:44.3165998Z PullRequests: write
2025-12-30T17:24:44.3166616Z RepositoryProjects: write
2025-12-30T17:24:44.3167243Z SecurityEvents: write
2025-12-30T17:24:44.3167843Z Statuses: write
2025-12-30T17:24:44.3168319Z ##[endgroup]
2025-12-30T17:24:44.3170616Z Secret source: Actions
2025-12-30T17:24:44.3171480Z Prepare workflow directory
2025-12-30T17:24:44.3485765Z Prepare all required actions
2025-12-30T17:24:44.3523021Z Getting action download info
2025-12-30T17:24:44.6606218Z Download action repository 'actions/checkout@v4' (SHA:34e114876b0b11c390a56381ad16ebd13914f8d5)
2025-12-30T17:24:44.9343213Z Download action repository 'actions/setup-python@v5' (SHA:a26af69be951a213d495a4c3e4e4022e16d87065)
2025-12-30T17:24:45.0187268Z Download action repository 'actions/download-artifact@v4' (SHA:d3f86a106a0bac45b974a628896c90dbdf5c8093)
2025-12-30T17:24:45.3738048Z Complete job name: Test wheels on ubuntu-latest with Python 3.12
2025-12-30T17:24:45.4350185Z ##[group]Run actions/checkout@v4
2025-12-30T17:24:45.4351062Z with:
2025-12-30T17:24:45.4351474Z   repository: worm-portal/aqequil
2025-12-30T17:24:45.4352112Z   token: ***
2025-12-30T17:24:45.4352492Z   ssh-strict: true
2025-12-30T17:24:45.4352876Z   ssh-user: git
2025-12-30T17:24:45.4353272Z   persist-credentials: true
2025-12-30T17:24:45.4353712Z   clean: true
2025-12-30T17:24:45.4354367Z   sparse-checkout-cone-mode: true
2025-12-30T17:24:45.4354846Z   fetch-depth: 1
2025-12-30T17:24:45.4355235Z   fetch-tags: false
2025-12-30T17:24:45.4355627Z   show-progress: true
2025-12-30T17:24:45.4356018Z   lfs: false
2025-12-30T17:24:45.4356376Z   submodules: false
2025-12-30T17:24:45.4356767Z   set-safe-directory: true
2025-12-30T17:24:45.4357782Z ##[endgroup]
2025-12-30T17:24:45.5419294Z Syncing repository: worm-portal/aqequil
2025-12-30T17:24:45.5420924Z ##[group]Getting Git version info
2025-12-30T17:24:45.5421600Z Working directory is '/home/runner/work/aqequil/aqequil'
2025-12-30T17:24:45.5422553Z [command]/usr/bin/git version
2025-12-30T17:24:45.5500210Z git version 2.52.0
2025-12-30T17:24:45.5527252Z ##[endgroup]
2025-12-30T17:24:45.5550040Z Temporarily overriding HOME='/home/runner/work/_temp/5a61e00a-2dfc-423b-9a88-458f0d96ffb8' before making global git config changes
2025-12-30T17:24:45.5552454Z Adding repository directory to the temporary git global config as a safe directory
2025-12-30T17:24:45.5556581Z [command]/usr/bin/git config --global --add safe.directory /home/runner/work/aqequil/aqequil
2025-12-30T17:24:45.5594373Z Deleting the contents of '/home/runner/work/aqequil/aqequil'
2025-12-30T17:24:45.5598155Z ##[group]Initializing the repository
2025-12-30T17:24:45.5601729Z [command]/usr/bin/git init /home/runner/work/aqequil/aqequil
2025-12-30T17:24:45.5708664Z hint: Using 'master' as the name for the initial branch. This default branch name
2025-12-30T17:24:45.5710245Z hint: will change to "main" in Git 3.0. To configure the initial branch name
2025-12-30T17:24:45.5712107Z hint: to use in all of your new repositories, which will suppress this warning,
2025-12-30T17:24:45.5713685Z hint: call:
2025-12-30T17:24:45.5714638Z hint:
2025-12-30T17:24:45.5715538Z hint: 	git config --global init.defaultBranch <name>
2025-12-30T17:24:45.5716285Z hint:
2025-12-30T17:24:45.5716937Z hint: Names commonly chosen instead of 'master' are 'main', 'trunk' and
2025-12-30T17:24:45.5718058Z hint: 'development'. The just-created branch can be renamed via this command:
2025-12-30T17:24:45.5718813Z hint:
2025-12-30T17:24:45.5719202Z hint: 	git branch -m <name>
2025-12-30T17:24:45.5719919Z hint:
2025-12-30T17:24:45.5720724Z hint: Disable this message with "git config set advice.defaultBranchName false"
2025-12-30T17:24:45.5721669Z Initialized empty Git repository in /home/runner/work/aqequil/aqequil/.git/
2025-12-30T17:24:45.5725231Z [command]/usr/bin/git remote add origin https://github.com/worm-portal/aqequil
2025-12-30T17:24:45.5757239Z ##[endgroup]
2025-12-30T17:24:45.5757978Z ##[group]Disabling automatic garbage collection
2025-12-30T17:24:45.5760966Z [command]/usr/bin/git config --local gc.auto 0
2025-12-30T17:24:45.5788821Z ##[endgroup]
2025-12-30T17:24:45.5789479Z ##[group]Setting up auth
2025-12-30T17:24:45.5795386Z [command]/usr/bin/git config --local --name-only --get-regexp core\.sshCommand
2025-12-30T17:24:45.5824427Z [command]/usr/bin/git submodule foreach --recursive sh -c "git config --local --name-only --get-regexp 'core\.sshCommand' && git config --local --unset-all 'core.sshCommand' || :"
2025-12-30T17:24:45.6154154Z [command]/usr/bin/git config --local --name-only --get-regexp http\.https\:\/\/github\.com\/\.extraheader
2025-12-30T17:24:45.6185677Z [command]/usr/bin/git submodule foreach --recursive sh -c "git config --local --name-only --get-regexp 'http\.https\:\/\/github\.com\/\.extraheader' && git config --local --unset-all 'http.https://github.com/.extraheader' || :"
2025-12-30T17:24:45.6402559Z [command]/usr/bin/git config --local --name-only --get-regexp ^includeIf\.gitdir:
2025-12-30T17:24:45.6432938Z [command]/usr/bin/git submodule foreach --recursive git config --local --show-origin --name-only --get-regexp remote.origin.url
2025-12-30T17:24:45.6663519Z [command]/usr/bin/git config --local http.https://github.com/.extraheader AUTHORIZATION: basic ***
2025-12-30T17:24:45.6696665Z ##[endgroup]
2025-12-30T17:24:45.6697896Z ##[group]Fetching the repository
2025-12-30T17:24:45.6706390Z [command]/usr/bin/git -c protocol.version=2 fetch --no-tags --prune --no-recurse-submodules --depth=1 origin +e6190a14876ae468a4b5041a8a90e6974fe01773:refs/remotes/origin/dev
2025-12-30T17:24:46.1005327Z From https://github.com/worm-portal/aqequil
2025-12-30T17:24:46.1006774Z  * [new ref]         e6190a14876ae468a4b5041a8a90e6974fe01773 -> origin/dev
2025-12-30T17:24:46.1037435Z ##[endgroup]
2025-12-30T17:24:46.1038483Z ##[group]Determining the checkout info
2025-12-30T17:24:46.1040079Z ##[endgroup]
2025-12-30T17:24:46.1045889Z [command]/usr/bin/git sparse-checkout disable
2025-12-30T17:24:46.1087315Z [command]/usr/bin/git config --local --unset-all extensions.worktreeConfig
2025-12-30T17:24:46.1112810Z ##[group]Checking out the ref
2025-12-30T17:24:46.1117179Z [command]/usr/bin/git checkout --progress --force -B dev refs/remotes/origin/dev
2025-12-30T17:24:46.2237837Z Switched to a new branch 'dev'
2025-12-30T17:24:46.2239537Z branch 'dev' set up to track 'origin/dev'.
2025-12-30T17:24:46.2250064Z ##[endgroup]
2025-12-30T17:24:46.2287129Z [command]/usr/bin/git log -1 --format=%H
2025-12-30T17:24:46.2308808Z e6190a14876ae468a4b5041a8a90e6974fe01773
2025-12-30T17:24:46.2555946Z ##[group]Run actions/setup-python@v5
2025-12-30T17:24:46.2556458Z with:
2025-12-30T17:24:46.2556826Z   python-version: 3.12
2025-12-30T17:24:46.2557214Z   check-latest: false
2025-12-30T17:24:46.2557741Z   token: ***
2025-12-30T17:24:46.2558106Z   update-environment: true
2025-12-30T17:24:46.2558528Z   allow-prereleases: false
2025-12-30T17:24:46.2558940Z   freethreaded: false
2025-12-30T17:24:46.2559302Z ##[endgroup]
2025-12-30T17:24:46.4225094Z ##[group]Installed versions
2025-12-30T17:24:46.4334552Z Successfully set up CPython (3.12.12)
2025-12-30T17:24:46.4336049Z ##[endgroup]
2025-12-30T17:24:46.4474946Z ##[group]Run actions/download-artifact@v4
2025-12-30T17:24:46.4475419Z with:
2025-12-30T17:24:46.4475749Z   name: wheels-ubuntu-latest
2025-12-30T17:24:46.4476149Z   path: wheelhouse
2025-12-30T17:24:46.4476544Z   merge-multiple: false
2025-12-30T17:24:46.4476915Z   repository: worm-portal/aqequil
2025-12-30T17:24:46.4477298Z   run-id: 20601542873
2025-12-30T17:24:46.4477622Z env:
2025-12-30T17:24:46.4478014Z   pythonLocation: /opt/hostedtoolcache/Python/3.12.12/x64
2025-12-30T17:24:46.4478631Z   PKG_CONFIG_PATH: /opt/hostedtoolcache/Python/3.12.12/x64/lib/pkgconfig
2025-12-30T17:24:46.4479227Z   Python_ROOT_DIR: /opt/hostedtoolcache/Python/3.12.12/x64
2025-12-30T17:24:46.4479759Z   Python2_ROOT_DIR: /opt/hostedtoolcache/Python/3.12.12/x64
2025-12-30T17:24:46.4480304Z   Python3_ROOT_DIR: /opt/hostedtoolcache/Python/3.12.12/x64
2025-12-30T17:24:46.4480852Z   LD_LIBRARY_PATH: /opt/hostedtoolcache/Python/3.12.12/x64/lib
2025-12-30T17:24:46.4481316Z ##[endgroup]
2025-12-30T17:24:46.6437074Z Downloading single artifact
2025-12-30T17:24:46.7280417Z Preparing to download the following artifacts:
2025-12-30T17:24:46.7281868Z - wheels-ubuntu-latest (ID: 4992673639, Size: 30611099, Expected Digest: sha256:72bf085b6193b52c880ef439167df3365d91c416b7dff74aad6d431148ca7172)
2025-12-30T17:24:46.7904230Z Redirecting to blob download url: https://productionresultssa19.blob.core.windows.net/actions-results/3359d908-0586-4c6c-8ddb-eda61a91ec84/workflow-job-run-ef63699e-9e74-5de7-b0e4-f945b8788f2e/artifacts/2d6b53937ef398bfc8399b6b7ef6373c2af7892c0717a43682f51187fe1997a9.zip
2025-12-30T17:24:46.7906126Z Starting download of artifact to: /home/runner/work/aqequil/aqequil/wheelhouse
2025-12-30T17:24:46.8806714Z (node:2113) [DEP0005] DeprecationWarning: Buffer() is deprecated due to security and usability issues. Please use the Buffer.alloc(), Buffer.allocUnsafe(), or Buffer.from() methods instead.
2025-12-30T17:24:46.8808582Z (Use `node --trace-deprecation ...` to show where the warning was created)
2025-12-30T17:24:47.3529694Z SHA256 digest of downloaded artifact is 72bf085b6193b52c880ef439167df3365d91c416b7dff74aad6d431148ca7172
2025-12-30T17:24:47.3531192Z Artifact download completed successfully.
2025-12-30T17:24:47.3532011Z Total of 1 artifact(s) downloaded
2025-12-30T17:24:47.3538615Z Download artifact has finished successfully
2025-12-30T17:24:47.3695191Z ##[group]Run PYVER=$(echo "3.12" | tr -d '.')
2025-12-30T17:24:47.3695631Z [36;1mPYVER=$(echo "3.12" | tr -d '.')[0m
2025-12-30T17:24:47.3696069Z [36;1mpython -m pip install wheelhouse/aqequil-*-cp${PYVER}-*.whl[0m
2025-12-30T17:24:47.3741473Z shell: /usr/bin/bash --noprofile --norc -e -o pipefail {0}
2025-12-30T17:24:47.3741862Z env:
2025-12-30T17:24:47.3742156Z   pythonLocation: /opt/hostedtoolcache/Python/3.12.12/x64
2025-12-30T17:24:47.3742623Z   PKG_CONFIG_PATH: /opt/hostedtoolcache/Python/3.12.12/x64/lib/pkgconfig
2025-12-30T17:24:47.3743082Z   Python_ROOT_DIR: /opt/hostedtoolcache/Python/3.12.12/x64
2025-12-30T17:24:47.3743496Z   Python2_ROOT_DIR: /opt/hostedtoolcache/Python/3.12.12/x64
2025-12-30T17:24:47.3744227Z   Python3_ROOT_DIR: /opt/hostedtoolcache/Python/3.12.12/x64
2025-12-30T17:24:47.3744677Z   LD_LIBRARY_PATH: /opt/hostedtoolcache/Python/3.12.12/x64/lib
2025-12-30T17:24:47.3745335Z ##[endgroup]
2025-12-30T17:24:49.5817679Z Processing ./wheelhouse/aqequil-0.41.0-cp312-cp312-manylinux_2_28_x86_64.whl
2025-12-30T17:24:49.8322514Z Collecting pandas (from aqequil==0.41.0)
2025-12-30T17:24:49.9001493Z   Downloading pandas-2.3.3-cp312-cp312-manylinux_2_24_x86_64.manylinux_2_28_x86_64.whl.metadata (91 kB)
2025-12-30T17:24:50.6201457Z Collecting numpy (from aqequil==0.41.0)
2025-12-30T17:24:50.6268343Z   Downloading numpy-2.4.0-cp312-cp312-manylinux_2_27_x86_64.manylinux_2_28_x86_64.whl.metadata (6.6 kB)
2025-12-30T17:24:50.9028381Z Collecting matplotlib (from aqequil==0.41.0)
2025-12-30T17:24:50.9066365Z   Downloading matplotlib-3.10.8-cp312-cp312-manylinux2014_x86_64.manylinux_2_17_x86_64.whl.metadata (52 kB)
2025-12-30T17:24:51.2851913Z Collecting plotly (from aqequil==0.41.0)
2025-12-30T17:24:51.2914434Z   Downloading plotly-6.5.0-py3-none-any.whl.metadata (8.5 kB)
2025-12-30T17:24:51.3394231Z Collecting ipython (from aqequil==0.41.0)
2025-12-30T17:24:51.3459702Z   Downloading ipython-9.8.0-py3-none-any.whl.metadata (4.5 kB)
2025-12-30T17:24:51.3669429Z Collecting chemparse (from aqequil==0.41.0)
2025-12-30T17:24:51.3740699Z   Downloading chemparse-0.3.2-py3-none-any.whl.metadata (1.7 kB)
2025-12-30T17:24:51.3869983Z Collecting dill (from aqequil==0.41.0)
2025-12-30T17:24:51.3901302Z   Downloading dill-0.4.0-py3-none-any.whl.metadata (10 kB)
2025-12-30T17:24:51.4018206Z Collecting periodictable (from aqequil==0.41.0)
2025-12-30T17:24:51.4067088Z   Downloading periodictable-2.0.2-py3-none-any.whl.metadata (5.4 kB)
2025-12-30T17:24:51.4267028Z Collecting natsort (from aqequil==0.41.0)
2025-12-30T17:24:51.4298057Z   Downloading natsort-8.4.0-py3-none-any.whl.metadata (21 kB)
2025-12-30T17:24:51.4411799Z Collecting roman (from aqequil==0.41.0)
2025-12-30T17:24:51.4441492Z   Downloading roman-5.2-py3-none-any.whl.metadata (4.3 kB)
2025-12-30T17:24:51.4736495Z Collecting ipywidgets (from aqequil==0.41.0)
2025-12-30T17:24:51.4767662Z   Downloading ipywidgets-8.1.8-py3-none-any.whl.metadata (2.4 kB)
2025-12-30T17:24:51.4889872Z Collecting wormutils (from aqequil==0.41.0)
2025-12-30T17:24:51.4930734Z   Downloading wormutils-0.2.0-py3-none-any.whl.metadata (723 bytes)
2025-12-30T17:24:51.5202920Z Collecting pychnosz (from aqequil==0.41.0)
2025-12-30T17:24:51.5244633Z   Downloading pychnosz-1.1.11-cp312-cp312-manylinux_2_28_x86_64.whl.metadata (8.2 kB)
2025-12-30T17:24:51.5422500Z Collecting decorator>=4.3.2 (from ipython->aqequil==0.41.0)
2025-12-30T17:24:51.5458990Z   Downloading decorator-5.2.1-py3-none-any.whl.metadata (3.9 kB)
2025-12-30T17:24:51.5562936Z Collecting ipython-pygments-lexers>=1.0.0 (from ipython->aqequil==0.41.0)
2025-12-30T17:24:51.5594071Z   Downloading ipython_pygments_lexers-1.1.1-py3-none-any.whl.metadata (1.1 kB)
2025-12-30T17:24:51.5731859Z Collecting jedi>=0.18.1 (from ipython->aqequil==0.41.0)
2025-12-30T17:24:51.5764839Z   Downloading jedi-0.19.2-py2.py3-none-any.whl.metadata (22 kB)
2025-12-30T17:24:51.5922219Z Collecting matplotlib-inline>=0.1.5 (from ipython->aqequil==0.41.0)
2025-12-30T17:24:51.5958246Z   Downloading matplotlib_inline-0.2.1-py3-none-any.whl.metadata (2.3 kB)
2025-12-30T17:24:51.6074913Z Collecting pexpect>4.3 (from ipython->aqequil==0.41.0)
2025-12-30T17:24:51.6105718Z   Downloading pexpect-4.9.0-py2.py3-none-any.whl.metadata (2.5 kB)
2025-12-30T17:24:51.6430296Z Collecting prompt_toolkit<3.1.0,>=3.0.41 (from ipython->aqequil==0.41.0)
2025-12-30T17:24:51.6575549Z   Downloading prompt_toolkit-3.0.52-py3-none-any.whl.metadata (6.4 kB)
2025-12-30T17:24:51.6774553Z Collecting pygments>=2.11.0 (from ipython->aqequil==0.41.0)
2025-12-30T17:24:51.6807844Z   Downloading pygments-2.19.2-py3-none-any.whl.metadata (2.5 kB)
2025-12-30T17:24:51.6928056Z Collecting stack_data>=0.6.0 (from ipython->aqequil==0.41.0)
2025-12-30T17:24:51.6958427Z   Downloading stack_data-0.6.3-py3-none-any.whl.metadata (18 kB)
2025-12-30T17:24:51.7136024Z Collecting traitlets>=5.13.0 (from ipython->aqequil==0.41.0)
2025-12-30T17:24:51.7170505Z   Downloading traitlets-5.14.3-py3-none-any.whl.metadata (10 kB)
2025-12-30T17:24:51.7320165Z Collecting wcwidth (from prompt_toolkit<3.1.0,>=3.0.41->ipython->aqequil==0.41.0)
2025-12-30T17:24:51.7354595Z   Downloading wcwidth-0.2.14-py2.py3-none-any.whl.metadata (15 kB)
2025-12-30T17:24:51.7520576Z Collecting parso<0.9.0,>=0.8.4 (from jedi>=0.18.1->ipython->aqequil==0.41.0)
2025-12-30T17:24:51.7550889Z   Downloading parso-0.8.5-py2.py3-none-any.whl.metadata (8.3 kB)
2025-12-30T17:24:51.7689895Z Collecting ptyprocess>=0.5 (from pexpect>4.3->ipython->aqequil==0.41.0)
2025-12-30T17:24:51.7720766Z   Downloading ptyprocess-0.7.0-py2.py3-none-any.whl.metadata (1.3 kB)
2025-12-30T17:24:51.7867556Z Collecting executing>=1.2.0 (from stack_data>=0.6.0->ipython->aqequil==0.41.0)
2025-12-30T17:24:51.7899274Z   Downloading executing-2.2.1-py2.py3-none-any.whl.metadata (8.9 kB)
2025-12-30T17:24:51.8146225Z Collecting asttokens>=2.1.0 (from stack_data>=0.6.0->ipython->aqequil==0.41.0)
2025-12-30T17:24:51.8178247Z   Downloading asttokens-3.0.1-py3-none-any.whl.metadata (4.9 kB)
2025-12-30T17:24:51.8367790Z Collecting pure-eval (from stack_data>=0.6.0->ipython->aqequil==0.41.0)
2025-12-30T17:24:51.8399086Z   Downloading pure_eval-0.2.3-py3-none-any.whl.metadata (6.3 kB)
2025-12-30T17:24:51.8534075Z Collecting comm>=0.1.3 (from ipywidgets->aqequil==0.41.0)
2025-12-30T17:24:51.8566615Z   Downloading comm-0.2.3-py3-none-any.whl.metadata (3.7 kB)
2025-12-30T17:24:51.9062789Z Collecting widgetsnbextension~=4.0.14 (from ipywidgets->aqequil==0.41.0)
2025-12-30T17:24:51.9097992Z   Downloading widgetsnbextension-4.0.15-py3-none-any.whl.metadata (1.6 kB)
2025-12-30T17:24:51.9313660Z Collecting jupyterlab_widgets~=3.0.15 (from ipywidgets->aqequil==0.41.0)
2025-12-30T17:24:51.9344319Z   Downloading jupyterlab_widgets-3.0.16-py3-none-any.whl.metadata (20 kB)
2025-12-30T17:24:52.0249669Z Collecting contourpy>=1.0.1 (from matplotlib->aqequil==0.41.0)
2025-12-30T17:24:52.0282667Z   Downloading contourpy-1.3.3-cp312-cp312-manylinux_2_27_x86_64.manylinux_2_28_x86_64.whl.metadata (5.5 kB)
2025-12-30T17:24:52.0410735Z Collecting cycler>=0.10 (from matplotlib->aqequil==0.41.0)
2025-12-30T17:24:52.0444385Z   Downloading cycler-0.12.1-py3-none-any.whl.metadata (3.8 kB)
2025-12-30T17:24:52.2011804Z Collecting fonttools>=4.22.0 (from matplotlib->aqequil==0.41.0)
2025-12-30T17:24:52.2080103Z   Downloading fonttools-4.61.1-cp312-cp312-manylinux1_x86_64.manylinux2014_x86_64.manylinux_2_17_x86_64.manylinux_2_5_x86_64.whl.metadata (114 kB)
2025-12-30T17:24:52.2785475Z Collecting kiwisolver>=1.3.1 (from matplotlib->aqequil==0.41.0)
2025-12-30T17:24:52.2819417Z   Downloading kiwisolver-1.4.9-cp312-cp312-manylinux2014_x86_64.manylinux_2_17_x86_64.whl.metadata (6.3 kB)
2025-12-30T17:24:52.3077080Z Collecting packaging>=20.0 (from matplotlib->aqequil==0.41.0)
2025-12-30T17:24:52.3107114Z   Downloading packaging-25.0-py3-none-any.whl.metadata (3.3 kB)
2025-12-30T17:24:52.4700889Z Collecting pillow>=8 (from matplotlib->aqequil==0.41.0)
2025-12-30T17:24:52.4737619Z   Downloading pillow-12.0.0-cp312-cp312-manylinux_2_27_x86_64.manylinux_2_28_x86_64.whl.metadata (8.8 kB)
2025-12-30T17:24:52.5020380Z Collecting pyparsing>=3 (from matplotlib->aqequil==0.41.0)
2025-12-30T17:24:52.5050228Z   Downloading pyparsing-3.3.1-py3-none-any.whl.metadata (5.6 kB)
2025-12-30T17:24:52.5189159Z Collecting python-dateutil>=2.7 (from matplotlib->aqequil==0.41.0)
2025-12-30T17:24:52.5233662Z   Downloading python_dateutil-2.9.0.post0-py2.py3-none-any.whl.metadata (8.4 kB)
2025-12-30T17:24:52.5528628Z Collecting six>=1.5 (from python-dateutil>=2.7->matplotlib->aqequil==0.41.0)
2025-12-30T17:24:52.5559735Z   Downloading six-1.17.0-py2.py3-none-any.whl.metadata (1.7 kB)
2025-12-30T17:24:52.6051112Z Collecting pytz>=2020.1 (from pandas->aqequil==0.41.0)
2025-12-30T17:24:52.6144155Z   Downloading pytz-2025.2-py2.py3-none-any.whl.metadata (22 kB)
2025-12-30T17:24:52.6297091Z Collecting tzdata>=2022.7 (from pandas->aqequil==0.41.0)
2025-12-30T17:24:52.6332584Z   Downloading tzdata-2025.3-py2.py3-none-any.whl.metadata (1.4 kB)
2025-12-30T17:24:52.6821790Z Collecting narwhals>=1.15.1 (from plotly->aqequil==0.41.0)
2025-12-30T17:24:52.6853079Z   Downloading narwhals-2.14.0-py3-none-any.whl.metadata (13 kB)
2025-12-30T17:24:52.8583420Z Collecting scipy>=1.7.0 (from pychnosz->aqequil==0.41.0)
2025-12-30T17:24:52.8622122Z   Downloading scipy-1.16.3-cp312-cp312-manylinux2014_x86_64.manylinux_2_17_x86_64.whl.metadata (62 kB)
2025-12-30T17:24:52.9248613Z Collecting requests (from wormutils->aqequil==0.41.0)
2025-12-30T17:24:52.9290816Z   Downloading requests-2.32.5-py3-none-any.whl.metadata (4.9 kB)
2025-12-30T17:24:52.9533528Z Collecting importlib_resources (from wormutils->aqequil==0.41.0)
2025-12-30T17:24:52.9565855Z   Downloading importlib_resources-6.5.2-py3-none-any.whl.metadata (3.9 kB)
2025-12-30T17:24:53.0452136Z Collecting charset_normalizer<4,>=2 (from requests->wormutils->aqequil==0.41.0)
2025-12-30T17:24:53.0485861Z   Downloading charset_normalizer-3.4.4-cp312-cp312-manylinux2014_x86_64.manylinux_2_17_x86_64.manylinux_2_28_x86_64.whl.metadata (37 kB)
2025-12-30T17:24:53.0663121Z Collecting idna<4,>=2.5 (from requests->wormutils->aqequil==0.41.0)
2025-12-30T17:24:53.0697282Z   Downloading idna-3.11-py3-none-any.whl.metadata (8.4 kB)
2025-12-30T17:24:53.0980610Z Collecting urllib3<3,>=1.21.1 (from requests->wormutils->aqequil==0.41.0)
2025-12-30T17:24:53.1014000Z   Downloading urllib3-2.6.2-py3-none-any.whl.metadata (6.6 kB)
2025-12-30T17:24:53.1352778Z Collecting certifi>=2017.4.17 (from requests->wormutils->aqequil==0.41.0)
2025-12-30T17:24:53.1384508Z   Downloading certifi-2025.11.12-py3-none-any.whl.metadata (2.5 kB)
2025-12-30T17:24:53.1545333Z Downloading chemparse-0.3.2-py3-none-any.whl (5.9 kB)
2025-12-30T17:24:53.1599544Z Downloading dill-0.4.0-py3-none-any.whl (119 kB)
2025-12-30T17:24:53.1657485Z Downloading ipython-9.8.0-py3-none-any.whl (621 kB)
2025-12-30T17:24:53.1783704Z    ━━━━━━━━━━━━━━━━━━━━━━━━━━━━━━━━━━━━━━━━ 621.4/621.4 kB 87.2 MB/s  0:00:00
2025-12-30T17:24:53.1817318Z Downloading prompt_toolkit-3.0.52-py3-none-any.whl (391 kB)
2025-12-30T17:24:53.1887202Z Downloading decorator-5.2.1-py3-none-any.whl (9.2 kB)
2025-12-30T17:24:53.1943121Z Downloading ipython_pygments_lexers-1.1.1-py3-none-any.whl (8.1 kB)
2025-12-30T17:24:53.1996180Z Downloading jedi-0.19.2-py2.py3-none-any.whl (1.6 MB)
2025-12-30T17:24:53.2124716Z    ━━━━━━━━━━━━━━━━━━━━━━━━━━━━━━━━━━━━━━━━ 1.6/1.6 MB 126.4 MB/s  0:00:00
2025-12-30T17:24:53.2169764Z Downloading parso-0.8.5-py2.py3-none-any.whl (106 kB)
2025-12-30T17:24:53.2371922Z Downloading matplotlib_inline-0.2.1-py3-none-any.whl (9.5 kB)
2025-12-30T17:24:53.2433747Z Downloading pexpect-4.9.0-py2.py3-none-any.whl (63 kB)
2025-12-30T17:24:53.2486473Z Downloading ptyprocess-0.7.0-py2.py3-none-any.whl (13 kB)
2025-12-30T17:24:53.2537231Z Downloading pygments-2.19.2-py3-none-any.whl (1.2 MB)
2025-12-30T17:24:53.2617235Z    ━━━━━━━━━━━━━━━━━━━━━━━━━━━━━━━━━━━━━━━━ 1.2/1.2 MB 167.4 MB/s  0:00:00
2025-12-30T17:24:53.2650098Z Downloading stack_data-0.6.3-py3-none-any.whl (24 kB)
2025-12-30T17:24:53.2701096Z Downloading asttokens-3.0.1-py3-none-any.whl (27 kB)
2025-12-30T17:24:53.2751278Z Downloading executing-2.2.1-py2.py3-none-any.whl (28 kB)
2025-12-30T17:24:53.2802351Z Downloading traitlets-5.14.3-py3-none-any.whl (85 kB)
2025-12-30T17:24:53.2858448Z Downloading ipywidgets-8.1.8-py3-none-any.whl (139 kB)
2025-12-30T17:24:53.2913639Z Downloading jupyterlab_widgets-3.0.16-py3-none-any.whl (914 kB)
2025-12-30T17:24:53.2982285Z    ━━━━━━━━━━━━━━━━━━━━━━━━━━━━━━━━━━━━━━━━ 914.9/914.9 kB 145.9 MB/s  0:00:00
2025-12-30T17:24:53.3017125Z Downloading widgetsnbextension-4.0.15-py3-none-any.whl (2.2 MB)
2025-12-30T17:24:53.3145563Z    ━━━━━━━━━━━━━━━━━━━━━━━━━━━━━━━━━━━━━━━━ 2.2/2.2 MB 186.4 MB/s  0:00:00
2025-12-30T17:24:53.3177101Z Downloading comm-0.2.3-py3-none-any.whl (7.3 kB)
2025-12-30T17:24:53.3226198Z Downloading matplotlib-3.10.8-cp312-cp312-manylinux2014_x86_64.manylinux_2_17_x86_64.whl (8.7 MB)
2025-12-30T17:24:53.3609740Z    ━━━━━━━━━━━━━━━━━━━━━━━━━━━━━━━━━━━━━━━━ 8.7/8.7 MB 234.8 MB/s  0:00:00
2025-12-30T17:24:53.3643630Z Downloading contourpy-1.3.3-cp312-cp312-manylinux_2_27_x86_64.manylinux_2_28_x86_64.whl (362 kB)
2025-12-30T17:24:53.3712415Z Downloading cycler-0.12.1-py3-none-any.whl (8.3 kB)
2025-12-30T17:24:53.3778842Z Downloading fonttools-4.61.1-cp312-cp312-manylinux1_x86_64.manylinux2014_x86_64.manylinux_2_17_x86_64.manylinux_2_5_x86_64.whl (5.0 MB)
2025-12-30T17:24:53.4026857Z    ━━━━━━━━━━━━━━━━━━━━━━━━━━━━━━━━━━━━━━━━ 5.0/5.0 MB 211.8 MB/s  0:00:00
2025-12-30T17:24:53.4066906Z Downloading kiwisolver-1.4.9-cp312-cp312-manylinux2014_x86_64.manylinux_2_17_x86_64.whl (1.5 MB)
2025-12-30T17:24:53.4160975Z    ━━━━━━━━━━━━━━━━━━━━━━━━━━━━━━━━━━━━━━━━ 1.5/1.5 MB 169.3 MB/s  0:00:00
2025-12-30T17:24:53.4191638Z Downloading numpy-2.4.0-cp312-cp312-manylinux_2_27_x86_64.manylinux_2_28_x86_64.whl (16.4 MB)
2025-12-30T17:24:53.4871827Z    ━━━━━━━━━━━━━━━━━━━━━━━━━━━━━━━━━━━━━━━━ 16.4/16.4 MB 245.6 MB/s  0:00:00
2025-12-30T17:24:53.4903574Z Downloading packaging-25.0-py3-none-any.whl (66 kB)
2025-12-30T17:24:53.4960954Z Downloading pillow-12.0.0-cp312-cp312-manylinux_2_27_x86_64.manylinux_2_28_x86_64.whl (7.0 MB)
2025-12-30T17:24:53.5310210Z    ━━━━━━━━━━━━━━━━━━━━━━━━━━━━━━━━━━━━━━━━ 7.0/7.0 MB 208.8 MB/s  0:00:00
2025-12-30T17:24:53.5343013Z Downloading pyparsing-3.3.1-py3-none-any.whl (121 kB)
2025-12-30T17:24:53.5480559Z Downloading python_dateutil-2.9.0.post0-py2.py3-none-any.whl (229 kB)
2025-12-30T17:24:53.5541689Z Downloading six-1.17.0-py2.py3-none-any.whl (11 kB)
2025-12-30T17:24:53.5596303Z Downloading natsort-8.4.0-py3-none-any.whl (38 kB)
2025-12-30T17:24:53.5649721Z Downloading pandas-2.3.3-cp312-cp312-manylinux_2_24_x86_64.manylinux_2_28_x86_64.whl (12.4 MB)
2025-12-30T17:24:53.6167985Z    ━━━━━━━━━━━━━━━━━━━━━━━━━━━━━━━━━━━━━━━━ 12.4/12.4 MB 245.1 MB/s  0:00:00
2025-12-30T17:24:53.6201126Z Downloading pytz-2025.2-py2.py3-none-any.whl (509 kB)
2025-12-30T17:24:53.6271830Z Downloading tzdata-2025.3-py2.py3-none-any.whl (348 kB)
2025-12-30T17:24:53.6348434Z Downloading periodictable-2.0.2-py3-none-any.whl (811 kB)
2025-12-30T17:24:53.6414852Z    ━━━━━━━━━━━━━━━━━━━━━━━━━━━━━━━━━━━━━━━━ 811.1/811.1 kB 128.1 MB/s  0:00:00
2025-12-30T17:24:53.6448795Z Downloading plotly-6.5.0-py3-none-any.whl (9.9 MB)
2025-12-30T17:24:53.7013313Z    ━━━━━━━━━━━━━━━━━━━━━━━━━━━━━━━━━━━━━━━━ 9.9/9.9 MB 178.1 MB/s  0:00:00
2025-12-30T17:24:53.7047835Z Downloading narwhals-2.14.0-py3-none-any.whl (430 kB)
2025-12-30T17:24:53.7112834Z Downloading pure_eval-0.2.3-py3-none-any.whl (11 kB)
2025-12-30T17:24:53.7179441Z Downloading pychnosz-1.1.11-cp312-cp312-manylinux_2_28_x86_64.whl (1.6 MB)
2025-12-30T17:24:53.7331594Z    ━━━━━━━━━━━━━━━━━━━━━━━━━━━━━━━━━━━━━━━━ 1.6/1.6 MB 116.7 MB/s  0:00:00
2025-12-30T17:24:53.7372055Z Downloading scipy-1.16.3-cp312-cp312-manylinux2014_x86_64.manylinux_2_17_x86_64.whl (35.7 MB)
2025-12-30T17:24:53.8745604Z    ━━━━━━━━━━━━━━━━━━━━━━━━━━━━━━━━━━━━━━━━ 35.7/35.7 MB 262.6 MB/s  0:00:00
2025-12-30T17:24:53.8779909Z Downloading roman-5.2-py3-none-any.whl (6.0 kB)
2025-12-30T17:24:53.8834565Z Downloading wcwidth-0.2.14-py2.py3-none-any.whl (37 kB)
2025-12-30T17:24:53.8900397Z Downloading wormutils-0.2.0-py3-none-any.whl (18 kB)
2025-12-30T17:24:53.8954350Z Downloading importlib_resources-6.5.2-py3-none-any.whl (37 kB)
2025-12-30T17:24:53.9005926Z Downloading requests-2.32.5-py3-none-any.whl (64 kB)
2025-12-30T17:24:53.9057889Z Downloading charset_normalizer-3.4.4-cp312-cp312-manylinux2014_x86_64.manylinux_2_17_x86_64.manylinux_2_28_x86_64.whl (153 kB)
2025-12-30T17:24:53.9115527Z Downloading idna-3.11-py3-none-any.whl (71 kB)
2025-12-30T17:24:53.9205999Z Downloading urllib3-2.6.2-py3-none-any.whl (131 kB)
2025-12-30T17:24:53.9261644Z Downloading certifi-2025.11.12-py3-none-any.whl (159 kB)
2025-12-30T17:24:54.2508904Z Installing collected packages: pytz, pure-eval, ptyprocess, widgetsnbextension, wcwidth, urllib3, tzdata, traitlets, six, roman, pyparsing, pygments, pillow, pexpect, parso, packaging, numpy, natsort, narwhals, kiwisolver, jupyterlab_widgets, importlib_resources, idna, fonttools, executing, dill, decorator, cycler, comm, chemparse, charset_normalizer, certifi, asttokens, stack_data, scipy, requests, python-dateutil, prompt_toolkit, plotly, periodictable, matplotlib-inline, jedi, ipython-pygments-lexers, contourpy, pandas, matplotlib, ipython, wormutils, pychnosz, ipywidgets, aqequil
2025-12-30T17:25:13.6625789Z 
2025-12-30T17:25:13.6680101Z Successfully installed aqequil-0.41.0 asttokens-3.0.1 certifi-2025.11.12 charset_normalizer-3.4.4 chemparse-0.3.2 comm-0.2.3 contourpy-1.3.3 cycler-0.12.1 decorator-5.2.1 dill-0.4.0 executing-2.2.1 fonttools-4.61.1 idna-3.11 importlib_resources-6.5.2 ipython-9.8.0 ipython-pygments-lexers-1.1.1 ipywidgets-8.1.8 jedi-0.19.2 jupyterlab_widgets-3.0.16 kiwisolver-1.4.9 matplotlib-3.10.8 matplotlib-inline-0.2.1 narwhals-2.14.0 natsort-8.4.0 numpy-2.4.0 packaging-25.0 pandas-2.3.3 parso-0.8.5 periodictable-2.0.2 pexpect-4.9.0 pillow-12.0.0 plotly-6.5.0 prompt_toolkit-3.0.52 ptyprocess-0.7.0 pure-eval-0.2.3 pychnosz-1.1.11 pygments-2.19.2 pyparsing-3.3.1 python-dateutil-2.9.0.post0 pytz-2025.2 requests-2.32.5 roman-5.2 scipy-1.16.3 six-1.17.0 stack_data-0.6.3 traitlets-5.14.3 tzdata-2025.3 urllib3-2.6.2 wcwidth-0.2.14 widgetsnbextension-4.0.15 wormutils-0.2.0
2025-12-30T17:25:13.9744684Z ##[group]Run python test_integration.py
2025-12-30T17:25:13.9745032Z [36;1mpython test_integration.py[0m
2025-12-30T17:25:13.9779212Z shell: /usr/bin/bash --noprofile --norc -e -o pipefail {0}
2025-12-30T17:25:13.9779532Z env:
2025-12-30T17:25:13.9779772Z   pythonLocation: /opt/hostedtoolcache/Python/3.12.12/x64
2025-12-30T17:25:13.9780191Z   PKG_CONFIG_PATH: /opt/hostedtoolcache/Python/3.12.12/x64/lib/pkgconfig
2025-12-30T17:25:13.9780623Z   Python_ROOT_DIR: /opt/hostedtoolcache/Python/3.12.12/x64
2025-12-30T17:25:13.9780983Z   Python2_ROOT_DIR: /opt/hostedtoolcache/Python/3.12.12/x64
2025-12-30T17:25:13.9781352Z   Python3_ROOT_DIR: /opt/hostedtoolcache/Python/3.12.12/x64
2025-12-30T17:25:13.9781727Z   LD_LIBRARY_PATH: /opt/hostedtoolcache/Python/3.12.12/x64/lib
2025-12-30T17:25:13.9782032Z ##[endgroup]
2025-12-30T17:25:18.1976110Z Traceback (most recent call last):
2025-12-30T17:25:18.1984595Z   File "/home/runner/work/aqequil/aqequil/aqequil/AqSpeciation.py", line 854, in runeqpt
2025-12-30T17:25:18.1985179Z     self.__run_eq_executable('eqpt', [data0_path], cwd=os.getcwd())
2025-12-30T17:25:18.1985907Z   File "/home/runner/work/aqequil/aqequil/aqequil/AqSpeciation.py", line 1114, in __run_eq_executable
2025-12-30T17:25:18.1986424Z     exe_path = os.path.join(self.eq36co, exe_name)
2025-12-30T17:25:18.1986719Z                ^^^^^^^^^^^^^^^^^^^^^^^^^^^^^^^^^^^
2025-12-30T17:25:18.1987027Z   File "<frozen posixpath>", line 76, in join
2025-12-30T17:25:18.1987384Z TypeError: expected str, bytes or os.PathLike object, not NoneType
2025-12-30T17:25:18.1987657Z 
2025-12-30T17:25:18.1987829Z During handling of the above exception, another exception occurred:
2025-12-30T17:25:18.1988096Z 
2025-12-30T17:25:18.1988189Z Traceback (most recent call last):
2025-12-30T17:25:18.1988616Z   File "/home/runner/work/aqequil/aqequil/test_integration.py", line 119, in test_runeqpt
2025-12-30T17:25:18.1989273Z     ae.runeqpt('wrm')
2025-12-30T17:25:18.1989661Z   File "/home/runner/work/aqequil/aqequil/aqequil/AqSpeciation.py", line 856, in runeqpt
2025-12-30T17:25:18.1990093Z     self.err_handler.raise_exception(
2025-12-30T17:25:18.1990685Z   File "/opt/hostedtoolcache/Python/3.12.12/x64/lib/python3.12/site-packages/wormutils/Error_Handler.py", line 57, in raise_exception
2025-12-30T17:25:18.1991256Z     raise Exception(msg)
2025-12-30T17:25:18.1991503Z Exception: Error: EQPT failed to run on data0.wrm.
2025-12-30T17:25:18.2003255Z Traceback (most recent call last):
2025-12-30T17:25:18.2004857Z   File "/home/runner/work/aqequil/aqequil/aqequil/AqSpeciation.py", line 854, in runeqpt
2025-12-30T17:25:18.2005383Z     self.__run_eq_executable('eqpt', [data0_path], cwd=os.getcwd())
2025-12-30T17:25:18.2006119Z   File "/home/runner/work/aqequil/aqequil/aqequil/AqSpeciation.py", line 1114, in __run_eq_executable
2025-12-30T17:25:18.2006656Z     exe_path = os.path.join(self.eq36co, exe_name)
2025-12-30T17:25:18.2006943Z                ^^^^^^^^^^^^^^^^^^^^^^^^^^^^^^^^^^^
2025-12-30T17:25:18.2007243Z   File "<frozen posixpath>", line 76, in join
2025-12-30T17:25:18.2007599Z TypeError: expected str, bytes or os.PathLike object, not NoneType
2025-12-30T17:25:18.2007865Z 
2025-12-30T17:25:18.2008036Z During handling of the above exception, another exception occurred:
2025-12-30T17:25:18.2008300Z 
2025-12-30T17:25:18.2008388Z Traceback (most recent call last):
2025-12-30T17:25:18.2008869Z   File "/home/runner/work/aqequil/aqequil/test_integration.py", line 186, in test_speciation_simple
2025-12-30T17:25:18.2009347Z     ae_eqpt.runeqpt('wrm')
2025-12-30T17:25:18.2009767Z   File "/home/runner/work/aqequil/aqequil/aqequil/AqSpeciation.py", line 856, in runeqpt
2025-12-30T17:25:18.2010197Z     self.err_handler.raise_exception(
2025-12-30T17:25:18.2010788Z   File "/opt/hostedtoolcache/Python/3.12.12/x64/lib/python3.12/site-packages/wormutils/Error_Handler.py", line 57, in raise_exception
2025-12-30T17:25:18.2011363Z     raise Exception(msg)
2025-12-30T17:25:18.2011611Z Exception: Error: EQPT failed to run on data0.wrm.
2025-12-30T17:25:26.0470054Z Traceback (most recent call last):
2025-12-30T17:25:26.0471080Z   File "/home/runner/work/aqequil/aqequil/aqequil/AqSpeciation.py", line 854, in runeqpt
2025-12-30T17:25:26.0472058Z     self.__run_eq_executable('eqpt', [data0_path], cwd=os.getcwd())
2025-12-30T17:25:26.0473115Z   File "/home/runner/work/aqequil/aqequil/aqequil/AqSpeciation.py", line 1114, in __run_eq_executable
2025-12-30T17:25:26.0474236Z     exe_path = os.path.join(self.eq36co, exe_name)
2025-12-30T17:25:26.0474739Z                ^^^^^^^^^^^^^^^^^^^^^^^^^^^^^^^^^^^
2025-12-30T17:25:26.0475340Z   File "<frozen posixpath>", line 76, in join
2025-12-30T17:25:26.0475949Z TypeError: expected str, bytes or os.PathLike object, not NoneType
2025-12-30T17:25:26.0476420Z 
2025-12-30T17:25:26.0476729Z During handling of the above exception, another exception occurred:
2025-12-30T17:25:26.0477230Z 
2025-12-30T17:25:26.0477384Z Traceback (most recent call last):
2025-12-30T17:25:26.0478336Z   File "/home/runner/work/aqequil/aqequil/test_integration.py", line 253, in test_water_rock_reaction
2025-12-30T17:25:26.0479139Z     speciation = ae.speciate(
2025-12-30T17:25:26.0479513Z                  ^^^^^^^^^^^^
2025-12-30T17:25:26.0480221Z   File "/home/runner/work/aqequil/aqequil/aqequil/AqSpeciation.py", line 1926, in speciate
2025-12-30T17:25:26.0481004Z     self.runeqpt(data0_lettercode, dynamic_db=True)
2025-12-30T17:25:26.0481812Z   File "/home/runner/work/aqequil/aqequil/aqequil/AqSpeciation.py", line 856, in runeqpt
2025-12-30T17:25:26.0482493Z     self.err_handler.raise_exception(
2025-12-30T17:25:26.0483438Z   File "/opt/hostedtoolcache/Python/3.12.12/x64/lib/python3.12/site-packages/wormutils/Error_Handler.py", line 57, in raise_exception
2025-12-30T17:25:26.0484565Z     raise Exception(msg)
2025-12-30T17:25:26.0484963Z Exception: Error: EQPT failed to run on data0.dyn.
2025-12-30T17:25:26.0485597Z 
2025-12-30T17:25:26.0485752Z ============================================================
2025-12-30T17:25:26.0486184Z AQEQUIL INTEGRATION TEST SUITE
2025-12-30T17:25:26.0486567Z ============================================================
2025-12-30T17:25:26.0486960Z Python: 3.12.12
2025-12-30T17:25:26.0487233Z Platform: linux
2025-12-30T17:25:26.0487506Z Architecture: x86_64
2025-12-30T17:25:26.0487828Z ============================================================
2025-12-30T17:25:26.0488262Z ============================================================
2025-12-30T17:25:26.0488696Z Test 1: Checking for bundled EQ3/6 executables
2025-12-30T17:25:26.0489136Z ============================================================
2025-12-30T17:25:26.0489576Z [FAIL] No bundled executables found!
2025-12-30T17:25:26.0489841Z 
2025-12-30T17:25:26.0489982Z ============================================================
2025-12-30T17:25:26.0490416Z Test 2: Testing aqequil import and basic usage
2025-12-30T17:25:26.0490867Z ============================================================
2025-12-30T17:25:26.0491294Z [OK] Successfully imported aqequil
2025-12-30T17:25:26.0491945Z [OK] Found test data at: /home/runner/work/aqequil/aqequil/aqequil/test_data/input_example_wrm.csv
2025-12-30T17:25:26.0492551Z 
2025-12-30T17:25:26.0492691Z ============================================================
2025-12-30T17:25:26.0493174Z Test 3: Testing runeqpt (data0 to data1 conversion)
2025-12-30T17:25:26.0493619Z ============================================================
2025-12-30T17:25:26.0494226Z [INFO] Working directory: /tmp/tmp56mriea1
2025-12-30T17:25:26.0494650Z [OK] Copied data0.wrm to working directory
2025-12-30T17:25:26.0495047Z Running EQPT on data0.wrm...
2025-12-30T17:25:26.0495522Z [FAIL] Error during runeqpt: Error: EQPT failed to run on data0.wrm.
2025-12-30T17:25:26.0495937Z 
2025-12-30T17:25:26.0496075Z ============================================================
2025-12-30T17:25:26.0496529Z Test 4: Testing simple speciation (wrm database)
2025-12-30T17:25:26.0497010Z ============================================================
2025-12-30T17:25:26.0497932Z Running speciation on /home/runner/work/aqequil/aqequil/aqequil/test_data/input_example_wrm.csv...
2025-12-30T17:25:26.0498695Z [INFO] Working directory: /tmp/tmpxkl9sxwq
2025-12-30T17:25:26.0499132Z [OK] Copied data0.wrm to working directory
2025-12-30T17:25:26.0499537Z Running EQPT to create data1.wrm...
2025-12-30T17:25:26.0500090Z [FAIL] Error during simple speciation: Error: EQPT failed to run on data0.wrm.
2025-12-30T17:25:26.0500554Z 
2025-12-30T17:25:26.0500695Z ============================================================
2025-12-30T17:25:26.0501113Z Test 5: Testing water-rock reaction
2025-12-30T17:25:26.0501490Z ============================================================
2025-12-30T17:25:26.0502197Z Running speciation on /home/runner/work/aqequil/aqequil/aqequil/test_data/input_example_wrm.csv...
2025-12-30T17:25:26.0502945Z [INFO] Working directory: /tmp/tmpa6uuch9m
2025-12-30T17:25:26.0503446Z Getting wrm_data_latest.csv ready. This will take a moment...
2025-12-30T17:25:26.0504407Z No 'charge_balance_on' column found in input file. Defaulting to no charge balancing for all samples.
2025-12-30T17:25:26.0505470Z Warning: a column for Pressure was not found in the sample input file. Defaulting to water saturation pressure...
2025-12-30T17:25:26.0506432Z [FAIL] Error during water-rock reaction: Error: EQPT failed to run on data0.dyn.
2025-12-30T17:25:26.0506897Z 
2025-12-30T17:25:26.0507025Z ============================================================
2025-12-30T17:25:26.0507412Z TEST SUMMARY
2025-12-30T17:25:26.0507698Z ============================================================
2025-12-30T17:25:26.0508093Z [FAIL] Bundled Executables
2025-12-30T17:25:26.0508424Z [PASS] Import and Basic Usage
2025-12-30T17:25:26.0508798Z [FAIL] EQPT Data0 to Data1 Conversion
2025-12-30T17:25:26.0509258Z [FAIL] Simple Speciation (wrm database)
2025-12-30T17:25:26.0509826Z [FAIL] Water-Rock Reaction
2025-12-30T17:25:26.0510162Z ============================================================
2025-12-30T17:25:26.0510457Z 
2025-12-30T17:25:26.0510576Z [FAIL] Some tests failed!
2025-12-30T17:25:26.2555732Z ##[error]Process completed with exit code 1.
2025-12-30T17:25:26.2661890Z Post job cleanup.
2025-12-30T17:25:26.3590545Z [command]/usr/bin/git version
2025-12-30T17:25:26.3627049Z git version 2.52.0
2025-12-30T17:25:26.3670039Z Temporarily overriding HOME='/home/runner/work/_temp/f5fd57e4-84d8-4289-bd46-0d4413fb89e0' before making global git config changes
2025-12-30T17:25:26.3671230Z Adding repository directory to the temporary git global config as a safe directory
2025-12-30T17:25:26.3682670Z [command]/usr/bin/git config --global --add safe.directory /home/runner/work/aqequil/aqequil
2025-12-30T17:25:26.3716911Z [command]/usr/bin/git config --local --name-only --get-regexp core\.sshCommand
2025-12-30T17:25:26.3748822Z [command]/usr/bin/git submodule foreach --recursive sh -c "git config --local --name-only --get-regexp 'core\.sshCommand' && git config --local --unset-all 'core.sshCommand' || :"
2025-12-30T17:25:26.3978609Z [command]/usr/bin/git config --local --name-only --get-regexp http\.https\:\/\/github\.com\/\.extraheader
2025-12-30T17:25:26.3998687Z http.https://github.com/.extraheader
2025-12-30T17:25:26.4011089Z [command]/usr/bin/git config --local --unset-all http.https://github.com/.extraheader
2025-12-30T17:25:26.4042539Z [command]/usr/bin/git submodule foreach --recursive sh -c "git config --local --name-only --get-regexp 'http\.https\:\/\/github\.com\/\.extraheader' && git config --local --unset-all 'http.https://github.com/.extraheader' || :"
2025-12-30T17:25:26.4268147Z [command]/usr/bin/git config --local --name-only --get-regexp ^includeIf\.gitdir:
2025-12-30T17:25:26.4298987Z [command]/usr/bin/git submodule foreach --recursive git config --local --show-origin --name-only --get-regexp remote.origin.url
2025-12-30T17:25:26.4627819Z Cleaning up orphan processes
