2025-12-30T17:24:45.2190510Z Current runner version: '2.330.0'
2025-12-30T17:24:45.2215560Z ##[group]Runner Image Provisioner
2025-12-30T17:24:45.2216180Z Hosted Compute Agent
2025-12-30T17:24:45.2216520Z Version: 20251211.462
2025-12-30T17:24:45.2216880Z Commit: 6cbad8c2bb55d58165063d031ccabf57e2d2db61
2025-12-30T17:24:45.2217310Z Build Date: 2025-12-11T16:28:49Z
2025-12-30T17:24:45.2217720Z Worker ID: {9acd95ee-2113-41bc-a576-ed1ff3ba0acc}
2025-12-30T17:24:45.2218140Z ##[endgroup]
2025-12-30T17:24:45.2219470Z ##[group]Operating System
2025-12-30T17:24:45.2219890Z macOS
2025-12-30T17:24:45.2220210Z 15.7.2
2025-12-30T17:24:45.2220480Z 24G325
2025-12-30T17:24:45.2220800Z ##[endgroup]
2025-12-30T17:24:45.2221100Z ##[group]Runner Image
2025-12-30T17:24:45.2221460Z Image: macos-15-arm64
2025-12-30T17:24:45.2221770Z Version: 20251215.0075.1
2025-12-30T17:24:45.2222460Z Included Software: https://github.com/actions/runner-images/blob/macos-15-arm64/20251215.0075/images/macos/macos-15-arm64-Readme.md
2025-12-30T17:24:45.2224570Z Image Release: https://github.com/actions/runner-images/releases/tag/macos-15-arm64%2F20251215.0075
2025-12-30T17:24:45.2225500Z ##[endgroup]
2025-12-30T17:24:45.2227430Z ##[group]GITHUB_TOKEN Permissions
2025-12-30T17:24:45.2229280Z Actions: write
2025-12-30T17:24:45.2229630Z ArtifactMetadata: write
2025-12-30T17:24:45.2230320Z Attestations: write
2025-12-30T17:24:45.2231450Z Checks: write
2025-12-30T17:24:45.2233940Z Contents: write
2025-12-30T17:24:45.2235570Z Deployments: write
2025-12-30T17:24:45.2237010Z Discussions: write
2025-12-30T17:24:45.2237440Z Issues: write
2025-12-30T17:24:45.2237760Z Metadata: read
2025-12-30T17:24:45.2238060Z Models: read
2025-12-30T17:24:45.2238370Z Packages: write
2025-12-30T17:24:45.2238680Z Pages: write
2025-12-30T17:24:45.2239010Z PullRequests: write
2025-12-30T17:24:45.2239690Z RepositoryProjects: write
2025-12-30T17:24:45.2240070Z SecurityEvents: write
2025-12-30T17:24:45.2240390Z Statuses: write
2025-12-30T17:24:45.2240730Z ##[endgroup]
2025-12-30T17:24:45.2242920Z Secret source: Actions
2025-12-30T17:24:45.2243370Z Prepare workflow directory
2025-12-30T17:24:45.2530280Z Prepare all required actions
2025-12-30T17:24:45.2613550Z Getting action download info
2025-12-30T17:24:45.6724750Z Download action repository 'actions/checkout@v4' (SHA:34e114876b0b11c390a56381ad16ebd13914f8d5)
2025-12-30T17:24:45.9803530Z Download action repository 'actions/setup-python@v5' (SHA:a26af69be951a213d495a4c3e4e4022e16d87065)
2025-12-30T17:24:46.1062800Z Download action repository 'actions/download-artifact@v4' (SHA:d3f86a106a0bac45b974a628896c90dbdf5c8093)
2025-12-30T17:24:47.4485340Z Complete job name: Test wheels on macos-latest with Python 3.11
2025-12-30T17:24:47.5389960Z ##[group]Run actions/checkout@v4
2025-12-30T17:24:47.5391740Z with:
2025-12-30T17:24:47.5392080Z   repository: worm-portal/aqequil
2025-12-30T17:24:47.5392690Z   token: ***
2025-12-30T17:24:47.5392980Z   ssh-strict: true
2025-12-30T17:24:47.5393270Z   ssh-user: git
2025-12-30T17:24:47.5393570Z   persist-credentials: true
2025-12-30T17:24:47.5393970Z   clean: true
2025-12-30T17:24:47.5394370Z   sparse-checkout-cone-mode: true
2025-12-30T17:24:47.5394760Z   fetch-depth: 1
2025-12-30T17:24:47.5395080Z   fetch-tags: false
2025-12-30T17:24:47.5395370Z   show-progress: true
2025-12-30T17:24:47.5395690Z   lfs: false
2025-12-30T17:24:47.5395980Z   submodules: false
2025-12-30T17:24:47.5396340Z   set-safe-directory: true
2025-12-30T17:24:47.5396860Z ##[endgroup]
2025-12-30T17:24:47.9918470Z Syncing repository: worm-portal/aqequil
2025-12-30T17:24:47.9920280Z ##[group]Getting Git version info
2025-12-30T17:24:47.9920890Z Working directory is '/Users/runner/work/aqequil/aqequil'
2025-12-30T17:24:47.9921930Z [command]/opt/homebrew/bin/git version
2025-12-30T17:24:48.0477320Z git version 2.50.1
2025-12-30T17:24:48.0537680Z ##[endgroup]
2025-12-30T17:24:48.0545930Z Copying '/Users/runner/.gitconfig' to '/Users/runner/work/_temp/4d37ab13-d2fd-4759-9443-0df6372fef22/.gitconfig'
2025-12-30T17:24:48.0552540Z Temporarily overriding HOME='/Users/runner/work/_temp/4d37ab13-d2fd-4759-9443-0df6372fef22' before making global git config changes
2025-12-30T17:24:48.0555540Z Adding repository directory to the temporary git global config as a safe directory
2025-12-30T17:24:48.0557380Z [command]/opt/homebrew/bin/git config --global --add safe.directory /Users/runner/work/aqequil/aqequil
2025-12-30T17:24:48.0729220Z Deleting the contents of '/Users/runner/work/aqequil/aqequil'
2025-12-30T17:24:48.0736820Z ##[group]Initializing the repository
2025-12-30T17:24:48.0745160Z [command]/opt/homebrew/bin/git init /Users/runner/work/aqequil/aqequil
2025-12-30T17:24:48.1211320Z hint: Using 'master' as the name for the initial branch. This default branch name
2025-12-30T17:24:48.1235660Z hint: is subject to change. To configure the initial branch name to use in all
2025-12-30T17:24:48.1339630Z hint: of your new repositories, which will suppress this warning, call:
2025-12-30T17:24:48.1447360Z hint:
2025-12-30T17:24:48.1549300Z hint: 	git config --global init.defaultBranch <name>
2025-12-30T17:24:48.1654620Z hint:
2025-12-30T17:24:48.1757830Z hint: Names commonly chosen instead of 'master' are 'main', 'trunk' and
2025-12-30T17:24:48.1860570Z hint: 'development'. The just-created branch can be renamed via this command:
2025-12-30T17:24:48.1901020Z hint:
2025-12-30T17:24:48.1962510Z hint: 	git branch -m <name>
2025-12-30T17:24:48.2064630Z hint:
2025-12-30T17:24:48.2095090Z hint: Disable this message with "git config set advice.defaultBranchName false"
2025-12-30T17:24:48.2113730Z Initialized empty Git repository in /Users/runner/work/aqequil/aqequil/.git/
2025-12-30T17:24:48.2223140Z [command]/opt/homebrew/bin/git remote add origin https://github.com/worm-portal/aqequil
2025-12-30T17:24:48.2226470Z ##[endgroup]
2025-12-30T17:24:48.2227730Z ##[group]Disabling automatic garbage collection
2025-12-30T17:24:48.2228940Z [command]/opt/homebrew/bin/git config --local gc.auto 0
2025-12-30T17:24:48.2231440Z ##[endgroup]
2025-12-30T17:24:48.2232610Z ##[group]Setting up auth
2025-12-30T17:24:48.2233940Z [command]/opt/homebrew/bin/git config --local --name-only --get-regexp core\.sshCommand
2025-12-30T17:24:48.2237920Z [command]/opt/homebrew/bin/git submodule foreach --recursive sh -c "git config --local --name-only --get-regexp 'core\.sshCommand' && git config --local --unset-all 'core.sshCommand' || :"
2025-12-30T17:24:48.4175610Z [command]/opt/homebrew/bin/git config --local --name-only --get-regexp http\.https\:\/\/github\.com\/\.extraheader
2025-12-30T17:24:48.4354960Z [command]/opt/homebrew/bin/git submodule foreach --recursive sh -c "git config --local --name-only --get-regexp 'http\.https\:\/\/github\.com\/\.extraheader' && git config --local --unset-all 'http.https://github.com/.extraheader' || :"
2025-12-30T17:24:48.5582470Z [command]/opt/homebrew/bin/git config --local --name-only --get-regexp ^includeIf\.gitdir:
2025-12-30T17:24:48.5676120Z [command]/opt/homebrew/bin/git submodule foreach --recursive git config --local --show-origin --name-only --get-regexp remote.origin.url
2025-12-30T17:24:48.7176980Z [command]/opt/homebrew/bin/git config --local http.https://github.com/.extraheader AUTHORIZATION: basic ***
2025-12-30T17:24:48.7197130Z ##[endgroup]
2025-12-30T17:24:48.7198180Z ##[group]Fetching the repository
2025-12-30T17:24:48.7200520Z [command]/opt/homebrew/bin/git -c protocol.version=2 fetch --no-tags --prune --no-recurse-submodules --depth=1 origin +e6190a14876ae468a4b5041a8a90e6974fe01773:refs/remotes/origin/dev
2025-12-30T17:24:49.8566150Z From https://github.com/worm-portal/aqequil
2025-12-30T17:24:49.8631730Z  * [new ref]         e6190a14876ae468a4b5041a8a90e6974fe01773 -> origin/dev
2025-12-30T17:24:49.8665740Z ##[endgroup]
2025-12-30T17:24:49.8666850Z ##[group]Determining the checkout info
2025-12-30T17:24:49.8669100Z ##[endgroup]
2025-12-30T17:24:49.8669960Z [command]/opt/homebrew/bin/git sparse-checkout disable
2025-12-30T17:24:49.8741820Z [command]/opt/homebrew/bin/git config --local --unset-all extensions.worktreeConfig
2025-12-30T17:24:49.8801550Z ##[group]Checking out the ref
2025-12-30T17:24:49.8806000Z [command]/opt/homebrew/bin/git checkout --progress --force -B dev refs/remotes/origin/dev
2025-12-30T17:24:50.2056930Z Switched to a new branch 'dev'
2025-12-30T17:24:50.2161530Z branch 'dev' set up to track 'origin/dev'.
2025-12-30T17:24:50.2390380Z ##[endgroup]
2025-12-30T17:24:50.2392970Z [command]/opt/homebrew/bin/git log -1 --format=%H
2025-12-30T17:24:50.2395440Z e6190a14876ae468a4b5041a8a90e6974fe01773
2025-12-30T17:24:50.2777940Z ##[group]Run actions/setup-python@v5
2025-12-30T17:24:50.2778210Z with:
2025-12-30T17:24:50.2778430Z   python-version: 3.11
2025-12-30T17:24:50.2778640Z   check-latest: false
2025-12-30T17:24:50.2779030Z   token: ***
2025-12-30T17:24:50.2779230Z   update-environment: true
2025-12-30T17:24:50.2779450Z   allow-prereleases: false
2025-12-30T17:24:50.2779650Z   freethreaded: false
2025-12-30T17:24:50.2779860Z ##[endgroup]
2025-12-30T17:24:50.5045860Z ##[group]Installed versions
2025-12-30T17:24:50.5853050Z Successfully set up CPython (3.11.9)
2025-12-30T17:24:50.5935120Z ##[endgroup]
2025-12-30T17:24:50.6183300Z ##[group]Run actions/download-artifact@v4
2025-12-30T17:24:50.6183710Z with:
2025-12-30T17:24:50.6183920Z   name: wheels-macos-latest
2025-12-30T17:24:50.6184130Z   path: wheelhouse
2025-12-30T17:24:50.6184340Z   merge-multiple: false
2025-12-30T17:24:50.6184560Z   repository: worm-portal/aqequil
2025-12-30T17:24:50.6184780Z   run-id: 20601542873
2025-12-30T17:24:50.6184980Z env:
2025-12-30T17:24:50.6185330Z   pythonLocation: /Users/runner/hostedtoolcache/Python/3.11.9/arm64
2025-12-30T17:24:50.6185800Z   PKG_CONFIG_PATH: /Users/runner/hostedtoolcache/Python/3.11.9/arm64/lib/pkgconfig
2025-12-30T17:24:50.6186260Z   Python_ROOT_DIR: /Users/runner/hostedtoolcache/Python/3.11.9/arm64
2025-12-30T17:24:50.6186790Z   Python2_ROOT_DIR: /Users/runner/hostedtoolcache/Python/3.11.9/arm64
2025-12-30T17:24:50.6187240Z   Python3_ROOT_DIR: /Users/runner/hostedtoolcache/Python/3.11.9/arm64
2025-12-30T17:24:50.6187570Z ##[endgroup]
2025-12-30T17:24:50.9116180Z Downloading single artifact
2025-12-30T17:24:51.1957580Z Preparing to download the following artifacts:
2025-12-30T17:24:51.1958590Z - wheels-macos-latest (ID: 4992705722, Size: 30983820, Expected Digest: sha256:b92d9f14eefa557fd743c8b0126078f58eb51c970eb7f7b4c069e486416b03a2)
2025-12-30T17:24:51.3703050Z Redirecting to blob download url: https://productionresultssa19.blob.core.windows.net/actions-results/3359d908-0586-4c6c-8ddb-eda61a91ec84/workflow-job-run-02713282-5c53-55d8-b4c3-d8b9c393b72a/artifacts/955ef54be1c50fb13a2980f81c148b7bb4d63dbb4dfacd45c21fd4e1b6813100.zip
2025-12-30T17:24:51.3805460Z Starting download of artifact to: /Users/runner/work/aqequil/aqequil/wheelhouse
2025-12-30T17:24:51.5012780Z (node:2340) [DEP0005] DeprecationWarning: Buffer() is deprecated due to security and usability issues. Please use the Buffer.alloc(), Buffer.allocUnsafe(), or Buffer.from() methods instead.
2025-12-30T17:24:51.5063890Z (Use `node --trace-deprecation ...` to show where the warning was created)
2025-12-30T17:24:52.9327680Z SHA256 digest of downloaded artifact is b92d9f14eefa557fd743c8b0126078f58eb51c970eb7f7b4c069e486416b03a2
2025-12-30T17:24:52.9330120Z Artifact download completed successfully.
2025-12-30T17:24:52.9331140Z Total of 1 artifact(s) downloaded
2025-12-30T17:24:52.9349700Z Download artifact has finished successfully
2025-12-30T17:24:52.9544850Z ##[group]Run PYVER=$(echo "3.11" | tr -d '.')
2025-12-30T17:24:52.9545390Z [36;1mPYVER=$(echo "3.11" | tr -d '.')[0m
2025-12-30T17:24:52.9545730Z [36;1mpython -m pip install wheelhouse/aqequil-*-cp${PYVER}-*.whl[0m
2025-12-30T17:24:52.9635810Z shell: /bin/bash --noprofile --norc -e -o pipefail {0}
2025-12-30T17:24:52.9636180Z env:
2025-12-30T17:24:52.9641800Z   pythonLocation: /Users/runner/hostedtoolcache/Python/3.11.9/arm64
2025-12-30T17:24:52.9642310Z   PKG_CONFIG_PATH: /Users/runner/hostedtoolcache/Python/3.11.9/arm64/lib/pkgconfig
2025-12-30T17:24:52.9642800Z   Python_ROOT_DIR: /Users/runner/hostedtoolcache/Python/3.11.9/arm64
2025-12-30T17:24:52.9643770Z   Python2_ROOT_DIR: /Users/runner/hostedtoolcache/Python/3.11.9/arm64
2025-12-30T17:24:52.9644210Z   Python3_ROOT_DIR: /Users/runner/hostedtoolcache/Python/3.11.9/arm64
2025-12-30T17:24:52.9644550Z ##[endgroup]
2025-12-30T17:24:54.3406500Z Processing ./wheelhouse/aqequil-0.41.0-cp311-cp311-macosx_15_0_arm64.whl
2025-12-30T17:24:54.5472370Z Collecting pandas (from aqequil==0.41.0)
2025-12-30T17:24:54.6215370Z   Downloading pandas-2.3.3-cp311-cp311-macosx_11_0_arm64.whl.metadata (91 kB)
2025-12-30T17:24:54.8172290Z Collecting numpy (from aqequil==0.41.0)
2025-12-30T17:24:54.8308590Z   Downloading numpy-2.4.0-cp311-cp311-macosx_14_0_arm64.whl.metadata (6.6 kB)
2025-12-30T17:24:54.9218340Z Collecting matplotlib (from aqequil==0.41.0)
2025-12-30T17:24:54.9371100Z   Downloading matplotlib-3.10.8-cp311-cp311-macosx_11_0_arm64.whl.metadata (52 kB)
2025-12-30T17:24:54.9845230Z Collecting plotly (from aqequil==0.41.0)
2025-12-30T17:24:54.9975630Z   Downloading plotly-6.5.0-py3-none-any.whl.metadata (8.5 kB)
2025-12-30T17:24:55.0564170Z Collecting ipython (from aqequil==0.41.0)
2025-12-30T17:24:55.0685620Z   Downloading ipython-9.8.0-py3-none-any.whl.metadata (4.5 kB)
2025-12-30T17:24:55.0938800Z Collecting chemparse (from aqequil==0.41.0)
2025-12-30T17:24:55.1073440Z   Downloading chemparse-0.3.2-py3-none-any.whl.metadata (1.7 kB)
2025-12-30T17:24:55.1317220Z Collecting dill (from aqequil==0.41.0)
2025-12-30T17:24:55.1441570Z   Downloading dill-0.4.0-py3-none-any.whl.metadata (10 kB)
2025-12-30T17:24:55.1669490Z Collecting periodictable (from aqequil==0.41.0)
2025-12-30T17:24:55.1795900Z   Downloading periodictable-2.0.2-py3-none-any.whl.metadata (5.4 kB)
2025-12-30T17:24:55.2080220Z Collecting natsort (from aqequil==0.41.0)
2025-12-30T17:24:55.2201110Z   Downloading natsort-8.4.0-py3-none-any.whl.metadata (21 kB)
2025-12-30T17:24:55.2433410Z Collecting roman (from aqequil==0.41.0)
2025-12-30T17:24:55.2566260Z   Downloading roman-5.2-py3-none-any.whl.metadata (4.3 kB)
2025-12-30T17:24:55.2933130Z Collecting ipywidgets (from aqequil==0.41.0)
2025-12-30T17:24:55.3065860Z   Downloading ipywidgets-8.1.8-py3-none-any.whl.metadata (2.4 kB)
2025-12-30T17:24:55.3294910Z Collecting wormutils (from aqequil==0.41.0)
2025-12-30T17:24:55.3434610Z   Downloading wormutils-0.2.0-py3-none-any.whl.metadata (723 bytes)
2025-12-30T17:24:55.3746910Z Collecting pychnosz (from aqequil==0.41.0)
2025-12-30T17:24:55.4049490Z   Downloading pychnosz-1.1.11-cp311-cp311-macosx_15_0_arm64.whl.metadata (8.2 kB)
2025-12-30T17:24:55.4365980Z Collecting decorator>=4.3.2 (from ipython->aqequil==0.41.0)
2025-12-30T17:24:55.4468850Z   Downloading decorator-5.2.1-py3-none-any.whl.metadata (3.9 kB)
2025-12-30T17:24:55.4772770Z Collecting ipython-pygments-lexers>=1.0.0 (from ipython->aqequil==0.41.0)
2025-12-30T17:24:55.4875270Z   Downloading ipython_pygments_lexers-1.1.1-py3-none-any.whl.metadata (1.1 kB)
2025-12-30T17:24:55.5179650Z Collecting jedi>=0.18.1 (from ipython->aqequil==0.41.0)
2025-12-30T17:24:55.5281520Z   Downloading jedi-0.19.2-py2.py3-none-any.whl.metadata (22 kB)
2025-12-30T17:24:55.5588410Z Collecting matplotlib-inline>=0.1.5 (from ipython->aqequil==0.41.0)
2025-12-30T17:24:55.5686410Z   Downloading matplotlib_inline-0.2.1-py3-none-any.whl.metadata (2.3 kB)
2025-12-30T17:24:55.5919630Z Collecting pexpect>4.3 (from ipython->aqequil==0.41.0)
2025-12-30T17:24:55.6050130Z   Downloading pexpect-4.9.0-py2.py3-none-any.whl.metadata (2.5 kB)
2025-12-30T17:24:55.6481200Z Collecting prompt_toolkit<3.1.0,>=3.0.41 (from ipython->aqequil==0.41.0)
2025-12-30T17:24:55.6613100Z   Downloading prompt_toolkit-3.0.52-py3-none-any.whl.metadata (6.4 kB)
2025-12-30T17:24:55.7125960Z Collecting pygments>=2.11.0 (from ipython->aqequil==0.41.0)
2025-12-30T17:24:55.7306140Z   Downloading pygments-2.19.2-py3-none-any.whl.metadata (2.5 kB)
2025-12-30T17:24:55.7545610Z Collecting stack_data>=0.6.0 (from ipython->aqequil==0.41.0)
2025-12-30T17:24:55.7668170Z   Downloading stack_data-0.6.3-py3-none-any.whl.metadata (18 kB)
2025-12-30T17:24:55.7929700Z Collecting traitlets>=5.13.0 (from ipython->aqequil==0.41.0)
2025-12-30T17:24:55.8048790Z   Downloading traitlets-5.14.3-py3-none-any.whl.metadata (10 kB)
2025-12-30T17:24:55.8292160Z Collecting typing_extensions>=4.6 (from ipython->aqequil==0.41.0)
2025-12-30T17:24:55.8411560Z   Downloading typing_extensions-4.15.0-py3-none-any.whl.metadata (3.3 kB)
2025-12-30T17:24:55.8620580Z Collecting wcwidth (from prompt_toolkit<3.1.0,>=3.0.41->ipython->aqequil==0.41.0)
2025-12-30T17:24:55.8744080Z   Downloading wcwidth-0.2.14-py2.py3-none-any.whl.metadata (15 kB)
2025-12-30T17:24:55.8979920Z Collecting parso<0.9.0,>=0.8.4 (from jedi>=0.18.1->ipython->aqequil==0.41.0)
2025-12-30T17:24:55.9101780Z   Downloading parso-0.8.5-py2.py3-none-any.whl.metadata (8.3 kB)
2025-12-30T17:24:55.9333300Z Collecting ptyprocess>=0.5 (from pexpect>4.3->ipython->aqequil==0.41.0)
2025-12-30T17:24:55.9456590Z   Downloading ptyprocess-0.7.0-py2.py3-none-any.whl.metadata (1.3 kB)
2025-12-30T17:24:55.9701450Z Collecting executing>=1.2.0 (from stack_data>=0.6.0->ipython->aqequil==0.41.0)
2025-12-30T17:24:55.9827340Z   Downloading executing-2.2.1-py2.py3-none-any.whl.metadata (8.9 kB)
2025-12-30T17:24:56.0057380Z Collecting asttokens>=2.1.0 (from stack_data>=0.6.0->ipython->aqequil==0.41.0)
2025-12-30T17:24:56.0171990Z   Downloading asttokens-3.0.1-py3-none-any.whl.metadata (4.9 kB)
2025-12-30T17:24:56.0358890Z Collecting pure-eval (from stack_data>=0.6.0->ipython->aqequil==0.41.0)
2025-12-30T17:24:56.0480450Z   Downloading pure_eval-0.2.3-py3-none-any.whl.metadata (6.3 kB)
2025-12-30T17:24:56.0711940Z Collecting comm>=0.1.3 (from ipywidgets->aqequil==0.41.0)
2025-12-30T17:24:56.0841700Z   Downloading comm-0.2.3-py3-none-any.whl.metadata (3.7 kB)
2025-12-30T17:24:56.1355720Z Collecting widgetsnbextension~=4.0.14 (from ipywidgets->aqequil==0.41.0)
2025-12-30T17:24:56.1652430Z   Downloading widgetsnbextension-4.0.15-py3-none-any.whl.metadata (1.6 kB)
2025-12-30T17:24:56.2108030Z Collecting jupyterlab_widgets~=3.0.15 (from ipywidgets->aqequil==0.41.0)
2025-12-30T17:24:56.2250790Z   Downloading jupyterlab_widgets-3.0.16-py3-none-any.whl.metadata (20 kB)
2025-12-30T17:24:56.2862570Z Collecting contourpy>=1.0.1 (from matplotlib->aqequil==0.41.0)
2025-12-30T17:24:56.3003600Z   Downloading contourpy-1.3.3-cp311-cp311-macosx_11_0_arm64.whl.metadata (5.5 kB)
2025-12-30T17:24:56.3228370Z Collecting cycler>=0.10 (from matplotlib->aqequil==0.41.0)
2025-12-30T17:24:56.3351870Z   Downloading cycler-0.12.1-py3-none-any.whl.metadata (3.8 kB)
2025-12-30T17:24:56.4357380Z Collecting fonttools>=4.22.0 (from matplotlib->aqequil==0.41.0)
2025-12-30T17:24:56.4505970Z   Downloading fonttools-4.61.1-cp311-cp311-macosx_10_9_universal2.whl.metadata (114 kB)
2025-12-30T17:24:56.5461270Z Collecting kiwisolver>=1.3.1 (from matplotlib->aqequil==0.41.0)
2025-12-30T17:24:56.5596580Z   Downloading kiwisolver-1.4.9-cp311-cp311-macosx_11_0_arm64.whl.metadata (6.3 kB)
2025-12-30T17:24:56.5909520Z Collecting packaging>=20.0 (from matplotlib->aqequil==0.41.0)
2025-12-30T17:24:56.6036570Z   Downloading packaging-25.0-py3-none-any.whl.metadata (3.3 kB)
2025-12-30T17:24:56.7129130Z Collecting pillow>=8 (from matplotlib->aqequil==0.41.0)
2025-12-30T17:24:56.7253500Z   Downloading pillow-12.0.0-cp311-cp311-macosx_11_0_arm64.whl.metadata (8.8 kB)
2025-12-30T17:24:56.7580350Z Collecting pyparsing>=3 (from matplotlib->aqequil==0.41.0)
2025-12-30T17:24:56.7694210Z   Downloading pyparsing-3.3.1-py3-none-any.whl.metadata (5.6 kB)
2025-12-30T17:24:56.7917170Z Collecting python-dateutil>=2.7 (from matplotlib->aqequil==0.41.0)
2025-12-30T17:24:56.8034680Z   Downloading python_dateutil-2.9.0.post0-py2.py3-none-any.whl.metadata (8.4 kB)
2025-12-30T17:24:56.8391890Z Collecting six>=1.5 (from python-dateutil>=2.7->matplotlib->aqequil==0.41.0)
2025-12-30T17:24:56.8527360Z   Downloading six-1.17.0-py2.py3-none-any.whl.metadata (1.7 kB)
2025-12-30T17:24:56.8979040Z Collecting pytz>=2020.1 (from pandas->aqequil==0.41.0)
2025-12-30T17:24:56.9105350Z   Downloading pytz-2025.2-py2.py3-none-any.whl.metadata (22 kB)
2025-12-30T17:24:56.9354760Z Collecting tzdata>=2022.7 (from pandas->aqequil==0.41.0)
2025-12-30T17:24:56.9474530Z   Downloading tzdata-2025.3-py2.py3-none-any.whl.metadata (1.4 kB)
2025-12-30T17:24:56.9884020Z Collecting narwhals>=1.15.1 (from plotly->aqequil==0.41.0)
2025-12-30T17:24:57.0004990Z   Downloading narwhals-2.14.0-py3-none-any.whl.metadata (13 kB)
2025-12-30T17:24:57.0913180Z Collecting scipy>=1.7.0 (from pychnosz->aqequil==0.41.0)
2025-12-30T17:24:57.1067650Z   Downloading scipy-1.16.3-cp311-cp311-macosx_14_0_arm64.whl.metadata (62 kB)
2025-12-30T17:24:57.1697670Z Collecting requests (from wormutils->aqequil==0.41.0)
2025-12-30T17:24:57.1825970Z   Downloading requests-2.32.5-py3-none-any.whl.metadata (4.9 kB)
2025-12-30T17:24:57.2206820Z Collecting importlib_resources (from wormutils->aqequil==0.41.0)
2025-12-30T17:24:57.2336880Z   Downloading importlib_resources-6.5.2-py3-none-any.whl.metadata (3.9 kB)
2025-12-30T17:24:57.3466210Z Collecting charset_normalizer<4,>=2 (from requests->wormutils->aqequil==0.41.0)
2025-12-30T17:24:57.3613980Z   Downloading charset_normalizer-3.4.4-cp311-cp311-macosx_10_9_universal2.whl.metadata (37 kB)
2025-12-30T17:24:57.4014210Z Collecting idna<4,>=2.5 (from requests->wormutils->aqequil==0.41.0)
2025-12-30T17:24:57.4143540Z   Downloading idna-3.11-py3-none-any.whl.metadata (8.4 kB)
2025-12-30T17:24:57.4470180Z Collecting urllib3<3,>=1.21.1 (from requests->wormutils->aqequil==0.41.0)
2025-12-30T17:24:57.4598790Z   Downloading urllib3-2.6.2-py3-none-any.whl.metadata (6.6 kB)
2025-12-30T17:24:57.4654610Z Requirement already satisfied: certifi>=2017.4.17 in /Library/Frameworks/Python.framework/Versions/3.11/lib/python3.11/site-packages (from requests->wormutils->aqequil==0.41.0) (2025.11.12)
2025-12-30T17:24:57.4836360Z Downloading chemparse-0.3.2-py3-none-any.whl (5.9 kB)
2025-12-30T17:24:57.4988240Z Downloading dill-0.4.0-py3-none-any.whl (119 kB)
2025-12-30T17:24:57.5159750Z Downloading ipython-9.8.0-py3-none-any.whl (621 kB)
2025-12-30T17:24:57.5342520Z    ━━━━━━━━━━━━━━━━━━━━━━━━━━━━━━━━━━━━━━━━ 621.4/621.4 kB 26.1 MB/s  0:00:00
2025-12-30T17:24:57.5469050Z Downloading prompt_toolkit-3.0.52-py3-none-any.whl (391 kB)
2025-12-30T17:24:57.5635500Z Downloading decorator-5.2.1-py3-none-any.whl (9.2 kB)
2025-12-30T17:24:57.5789200Z Downloading ipython_pygments_lexers-1.1.1-py3-none-any.whl (8.1 kB)
2025-12-30T17:24:57.5955450Z Downloading jedi-0.19.2-py2.py3-none-any.whl (1.6 MB)
2025-12-30T17:24:57.6147200Z    ━━━━━━━━━━━━━━━━━━━━━━━━━━━━━━━━━━━━━━━━ 1.6/1.6 MB 74.5 MB/s  0:00:00
2025-12-30T17:24:57.6284050Z Downloading parso-0.8.5-py2.py3-none-any.whl (106 kB)
2025-12-30T17:24:57.6445700Z Downloading matplotlib_inline-0.2.1-py3-none-any.whl (9.5 kB)
2025-12-30T17:24:57.6601020Z Downloading pexpect-4.9.0-py2.py3-none-any.whl (63 kB)
2025-12-30T17:24:57.6763220Z Downloading ptyprocess-0.7.0-py2.py3-none-any.whl (13 kB)
2025-12-30T17:24:57.6927110Z Downloading pygments-2.19.2-py3-none-any.whl (1.2 MB)
2025-12-30T17:24:57.7040430Z    ━━━━━━━━━━━━━━━━━━━━━━━━━━━━━━━━━━━━━━━━ 1.2/1.2 MB 119.6 MB/s  0:00:00
2025-12-30T17:24:57.7200870Z Downloading stack_data-0.6.3-py3-none-any.whl (24 kB)
2025-12-30T17:24:57.7427450Z Downloading asttokens-3.0.1-py3-none-any.whl (27 kB)
2025-12-30T17:24:57.7681080Z Downloading executing-2.2.1-py2.py3-none-any.whl (28 kB)
2025-12-30T17:24:57.7822070Z Downloading traitlets-5.14.3-py3-none-any.whl (85 kB)
2025-12-30T17:24:57.8001720Z Downloading typing_extensions-4.15.0-py3-none-any.whl (44 kB)
2025-12-30T17:24:57.8120700Z Downloading ipywidgets-8.1.8-py3-none-any.whl (139 kB)
2025-12-30T17:24:57.8268480Z Downloading jupyterlab_widgets-3.0.16-py3-none-any.whl (914 kB)
2025-12-30T17:24:57.8363280Z    ━━━━━━━━━━━━━━━━━━━━━━━━━━━━━━━━━━━━━━━━ 914.9/914.9 kB 81.1 MB/s  0:00:00
2025-12-30T17:24:57.8492390Z Downloading widgetsnbextension-4.0.15-py3-none-any.whl (2.2 MB)
2025-12-30T17:24:57.8763540Z    ━━━━━━━━━━━━━━━━━━━━━━━━━━━━━━━━━━━━━━━━ 2.2/2.2 MB 82.7 MB/s  0:00:00
2025-12-30T17:24:57.8898400Z Downloading comm-0.2.3-py3-none-any.whl (7.3 kB)
2025-12-30T17:24:57.9109540Z Downloading matplotlib-3.10.8-cp311-cp311-macosx_11_0_arm64.whl (8.1 MB)
2025-12-30T17:24:57.9518060Z    ━━━━━━━━━━━━━━━━━━━━━━━━━━━━━━━━━━━━━━━━ 8.1/8.1 MB 216.2 MB/s  0:00:00
2025-12-30T17:24:57.9688310Z Downloading contourpy-1.3.3-cp311-cp311-macosx_11_0_arm64.whl (270 kB)
2025-12-30T17:24:57.9881820Z Downloading cycler-0.12.1-py3-none-any.whl (8.3 kB)
2025-12-30T17:24:58.0068100Z Downloading fonttools-4.61.1-cp311-cp311-macosx_10_9_universal2.whl (2.9 MB)
2025-12-30T17:24:58.0296320Z    ━━━━━━━━━━━━━━━━━━━━━━━━━━━━━━━━━━━━━━━━ 2.9/2.9 MB 143.7 MB/s  0:00:00
2025-12-30T17:24:58.0452040Z Downloading kiwisolver-1.4.9-cp311-cp311-macosx_11_0_arm64.whl (65 kB)
2025-12-30T17:24:58.0681690Z Downloading numpy-2.4.0-cp311-cp311-macosx_14_0_arm64.whl (5.5 MB)
2025-12-30T17:24:58.1072700Z    ━━━━━━━━━━━━━━━━━━━━━━━━━━━━━━━━━━━━━━━━ 5.5/5.5 MB 143.6 MB/s  0:00:00
2025-12-30T17:24:58.1220110Z Downloading packaging-25.0-py3-none-any.whl (66 kB)
2025-12-30T17:24:58.1469660Z Downloading pillow-12.0.0-cp311-cp311-macosx_11_0_arm64.whl (4.7 MB)
2025-12-30T17:24:58.1787510Z    ━━━━━━━━━━━━━━━━━━━━━━━━━━━━━━━━━━━━━━━━ 4.7/4.7 MB 147.8 MB/s  0:00:00
2025-12-30T17:24:58.1938750Z Downloading pyparsing-3.3.1-py3-none-any.whl (121 kB)
2025-12-30T17:24:58.2119200Z Downloading python_dateutil-2.9.0.post0-py2.py3-none-any.whl (229 kB)
2025-12-30T17:24:58.2285290Z Downloading six-1.17.0-py2.py3-none-any.whl (11 kB)
2025-12-30T17:24:58.2443970Z Downloading natsort-8.4.0-py3-none-any.whl (38 kB)
2025-12-30T17:24:58.2649650Z Downloading pandas-2.3.3-cp311-cp311-macosx_11_0_arm64.whl (10.8 MB)
2025-12-30T17:24:58.3466140Z    ━━━━━━━━━━━━━━━━━━━━━━━━━━━━━━━━━━━━━━━━ 10.8/10.8 MB 136.2 MB/s  0:00:00
2025-12-30T17:24:58.3633000Z Downloading pytz-2025.2-py2.py3-none-any.whl (509 kB)
2025-12-30T17:24:58.3872870Z Downloading tzdata-2025.3-py2.py3-none-any.whl (348 kB)
2025-12-30T17:24:58.4079360Z Downloading periodictable-2.0.2-py3-none-any.whl (811 kB)
2025-12-30T17:24:58.4228000Z    ━━━━━━━━━━━━━━━━━━━━━━━━━━━━━━━━━━━━━━━━ 811.1/811.1 kB 50.8 MB/s  0:00:00
2025-12-30T17:24:58.4353900Z Downloading plotly-6.5.0-py3-none-any.whl (9.9 MB)
2025-12-30T17:24:58.4943140Z    ━━━━━━━━━━━━━━━━━━━━━━━━━━━━━━━━━━━━━━━━ 9.9/9.9 MB 179.4 MB/s  0:00:00
2025-12-30T17:24:58.5095630Z Downloading narwhals-2.14.0-py3-none-any.whl (430 kB)
2025-12-30T17:24:58.5356740Z Downloading pure_eval-0.2.3-py3-none-any.whl (11 kB)
2025-12-30T17:24:58.5540750Z Downloading pychnosz-1.1.11-cp311-cp311-macosx_15_0_arm64.whl (1.3 MB)
2025-12-30T17:24:58.5725480Z    ━━━━━━━━━━━━━━━━━━━━━━━━━━━━━━━━━━━━━━━━ 1.3/1.3 MB 71.8 MB/s  0:00:00
2025-12-30T17:24:58.5873840Z Downloading scipy-1.16.3-cp311-cp311-macosx_14_0_arm64.whl (20.9 MB)
2025-12-30T17:24:58.7533320Z    ━━━━━━━━━━━━━━━━━━━━━━━━━━━━━━━━━━━━━━━━ 20.9/20.9 MB 134.9 MB/s  0:00:00
2025-12-30T17:24:58.7753550Z Downloading roman-5.2-py3-none-any.whl (6.0 kB)
2025-12-30T17:24:58.7992560Z Downloading wcwidth-0.2.14-py2.py3-none-any.whl (37 kB)
2025-12-30T17:24:58.8232290Z Downloading wormutils-0.2.0-py3-none-any.whl (18 kB)
2025-12-30T17:24:58.8439200Z Downloading importlib_resources-6.5.2-py3-none-any.whl (37 kB)
2025-12-30T17:24:58.8640660Z Downloading requests-2.32.5-py3-none-any.whl (64 kB)
2025-12-30T17:24:58.8839110Z Downloading charset_normalizer-3.4.4-cp311-cp311-macosx_10_9_universal2.whl (206 kB)
2025-12-30T17:24:58.9006400Z Downloading idna-3.11-py3-none-any.whl (71 kB)
2025-12-30T17:24:58.9183880Z Downloading urllib3-2.6.2-py3-none-any.whl (131 kB)
2025-12-30T17:24:59.1202910Z Installing collected packages: pytz, pure-eval, ptyprocess, widgetsnbextension, wcwidth, urllib3, tzdata, typing_extensions, traitlets, six, roman, pyparsing, pygments, pillow, pexpect, parso, packaging, numpy, natsort, narwhals, kiwisolver, jupyterlab_widgets, importlib_resources, idna, fonttools, executing, dill, decorator, cycler, comm, chemparse, charset_normalizer, asttokens, stack_data, scipy, requests, python-dateutil, prompt_toolkit, plotly, periodictable, matplotlib-inline, jedi, ipython-pygments-lexers, contourpy, pandas, matplotlib, ipython, wormutils, pychnosz, ipywidgets, aqequil
2025-12-30T17:25:14.0034960Z 
2025-12-30T17:25:14.0054610Z Successfully installed aqequil-0.41.0 asttokens-3.0.1 charset_normalizer-3.4.4 chemparse-0.3.2 comm-0.2.3 contourpy-1.3.3 cycler-0.12.1 decorator-5.2.1 dill-0.4.0 executing-2.2.1 fonttools-4.61.1 idna-3.11 importlib_resources-6.5.2 ipython-9.8.0 ipython-pygments-lexers-1.1.1 ipywidgets-8.1.8 jedi-0.19.2 jupyterlab_widgets-3.0.16 kiwisolver-1.4.9 matplotlib-3.10.8 matplotlib-inline-0.2.1 narwhals-2.14.0 natsort-8.4.0 numpy-2.4.0 packaging-25.0 pandas-2.3.3 parso-0.8.5 periodictable-2.0.2 pexpect-4.9.0 pillow-12.0.0 plotly-6.5.0 prompt_toolkit-3.0.52 ptyprocess-0.7.0 pure-eval-0.2.3 pychnosz-1.1.11 pygments-2.19.2 pyparsing-3.3.1 python-dateutil-2.9.0.post0 pytz-2025.2 requests-2.32.5 roman-5.2 scipy-1.16.3 six-1.17.0 stack_data-0.6.3 traitlets-5.14.3 typing_extensions-4.15.0 tzdata-2025.3 urllib3-2.6.2 wcwidth-0.2.14 widgetsnbextension-4.0.15 wormutils-0.2.0
2025-12-30T17:25:14.4068230Z ##[group]Run echo "Checking architecture of bundled executables..."
2025-12-30T17:25:14.4068890Z [36;1mecho "Checking architecture of bundled executables..."[0m
2025-12-30T17:25:14.4070010Z [36;1mpython -c "import aqequil; from aqequil.AqSpeciation import _get_bundled_exe_path; import os; bin_path = _get_bundled_exe_path(); print(f'Binary path: {bin_path}'); import subprocess; result = subprocess.run(['file', os.path.join(bin_path, 'eqpt')], capture_output=True, text=True); print(result.stdout)"[0m
2025-12-30T17:25:14.4107850Z shell: /bin/bash --noprofile --norc -e -o pipefail {0}
2025-12-30T17:25:14.4108210Z env:
2025-12-30T17:25:14.4108520Z   pythonLocation: /Users/runner/hostedtoolcache/Python/3.11.9/arm64
2025-12-30T17:25:14.4109100Z   PKG_CONFIG_PATH: /Users/runner/hostedtoolcache/Python/3.11.9/arm64/lib/pkgconfig
2025-12-30T17:25:14.4109570Z   Python_ROOT_DIR: /Users/runner/hostedtoolcache/Python/3.11.9/arm64
2025-12-30T17:25:14.4110150Z   Python2_ROOT_DIR: /Users/runner/hostedtoolcache/Python/3.11.9/arm64
2025-12-30T17:25:14.4110570Z   Python3_ROOT_DIR: /Users/runner/hostedtoolcache/Python/3.11.9/arm64
2025-12-30T17:25:14.4110980Z ##[endgroup]
2025-12-30T17:25:14.4735180Z Checking architecture of bundled executables...
2025-12-30T17:25:21.4017450Z Matplotlib is building the font cache; this may take a moment.
2025-12-30T17:25:28.4081380Z Traceback (most recent call last):
2025-12-30T17:25:28.4109630Z   File "<string>", line 1, in <module>
2025-12-30T17:25:28.4110210Z   File "<frozen posixpath>", line 76, in join
2025-12-30T17:25:28.4110700Z TypeError: expected str, bytes or os.PathLike object, not NoneType
2025-12-30T17:25:28.4112370Z Binary path: None
2025-12-30T17:25:28.7777600Z ##[error]Process completed with exit code 1.
2025-12-30T17:25:28.7856860Z ##[group]Run python test_integration.py
2025-12-30T17:25:28.7857290Z [36;1mpython test_integration.py[0m
2025-12-30T17:25:28.7919360Z shell: /bin/bash --noprofile --norc -e -o pipefail {0}
2025-12-30T17:25:28.7919940Z env:
2025-12-30T17:25:28.7920420Z   pythonLocation: /Users/runner/hostedtoolcache/Python/3.11.9/arm64
2025-12-30T17:25:28.7938480Z   PKG_CONFIG_PATH: /Users/runner/hostedtoolcache/Python/3.11.9/arm64/lib/pkgconfig
2025-12-30T17:25:28.7939770Z   Python_ROOT_DIR: /Users/runner/hostedtoolcache/Python/3.11.9/arm64
2025-12-30T17:25:28.7941150Z   Python2_ROOT_DIR: /Users/runner/hostedtoolcache/Python/3.11.9/arm64
2025-12-30T17:25:28.7942260Z   Python3_ROOT_DIR: /Users/runner/hostedtoolcache/Python/3.11.9/arm64
2025-12-30T17:25:28.7943430Z ##[endgroup]
2025-12-30T17:25:30.9624110Z Traceback (most recent call last):
2025-12-30T17:25:30.9625750Z   File "/Users/runner/work/aqequil/aqequil/aqequil/AqSpeciation.py", line 854, in runeqpt
2025-12-30T17:25:30.9626670Z     self.__run_eq_executable('eqpt', [data0_path], cwd=os.getcwd())
2025-12-30T17:25:30.9627500Z   File "/Users/runner/work/aqequil/aqequil/aqequil/AqSpeciation.py", line 1114, in __run_eq_executable
2025-12-30T17:25:30.9628110Z     exe_path = os.path.join(self.eq36co, exe_name)
2025-12-30T17:25:30.9631730Z                ^^^^^^^^^^^^^^^^^^^^^^^^^^^^^^^^^^^
2025-12-30T17:25:30.9632380Z   File "<frozen posixpath>", line 76, in join
2025-12-30T17:25:30.9632950Z TypeError: expected str, bytes or os.PathLike object, not NoneType
2025-12-30T17:25:30.9635530Z 
2025-12-30T17:25:30.9635890Z During handling of the above exception, another exception occurred:
2025-12-30T17:25:30.9636200Z 
2025-12-30T17:25:30.9636420Z Traceback (most recent call last):
2025-12-30T17:25:30.9637050Z   File "/Users/runner/work/aqequil/aqequil/test_integration.py", line 119, in test_runeqpt
2025-12-30T17:25:30.9637680Z     ae.runeqpt('wrm')
2025-12-30T17:25:30.9639520Z   File "/Users/runner/work/aqequil/aqequil/aqequil/AqSpeciation.py", line 856, in runeqpt
2025-12-30T17:25:30.9640150Z     self.err_handler.raise_exception(
2025-12-30T17:25:30.9645770Z   File "/Library/Frameworks/Python.framework/Versions/3.11/lib/python3.11/site-packages/wormutils/Error_Handler.py", line 57, in raise_exception
2025-12-30T17:25:30.9646480Z     raise Exception(msg)
2025-12-30T17:25:30.9646920Z Exception: Error: EQPT failed to run on data0.wrm.
2025-12-30T17:25:30.9664450Z Traceback (most recent call last):
2025-12-30T17:25:30.9665380Z   File "/Users/runner/work/aqequil/aqequil/aqequil/AqSpeciation.py", line 854, in runeqpt
2025-12-30T17:25:30.9699070Z     self.__run_eq_executable('eqpt', [data0_path], cwd=os.getcwd())
2025-12-30T17:25:30.9700020Z   File "/Users/runner/work/aqequil/aqequil/aqequil/AqSpeciation.py", line 1114, in __run_eq_executable
2025-12-30T17:25:30.9700700Z     exe_path = os.path.join(self.eq36co, exe_name)
2025-12-30T17:25:30.9701130Z                ^^^^^^^^^^^^^^^^^^^^^^^^^^^^^^^^^^^
2025-12-30T17:25:30.9701590Z   File "<frozen posixpath>", line 76, in join
2025-12-30T17:25:30.9702140Z TypeError: expected str, bytes or os.PathLike object, not NoneType
2025-12-30T17:25:30.9702450Z 
2025-12-30T17:25:30.9702760Z During handling of the above exception, another exception occurred:
2025-12-30T17:25:30.9704580Z 
2025-12-30T17:25:30.9710300Z Traceback (most recent call last):
2025-12-30T17:25:30.9710950Z   File "/Users/runner/work/aqequil/aqequil/test_integration.py", line 186, in test_speciation_simple
2025-12-30T17:25:30.9711500Z     ae_eqpt.runeqpt('wrm')
2025-12-30T17:25:30.9712070Z   File "/Users/runner/work/aqequil/aqequil/aqequil/AqSpeciation.py", line 856, in runeqpt
2025-12-30T17:25:30.9723990Z     self.err_handler.raise_exception(
2025-12-30T17:25:30.9726430Z   File "/Library/Frameworks/Python.framework/Versions/3.11/lib/python3.11/site-packages/wormutils/Error_Handler.py", line 57, in raise_exception
2025-12-30T17:25:30.9732200Z     raise Exception(msg)
2025-12-30T17:25:30.9732580Z Exception: Error: EQPT failed to run on data0.wrm.
2025-12-30T17:25:35.9986320Z Traceback (most recent call last):
2025-12-30T17:25:35.9987680Z   File "/Users/runner/work/aqequil/aqequil/aqequil/AqSpeciation.py", line 854, in runeqpt
2025-12-30T17:25:35.9988390Z     self.__run_eq_executable('eqpt', [data0_path], cwd=os.getcwd())
2025-12-30T17:25:35.9988990Z   File "/Users/runner/work/aqequil/aqequil/aqequil/AqSpeciation.py", line 1114, in __run_eq_executable
2025-12-30T17:25:35.9989870Z     exe_path = os.path.join(self.eq36co, exe_name)
2025-12-30T17:25:35.9990260Z                ^^^^^^^^^^^^^^^^^^^^^^^^^^^^^^^^^^^
2025-12-30T17:25:35.9990620Z   File "<frozen posixpath>", line 76, in join
2025-12-30T17:25:35.9990940Z TypeError: expected str, bytes or os.PathLike object, not NoneType
2025-12-30T17:25:35.9991300Z 
2025-12-30T17:25:35.9991540Z During handling of the above exception, another exception occurred:
2025-12-30T17:25:35.9991890Z 
2025-12-30T17:25:35.9992080Z Traceback (most recent call last):
2025-12-30T17:25:35.9992610Z   File "/Users/runner/work/aqequil/aqequil/test_integration.py", line 253, in test_water_rock_reaction
2025-12-30T17:25:35.9993160Z     speciation = ae.speciate(
2025-12-30T17:25:35.9993850Z                  ^^^^^^^^^^^^
2025-12-30T17:25:35.9994500Z   File "/Users/runner/work/aqequil/aqequil/aqequil/AqSpeciation.py", line 1926, in speciate
2025-12-30T17:25:35.9995080Z     self.runeqpt(data0_lettercode, dynamic_db=True)
2025-12-30T17:25:35.9995610Z   File "/Users/runner/work/aqequil/aqequil/aqequil/AqSpeciation.py", line 856, in runeqpt
2025-12-30T17:25:35.9996200Z     self.err_handler.raise_exception(
2025-12-30T17:25:35.9996890Z   File "/Library/Frameworks/Python.framework/Versions/3.11/lib/python3.11/site-packages/wormutils/Error_Handler.py", line 57, in raise_exception
2025-12-30T17:25:35.9997420Z     raise Exception(msg)
2025-12-30T17:25:35.9997730Z Exception: Error: EQPT failed to run on data0.dyn.
2025-12-30T17:25:35.9997960Z 
2025-12-30T17:25:35.9998050Z ============================================================
2025-12-30T17:25:35.9998330Z AQEQUIL INTEGRATION TEST SUITE
2025-12-30T17:25:35.9998650Z ============================================================
2025-12-30T17:25:35.9998960Z Python: 3.11.9
2025-12-30T17:25:35.9999110Z Platform: darwin
2025-12-30T17:25:35.9999380Z Architecture: arm64
2025-12-30T17:25:35.9999650Z ============================================================
2025-12-30T17:25:35.9999880Z ============================================================
2025-12-30T17:25:36.0000110Z Test 1: Checking for bundled EQ3/6 executables
2025-12-30T17:25:36.0000380Z ============================================================
2025-12-30T17:25:36.0000620Z [FAIL] No bundled executables found!
2025-12-30T17:25:36.0000750Z 
2025-12-30T17:25:36.0000930Z ============================================================
2025-12-30T17:25:36.0001160Z Test 2: Testing aqequil import and basic usage
2025-12-30T17:25:36.0001480Z ============================================================
2025-12-30T17:25:36.0001790Z [OK] Successfully imported aqequil
2025-12-30T17:25:36.0002270Z [OK] Found test data at: /Users/runner/work/aqequil/aqequil/aqequil/test_data/input_example_wrm.csv
2025-12-30T17:25:36.0002580Z 
2025-12-30T17:25:36.0002770Z ============================================================
2025-12-30T17:25:36.0003110Z Test 3: Testing runeqpt (data0 to data1 conversion)
2025-12-30T17:25:36.0003470Z ============================================================
2025-12-30T17:25:36.0003990Z [INFO] Working directory: /var/folders/bp/kmfmhnl95kx1c8x321z7twbw0000gn/T/tmpilaquqfh
2025-12-30T17:25:36.0004470Z [OK] Copied data0.wrm to working directory
2025-12-30T17:25:36.0004790Z Running EQPT on data0.wrm...
2025-12-30T17:25:36.0005240Z [FAIL] Error during runeqpt: Error: EQPT failed to run on data0.wrm.
2025-12-30T17:25:36.0005450Z 
2025-12-30T17:25:36.0005780Z ============================================================
2025-12-30T17:25:36.0006200Z Test 4: Testing simple speciation (wrm database)
2025-12-30T17:25:36.0006940Z ============================================================
2025-12-30T17:25:36.0007530Z Running speciation on /Users/runner/work/aqequil/aqequil/aqequil/test_data/input_example_wrm.csv...
2025-12-30T17:25:36.0008230Z [INFO] Working directory: /var/folders/bp/kmfmhnl95kx1c8x321z7twbw0000gn/T/tmpwyxidgke
2025-12-30T17:25:36.0008710Z [OK] Copied data0.wrm to working directory
2025-12-30T17:25:36.0009410Z Running EQPT to create data1.wrm...
2025-12-30T17:25:36.0009910Z [FAIL] Error during simple speciation: Error: EQPT failed to run on data0.wrm.
2025-12-30T17:25:36.0010170Z 
2025-12-30T17:25:36.0010360Z ============================================================
2025-12-30T17:25:36.0010650Z Test 5: Testing water-rock reaction
2025-12-30T17:25:36.0011050Z ============================================================
2025-12-30T17:25:36.0011520Z Running speciation on /Users/runner/work/aqequil/aqequil/aqequil/test_data/input_example_wrm.csv...
2025-12-30T17:25:36.0012180Z [INFO] Working directory: /var/folders/bp/kmfmhnl95kx1c8x321z7twbw0000gn/T/tmp0fwt7ggo
2025-12-30T17:25:36.0012680Z Getting wrm_data_latest.csv ready. This will take a moment...
2025-12-30T17:25:36.0013210Z No 'charge_balance_on' column found in input file. Defaulting to no charge balancing for all samples.
2025-12-30T17:25:36.0013980Z Warning: a column for Pressure was not found in the sample input file. Defaulting to water saturation pressure...
2025-12-30T17:25:36.0014580Z [FAIL] Error during water-rock reaction: Error: EQPT failed to run on data0.dyn.
2025-12-30T17:25:36.0014850Z 
2025-12-30T17:25:36.0014930Z ============================================================
2025-12-30T17:25:36.0015350Z TEST SUMMARY
2025-12-30T17:25:36.0015580Z ============================================================
2025-12-30T17:25:36.0015910Z [FAIL] Bundled Executables
2025-12-30T17:25:36.0016280Z [PASS] Import and Basic Usage
2025-12-30T17:25:36.0016670Z [FAIL] EQPT Data0 to Data1 Conversion
2025-12-30T17:25:36.0017100Z [FAIL] Simple Speciation (wrm database)
2025-12-30T17:25:36.0017430Z [FAIL] Water-Rock Reaction
2025-12-30T17:25:36.0017700Z ============================================================
2025-12-30T17:25:36.0017960Z 
2025-12-30T17:25:36.0018090Z [FAIL] Some tests failed!
2025-12-30T17:25:36.1839750Z ##[error]Process completed with exit code 1.
2025-12-30T17:25:36.1916880Z Post job cleanup.
2025-12-30T17:25:36.3310700Z [command]/opt/homebrew/bin/git version
2025-12-30T17:25:36.3930170Z git version 2.50.1
2025-12-30T17:25:36.3955250Z Copying '/Users/runner/.gitconfig' to '/Users/runner/work/_temp/802ca1e3-1b11-425a-a1f8-db428684e2dd/.gitconfig'
2025-12-30T17:25:36.3977910Z Temporarily overriding HOME='/Users/runner/work/_temp/802ca1e3-1b11-425a-a1f8-db428684e2dd' before making global git config changes
2025-12-30T17:25:36.3996890Z Adding repository directory to the temporary git global config as a safe directory
2025-12-30T17:25:36.3997730Z [command]/opt/homebrew/bin/git config --global --add safe.directory /Users/runner/work/aqequil/aqequil
2025-12-30T17:25:36.4186400Z [command]/opt/homebrew/bin/git config --local --name-only --get-regexp core\.sshCommand
2025-12-30T17:25:36.4298790Z [command]/opt/homebrew/bin/git submodule foreach --recursive sh -c "git config --local --name-only --get-regexp 'core\.sshCommand' && git config --local --unset-all 'core.sshCommand' || :"
2025-12-30T17:25:36.5816820Z [command]/opt/homebrew/bin/git config --local --name-only --get-regexp http\.https\:\/\/github\.com\/\.extraheader
2025-12-30T17:25:36.5871630Z http.https://github.com/.extraheader
2025-12-30T17:25:36.5886480Z [command]/opt/homebrew/bin/git config --local --unset-all http.https://github.com/.extraheader
2025-12-30T17:25:36.5990960Z [command]/opt/homebrew/bin/git submodule foreach --recursive sh -c "git config --local --name-only --get-regexp 'http\.https\:\/\/github\.com\/\.extraheader' && git config --local --unset-all 'http.https://github.com/.extraheader' || :"
2025-12-30T17:25:36.7208580Z [command]/opt/homebrew/bin/git config --local --name-only --get-regexp ^includeIf\.gitdir:
2025-12-30T17:25:36.7281180Z [command]/opt/homebrew/bin/git submodule foreach --recursive git config --local --show-origin --name-only --get-regexp remote.origin.url
2025-12-30T17:25:36.8172460Z Cleaning up orphan processes
